******************************************************************************
                  TI ARM Linker PC v16.9.1                     
******************************************************************************
>> Linked Mon Oct 30 22:58:30 2017

OUTPUT FILE NAME:   <dbMouse_FreeRTOS.out>
ENTRY POINT SYMBOL: "_c_int00"  address: 0001675d


MEMORY CONFIGURATION

         name            origin    length      used     unused   attr    fill
----------------------  --------  ---------  --------  --------  ----  --------
  FLASH                 00000000   00100000  0001735a  000e8ca6  R  X
  SRAM                  20000000   00040000  00018280  00027d80  RW X


SEGMENT ALLOCATION MAP

run origin  load origin   length   init length attrs members
----------  ----------- ---------- ----------- ----- -------
00000000    00000000    00017360   00017360    r-x
  00000000    00000000    00000208   00000208    r-- .intvecs
  00000208    00000208    00016b2e   00016b2e    r-x .text
  00016d38    00016d38    0000058c   0000058c    r-- .const
  000172c4    000172c4    00000010   00000010    r-- .init_array
  000172d8    000172d8    00000088   00000088    r-- .cinit
20000000    20000000    000003a0   00000000    rw-
  20000000    20000000    0000026c   00000000    rw- .vtable
  2000026c    2000026c    00000134   00000000    rw- .data
20000400    20000400    00017ee0   00000000    rw-
  20000400    20000400    00013ce0   00000000    rw- .bss
  200140e0    200140e0    00004000   00000000    rw- .sysmem
  200180e0    200180e0    00000200   00000000    rw- .stack


SECTION ALLOCATION MAP

 output                                  attributes/
section   page    origin      length       input sections
--------  ----  ----------  ----------   ----------------
.intvecs   0    00000000    00000208     
                  00000000    00000208     tm4c1294ncpdt_startup_ccs.obj (.intvecs)

.text      0    00000208    00016b2e     
                  00000208    00007858     action.obj (.text)
                  00007a60    00001f68     IrCorr.obj (.text)
                  000099c8    00001c0c     cmd.obj (.text)
                  0000b5d4    0000140c     tasks.obj (.text)
                  0000c9e0    0000113e     rtsv7M4_T_le_v4SPD16_eabi.lib : _printfi.obj (.text)
                  0000db1e    00000002                                   : mpu_init.obj (.text)
                  0000db20    000010b0     TskTop.obj (.text)
                  0000ebd0    00000df2     mouse.obj (.text)
                  0000f9c2    00000002     rtsv7M4_T_le_v4SPD16_eabi.lib : newhandler.obj (.text)
                  0000f9c4    00000ac4     TskMotor.obj (.text)
                  00010488    0000093c     TskIr.obj (.text)
                  00010dc4    00000934     queue.obj (.text)
                  000116f8    000007f6     mmaze.obj (.text)
                  00011eee    00000002     rtsv7M4_T_le_v4SPD16_eabi.lib : startup.obj (.text)
                  00011ef0    00000588                                   : e_powf.obj (.text)
                  00012478    000004fc     solve.obj (.text)
                  00012974    000004d0     timers.obj (.text)
                  00012e44    000004ac     Kalman2Var.obj (.text)
                  000132f0    00000448     WheelEnc.obj (.text)
                  00013738    000003d0     rtsv7M4_T_le_v4SPD16_eabi.lib : memory.obj (.text)
                  00013b08    0000039c                                   : vec_newdel.obj (.text)
                  00013ea4    00000378     Imu2.obj (.text)
                  0001421c    00000288     DbgUart.obj (.text)
                  000144a4    0000023c     rtsv7M4_T_le_v4SPD16_eabi.lib : strtod.obj (.text)
                  000146e0    000001f4                                   : ull_div_t2.obj (.text)
                  000148d4    000001ec                                   : e_logf.obj (.text)
                  00014ac0    000001dc                                   : e_expf.obj (.text)
                  00014c9c    000001b6                                   : fd_add_t2.obj (.text)
                  00014e52    00000002     --HOLE-- [fill = 0]
                  00014e54    000001ac     pinout.obj (.text)
                  00015000    00000194     rtsv7M4_T_le_v4SPD16_eabi.lib : e_acosf.obj (.text)
                  00015194    00000170                                   : e_sqrt.obj (.text)
                  00015304    00000168     port.obj (.text)
                  0001546c    00000136     rtsv7M4_T_le_v4SPD16_eabi.lib : fd_div_t2.obj (.text)
                  000155a2    00000002     --HOLE-- [fill = 0]
                  000155a4    00000120     MotorPwm.obj (.text)
                  000156c4    00000118     heap_2.obj (.text)
                  000157dc    000000fc     rtsv7M4_T_le_v4SPD16_eabi.lib : fd_mul_t2.obj (.text)
                  000158d8    000000fc                                   : s_scalbn.obj (.text)
                  000159d4    000000f4                                   : dtor_list.obj (.text)
                  00015ac8    000000d4                                   : s_scalbnf.obj (.text)
                  00015b9c    000000d2     portasm.obj (.text)
                  00015c6e    00000002     --HOLE-- [fill = 0]
                  00015c70    000000cc     Pid.obj (.text)
                  00015d3c    000000bc     rtsv7M4_T_le_v4SPD16_eabi.lib : typeinfo_.obj (.text)
                  00015df8    000000b4                                   : s_cosf.obj (.text)
                  00015eac    000000ac                                   : s_tanf.obj (.text)
                  00015f58    000000a4                                   : s_sinf.obj (.text)
                  00015ffc    0000009c                                   : memcpy_t2.obj (.text)
                  00016098    00000094     list.obj (.text)
                  0001612c    0000008c     Kalman2Var.obj (.text:_ZNK9Matrix2x2mlERKS_)
                  000161b8    00000086     rtsv7M4_T_le_v4SPD16_eabi.lib : fd_cmp_t2.obj (.text:__aeabi_cdcmple)
                  0001623e    00000086                                   : fd_cmp_t2.obj (.text:__aeabi_cdrcmple)
                  000162c4    00000080                                   : s_floorf.obj (.text)
                  00016344    0000007a                                   : memset_t2.obj (.text)
                  000163be    00000002     --HOLE-- [fill = 0]
                  000163c0    00000070                                   : autoinit.obj (.text)
                  00016430    0000006e                                   : fd_tos_t2.obj (.text)
                  0001649e    0000006e                                   : s_roundf.obj (.text)
                  0001650c    00000068     driverlib.lib : interrupt.obj (.text:IntEnable)
                  00016574    00000068     rtsv7M4_T_le_v4SPD16_eabi.lib : copy_decompress_lzss.obj (.text:decompress:lzss)
                  000165dc    00000064                                   : s_frexp.obj (.text)
                  00016640    00000060     Kalman2Var.obj (.text:_ZNK9Matrix2x2plERKS_)
                  000166a0    00000060     rtsv7M4_T_le_v4SPD16_eabi.lib : sprintf.obj (.text)
                  00016700    0000005c     Kalman2Var.obj (.text:_ZNK9Matrix2x2mlERK7Vector2)
                  0001675c    00000054     rtsv7M4_T_le_v4SPD16_eabi.lib : boot.obj (.text)
                  000167b0    00000054                                   : exit.obj (.text)
                  00016804    00000054                                   : ltoa.obj (.text)
                  00016858    0000004c                                   : atoi.obj (.text)
                  000168a4    0000004c                                   : cpy_tbl.obj (.text)
                  000168f0    0000004c                                   : rand.obj (.text)
                  0001693c    00000048                                   : fd_toi_t2.obj (.text)
                  00016984    00000040     main.obj (.text)
                  000169c4    00000040     rtsv7M4_T_le_v4SPD16_eabi.lib : strtok.obj (.text)
                  00016a04    0000003c     TskMotor.obj (.text:_ZN8PidParamC1Ev)
                  00016a40    00000038     assert.obj (.text)
                  00016a78    00000038     rtsv7M4_T_le_v4SPD16_eabi.lib : fs_tod_t2.obj (.text)
                  00016ab0    00000034     driverlib.lib : interrupt.obj (.text:IntRegister)
                  00016ae4    00000030     rtsv7M4_T_le_v4SPD16_eabi.lib : new_.obj (.text)
                  00016b14    0000002e                                   : i_tofd_t2.obj (.text)
                  00016b42    0000002a                                   : strspn.obj (.text)
                  00016b6c    00000028                                   : e_sqrtf.obj (.text)
                  00016b94    00000024                                   : strcspn.obj (.text)
                  00016bb8    00000020                                   : guard.obj (.text)
                  00016bd8    0000001c                                   : memccpy.obj (.text)
                  00016bf4    00000018                                   : args_main.obj (.text)
                  00016c0c    00000018                                   : strcmp.obj (.text)
                  00016c24    00000016                                   : strchr.obj (.text)
                  00016c3a    00000014     mmaze.obj (.text:_ZN10Micromouse8GridCoorC1Ev)
                  00016c4e    00000002     --HOLE-- [fill = 0]
                  00016c50    00000014     rtsv7M4_T_le_v4SPD16_eabi.lib : _lock.obj (.text)
                  00016c64    00000014                                   : s_copysign.obj (.text)
                  00016c78    00000014                                   : strlen.obj (.text)
                  00016c8c    00000012     mmaze.obj (.text:_ZN10Micromouse8GridInfoC1Ev)
                  00016c9e    00000012     rtsv7M4_T_le_v4SPD16_eabi.lib : s_copysignf.obj (.text)
                  00016cb0    00000010     driverlib.lib : interrupt.obj (.text:IntMasterEnable)
                  00016cc0    00000010     rtsv7M4_T_le_v4SPD16_eabi.lib : s_lroundf.obj (.text)
                  00016cd0    0000000e     mmaze.obj (.text:_ZN10Micromouse5QueueINS_8GridCoorEED1Ev)
                  00016cde    0000000e     DbgUart.obj (.text:_ZN5QueueIcLb0EED1Ev)
                  00016cec    0000000e     rtsv7M4_T_le_v4SPD16_eabi.lib : copy_decompress_none.obj (.text:decompress:none)
                  00016cfa    0000000c     driverlib.lib : cpu.obj (.text:CPUcpsie)
                  00016d06    0000000c                   : uart.obj (.text:UARTCharsAvail)
                  00016d12    0000000c     rtsv7M4_T_le_v4SPD16_eabi.lib : copy_zero_init.obj (.text:decompress:ZI)
                  00016d1e    0000000c     tm4c1294ncpdt_startup_ccs.obj (.text)
                  00016d2a    00000008     rtsv7M4_T_le_v4SPD16_eabi.lib : delete.obj (.text)
                  00016d32    00000004                                   : pre_init.obj (.text)

.const     0    00016d38    0000058c     
                  00016d38    00000101     rtsv7M4_T_le_v4SPD16_eabi.lib : ctype.obj (.const:.string:_ctypes_)
                  00016e39    00000004                                   : typeinfo_.obj (.const:.typeinfo:_ZTSPKe)
                  00016e3d    00000002                                   : typeinfo_.obj (.const:.typeinfo:_ZTSe)
                  00016e3f    00000001     --HOLE-- [fill = 0]
                  00016e40    00000098                                   : strtod.obj (.const:$O1$$)
                  00016ed8    00000070     driverlib.lib : interrupt.obj (.const)
                  00016f48    00000046     TskMotor.obj (.const:.string:_ZZN5QueueIN8TskMotor8VelOmegaELb1EE2DeERS1_Es)
                  00016f8e    00000046     cmd.obj (.const:.string:_ZZN5QueueIN8TskMotor8VelOmegaELb1EE2EnERKS1_Es)
                  00016fd4    00000046     action.obj (.const:.string:_ZZN5QueueIN8TskMotor8VelOmegaELb1EE3LenEvEs)
                  0001701a    00000046     TskMotor.obj (.const:.string:_ZZN5QueueIN8TskMotor8VelOmegaELb1EE5ClearEvEs)
                  00017060    00000046     TskMotor.obj (.const:.string:_ZZN5QueueIN8TskMotor8VelOmegaELb1EEC1EiEs)
                  000170a6    00000002     heap_2.obj (.const)
                  000170a8    00000030     IrCorr.obj (.const:$P$T12$1)
                  000170d8    00000028     rtsv7M4_T_le_v4SPD16_eabi.lib : typeinfo_.obj (.const:.typeinfo:_ZTSN10__cxxabiv123__fundamental_type_infoE)
                  00017100    00000025                                   : typeinfo_.obj (.const:.typeinfo:_ZTSN10__cxxabiv120__si_class_type_infoE)
                  00017125    00000024                                   : typeinfo_.obj (.const:.typeinfo:_ZTSN10__cxxabiv119__pointer_type_infoE)
                  00017149    00000022                                   : typeinfo_.obj (.const:.typeinfo:_ZTSN10__cxxabiv117__class_type_infoE)
                  0001716b    00000022                                   : typeinfo_.obj (.const:.typeinfo:_ZTSN10__cxxabiv117__pbase_type_infoE)
                  0001718d    00000003     --HOLE-- [fill = 0]
                  00017190    0000001e     TskIr.obj (.const:.string)
                  000171ae    00000002     --HOLE-- [fill = 0]
                  000171b0    00000018     rtsv7M4_T_le_v4SPD16_eabi.lib : e_expf.obj (.const:$O1$$)
                  000171c8    00000018                                   : e_powf.obj (.const:$O1$$)
                  000171e0    00000010                                   : typeinfo_.obj (.const:.typeinfo:_ZTIPKe)
                  000171f0    00000010     TskIr.obj (.const:_ZN5TskIr5adcChE)
                  00017200    00000010     Kalman2Var.obj (.const:_ZTV10Kalman2Var)
                  00017210    00000010     rtsv7M4_T_le_v4SPD16_eabi.lib : typeinfo_.obj (.const:_ZTVN10__cxxabiv117__class_type_infoE)
                  00017220    00000010                                   : typeinfo_.obj (.const:_ZTVN10__cxxabiv119__pointer_type_infoE)
                  00017230    00000010                                   : typeinfo_.obj (.const:_ZTVN10__cxxabiv120__si_class_type_infoE)
                  00017240    00000010                                   : typeinfo_.obj (.const:_ZTVN10__cxxabiv123__fundamental_type_infoE)
                  00017250    0000000d     Kalman2Var.obj (.const:.typeinfo:_ZTS10Kalman2Var)
                  0001725d    0000000d     rtsv7M4_T_le_v4SPD16_eabi.lib : typeinfo_.obj (.const:.typeinfo:_ZTSSt9type_info)
                  0001726a    00000002     --HOLE-- [fill = 0]
                  0001726c    0000000c                                   : typeinfo_.obj (.const:.typeinfo:_ZTIN10__cxxabiv117__class_type_infoE)
                  00017278    0000000c                                   : typeinfo_.obj (.const:.typeinfo:_ZTIN10__cxxabiv117__pbase_type_infoE)
                  00017284    0000000c                                   : typeinfo_.obj (.const:.typeinfo:_ZTIN10__cxxabiv119__pointer_type_infoE)
                  00017290    0000000c                                   : typeinfo_.obj (.const:.typeinfo:_ZTIN10__cxxabiv120__si_class_type_infoE)
                  0001729c    0000000c                                   : typeinfo_.obj (.const:.typeinfo:_ZTIN10__cxxabiv123__fundamental_type_infoE)
                  000172a8    00000008     Kalman2Var.obj (.const:.typeinfo:_ZTI10Kalman2Var)
                  000172b0    00000008     rtsv7M4_T_le_v4SPD16_eabi.lib : typeinfo_.obj (.const:.typeinfo:_ZTISt9type_info)
                  000172b8    00000008                                   : typeinfo_.obj (.const:.typeinfo:_ZTIe)
                  000172c0    00000004     port.obj (.const)

.init_array 
*          0    000172c4    00000010     
                  000172c4    00000004     DbgUart.obj (.init_array)
                  000172c8    00000004     Kalman2Var.obj (.init_array)
                  000172cc    00000004     TskMotor.obj (.init_array)
                  000172d0    00000004     action.obj (.init_array)

.cinit     0    000172d8    00000088     
                  000172d8    00000054     (.cinit..data.load) [load image, compression = lzss]
                  0001732c    0000000c     (__TI_handler_table)
                  00017338    00000008     (.cinit..bss.load) [load image, compression = zero_init]
                  00017340    00000008     (.cinit..vtable.load) [load image, compression = zero_init]
                  00017348    00000018     (__TI_cinit_table)

.vtable    0    20000000    0000026c     UNINITIALIZED
                  20000000    0000026c     driverlib.lib : interrupt.obj (.vtable)

.data      0    2000026c    00000134     UNINITIALIZED
                  2000026c    00000034     TskMotor.obj (.data)
                  200002a0    00000034     tasks.obj (.data)
                  200002d4    00000030     TskIr.obj (.data:_ZN5TskIr5IrACsE)
                  20000304    00000014     TskIr.obj (.data:_ZN5TskIr7IrDistsE)
                  20000318    00000010     TskIr.obj (.data:_ZN5TskIr9IrChNamesE)
                  20000328    0000000c     rtsv7M4_T_le_v4SPD16_eabi.lib : exit.obj (.data:$O1$$)
                  20000334    0000000c                                   : memory.obj (.data:$O1$$)
                  20000340    0000000c     timers.obj (.data)
                  2000034c    00000008     rtsv7M4_T_le_v4SPD16_eabi.lib : _lock.obj (.data:$O1$$)
                  20000354    00000008     TskIr.obj (.data)
                  2000035c    00000008     WheelEnc.obj (.data)
                  20000364    00000008     TskIr.obj (.data:_ZN5TskIr6IrIntsE)
                  2000036c    00000008     TskIr.obj (.data:_ZN5TskIr7irZerosE)
                  20000374    00000008     heap_2.obj (.data)
                  2000037c    00000005     Imu2.obj (.data:imuInitSeq0)
                  20000381    00000002     Imu2.obj (.data:imuInitSeq1)
                  20000383    00000001     Imu2.obj (.data:imuReadSeq)
                  20000384    00000004     port.obj (.data)
                  20000388    00000004     rtsv7M4_T_le_v4SPD16_eabi.lib : dtor_list.obj (.data)
                  2000038c    00000004                                   : errno.obj (.data)
                  20000390    00000004                                   : rand.obj (.data)
                  20000394    00000004                                   : stkdepth_vars.obj (.data)
                  20000398    00000004                                   : strtok.obj (.data)
                  2000039c    00000004                                   : vars.obj (.data)

.bss       0    20000400    00013ce0     UNINITIALIZED
                  20000400    00010000     heap_2.obj (.bss:ucHeap)
                  20010400    00000a00     (.common:_ZN9TskAction4InfoE)
                  20010e00    00000a00     (.common:_ZN9TskAction6DesireE)
                  20011800    00000800     (.common:_ZN9TskAction3o_sE)
                  20012000    00000800     (.common:_ZN9TskAction3v_sE)
                  20012800    00000400     (.common:pui8ControlTable)
                  20012c00    000003c0     (.common:_ZN8TskMotor2lvE)
                  20012fc0    000003c0     (.common:_ZN8TskMotor6vel_deE)
                  20013380    000003c0     (.common:_ZN8TskMotor7dist_enE)
                  20013740    00000200     (.common:dbgStr)
                  20013940    00000140     tasks.obj (.bss:pxReadyTasksLists)
                  20013a80    0000011c     action.obj (.bss:SP)
                  20013b9c    00000080     (.common:_ZN5TskIr6dbgStrE)
                  20013c1c    00000080     (.common:_ZN6TskTop6dbgStrE)
                  20013c9c    00000080     (.common:_ZN8TskMotor6dbgStrE)
                  20013d1c    00000080     (.common:_ZN8TskPrint3msgE)
                  20013d9c    00000080     (.common:input)
                  20013e1c    00000054     action.obj (.bss:CP)
                  20013e70    00000040     (.common:xQueueRegistry)
                  20013eb0    00000028     TskMotor.obj (.bss:_ZN8TskMotor8pidparamE)
                  20013ed8    00000014     DbgUart.obj (.bss:_ZN8TskPrint7QUartRxE)
                  20013eec    00000014     timers.obj (.bss:xActiveTimerList1)
                  20013f00    00000014     timers.obj (.bss:xActiveTimerList2)
                  20013f14    00000014     tasks.obj (.bss:xDelayedTaskList1)
                  20013f28    00000014     tasks.obj (.bss:xDelayedTaskList2)
                  20013f3c    00000014     tasks.obj (.bss:xPendingReadyList)
                  20013f50    00000014     tasks.obj (.bss:xSuspendedTaskList)
                  20013f64    00000014     tasks.obj (.bss:xTasksWaitingTermination)
                  20013f78    00000014     (.common:_ZN5TskIr8IrBinThsE)
                  20013f8c    00000010     Kalman2Var.obj (.bss:I)
                  20013f9c    00000010     TskMotor.obj (.bss:_ZN8TskMotor1AE)
                  20013fac    00000010     TskMotor.obj (.bss:_ZN8TskMotor1HE)
                  20013fbc    00000010     TskMotor.obj (.bss:_ZN8TskMotor1QE)
                  20013fcc    00000010     TskMotor.obj (.bss:_ZN8TskMotor1RE)
                  20013fdc    00000010     TskMotor.obj (.bss:_ZN8TskMotor2P0E)
                  20013fec    00000010     mmaze.obj (.bss:_ZZN10Micromouse5MMaze5FluidEPtRKNS_8GridCoorES4_NS_8WallType4TypeEbE1q)
                  20013ffc    0000000e     (.common:imuData)
                  2001400a    00000001     (.common:_ZN6TskTop4ModeE)
                  2001400b    00000001     --HOLE--
                  2001400c    0000000c     (.common:_ZN5TskIr5IrYawE)
                  20014018    00000008     TskMotor.obj (.bss:_ZN8TskMotor1BE)
                  20014020    00000008     TskMotor.obj (.bss:_ZN8TskMotor2x0E)
                  20014028    00000008     TskMotor.obj (.bss:_ZN8TskMotor6desireE)
                  20014030    00000008     TskMotor.obj (.bss:_ZN8TskMotor6kalOutE)
                  20014038    00000008     tasks.obj (.bss)
                  20014040    00000008     timers.obj (.bss)
                  20014048    00000008     heap_2.obj (.bss:xEnd)
                  20014050    00000008     heap_2.obj (.bss:xStart)
                  20014058    00000005     (.common:_ZN5TskIr6IrBinsE)
                  2001405d    00000003     --HOLE--
                  20014060    00000004     mmaze.obj (.bss)
                  20014064    00000004     (.common:SemActTick)
                  20014068    00000004     (.common:SemIrTick)
                  2001406c    00000004     (.common:SemMotTick)
                  20014070    00000004     (.common:_ZN5TskIr14SemIrAdcFinishE)
                  20014074    00000004     (.common:_ZN5TskIr5MbCmdE)
                  20014078    00000004     (.common:_ZN5solve4QActE)
                  2001407c    00000004     (.common:_ZN5solve5MbActE)
                  20014080    00000004     (.common:_ZN5solve5MbTopE)
                  20014084    00000004     (.common:_ZN6TskTop5MbCmdE)
                  20014088    00000004     (.common:_ZN8TskMotor2AVE)
                  2001408c    00000004     (.common:_ZN8TskMotor2LVE)
                  20014090    00000004     (.common:_ZN8TskMotor5AcclXE)
                  20014094    00000004     (.common:_ZN8TskMotor5GyroZE)
                  20014098    00000004     (.common:_ZN8TskMotor5MbCmdE)
                  2001409c    00000004     (.common:_ZN8TskMotor6EncVelE)
                  200140a0    00000004     (.common:_ZN8TskMotor6QMotorE)
                  200140a4    00000004     (.common:_ZN8TskPrint5MbCmdE)
                  200140a8    00000004     (.common:_ZN9TskAction10actCurrActE)
                  200140ac    00000004     (.common:_ZN9TskAction10actHDirPidE)
                  200140b0    00000004     (.common:_ZN9TskAction4IMinE)
                  200140b4    00000004     (.common:_ZN9TskAction5IRintE)
                  200140b8    00000004     (.common:_ZN9TskAction5MbCmdE)
                  200140bc    00000004     (.common:_ZN9TskAction7end_msgE)
                  200140c0    00000004     (.common:_ZN9TskAction8cur_wallE)
                  200140c4    00000004     (.common:_ZN9TskAction8distZeroE)
                  200140c8    00000004     (.common:_ZN9TskAction8nextWallE)
                  200140cc    00000004     (.common:_ZSt16__dummy_typeinfo)
                  200140d0    00000004     (.common:__dso_handle)
                  200140d4    00000004     (.common:cmd)
                  200140d8    00000004     (.common:lp)
                  200140dc    00000004     (.common:rp)

.sysmem    0    200140e0    00004000     UNINITIALIZED
                  200140e0    00000008     rtsv7M4_T_le_v4SPD16_eabi.lib : memory.obj (.sysmem)
                  200140e8    00003ff8     --HOLE--

.stack     0    200180e0    00000200     UNINITIALIZED
                  200180e0    00000200     --HOLE--

MODULE SUMMARY

       Module                          code    ro data   rw data
       ------                          ----    -------   -------
    .\
       assert.obj                      56      0         512    
       tm4c1294ncpdt_startup_ccs.obj   12      520       0      
       main.obj                        64      0         0      
    +--+-------------------------------+-------+---------+---------+
       Total:                          132     520       512    
                                                                
    .\FreeRTOS\
       tasks.obj                       5132    0         480    
       queue.obj                       2356    0         64     
       timers.obj                      1232    0         60     
       list.obj                        148     0         0      
    +--+-------------------------------+-------+---------+---------+
       Total:                          8868    0         604    
                                                                
    .\FreeRTOS\portable\CCS\ARM_CM4F\
       port.obj                        360     4         4      
       portasm.obj                     210     0         0      
    +--+-------------------------------+-------+---------+---------+
       Total:                          570     4         4      
                                                                
    .\FreeRTOS\portable\MemMang\
       heap_2.obj                      280     2         65560  
    +--+-------------------------------+-------+---------+---------+
       Total:                          280     2         65560  
                                                                
    .\Kalman\
       Kalman2Var.obj                  1524    41        16     
    +--+-------------------------------+-------+---------+---------+
       Total:                          1524    41        16     
                                                                
    .\Pid\
       Pid.obj                         204     0         0      
    +--+-------------------------------+-------+---------+---------+
       Total:                          204     0         0      
                                                                
    .\PinConfig\
       pinout.obj                      428     0         0      
    +--+-------------------------------+-------+---------+---------+
       Total:                          428     0         0      
                                                                
    .\TskIr\
       IrCorr.obj                      8040    48        128    
       TskIr.obj                       2364    46        153    
    +--+-------------------------------+-------+---------+---------+
       Total:                          10404   94        281    
                                                                
    .\TskMotor\
       TskMotor.obj                    2816    214       3240   
       Imu2.obj                        888     0         1046   
       WheelEnc.obj                    1096    0         28     
       MotorPwm.obj                    288     0         0      
    +--+-------------------------------+-------+---------+---------+
       Total:                          5088    214       4314   
                                                                
    .\TskTop\
       cmd.obj                         7180    70        132    
       TskTop.obj                      4272    0         133    
       DbgUart.obj                     662     4         152    
    +--+-------------------------------+-------+---------+---------+
       Total:                          12114   74        417    
                                                                
    .\action\
       action.obj                      30808   74        9620   
    +--+-------------------------------+-------+---------+---------+
       Total:                          30808   74        9620   
                                                                
    .\mmaze\
       mmaze.obj                       2090    0         20     
    +--+-------------------------------+-------+---------+---------+
       Total:                          2090    0         20     
                                                                
    .\mouse\
       mouse.obj                       3570    0         0      
    +--+-------------------------------+-------+---------+---------+
       Total:                          3570    0         0      
                                                                
    .\solve\
       solve.obj                       1276    0         12     
    +--+-------------------------------+-------+---------+---------+
       Total:                          1276    0         12     
                                                                
    C:/ti/tirtos_tivac_2_16_01_14/products/TivaWare_C_Series-2.1.1.71b/driverlib/ccs/Debug/driverlib.lib
       interrupt.obj                   172     112       620    
       cpu.obj                         12      0         0      
       uart.obj                        12      0         0      
    +--+-------------------------------+-------+---------+---------+
       Total:                          196     112       620    
                                                                
    C:\ti\ccsv7\tools\compiler\ti-cgt-arm_16.9.1.LTS\lib\rtsv7M4_T_le_v4SPD16_eabi.lib
       _printfi.obj                    4414    0         0      
       e_powf.obj                      1416    24        0      
       memory.obj                      976     0         12     
       vec_newdel.obj                  924     0         0      
       strtod.obj                      572     152       0      
       typeinfo_.obj                   188     356       4      
       e_expf.obj                      476     24        0      
       ull_div_t2.obj                  500     0         0      
       e_logf.obj                      492     0         0      
       fd_add_t2.obj                   438     0         0      
       e_acosf.obj                     404     0         0      
       e_sqrt.obj                      368     0         0      
       fd_div_t2.obj                   310     0         0      
       fd_cmp_t2.obj                   268     0         0      
       ctype.obj                       0       257       0      
       dtor_list.obj                   244     0         8      
       fd_mul_t2.obj                   252     0         0      
       s_scalbn.obj                    252     0         0      
       s_scalbnf.obj                   212     0         0      
       s_cosf.obj                      180     0         0      
       s_tanf.obj                      172     0         0      
       s_sinf.obj                      164     0         0      
       memcpy_t2.obj                   156     0         0      
       s_floorf.obj                    128     0         0      
       memset_t2.obj                   122     0         0      
       autoinit.obj                    112     0         0      
       fd_tos_t2.obj                   110     0         0      
       s_roundf.obj                    110     0         0      
       copy_decompress_lzss.obj        104     0         0      
       s_frexp.obj                     100     0         0      
       exit.obj                        84      0         12     
       sprintf.obj                     96      0         0      
       boot.obj                        84      0         0      
       ltoa.obj                        84      0         0      
       rand.obj                        76      0         4      
       atoi.obj                        76      0         0      
       cpy_tbl.obj                     76      0         0      
       fd_toi_t2.obj                   72      0         0      
       strtok.obj                      64      0         4      
       fs_tod_t2.obj                   56      0         0      
       new_.obj                        48      0         0      
       i_tofd_t2.obj                   46      0         0      
       strspn.obj                      42      0         0      
       e_sqrtf.obj                     40      0         0      
       strcspn.obj                     36      0         0      
       guard.obj                       32      0         0      
       _lock.obj                       20      0         8      
       memccpy.obj                     28      0         0      
       args_main.obj                   24      0         0      
       strcmp.obj                      24      0         0      
       strchr.obj                      22      0         0      
       s_copysign.obj                  20      0         0      
       strlen.obj                      20      0         0      
       s_copysignf.obj                 18      0         0      
       s_lroundf.obj                   16      0         0      
       copy_decompress_none.obj        14      0         0      
       copy_zero_init.obj              12      0         0      
       delete.obj                      8       0         0      
       errno.obj                       0       0         4      
       pre_init.obj                    4       0         0      
       stkdepth_vars.obj               0       0         4      
       vars.obj                        0       0         4      
       mpu_init.obj                    2       0         0      
       newhandler.obj                  2       0         0      
       startup.obj                     2       0         0      
    +--+-------------------------------+-------+---------+---------+
       Total:                          15412   813       64     
                                                                
       Heap:                           0       0         16384  
       Stack:                          0       0         512    
       Linker Generated:               0       136       0      
    +--+-------------------------------+-------+---------+---------+
       Grand Total:                    92964   2084      98940  


LINKER GENERATED COPY TABLES

__TI_cinit_table @ 00017348 records: 3, size/record: 8, table size: 24
	.data: load addr=000172d8, load size=00000054 bytes, run addr=2000026c, run size=00000134 bytes, compression=lzss
	.bss: load addr=00017338, load size=00000008 bytes, run addr=20000400, run size=00013ce0 bytes, compression=zero_init
	.vtable: load addr=00017340, load size=00000008 bytes, run addr=20000000, run size=0000026c bytes, compression=zero_init


LINKER GENERATED HANDLER TABLE

__TI_handler_table @ 0001732c records: 3, size/record: 4, table size: 12
	index: 0, handler: __TI_zero_init
	index: 1, handler: __TI_decompress_lzss
	index: 2, handler: __TI_decompress_none


GLOBAL SYMBOLS: SORTED ALPHABETICALLY BY Name 

address   name                                                                              
-------   ----                                                                              
00014e55  Board_General_Init                                                                
000167b1  C$$EXIT                                                                           
20013e1c  CP                                                                                
00016cfb  CPUcpsie                                                                          
20013f8c  I                                                                                 
00014f63  IR_write                                                                          
0001650d  IntEnable                                                                         
00016cb1  IntMasterEnable                                                                   
00016ab1  IntRegister                                                                       
00014f11  LED_write                                                                         
00016d1f  ResetISR                                                                          
000172c4  SHT$$INIT_ARRAY$$Base                                                             
000172d4  SHT$$INIT_ARRAY$$Limit                                                            
20013a80  SP                                                                                
20014064  SemActTick                                                                        
20014068  SemIrTick                                                                         
2001406c  SemMotTick                                                                        
00016d07  UARTCharsAvail                                                                    
000099f5  _Z10MotorStartv                                                                   
0000b3f9  _Z10RandomModev                                                                   
00009f31  _Z10paramsCorrv                                                                   
0001335f  _Z12BaseTimeInitv                                                                 
000132f1  _Z12BaseTimerISRv                                                                 
00014095  _Z12ImuGetValuesR11__ImuValues                                                    
00013efd  _Z12ImuStartReadv                                                                 
00015611  _Z12MotorPwmInitv                                                                 
00013511  _Z12WheelEncInitv                                                                 
000155a5  _Z13MotorPwmCoastv                                                                
00013f31  _Z13i2cInitConfigPha                                                              
00013681  _Z14WheelEncGetVelRVfS0_                                                          
000155c3  _Z15MotorPwmSetDutyss                                                             
0000b0c9  _Z17SendActionAndWaitN9TskAction3Act7ActTypeE                                     
00013ea5  _Z18uDmaFillCtrlStructv                                                           
0000f9c3  _Z21__default_new_handlerv                                                        
000099c9  _Z5printPc                                                                        
0000b15d  _Z6Actionv                                                                        
00013fe1  _Z7ImuInitv                                                                       
0000ad4d  _Z7pidTestv                                                                       
00013f77  _Z8UdmaInitv                                                                      
00013eb9  _Z8i2cRxISRv                                                                      
00013441  _Z8portBISRv                                                                      
000133fd  _Z8portEISRv                                                                      
00013485  _Z8portKISRv                                                                      
00009acf  _Z9MotorStopv                                                                     
000169b5  _Z9__error__Pcj                                                                   
00009b79  _Z9cmd_shellv                                                                     
00013293  _ZN10Kalman2Var5ResetEv                                                           
00013005  _ZN10Kalman2Var7CorrectE7Vector2                                                  
00012f21  _ZN10Kalman2Var7PredictEf                                                         
00012e45  _ZN10Kalman2VarC1E9Matrix2x27Vector2S0_S0_S0_S1_S0_                               
00012e45  _ZN10Kalman2VarC2E9Matrix2x27Vector2S0_S0_S0_S1_S0_                               
0001328b  _ZN10Kalman2VarD0Ev                                                               
00013289  _ZN10Kalman2VarD1Ev                                                               
00013289  _ZN10Kalman2VarD2Ev                                                               
0000f321  _ZN10Micromouse12Turn2RushActEPNS_5QueueINS_7Turning4TypeEEE                      
00011ce9  _ZN10Micromouse5MMaze13ReadMazeGridsEv                                            
00011ccb  _ZN10Micromouse5MMaze14StoreMazeGridsEv                                           
00011a4d  _ZN10Micromouse5MMaze5FluidEPtRKNS_8GridCoorES4_NS_8WallType4TypeEb               
00011d07  _ZN10Micromouse5MMaze6ColNumEv                                                    
00011d0d  _ZN10Micromouse5MMaze6RowNumEv                                                    
00011d13  _ZN10Micromouse5MMaze6TargetEv                                                    
00011957  _ZN10Micromouse5MMaze7GetWallERKNS_8GridCoorENS_9Direction4TypeE                  
00011877  _ZN10Micromouse5MMaze7SetWallERKNS_8GridCoorENS_8WallType4TypeES5_S5_S5_          
00011795  _ZN10Micromouse5MMaze7SetWallERKNS_8GridCoorENS_9Direction4TypeENS_8WallType4TypeE
000116f9  _ZN10Micromouse5MMazeC1EssRKNS_8GridCoorE                                         
000116f9  _ZN10Micromouse5MMazeC2EssRKNS_8GridCoorE                                         
00011787  _ZN10Micromouse5MMazeD1Ev                                                         
00011787  _ZN10Micromouse5MMazeD2Ev                                                         
0000eded  _ZN10Micromouse5Mouse11CurrHeadingEv                                              
0000f125  _ZN10Micromouse5Mouse12ReadMazeInfoEv                                             
0000f10b  _ZN10Micromouse5Mouse13StoreMazeInfoEv                                            
0000ebd1  _ZN10Micromouse5Mouse17searchedTimesConvEs                                        
0000edf9  _ZN10Micromouse5Mouse4StepENS_8WallType4TypeES2_S2_Pb                             
0000f13f  _ZN10Micromouse5Mouse7GetQActEv                                                   
0000ede9  _ZN10Micromouse5Mouse8CurrCoorEv                                                  
0000ebf9  _ZN10Micromouse5MouseC1EssRKNS_8GridCoorE                                         
0000ebf9  _ZN10Micromouse5MouseC2EssRKNS_8GridCoorE                                         
0000edc7  _ZN10Micromouse5MouseD1Ev                                                         
0000edc7  _ZN10Micromouse5MouseD2Ev                                                         
00016cd1  _ZN10Micromouse5QueueINS_8GridCoorEED1Ev                                          
00016c3b  _ZN10Micromouse8GridCoorC1Ev                                                      
00016c8d  _ZN10Micromouse8GridInfoC1Ev                                                      
00011e9b  _ZN10MicromousepLERNS_8GridCoorERKNS_9Direction4TypeE                             
00011d4d  _ZN10MicromousepLERNS_9Direction4TypeERKNS_7Turning4TypeE                         
00011d95  _ZN10MicromouseplERKNS_8GridCoorERKNS_9Direction4TypeE                            
00011d2b  _ZN10MicromouseplERKNS_9Direction4TypeERKNS_7Turning4TypeE                        
00011d17  _ZN10MicromouseppERNS_9Direction4TypeE                                            
00015de9  _ZN10__cxxabiv116__enum_type_infoD0Ev                                             
00015de7  _ZN10__cxxabiv116__enum_type_infoD1Ev                                             
00015de7  _ZN10__cxxabiv116__enum_type_infoD2Ev                                             
00015ddf  _ZN10__cxxabiv117__array_type_infoD0Ev                                            
00015ddd  _ZN10__cxxabiv117__array_type_infoD1Ev                                            
00015ddd  _ZN10__cxxabiv117__array_type_infoD2Ev                                            
00015dd5  _ZN10__cxxabiv117__class_type_infoD0Ev                                            
00015dd3  _ZN10__cxxabiv117__class_type_infoD1Ev                                            
00015dd3  _ZN10__cxxabiv117__class_type_infoD2Ev                                            
00015dcb  _ZN10__cxxabiv117__pbase_type_infoD0Ev                                            
00015dc9  _ZN10__cxxabiv117__pbase_type_infoD1Ev                                            
00015dc9  _ZN10__cxxabiv117__pbase_type_infoD2Ev                                            
00015dc1  _ZN10__cxxabiv119__pointer_type_infoD0Ev                                          
00015dbf  _ZN10__cxxabiv119__pointer_type_infoD1Ev                                          
00015dbf  _ZN10__cxxabiv119__pointer_type_infoD2Ev                                          
00015db7  _ZN10__cxxabiv120__function_type_infoD0Ev                                         
00015db5  _ZN10__cxxabiv120__function_type_infoD1Ev                                         
00015db5  _ZN10__cxxabiv120__function_type_infoD2Ev                                         
00015dad  _ZN10__cxxabiv120__si_class_type_infoD0Ev                                         
00015dab  _ZN10__cxxabiv120__si_class_type_infoD1Ev                                         
00015dab  _ZN10__cxxabiv120__si_class_type_infoD2Ev                                         
00015da3  _ZN10__cxxabiv121__vmi_class_type_infoD0Ev                                        
00015da1  _ZN10__cxxabiv121__vmi_class_type_infoD1Ev                                        
00015da1  _ZN10__cxxabiv121__vmi_class_type_infoD2Ev                                        
00015d99  _ZN10__cxxabiv123__fundamental_type_infoD0Ev                                      
00015d97  _ZN10__cxxabiv123__fundamental_type_infoD1Ev                                      
00015d97  _ZN10__cxxabiv123__fundamental_type_infoD2Ev                                      
00015d8f  _ZN10__cxxabiv129__pointer_to_member_type_infoD0Ev                                
00015d8d  _ZN10__cxxabiv129__pointer_to_member_type_infoD1Ev                                
00015d8d  _ZN10__cxxabiv129__pointer_to_member_type_infoD2Ev                                
00015cad  _ZN3Pid4TickEf                                                                    
00015d2f  _ZN3Pid5ResetEv                                                                   
00015c71  _ZN3PidC1Efffffff                                                                 
00015c71  _ZN3PidC2Efffffff                                                                 
00016cdf  _ZN5QueueIcLb0EED1Ev                                                              
000105b9  _ZN5TskIr10irDetStartEv                                                           
00010489  _ZN5TskIr10irTimerISREv                                                           
00010c21  _ZN5TskIr11TestIrTouchEhii                                                        
00010cb9  _ZN5TskIr11WaitIrTouchEhii                                                        
00007ced  _ZN5TskIr11irApprox2ndEPfS0_iS0_                                                  
20000358  _ZN5TskIr11irEmitterNoE                                                           
00007b3f  _ZN5TskIr11linEquSolveEPfi                                                        
20000354  _ZN5TskIr12irEmitEnableE                                                          
00007ac7  _ZN5TskIr12programFlashEjPji                                                      
20014070  _ZN5TskIr14SemIrAdcFinishE                                                        
00007ef9  _ZN5TskIr14doIrCorrectionEv                                                       
00007a61  _ZN5TskIr15eraseFlashBlockEi                                                      
00007a91  _ZN5TskIr16programFlashWordEjj                                                    
00010bdd  _ZN5TskIr4InitEv                                                                  
00010a55  _ZN5TskIr4taskEPv                                                                 
200002d4  _ZN5TskIr5IrACsE                                                                  
2001400c  _ZN5TskIr5IrYawE                                                                  
20014074  _ZN5TskIr5MbCmdE                                                                  
20014058  _ZN5TskIr6IrBinsE                                                                 
20000364  _ZN5TskIr6IrIntsE                                                                 
20013b9c  _ZN5TskIr6dbgStrE                                                                 
20000304  _ZN5TskIr7IrDistsE                                                                
00010741  _ZN5TskIr7irCalcsEv                                                               
2000036c  _ZN5TskIr7irZerosE                                                                
20013f78  _ZN5TskIr8IrBinThsE                                                               
00007e03  _ZN5TskIr8irApproxEPfS0_iS0_S0_                                                   
20000318  _ZN5TskIr9IrChNamesE                                                              
00007ae9  _ZN5TskIr9ReadFlashEjPhi                                                          
000105df  _ZN5TskIr9irDetInitEv                                                             
00012479  _ZN5solve11GetNextWallEv                                                          
00012625  _ZN5solve12SearchAndRunEb                                                         
000124a1  _ZN5solve14breakBeforeRunEv                                                       
000128d7  _ZN5solve4InitEv                                                                  
20014078  _ZN5solve4QActE                                                                   
00012895  _ZN5solve4taskEPv                                                                 
2001407c  _ZN5solve5MbActE                                                                  
20014080  _ZN5solve5MbTopE                                                                  
0000e165  _ZN6TskTop10actionTestEv                                                          
0000e4c5  _ZN6TskTop13clearMazeInfoEv                                                       
0000dc69  _ZN6TskTop13encImuMonitorEv                                                       
0000e76f  _ZN6TskTop14dbgPutModeNameENS_9MouseMode8ModeTypeE                                
0000db21  _ZN6TskTop14doIrCorrectionEv                                                      
0000e9f5  _ZN6TskTop4InitEv                                                                 
2001400a  _ZN6TskTop4ModeE                                                                  
0000e809  _ZN6TskTop4taskEPv                                                                
20014084  _ZN6TskTop5MbCmdE                                                                 
20013c1c  _ZN6TskTop6dbgStrE                                                                
0000e649  _ZN6TskTop7SetLedsEh                                                              
00009b79  _ZN6TskTop7uartCmdEv                                                              
0000e525  _ZN6TskTop8RushTestEv                                                             
0000e685  _ZN6TskTop8actPrintEN9TskAction3Act7ActTypeE                                      
0000defd  _ZN6TskTop9irMonitorEv                                                            
0000e2c9  _ZN6TskTop9solveTestEv                                                            
00016a05  _ZN8PidParamC1Ev                                                                  
2000029e  _ZN8TskMotor11AcclEnabledE                                                        
20000274  _ZN8TskMotor11DistanceAccE                                                        
2000029d  _ZN8TskMotor11GyroEnabledE                                                        
20000298  _ZN8TskMotor11TemperatureE                                                        
2000029c  _ZN8TskMotor12MotorEnabledE                                                       
20000280  _ZN8TskMotor14DesireDistanceE                                                     
2000027c  _ZN8TskMotor14DistanceAcc_enE                                                     
2000029f  _ZN8TskMotor15AcqZerosEnabledE                                                    
20013f9c  _ZN8TskMotor1AE                                                                   
20014018  _ZN8TskMotor1BE                                                                   
20013fac  _ZN8TskMotor1HE                                                                   
20013fbc  _ZN8TskMotor1QE                                                                   
20013fcc  _ZN8TskMotor1RE                                                                   
20014088  _ZN8TskMotor2AVE                                                                  
2001408c  _ZN8TskMotor2LVE                                                                  
20013fdc  _ZN8TskMotor2P0E                                                                  
20012c00  _ZN8TskMotor2lvE                                                                  
20014020  _ZN8TskMotor2x0E                                                                  
0001026d  _ZN8TskMotor4InitEv                                                               
0000f9d1  _ZN8TskMotor4taskEPv                                                              
20014090  _ZN8TskMotor5AcclXE                                                               
20014094  _ZN8TskMotor5GyroZE                                                               
2000028c  _ZN8TskMotor5LvAdjE                                                               
20014098  _ZN8TskMotor5MbCmdE                                                               
2001409c  _ZN8TskMotor6EncVelE                                                              
20000288  _ZN8TskMotor6OmgAdjE                                                              
200140a0  _ZN8TskMotor6QMotorE                                                              
20013c9c  _ZN8TskMotor6dbgStrE                                                              
20014028  _ZN8TskMotor6desireE                                                              
20014030  _ZN8TskMotor6kalOutE                                                              
20012fc0  _ZN8TskMotor6vel_deE                                                              
20000270  _ZN8TskMotor7EncLVelE                                                             
2000026c  _ZN8TskMotor7EncRVelE                                                             
20013380  _ZN8TskMotor7dist_enE                                                             
20000278  _ZN8TskMotor8AngleAccE                                                            
20000284  _ZN8TskMotor8CurrentVE                                                            
20013eb0  _ZN8TskMotor8pidparamE                                                            
20000294  _ZN8TskMotor9AcclXZeroE                                                           
20000290  _ZN8TskMotor9GyroZZeroE                                                           
0001431f  _ZN8TskPrint11UartGetLineEPc                                                      
20013d1c  _ZN8TskPrint3msgE                                                                 
000143db  _ZN8TskPrint4InitEv                                                               
000143b3  _ZN8TskPrint4taskEPv                                                              
200140a4  _ZN8TskPrint5MbCmdE                                                               
20013ed8  _ZN8TskPrint7QUartRxE                                                             
0001429f  _ZN8TskPrint9UART2InitEv                                                          
0001438b  _ZN8TskPrint9UartWriteEPc                                                         
0001421d  _ZN8TskPrint9uartRxISREv                                                          
00006969  _ZN9TskAction10actCorrFwdEv                                                       
200140a8  _ZN9TskAction10actCurrActE                                                        
200140ac  _ZN9TskAction10actHDirPidE                                                        
00000d99  _ZN9TskAction10actRestartEv                                                       
00001725  _ZN9TskAction10actRushOutEv                                                       
00000209  _ZN9TskAction11GetWallInfoEPNS_10WallStatusE                                      
00006459  _ZN9TskAction11actCorrBackEPNS_10WallStatusE                                      
00006ef5  _ZN9TskAction11actCorrLR90ENS_3Act7ActTypeE                                       
000060dd  _ZN9TskAction11actCorrStopEv                                                      
00000e71  _ZN9TskAction11actTurnBackEv                                                      
00005eb5  _ZN9TskAction12actCorrStartEv                                                     
000002b1  _ZN9TskAction13MotionCalcFwdEfffPf                                                
000003e1  _ZN9TskAction14MotionCalcTurnEfffPfS0_                                            
00006711  _ZN9TskAction14actCorrRestartEv                                                   
00006941  _ZN9TskAction15actCorrStopBackEv                                                  
00000317  _ZN9TskAction16MotionCalcRotateEffPf                                              
000006c9  _ZN9TskAction20actFwdDisCorrByFwdIrEPNS_10WallStatusE                             
00006929  _ZN9TskAction22actCorrStopBackRestartEv                                           
000006a3  _ZN9TskAction24actHeadingDirCorrByFwdIrEPNS_10WallStatusE                         
00000659  _ZN9TskAction29actHeadingDirCorrBySideIrSideEPNS_10WallStatusE                    
00000749  _ZN9TskAction32actFwdEndCorrBySideWallDisappearEPNS_10WallStatusEfff              
20011800  _ZN9TskAction3o_sE                                                                
20012000  _ZN9TskAction3v_sE                                                                
200140b0  _ZN9TskAction4IMinE                                                               
20010400  _ZN9TskAction4InfoE                                                               
000075f5  _ZN9TskAction4InitEv                                                              
00007361  _ZN9TskAction4taskEPv                                                             
200140b4  _ZN9TskAction5IRintE                                                              
200140b8  _ZN9TskAction5MbCmdE                                                              
20010e00  _ZN9TskAction6DesireE                                                             
00000e85  _ZN9TskAction6actFwdEv                                                            
00000c05  _ZN9TskAction7actBackEv                                                           
00003515  _ZN9TskAction7actL180Ev                                                           
00001815  _ZN9TskAction7actL45iEv                                                           
000041ed  _ZN9TskAction7actL45oEv                                                           
00002b9d  _ZN9TskAction7actL90rEv                                                           
00005515  _ZN9TskAction7actL90tEv                                                           
00000f69  _ZN9TskAction7actLR90ENS_3Act7ActTypeE                                            
00003b81  _ZN9TskAction7actR180Ev                                                           
00001ce1  _ZN9TskAction7actR45iEv                                                           
000046b1  _ZN9TskAction7actR45oEv                                                           
00003061  _ZN9TskAction7actR90rEv                                                           
000059e1  _ZN9TskAction7actR90tEv                                                           
00000a49  _ZN9TskAction7actStopEv                                                           
200140bc  _ZN9TskAction7end_msgE                                                            
0000022f  _ZN9TskAction8WaitQEndEv                                                          
00001239  _ZN9TskAction8actCRushEv                                                          
000021f9  _ZN9TskAction8actL135iEv                                                          
00004b81  _ZN9TskAction8actL135oEv                                                          
000026c9  _ZN9TskAction8actR135iEv                                                          
00005045  _ZN9TskAction8actR135oEv                                                          
000008a9  _ZN9TskAction8actStartEv                                                          
00001315  _ZN9TskAction8actTRushEv                                                          
200140c0  _ZN9TskAction8cur_wallE                                                           
200140c4  _ZN9TskAction8distZeroE                                                           
200140c8  _ZN9TskAction8nextWallE                                                           
00001639  _ZN9TskAction9actRushInEv                                                         
00016701  _ZNK9Matrix2x2mlERK7Vector2                                                       
0001612d  _ZNK9Matrix2x2mlERKS_                                                             
00016641  _ZNK9Matrix2x2plERKS_                                                             
00015d4f  _ZNKSt9type_info4nameEv                                                           
00015d7f  _ZNKSt9type_info6beforeERKS_                                                      
00015d69  _ZNKSt9type_infoeqERKS_                                                           
00015d53  _ZNKSt9type_infoneERKS_                                                           
00015d47  _ZNSt9type_infoD0Ev                                                               
00015d45  _ZNSt9type_infoD1Ev                                                               
00015d45  _ZNSt9type_infoD2Ev                                                               
200140cc  _ZSt16__dummy_typeinfo                                                            
00015d3d  _ZSt21__gen_dummy_typeinfosv                                                      
000172a8  _ZTI10Kalman2Var                                                                  
0001726c  _ZTIN10__cxxabiv117__class_type_infoE                                             
00017278  _ZTIN10__cxxabiv117__pbase_type_infoE                                             
00017284  _ZTIN10__cxxabiv119__pointer_type_infoE                                           
00017290  _ZTIN10__cxxabiv120__si_class_type_infoE                                          
0001729c  _ZTIN10__cxxabiv123__fundamental_type_infoE                                       
000171e0  _ZTIPKe                                                                           
000172b0  _ZTISt9type_info                                                                  
000172b8  _ZTIe                                                                             
00017250  _ZTS10Kalman2Var                                                                  
00017149  _ZTSN10__cxxabiv117__class_type_infoE                                             
0001716b  _ZTSN10__cxxabiv117__pbase_type_infoE                                             
00017125  _ZTSN10__cxxabiv119__pointer_type_infoE                                           
00017100  _ZTSN10__cxxabiv120__si_class_type_infoE                                          
000170d8  _ZTSN10__cxxabiv123__fundamental_type_infoE                                       
00016e39  _ZTSPKe                                                                           
0001725d  _ZTSSt9type_info                                                                  
00016e3d  _ZTSe                                                                             
00017200  _ZTV10Kalman2Var                                                                  
00017210  _ZTVN10__cxxabiv117__class_type_infoE                                             
00017220  _ZTVN10__cxxabiv119__pointer_type_infoE                                           
00017230  _ZTVN10__cxxabiv120__si_class_type_infoE                                          
00017240  _ZTVN10__cxxabiv123__fundamental_type_infoE                                       
00016f48  _ZZN5QueueIN8TskMotor8VelOmegaELb1EE2DeERS1_Es                                    
00016f8e  _ZZN5QueueIN8TskMotor8VelOmegaELb1EE2EnERKS1_Es                                   
00016fd4  _ZZN5QueueIN8TskMotor8VelOmegaELb1EE3LenEvEs                                      
0001701a  _ZZN5QueueIN8TskMotor8VelOmegaELb1EE5ClearEvEs                                    
00017060  _ZZN5QueueIN8TskMotor8VelOmegaELb1EEC1EiEs                                        
00016d2b  _ZdaPv                                                                            
00016d2b  _ZdlPv                                                                            
00016ae5  _Znaj                                                                             
00016ae5  _Znwj                                                                             
200182e0  __STACK_END                                                                       
00000200  __STACK_SIZE                                                                      
200182e0  __STACK_TOP                                                                       
00004000  __SYSMEM_SIZE                                                                     
00017348  __TI_CINIT_Base                                                                   
00017360  __TI_CINIT_Limit                                                                  
0001732c  __TI_Handler_Table_Base                                                           
00017338  __TI_Handler_Table_Limit                                                          
000163c1  __TI_auto_init                                                                    
20000328  __TI_cleanup_ptr                                                                  
00016575  __TI_decompress_lzss                                                              
00016ced  __TI_decompress_none                                                              
2000032c  __TI_dtors_ptr                                                                    
20000330  __TI_enable_exit_profile_output                                                   
ffffffff  __TI_pprof_out_hndl                                                               
0000d225  __TI_printfi                                                                      
ffffffff  __TI_prof_data_size                                                               
ffffffff  __TI_prof_data_start                                                              
00000000  __TI_static_base__                                                                
00016d13  __TI_zero_init                                                                    
00015a6f  __aeabi_atexit                                                                    
000161b9  __aeabi_cdcmpeq                                                                   
000161b9  __aeabi_cdcmple                                                                   
0001623f  __aeabi_cdrcmple                                                                  
00016431  __aeabi_d2f                                                                       
0001693d  __aeabi_d2iz                                                                      
00014ca7  __aeabi_dadd                                                                      
0001546d  __aeabi_ddiv                                                                      
000157dd  __aeabi_dmul                                                                      
00014c9d  __aeabi_dsub                                                                      
00016a79  __aeabi_f2d                                                                       
00016b15  __aeabi_i2d                                                                       
00016345  __aeabi_memclr                                                                    
00016345  __aeabi_memclr4                                                                   
00016345  __aeabi_memclr8                                                                   
00015ffd  __aeabi_memcpy                                                                    
00015ffd  __aeabi_memcpy4                                                                   
00015ffd  __aeabi_memcpy8                                                                   
00016347  __aeabi_memset                                                                    
00016347  __aeabi_memset4                                                                   
00016347  __aeabi_memset8                                                                   
000146e1  __aeabi_uldivmod                                                                  
00013e7f  __aeabi_vec_cctor_nocookie_nodtor                                                 
00013e5b  __aeabi_vec_ctor_cookie_nodtor                                                    
00013e49  __aeabi_vec_ctor_nocookie_nodtor                                                  
00013e3d  __aeabi_vec_delete                                                                
00013e21  __aeabi_vec_delete3                                                               
00013e07  __aeabi_vec_delete3_nodtor                                                        
00013dd5  __aeabi_vec_dtor                                                                  
00013de9  __aeabi_vec_dtor_cookie                                                           
00013dc1  __aeabi_vec_new_cookie                                                            
00013da5  __aeabi_vec_new_cookie_noctor                                                     
00013d7f  __aeabi_vec_new_cookie_nodtor                                                     
00013d6b  __aeabi_vec_new_nocookie                                                          
ffffffff  __binit__                                                                         
ffffffff  __c_args__                                                                        
00015a1d  __cxa_atexit                                                                      
000159d5  __cxa_finalize                                                                    
00016bcf  __cxa_guard_abort                                                                 
00016bc3  __cxa_guard_acquire                                                               
00016bb9  __cxa_guard_release                                                               
00015a17  __cxa_ia64_exit                                                                   
00013d41  __cxa_vec_cctor                                                                   
00013d21  __cxa_vec_cleanup                                                                 
00013cfd  __cxa_vec_ctor                                                                    
00013cd7  __cxa_vec_delete                                                                  
00013cb1  __cxa_vec_delete2                                                                 
00013c8b  __cxa_vec_delete3                                                                 
00013c6f  __cxa_vec_dtor                                                                    
00013bd3  __cxa_vec_new                                                                     
00013ba7  __cxa_vec_new2                                                                    
00013b7b  __cxa_vec_new3                                                                    
200140d0  __dso_handle                                                                      
0000db1f  __mpu_init                                                                        
200180e0  __stack                                                                           
00007661  __sti___10_action_cpp_SP                                                          
0001441f  __sti___11_DbgUart_cpp_e363817f                                                   
00010315  __sti___12_TskMotor_cpp_440a4bfa                                                  
000132c5  __sti___14_Kalman2Var_cpp_aa8a8511                                                
00016bf5  _args_main                                                                        
0001675d  _c_int00                                                                          
00016d38  _ctypes_                                                                          
2000034c  _lock                                                                             
2000039c  _new_handler                                                                      
00016c5f  _nop                                                                              
00016c57  _register_lock                                                                    
00016c51  _register_unlock                                                                  
200140e0  _sys_memory                                                                       
00011eef  _system_post_cinit                                                                
00016d33  _system_pre_init                                                                  
20000350  _unlock                                                                           
000167b5  abort                                                                             
00015001  acosf                                                                             
00015a61  atexit                                                                            
00016859  atoi                                                                              
ffffffff  binit                                                                             
00013ad9  calloc                                                                            
200140d4  cmd                                                                               
000168a5  copy_in                                                                           
00016c65  copysign                                                                          
00016c9f  copysignf                                                                         
00016c65  copysignl                                                                         
00015df9  cosf                                                                              
20013740  dbgStr                                                                            
0000b8c7  eTaskGetState                                                                     
2000038c  errno                                                                             
000167bd  exit                                                                              
00014ac1  expf                                                                              
000162c5  floorf                                                                            
00013823  free                                                                              
000165dd  frexp                                                                             
000165dd  frexpl                                                                            
20000000  g_pfnRAMVectors                                                                   
00000000  g_pfnVectors                                                                      
20013ffc  imuData                                                                           
2000037c  imuInitSeq0                                                                       
20000381  imuInitSeq1                                                                       
20000383  imuReadSeq                                                                        
20013d9c  input                                                                             
000158d9  ldexp                                                                             
00015ac9  ldexpf                                                                            
000158d9  ldexpl                                                                            
000148d5  logf                                                                              
200140d8  lp                                                                                
00016cc1  lroundf                                                                           
00016805  ltoa                                                                              
00016985  main                                                                              
20000394  main_func_sp                                                                      
000137b9  malloc                                                                            
000139ed  memalign                                                                          
00016bd9  memccpy                                                                           
00015ffd  memcpy                                                                            
0001634d  memset                                                                            
00013739  minit                                                                             
00011659  pcQueueGetName                                                                    
0000bdb1  pcTaskGetName                                                                     
00012abb  pcTimerGetName                                                                    
00011ef1  powf                                                                              
20012800  pui8ControlTable                                                                  
000156c5  pvPortMalloc                                                                      
0000c59d  pvTaskIncrementMutexHeldCount                                                     
00012de3  pvTimerGetTimerID                                                                 
200002a0  pxCurrentTCB                                                                      
00015305  pxPortInitialiseStack                                                             
00016907  rand                                                                              
000138e5  realloc                                                                           
[...]
00016347  __aeabi_memset                                                                    
00016347  __aeabi_memset4                                                                   
00016347  __aeabi_memset8                                                                   
0001634d  memset                                                                            
000163c1  __TI_auto_init                                                                    
00016431  __aeabi_d2f                                                                       
0001649f  roundf                                                                            
0001650d  IntEnable                                                                         
00016575  __TI_decompress_lzss                                                              
000165dd  frexp                                                                             
000165dd  frexpl                                                                            
00016641  _ZNK9Matrix2x2plERKS_                                                             
000166a1  sprintf                                                                           
00016701  _ZNK9Matrix2x2mlERK7Vector2                                                       
0001675d  _c_int00                                                                          
000167b1  C$$EXIT                                                                           
000167b5  abort                                                                             
000167bd  exit                                                                              
00016805  ltoa                                                                              
00016859  atoi                                                                              
000168a5  copy_in                                                                           
000168f1  srand                                                                             
00016907  rand                                                                              
0001693d  __aeabi_d2iz                                                                      
00016985  main                                                                              
000169b5  _Z9__error__Pcj                                                                   
000169c5  strtok                                                                            
00016a05  _ZN8PidParamC1Ev                                                                  
00016a41  vApplicationAssert                                                                
00016a79  __aeabi_f2d                                                                       
00016ab1  IntRegister                                                                       
00016ae5  _Znaj                                                                             
00016ae5  _Znwj                                                                             
00016b15  __aeabi_i2d                                                                       
00016b43  strspn                                                                            
00016b6d  sqrtf                                                                             
00016b95  strcspn                                                                           
00016bb9  __cxa_guard_release                                                               
00016bc3  __cxa_guard_acquire                                                               
00016bcf  __cxa_guard_abort                                                                 
00016bd9  memccpy                                                                           
00016bf5  _args_main                                                                        
00016c0d  strcmp                                                                            
00016c25  strchr                                                                            
00016c3b  _ZN10Micromouse8GridCoorC1Ev                                                      
00016c51  _register_unlock                                                                  
00016c57  _register_lock                                                                    
00016c5f  _nop                                                                              
00016c65  copysign                                                                          
00016c65  copysignl                                                                         
00016c79  strlen                                                                            
00016c8d  _ZN10Micromouse8GridInfoC1Ev                                                      
00016c9f  copysignf                                                                         
00016cb1  IntMasterEnable                                                                   
00016cc1  lroundf                                                                           
00016cd1  _ZN10Micromouse5QueueINS_8GridCoorEED1Ev                                          
00016cdf  _ZN5QueueIcLb0EED1Ev                                                              
00016ced  __TI_decompress_none                                                              
00016cfb  CPUcpsie                                                                          
00016d07  UARTCharsAvail                                                                    
00016d13  __TI_zero_init                                                                    
00016d1f  ResetISR                                                                          
00016d2b  _ZdaPv                                                                            
00016d2b  _ZdlPv                                                                            
00016d33  _system_pre_init                                                                  
00016d38  _ctypes_                                                                          
00016e39  _ZTSPKe                                                                           
00016e3d  _ZTSe                                                                             
00016f48  _ZZN5QueueIN8TskMotor8VelOmegaELb1EE2DeERS1_Es                                    
00016f8e  _ZZN5QueueIN8TskMotor8VelOmegaELb1EE2EnERKS1_Es                                   
00016fd4  _ZZN5QueueIN8TskMotor8VelOmegaELb1EE3LenEvEs                                      
0001701a  _ZZN5QueueIN8TskMotor8VelOmegaELb1EE5ClearEvEs                                    
00017060  _ZZN5QueueIN8TskMotor8VelOmegaELb1EEC1EiEs                                        
000170d8  _ZTSN10__cxxabiv123__fundamental_type_infoE                                       
00017100  _ZTSN10__cxxabiv120__si_class_type_infoE                                          
00017125  _ZTSN10__cxxabiv119__pointer_type_infoE                                           
00017149  _ZTSN10__cxxabiv117__class_type_infoE                                             
0001716b  _ZTSN10__cxxabiv117__pbase_type_infoE                                             
000171e0  _ZTIPKe                                                                           
00017200  _ZTV10Kalman2Var                                                                  
00017210  _ZTVN10__cxxabiv117__class_type_infoE                                             
00017220  _ZTVN10__cxxabiv119__pointer_type_infoE                                           
00017230  _ZTVN10__cxxabiv120__si_class_type_infoE                                          
00017240  _ZTVN10__cxxabiv123__fundamental_type_infoE                                       
00017250  _ZTS10Kalman2Var                                                                  
0001725d  _ZTSSt9type_info                                                                  
0001726c  _ZTIN10__cxxabiv117__class_type_infoE                                             
00017278  _ZTIN10__cxxabiv117__pbase_type_infoE                                             
00017284  _ZTIN10__cxxabiv119__pointer_type_infoE                                           
00017290  _ZTIN10__cxxabiv120__si_class_type_infoE                                          
0001729c  _ZTIN10__cxxabiv123__fundamental_type_infoE                                       
000172a8  _ZTI10Kalman2Var                                                                  
000172b0  _ZTISt9type_info                                                                  
000172b8  _ZTIe                                                                             
000172c0  ulMaxSyscallInterruptPriority                                                     
000172c4  SHT$$INIT_ARRAY$$Base                                                             
000172d4  SHT$$INIT_ARRAY$$Limit                                                            
0001732c  __TI_Handler_Table_Base                                                           
00017338  __TI_Handler_Table_Limit                                                          
00017348  __TI_CINIT_Base                                                                   
00017360  __TI_CINIT_Limit                                                                  
20000000  g_pfnRAMVectors                                                                   
2000026c  _ZN8TskMotor7EncRVelE                                                             
20000270  _ZN8TskMotor7EncLVelE                                                             
20000274  _ZN8TskMotor11DistanceAccE                                                        
20000278  _ZN8TskMotor8AngleAccE                                                            
2000027c  _ZN8TskMotor14DistanceAcc_enE                                                     
20000280  _ZN8TskMotor14DesireDistanceE                                                     
20000284  _ZN8TskMotor8CurrentVE                                                            
20000288  _ZN8TskMotor6OmgAdjE                                                              
2000028c  _ZN8TskMotor5LvAdjE                                                               
20000290  _ZN8TskMotor9GyroZZeroE                                                           
20000294  _ZN8TskMotor9AcclXZeroE                                                           
20000298  _ZN8TskMotor11TemperatureE                                                        
2000029c  _ZN8TskMotor12MotorEnabledE                                                       
2000029d  _ZN8TskMotor11GyroEnabledE                                                        
2000029e  _ZN8TskMotor11AcclEnabledE                                                        
2000029f  _ZN8TskMotor15AcqZerosEnabledE                                                    
200002a0  pxCurrentTCB                                                                      
200002d4  _ZN5TskIr5IrACsE                                                                  
20000304  _ZN5TskIr7IrDistsE                                                                
20000318  _ZN5TskIr9IrChNamesE                                                              
20000328  __TI_cleanup_ptr                                                                  
2000032c  __TI_dtors_ptr                                                                    
20000330  __TI_enable_exit_profile_output                                                   
2000034c  _lock                                                                             
20000350  _unlock                                                                           
20000354  _ZN5TskIr12irEmitEnableE                                                          
20000358  _ZN5TskIr11irEmitterNoE                                                           
2000035c  rotateR                                                                           
20000360  rotateL                                                                           
20000364  _ZN5TskIr6IrIntsE                                                                 
2000036c  _ZN5TskIr7irZerosE                                                                
2000037c  imuInitSeq0                                                                       
20000381  imuInitSeq1                                                                       
20000383  imuReadSeq                                                                        
2000038c  errno                                                                             
20000394  main_func_sp                                                                      
2000039c  _new_handler                                                                      
20010400  _ZN9TskAction4InfoE                                                               
20010e00  _ZN9TskAction6DesireE                                                             
20011800  _ZN9TskAction3o_sE                                                                
20012000  _ZN9TskAction3v_sE                                                                
20012800  pui8ControlTable                                                                  
20012c00  _ZN8TskMotor2lvE                                                                  
20012fc0  _ZN8TskMotor6vel_deE                                                              
20013380  _ZN8TskMotor7dist_enE                                                             
20013740  dbgStr                                                                            
20013a80  SP                                                                                
20013b9c  _ZN5TskIr6dbgStrE                                                                 
20013c1c  _ZN6TskTop6dbgStrE                                                                
20013c9c  _ZN8TskMotor6dbgStrE                                                              
20013d1c  _ZN8TskPrint3msgE                                                                 
20013d9c  input                                                                             
20013e1c  CP                                                                                
20013e70  xQueueRegistry                                                                    
20013eb0  _ZN8TskMotor8pidparamE                                                            
20013ed8  _ZN8TskPrint7QUartRxE                                                             
20013f78  _ZN5TskIr8IrBinThsE                                                               
20013f8c  I                                                                                 
20013f9c  _ZN8TskMotor1AE                                                                   
20013fac  _ZN8TskMotor1HE                                                                   
20013fbc  _ZN8TskMotor1QE                                                                   
20013fcc  _ZN8TskMotor1RE                                                                   
20013fdc  _ZN8TskMotor2P0E                                                                  
20013ffc  imuData                                                                           
2001400a  _ZN6TskTop4ModeE                                                                  
2001400c  _ZN5TskIr5IrYawE                                                                  
20014018  _ZN8TskMotor1BE                                                                   
20014020  _ZN8TskMotor2x0E                                                                  
20014028  _ZN8TskMotor6desireE                                                              
20014030  _ZN8TskMotor6kalOutE                                                              
20014058  _ZN5TskIr6IrBinsE                                                                 
20014064  SemActTick                                                                        
20014068  SemIrTick                                                                         
2001406c  SemMotTick                                                                        
20014070  _ZN5TskIr14SemIrAdcFinishE                                                        
20014074  _ZN5TskIr5MbCmdE                                                                  
20014078  _ZN5solve4QActE                                                                   
2001407c  _ZN5solve5MbActE                                                                  
20014080  _ZN5solve5MbTopE                                                                  
20014084  _ZN6TskTop5MbCmdE                                                                 
20014088  _ZN8TskMotor2AVE                                                                  
2001408c  _ZN8TskMotor2LVE                                                                  
20014090  _ZN8TskMotor5AcclXE                                                               
20014094  _ZN8TskMotor5GyroZE                                                               
20014098  _ZN8TskMotor5MbCmdE                                                               
2001409c  _ZN8TskMotor6EncVelE                                                              
200140a0  _ZN8TskMotor6QMotorE                                                              
200140a4  _ZN8TskPrint5MbCmdE                                                               
200140a8  _ZN9TskAction10actCurrActE                                                        
200140ac  _ZN9TskAction10actHDirPidE                                                        
200140b0  _ZN9TskAction4IMinE                                                               
200140b4  _ZN9TskAction5IRintE                                                              
200140b8  _ZN9TskAction5MbCmdE                                                              
200140bc  _ZN9TskAction7end_msgE                                                            
200140c0  _ZN9TskAction8cur_wallE                                                           
200140c4  _ZN9TskAction8distZeroE                                                           
200140c8  _ZN9TskAction8nextWallE                                                           
200140cc  _ZSt16__dummy_typeinfo                                                            
200140d0  __dso_handle                                                                      
200140d4  cmd                                                                               
200140d8  lp                                                                                
200140dc  rp                                                                                
200140e0  _sys_memory                                                                       
200180e0  __stack                                                                           
200182e0  __STACK_END                                                                       
200182e0  __STACK_TOP                                                                       
ffffffff  __TI_pprof_out_hndl                                                               
ffffffff  __TI_prof_data_size                                                               
ffffffff  __TI_prof_data_start                                                              
ffffffff  __binit__                                                                         
ffffffff  __c_args__                                                                        
ffffffff  binit                                                                             

[589 symbols]
