<?xml version="1.0"?>
<link_info>
   <banner>TI ARM Linker PC v16.9.1.LTS</banner>
   <copyright>Copyright (c) 1996-2015 Texas Instruments Incorporated</copyright>
   <link_time>0x59ec8bf3</link_time>
   <link_errors>0x0</link_errors>
   <output_file>dbMouse_FreeRTOS.out</output_file>
   <entry_point>
      <name>_c_int00</name>
      <address>0x770d</address>
   </entry_point>
   <input_file_list>
      <input_file id="fl-2">
         <path>.\</path>
         <kind>object</kind>
         <file>assert.obj</file>
         <name>assert.obj</name>
      </input_file>
      <input_file id="fl-3">
         <path>.\</path>
         <kind>object</kind>
         <file>main.obj</file>
         <name>main.obj</name>
      </input_file>
      <input_file id="fl-4">
         <path>.\</path>
         <kind>object</kind>
         <file>tm4c1294ncpdt_startup_ccs.obj</file>
         <name>tm4c1294ncpdt_startup_ccs.obj</name>
      </input_file>
      <input_file id="fl-5">
         <path>.\FreeRTOS\</path>
         <kind>object</kind>
         <file>croutine.obj</file>
         <name>croutine.obj</name>
      </input_file>
      <input_file id="fl-6">
         <path>.\FreeRTOS\</path>
         <kind>object</kind>
         <file>event_groups.obj</file>
         <name>event_groups.obj</name>
      </input_file>
      <input_file id="fl-7">
         <path>.\FreeRTOS\</path>
         <kind>object</kind>
         <file>list.obj</file>
         <name>list.obj</name>
      </input_file>
      <input_file id="fl-8">
         <path>.\FreeRTOS\</path>
         <kind>object</kind>
         <file>queue.obj</file>
         <name>queue.obj</name>
      </input_file>
      <input_file id="fl-9">
         <path>.\FreeRTOS\</path>
         <kind>object</kind>
         <file>tasks.obj</file>
         <name>tasks.obj</name>
      </input_file>
      <input_file id="fl-a">
         <path>.\FreeRTOS\</path>
         <kind>object</kind>
         <file>timers.obj</file>
         <name>timers.obj</name>
      </input_file>
      <input_file id="fl-b">
         <path>.\FreeRTOS\portable\CCS\ARM_CM4F\</path>
         <kind>object</kind>
         <file>port.obj</file>
         <name>port.obj</name>
      </input_file>
      <input_file id="fl-c">
         <path>.\FreeRTOS\portable\CCS\ARM_CM4F\</path>
         <kind>object</kind>
         <file>portasm.obj</file>
         <name>portasm.obj</name>
      </input_file>
      <input_file id="fl-d">
         <path>.\FreeRTOS\portable\MemMang\</path>
         <kind>object</kind>
         <file>heap_2.obj</file>
         <name>heap_2.obj</name>
      </input_file>
      <input_file id="fl-e">
         <path>.\Kalman\</path>
         <kind>object</kind>
         <file>Kalman1Var.obj</file>
         <name>Kalman1Var.obj</name>
      </input_file>
      <input_file id="fl-f">
         <path>.\Kalman\</path>
         <kind>object</kind>
         <file>Kalman2Var.obj</file>
         <name>Kalman2Var.obj</name>
      </input_file>
      <input_file id="fl-10">
         <path>.\Pid\</path>
         <kind>object</kind>
         <file>Pid.obj</file>
         <name>Pid.obj</name>
      </input_file>
      <input_file id="fl-11">
         <path>.\PinConfig\</path>
         <kind>object</kind>
         <file>pinout.obj</file>
         <name>pinout.obj</name>
      </input_file>
      <input_file id="fl-12">
         <path>.\Queue\</path>
         <kind>object</kind>
         <file>Queue.obj</file>
         <name>Queue.obj</name>
      </input_file>
      <input_file id="fl-13">
         <path>.\TskMotor\</path>
         <kind>object</kind>
         <file>Imu.obj</file>
         <name>Imu.obj</name>
      </input_file>
      <input_file id="fl-14">
         <path>.\TskMotor\</path>
         <kind>object</kind>
         <file>MotorPwm.obj</file>
         <name>MotorPwm.obj</name>
      </input_file>
      <input_file id="fl-15">
         <path>.\TskMotor\</path>
         <kind>object</kind>
         <file>TskMotor.obj</file>
         <name>TskMotor.obj</name>
      </input_file>
      <input_file id="fl-16">
         <path>.\TskMotor\</path>
         <kind>object</kind>
         <file>WheelEnc.obj</file>
         <name>WheelEnc.obj</name>
      </input_file>
      <input_file id="fl-17">
         <path>.\TskTop\</path>
         <kind>object</kind>
         <file>DbgUart.obj</file>
         <name>DbgUart.obj</name>
      </input_file>
      <input_file id="fl-18">
         <path>.\TskTop\</path>
         <kind>object</kind>
         <file>TskTop.obj</file>
         <name>TskTop.obj</name>
      </input_file>
      <input_file id="fl-d3">
         <path>C:\ti\ccsv7\tools\compiler\ti-cgt-arm_16.9.1.LTS\lib\</path>
         <kind>archive</kind>
         <file>rtsv7M4_T_le_v4SPD16_eabi.lib</file>
         <name>array_new.obj</name>
      </input_file>
      <input_file id="fl-d4">
         <path>C:\ti\ccsv7\tools\compiler\ti-cgt-arm_16.9.1.LTS\lib\</path>
         <kind>archive</kind>
         <file>rtsv7M4_T_le_v4SPD16_eabi.lib</file>
         <name>boot.obj</name>
      </input_file>
      <input_file id="fl-d5">
         <path>C:\ti\ccsv7\tools\compiler\ti-cgt-arm_16.9.1.LTS\lib\</path>
         <kind>archive</kind>
         <file>rtsv7M4_T_le_v4SPD16_eabi.lib</file>
         <name>copy_decompress_lzss.obj</name>
      </input_file>
      <input_file id="fl-d6">
         <path>C:\ti\ccsv7\tools\compiler\ti-cgt-arm_16.9.1.LTS\lib\</path>
         <kind>archive</kind>
         <file>rtsv7M4_T_le_v4SPD16_eabi.lib</file>
         <name>copy_decompress_none.obj</name>
      </input_file>
      <input_file id="fl-d7">
         <path>C:\ti\ccsv7\tools\compiler\ti-cgt-arm_16.9.1.LTS\lib\</path>
         <kind>archive</kind>
         <file>rtsv7M4_T_le_v4SPD16_eabi.lib</file>
         <name>copy_zero_init.obj</name>
      </input_file>
      <input_file id="fl-d8">
         <path>C:\ti\ccsv7\tools\compiler\ti-cgt-arm_16.9.1.LTS\lib\</path>
         <kind>archive</kind>
         <file>rtsv7M4_T_le_v4SPD16_eabi.lib</file>
         <name>delete.obj</name>
      </input_file>
      <input_file id="fl-d9">
         <path>C:\ti\ccsv7\tools\compiler\ti-cgt-arm_16.9.1.LTS\lib\</path>
         <kind>archive</kind>
         <file>rtsv7M4_T_le_v4SPD16_eabi.lib</file>
         <name>dtor_list.obj</name>
      </input_file>
      <input_file id="fl-da">
         <path>C:\ti\ccsv7\tools\compiler\ti-cgt-arm_16.9.1.LTS\lib\</path>
         <kind>archive</kind>
         <file>rtsv7M4_T_le_v4SPD16_eabi.lib</file>
         <name>exit.obj</name>
      </input_file>
      <input_file id="fl-db">
         <path>C:\ti\ccsv7\tools\compiler\ti-cgt-arm_16.9.1.LTS\lib\</path>
         <kind>archive</kind>
         <file>rtsv7M4_T_le_v4SPD16_eabi.lib</file>
         <name>fd_cmp_t2.obj</name>
      </input_file>
      <input_file id="fl-dc">
         <path>C:\ti\ccsv7\tools\compiler\ti-cgt-arm_16.9.1.LTS\lib\</path>
         <kind>archive</kind>
         <file>rtsv7M4_T_le_v4SPD16_eabi.lib</file>
         <name>fs_tod_t2.obj</name>
      </input_file>
      <input_file id="fl-dd">
         <path>C:\ti\ccsv7\tools\compiler\ti-cgt-arm_16.9.1.LTS\lib\</path>
         <kind>archive</kind>
         <file>rtsv7M4_T_le_v4SPD16_eabi.lib</file>
         <name>i_tofd_t2.obj</name>
      </input_file>
      <input_file id="fl-de">
         <path>C:\ti\ccsv7\tools\compiler\ti-cgt-arm_16.9.1.LTS\lib\</path>
         <kind>archive</kind>
         <file>rtsv7M4_T_le_v4SPD16_eabi.lib</file>
         <name>memcpy_t2.obj</name>
      </input_file>
      <input_file id="fl-df">
         <path>C:\ti\ccsv7\tools\compiler\ti-cgt-arm_16.9.1.LTS\lib\</path>
         <kind>archive</kind>
         <file>rtsv7M4_T_le_v4SPD16_eabi.lib</file>
         <name>memory.obj</name>
      </input_file>
      <input_file id="fl-e0">
         <path>C:\ti\ccsv7\tools\compiler\ti-cgt-arm_16.9.1.LTS\lib\</path>
         <kind>archive</kind>
         <file>rtsv7M4_T_le_v4SPD16_eabi.lib</file>
         <name>memset_t2.obj</name>
      </input_file>
      <input_file id="fl-e1">
         <path>C:\ti\ccsv7\tools\compiler\ti-cgt-arm_16.9.1.LTS\lib\</path>
         <kind>archive</kind>
         <file>rtsv7M4_T_le_v4SPD16_eabi.lib</file>
         <name>mpu_init.obj</name>
      </input_file>
      <input_file id="fl-e2">
         <path>C:\ti\ccsv7\tools\compiler\ti-cgt-arm_16.9.1.LTS\lib\</path>
         <kind>archive</kind>
         <file>rtsv7M4_T_le_v4SPD16_eabi.lib</file>
         <name>new_.obj</name>
      </input_file>
      <input_file id="fl-e3">
         <path>C:\ti\ccsv7\tools\compiler\ti-cgt-arm_16.9.1.LTS\lib\</path>
         <kind>archive</kind>
         <file>rtsv7M4_T_le_v4SPD16_eabi.lib</file>
         <name>newhandler.obj</name>
      </input_file>
      <input_file id="fl-e4">
         <path>C:\ti\ccsv7\tools\compiler\ti-cgt-arm_16.9.1.LTS\lib\</path>
         <kind>archive</kind>
         <file>rtsv7M4_T_le_v4SPD16_eabi.lib</file>
         <name>pre_init.obj</name>
      </input_file>
      <input_file id="fl-e5">
         <path>C:\ti\ccsv7\tools\compiler\ti-cgt-arm_16.9.1.LTS\lib\</path>
         <kind>archive</kind>
         <file>rtsv7M4_T_le_v4SPD16_eabi.lib</file>
         <name>sprintf.obj</name>
      </input_file>
      <input_file id="fl-e6">
         <path>C:\ti\ccsv7\tools\compiler\ti-cgt-arm_16.9.1.LTS\lib\</path>
         <kind>archive</kind>
         <file>rtsv7M4_T_le_v4SPD16_eabi.lib</file>
         <name>stkdepth_vars.obj</name>
      </input_file>
      <input_file id="fl-e7">
         <path>C:\ti\ccsv7\tools\compiler\ti-cgt-arm_16.9.1.LTS\lib\</path>
         <kind>archive</kind>
         <file>rtsv7M4_T_le_v4SPD16_eabi.lib</file>
         <name>strlen.obj</name>
      </input_file>
      <input_file id="fl-e8">
         <path>C:\ti\ccsv7\tools\compiler\ti-cgt-arm_16.9.1.LTS\lib\</path>
         <kind>archive</kind>
         <file>rtsv7M4_T_le_v4SPD16_eabi.lib</file>
         <name>typeinfo_.obj</name>
      </input_file>
      <input_file id="fl-e9">
         <path>C:\ti\ccsv7\tools\compiler\ti-cgt-arm_16.9.1.LTS\lib\</path>
         <kind>archive</kind>
         <file>rtsv7M4_T_le_v4SPD16_eabi.lib</file>
         <name>vars.obj</name>
      </input_file>
      <input_file id="fl-ea">
         <path>C:\ti\ccsv7\tools\compiler\ti-cgt-arm_16.9.1.LTS\lib\</path>
         <kind>archive</kind>
         <file>rtsv7M4_T_le_v4SPD16_eabi.lib</file>
         <name>vec_newdel.obj</name>
      </input_file>
      <input_file id="fl-eb">
         <path>C:\ti\ccsv7\tools\compiler\ti-cgt-arm_16.9.1.LTS\lib\</path>
         <kind>archive</kind>
         <file>rtsv7M4_T_le_v4SPD16_eabi.lib</file>
         <name>_lock.obj</name>
      </input_file>
      <input_file id="fl-ec">
         <path>C:\ti\ccsv7\tools\compiler\ti-cgt-arm_16.9.1.LTS\lib\</path>
         <kind>archive</kind>
         <file>rtsv7M4_T_le_v4SPD16_eabi.lib</file>
         <name>_printfi.obj</name>
      </input_file>
      <input_file id="fl-ed">
         <path>C:\ti\ccsv7\tools\compiler\ti-cgt-arm_16.9.1.LTS\lib\</path>
         <kind>archive</kind>
         <file>rtsv7M4_T_le_v4SPD16_eabi.lib</file>
         <name>args_main.obj</name>
      </input_file>
      <input_file id="fl-ee">
         <path>C:\ti\ccsv7\tools\compiler\ti-cgt-arm_16.9.1.LTS\lib\</path>
         <kind>archive</kind>
         <file>rtsv7M4_T_le_v4SPD16_eabi.lib</file>
         <name>array_del.obj</name>
      </input_file>
      <input_file id="fl-ef">
         <path>C:\ti\ccsv7\tools\compiler\ti-cgt-arm_16.9.1.LTS\lib\</path>
         <kind>archive</kind>
         <file>rtsv7M4_T_le_v4SPD16_eabi.lib</file>
         <name>atoi.obj</name>
      </input_file>
      <input_file id="fl-f0">
         <path>C:\ti\ccsv7\tools\compiler\ti-cgt-arm_16.9.1.LTS\lib\</path>
         <kind>archive</kind>
         <file>rtsv7M4_T_le_v4SPD16_eabi.lib</file>
         <name>autoinit.obj</name>
      </input_file>
      <input_file id="fl-f1">
         <path>C:\ti\ccsv7\tools\compiler\ti-cgt-arm_16.9.1.LTS\lib\</path>
         <kind>archive</kind>
         <file>rtsv7M4_T_le_v4SPD16_eabi.lib</file>
         <name>cpy_tbl.obj</name>
      </input_file>
      <input_file id="fl-f2">
         <path>C:\ti\ccsv7\tools\compiler\ti-cgt-arm_16.9.1.LTS\lib\</path>
         <kind>archive</kind>
         <file>rtsv7M4_T_le_v4SPD16_eabi.lib</file>
         <name>ctype.obj</name>
      </input_file>
      <input_file id="fl-f3">
         <path>C:\ti\ccsv7\tools\compiler\ti-cgt-arm_16.9.1.LTS\lib\</path>
         <kind>archive</kind>
         <file>rtsv7M4_T_le_v4SPD16_eabi.lib</file>
         <name>fd_add_t2.obj</name>
      </input_file>
      <input_file id="fl-f4">
         <path>C:\ti\ccsv7\tools\compiler\ti-cgt-arm_16.9.1.LTS\lib\</path>
         <kind>archive</kind>
         <file>rtsv7M4_T_le_v4SPD16_eabi.lib</file>
         <name>fd_div_t2.obj</name>
      </input_file>
      <input_file id="fl-f5">
         <path>C:\ti\ccsv7\tools\compiler\ti-cgt-arm_16.9.1.LTS\lib\</path>
         <kind>archive</kind>
         <file>rtsv7M4_T_le_v4SPD16_eabi.lib</file>
         <name>fd_mul_t2.obj</name>
      </input_file>
      <input_file id="fl-f6">
         <path>C:\ti\ccsv7\tools\compiler\ti-cgt-arm_16.9.1.LTS\lib\</path>
         <kind>archive</kind>
         <file>rtsv7M4_T_le_v4SPD16_eabi.lib</file>
         <name>fd_toi_t2.obj</name>
      </input_file>
      <input_file id="fl-f7">
         <path>C:\ti\ccsv7\tools\compiler\ti-cgt-arm_16.9.1.LTS\lib\</path>
         <kind>archive</kind>
         <file>rtsv7M4_T_le_v4SPD16_eabi.lib</file>
         <name>ltoa.obj</name>
      </input_file>
      <input_file id="fl-f8">
         <path>C:\ti\ccsv7\tools\compiler\ti-cgt-arm_16.9.1.LTS\lib\</path>
         <kind>archive</kind>
         <file>rtsv7M4_T_le_v4SPD16_eabi.lib</file>
         <name>memccpy.obj</name>
      </input_file>
      <input_file id="fl-f9">
         <path>C:\ti\ccsv7\tools\compiler\ti-cgt-arm_16.9.1.LTS\lib\</path>
         <kind>archive</kind>
         <file>rtsv7M4_T_le_v4SPD16_eabi.lib</file>
         <name>s_frexp.obj</name>
      </input_file>
      <input_file id="fl-fa">
         <path>C:\ti\ccsv7\tools\compiler\ti-cgt-arm_16.9.1.LTS\lib\</path>
         <kind>archive</kind>
         <file>rtsv7M4_T_le_v4SPD16_eabi.lib</file>
         <name>s_scalbn.obj</name>
      </input_file>
      <input_file id="fl-fb">
         <path>C:\ti\ccsv7\tools\compiler\ti-cgt-arm_16.9.1.LTS\lib\</path>
         <kind>archive</kind>
         <file>rtsv7M4_T_le_v4SPD16_eabi.lib</file>
         <name>startup.obj</name>
      </input_file>
      <input_file id="fl-fc">
         <path>C:\ti\ccsv7\tools\compiler\ti-cgt-arm_16.9.1.LTS\lib\</path>
         <kind>archive</kind>
         <file>rtsv7M4_T_le_v4SPD16_eabi.lib</file>
         <name>strchr.obj</name>
      </input_file>
      <input_file id="fl-fd">
         <path>C:\ti\ccsv7\tools\compiler\ti-cgt-arm_16.9.1.LTS\lib\</path>
         <kind>archive</kind>
         <file>rtsv7M4_T_le_v4SPD16_eabi.lib</file>
         <name>ull_div_t2.obj</name>
      </input_file>
      <input_file id="fl-fe">
         <path>C:\ti\ccsv7\tools\compiler\ti-cgt-arm_16.9.1.LTS\lib\</path>
         <kind>archive</kind>
         <file>rtsv7M4_T_le_v4SPD16_eabi.lib</file>
         <name>errno.obj</name>
      </input_file>
      <input_file id="fl-ff">
         <path>C:\ti\ccsv7\tools\compiler\ti-cgt-arm_16.9.1.LTS\lib\</path>
         <kind>archive</kind>
         <file>rtsv7M4_T_le_v4SPD16_eabi.lib</file>
         <name>s_copysign.obj</name>
      </input_file>
      <input_file id="fl-100">
         <path>C:\ti\tirtos_tivac_2_16_01_14\products\TivaWare_C_Series-2.1.1.71b\driverlib\ccs\Debug\</path>
         <kind>archive</kind>
         <file>driverlib.lib</file>
         <name>interrupt.obj</name>
      </input_file>
      <input_file id="fl-101">
         <path>C:\ti\tirtos_tivac_2_16_01_14\products\TivaWare_C_Series-2.1.1.71b\driverlib\ccs\Debug\</path>
         <kind>archive</kind>
         <file>driverlib.lib</file>
         <name>uart.obj</name>
      </input_file>
      <input_file id="fl-102">
         <path>C:\ti\tirtos_tivac_2_16_01_14\products\TivaWare_C_Series-2.1.1.71b\driverlib\ccs\Debug\</path>
         <kind>archive</kind>
         <file>driverlib.lib</file>
         <name>cpu.obj</name>
      </input_file>
   </input_file_list>
   <object_component_list>
      <object_component id="oc-f">
         <name>.intvecs</name>
         <load_address>0x0</load_address>
         <run_address>0x0</run_address>
         <size>0x208</size>
         <input_file_ref idref="fl-4"/>
      </object_component>
      <object_component id="oc-a7">
         <name>.text</name>
         <load_address>0x208</load_address>
         <run_address>0x208</run_address>
         <size>0x1a18</size>
         <input_file_ref idref="fl-9"/>
      </object_component>
      <object_component id="oc-396">
         <name>.text</name>
         <load_address>0x1c20</load_address>
         <run_address>0x1c20</run_address>
         <size>0x113e</size>
         <input_file_ref idref="fl-ec"/>
      </object_component>
      <object_component id="oc-68">
         <name>.text</name>
         <load_address>0x2d5e</load_address>
         <run_address>0x2d5e</run_address>
         <size>0x2</size>
         <input_file_ref idref="fl-e1"/>
      </object_component>
      <object_component id="oc-19d">
         <name>.text</name>
         <load_address>0x2d60</load_address>
         <run_address>0x2d60</run_address>
         <size>0xce8</size>
         <input_file_ref idref="fl-8"/>
      </object_component>
      <object_component id="oc-90">
         <name>.text</name>
         <load_address>0x3a48</load_address>
         <run_address>0x3a48</run_address>
         <size>0x7f8</size>
         <input_file_ref idref="fl-15"/>
      </object_component>
      <object_component id="oc-2a5">
         <name>.text</name>
         <load_address>0x4240</load_address>
         <run_address>0x4240</run_address>
         <size>0x658</size>
         <input_file_ref idref="fl-a"/>
      </object_component>
      <object_component id="oc-191">
         <name>.text</name>
         <load_address>0x4898</load_address>
         <run_address>0x4898</run_address>
         <size>0x4d0</size>
         <input_file_ref idref="fl-16"/>
      </object_component>
      <object_component id="oc-2f7">
         <name>.text</name>
         <load_address>0x4d68</load_address>
         <run_address>0x4d68</run_address>
         <size>0x3d0</size>
         <input_file_ref idref="fl-df"/>
      </object_component>
      <object_component id="oc-3bf">
         <name>.text</name>
         <load_address>0x5138</load_address>
         <run_address>0x5138</run_address>
         <size>0x39c</size>
         <input_file_ref idref="fl-ea"/>
      </object_component>
      <object_component id="oc-8a">
         <name>.text</name>
         <load_address>0x54d4</load_address>
         <run_address>0x54d4</run_address>
         <size>0x2a4</size>
         <input_file_ref idref="fl-f"/>
      </object_component>
      <object_component id="oc-96">
         <name>.text</name>
         <load_address>0x5778</load_address>
         <run_address>0x5778</run_address>
         <size>0x220</size>
         <input_file_ref idref="fl-17"/>
      </object_component>
      <object_component id="oc-48d">
         <name>.text</name>
         <load_address>0x5998</load_address>
         <run_address>0x5998</run_address>
         <size>0x1f4</size>
         <input_file_ref idref="fl-fd"/>
      </object_component>
      <object_component id="oc-208">
         <name>.text</name>
         <load_address>0x5b8c</load_address>
         <run_address>0x5b8c</run_address>
         <size>0x1cc</size>
         <input_file_ref idref="fl-d"/>
      </object_component>
      <object_component id="oc-4ac">
         <name>.text</name>
         <load_address>0x5d58</load_address>
         <run_address>0x5d58</run_address>
         <size>0x1b6</size>
         <input_file_ref idref="fl-f3"/>
      </object_component>
      <object_component id="oc-3ad">
         <name>.text</name>
         <load_address>0x5f0e</load_address>
         <run_address>0x5f0e</run_address>
         <size>0x2</size>
         <input_file_ref idref="fl-e3"/>
      </object_component>
      <object_component id="oc-3c">
         <name>.text</name>
         <load_address>0x5f10</load_address>
         <run_address>0x5f10</run_address>
         <size>0x1b0</size>
         <input_file_ref idref="fl-b"/>
      </object_component>
      <object_component id="oc-197">
         <name>.text</name>
         <load_address>0x60c0</load_address>
         <run_address>0x60c0</run_address>
         <size>0x194</size>
         <input_file_ref idref="fl-11"/>
      </object_component>
      <object_component id="oc-18b">
         <name>.text</name>
         <load_address>0x6254</load_address>
         <run_address>0x6254</run_address>
         <size>0x170</size>
         <input_file_ref idref="fl-14"/>
      </object_component>
      <object_component id="oc-185">
         <name>.text</name>
         <load_address>0x63c4</load_address>
         <run_address>0x63c4</run_address>
         <size>0x170</size>
         <input_file_ref idref="fl-10"/>
      </object_component>
      <object_component id="oc-49c">
         <name>.text</name>
         <load_address>0x6534</load_address>
         <run_address>0x6534</run_address>
         <size>0x136</size>
         <input_file_ref idref="fl-f4"/>
      </object_component>
      <object_component id="oc-293">
         <name>.text</name>
         <load_address>0x666a</load_address>
         <run_address>0x666a</run_address>
         <size>0x12a</size>
         <input_file_ref idref="fl-7"/>
      </object_component>
      <object_component id="oc-2d4">
         <name>.text</name>
         <load_address>0x6794</load_address>
         <run_address>0x6794</run_address>
         <size>0x128</size>
         <input_file_ref idref="fl-18"/>
      </object_component>
      <object_component id="oc-497">
         <name>.text</name>
         <load_address>0x68bc</load_address>
         <run_address>0x68bc</run_address>
         <size>0xfc</size>
         <input_file_ref idref="fl-f5"/>
      </object_component>
      <object_component id="oc-4b7">
         <name>.text</name>
         <load_address>0x69b8</load_address>
         <run_address>0x69b8</run_address>
         <size>0xfc</size>
         <input_file_ref idref="fl-fa"/>
      </object_component>
      <object_component id="oc-268">
         <name>.text</name>
         <load_address>0x6ab4</load_address>
         <run_address>0x6ab4</run_address>
         <size>0xf4</size>
         <input_file_ref idref="fl-d9"/>
      </object_component>
      <object_component id="oc-37">
         <name>.text</name>
         <load_address>0x6ba8</load_address>
         <run_address>0x6ba8</run_address>
         <size>0xd2</size>
         <input_file_ref idref="fl-c"/>
      </object_component>
      <object_component id="oc-ed">
         <name>.text</name>
         <load_address>0x6c7a</load_address>
         <run_address>0x6c7a</run_address>
         <size>0x2</size>
         <input_file_ref idref="fl-fb"/>
      </object_component>
      <object_component id="oc-52c">
         <name>.text</name>
         <load_address>0x6c7c</load_address>
         <run_address>0x6c7c</run_address>
         <size>0xbc</size>
         <input_file_ref idref="fl-e8"/>
      </object_component>
      <object_component id="oc-12b">
         <name>.text:_ZNK9Matrix2x2mlERKS_</name>
         <load_address>0x6d38</load_address>
         <run_address>0x6d38</run_address>
         <size>0xb4</size>
         <input_file_ref idref="fl-f"/>
      </object_component>
      <object_component id="oc-140">
         <name>.text:_ZN9Matrix2x23InvEv</name>
         <load_address>0x6dec</load_address>
         <run_address>0x6dec</run_address>
         <size>0xa4</size>
         <input_file_ref idref="fl-f"/>
      </object_component>
      <object_component id="oc-1ac">
         <name>.text:_ZN5QueueIN8TskMotor8VelOmegaELb1EE2DeERS1_</name>
         <load_address>0x6e90</load_address>
         <run_address>0x6e90</run_address>
         <size>0x9c</size>
         <input_file_ref idref="fl-15"/>
      </object_component>
      <object_component id="oc-50">
         <name>.text</name>
         <load_address>0x6f2c</load_address>
         <run_address>0x6f2c</run_address>
         <size>0x9c</size>
         <input_file_ref idref="fl-de"/>
      </object_component>
      <object_component id="oc-116">
         <name>.text:_ZNK9Matrix2x2mlERK7Vector2</name>
         <load_address>0x6fc8</load_address>
         <run_address>0x6fc8</run_address>
         <size>0x8c</size>
         <input_file_ref idref="fl-f"/>
      </object_component>
      <object_component id="oc-492">
         <name>.text:__aeabi_cdcmple</name>
         <load_address>0x7054</load_address>
         <run_address>0x7054</run_address>
         <size>0x86</size>
         <input_file_ref idref="fl-db"/>
      </object_component>
      <object_component id="oc-1bf">
         <name>.text:__aeabi_cdrcmple</name>
         <load_address>0x70da</load_address>
         <run_address>0x70da</run_address>
         <size>0x86</size>
         <input_file_ref idref="fl-db"/>
      </object_component>
      <object_component id="oc-14e">
         <name>.text:_ZNK9Matrix2x2miERKS_</name>
         <load_address>0x7160</load_address>
         <run_address>0x7160</run_address>
         <size>0x82</size>
         <input_file_ref idref="fl-f"/>
      </object_component>
      <object_component id="oc-139">
         <name>.text:_ZNK9Matrix2x2plERKS_</name>
         <load_address>0x71e2</load_address>
         <run_address>0x71e2</run_address>
         <size>0x82</size>
         <input_file_ref idref="fl-f"/>
      </object_component>
      <object_component id="oc-5c">
         <name>.text</name>
         <load_address>0x7264</load_address>
         <run_address>0x7264</run_address>
         <size>0x7a</size>
         <input_file_ref idref="fl-e0"/>
      </object_component>
      <object_component id="oc-74">
         <name>.text</name>
         <load_address>0x72e0</load_address>
         <run_address>0x72e0</run_address>
         <size>0x70</size>
         <input_file_ref idref="fl-f0"/>
      </object_component>
      <object_component id="oc-24e">
         <name>.text:IntDisable</name>
         <load_address>0x7350</load_address>
         <run_address>0x7350</run_address>
         <size>0x68</size>
         <input_file_ref idref="fl-100"/>
      </object_component>
      <object_component id="oc-248">
         <name>.text:IntEnable</name>
         <load_address>0x73b8</load_address>
         <run_address>0x73b8</run_address>
         <size>0x68</size>
         <input_file_ref idref="fl-100"/>
      </object_component>
      <object_component id="oc-12">
         <name>.text:decompress:lzss</name>
         <load_address>0x7420</load_address>
         <run_address>0x7420</run_address>
         <size>0x68</size>
         <input_file_ref idref="fl-d5"/>
      </object_component>
      <object_component id="oc-4b1">
         <name>.text</name>
         <load_address>0x7488</load_address>
         <run_address>0x7488</run_address>
         <size>0x64</size>
         <input_file_ref idref="fl-f9"/>
      </object_component>
      <object_component id="oc-20e">
         <name>.text:_ZN8PidParamC1Ev</name>
         <load_address>0x74ec</load_address>
         <run_address>0x74ec</run_address>
         <size>0x60</size>
         <input_file_ref idref="fl-15"/>
      </object_component>
      <object_component id="oc-1ea">
         <name>.text</name>
         <load_address>0x754c</load_address>
         <run_address>0x754c</run_address>
         <size>0x60</size>
         <input_file_ref idref="fl-e5"/>
      </object_component>
      <object_component id="oc-235">
         <name>.text:_ZN5QueueIcLb0EE2EnERKc</name>
         <load_address>0x75ac</load_address>
         <run_address>0x75ac</run_address>
         <size>0x5e</size>
         <input_file_ref idref="fl-17"/>
      </object_component>
      <object_component id="oc-254">
         <name>.text:_ZN5QueueIcLb0EE2DeERc</name>
         <load_address>0x760a</load_address>
         <run_address>0x760a</run_address>
         <size>0x58</size>
         <input_file_ref idref="fl-17"/>
      </object_component>
      <object_component id="oc-1f4">
         <name>.text:_ZN5QueueIN8TskMotor8VelOmegaELb1EE5ClearEv</name>
         <load_address>0x7664</load_address>
         <run_address>0x7664</run_address>
         <size>0x54</size>
         <input_file_ref idref="fl-15"/>
      </object_component>
      <object_component id="oc-11d">
         <name>.text:_ZNK7Vector2mlEf</name>
         <load_address>0x76b8</load_address>
         <run_address>0x76b8</run_address>
         <size>0x54</size>
         <input_file_ref idref="fl-f"/>
      </object_component>
      <object_component id="oc-24">
         <name>.text</name>
         <load_address>0x770c</load_address>
         <run_address>0x770c</run_address>
         <size>0x54</size>
         <input_file_ref idref="fl-d4"/>
      </object_component>
      <object_component id="oc-80">
         <name>.text</name>
         <load_address>0x7760</load_address>
         <run_address>0x7760</run_address>
         <size>0x54</size>
         <input_file_ref idref="fl-da"/>
      </object_component>
      <object_component id="oc-4a6">
         <name>.text</name>
         <load_address>0x77b4</load_address>
         <run_address>0x77b4</run_address>
         <size>0x54</size>
         <input_file_ref idref="fl-f7"/>
      </object_component>
      <object_component id="oc-201">
         <name>.text:_ZN5QueueIN8TskMotor8VelOmegaELb1EEC1Ei</name>
         <load_address>0x7808</load_address>
         <run_address>0x7808</run_address>
         <size>0x50</size>
         <input_file_ref idref="fl-15"/>
      </object_component>
      <object_component id="oc-f5">
         <name>.text</name>
         <load_address>0x7858</load_address>
         <run_address>0x7858</run_address>
         <size>0x4c</size>
         <input_file_ref idref="fl-3"/>
      </object_component>
      <object_component id="oc-4c3">
         <name>.text</name>
         <load_address>0x78a4</load_address>
         <run_address>0x78a4</run_address>
         <size>0x4c</size>
         <input_file_ref idref="fl-ef"/>
      </object_component>
      <object_component id="oc-e7">
         <name>.text</name>
         <load_address>0x78f0</load_address>
         <run_address>0x78f0</run_address>
         <size>0x4c</size>
         <input_file_ref idref="fl-f1"/>
      </object_component>
      <object_component id="oc-1b3">
         <name>.text:_ZN8TskMotor8saturateEfff</name>
         <load_address>0x793c</load_address>
         <run_address>0x793c</run_address>
         <size>0x48</size>
         <input_file_ref idref="fl-15"/>
      </object_component>
      <object_component id="oc-4a1">
         <name>.text</name>
         <load_address>0x7984</load_address>
         <run_address>0x7984</run_address>
         <size>0x48</size>
         <input_file_ref idref="fl-f6"/>
      </object_component>
      <object_component id="oc-147">
         <name>.text:_ZNK7Vector2miERKS_</name>
         <load_address>0x79cc</load_address>
         <run_address>0x79cc</run_address>
         <size>0x42</size>
         <input_file_ref idref="fl-f"/>
      </object_component>
      <object_component id="oc-124">
         <name>.text:_ZNK7Vector2plERKS_</name>
         <load_address>0x7a0e</load_address>
         <run_address>0x7a0e</run_address>
         <size>0x42</size>
         <input_file_ref idref="fl-f"/>
      </object_component>
      <object_component id="oc-ae">
         <name>.text</name>
         <load_address>0x7a50</load_address>
         <run_address>0x7a50</run_address>
         <size>0x3c</size>
         <input_file_ref idref="fl-2"/>
      </object_component>
      <object_component id="oc-334">
         <name>.text:_ZN5QueueIN8TskMotor8VelOmegaELb1EE1lEv</name>
         <load_address>0x7a8c</load_address>
         <run_address>0x7a8c</run_address>
         <size>0x38</size>
         <input_file_ref idref="fl-15"/>
      </object_component>
      <object_component id="oc-3ec">
         <name>.text:_ZN5QueueIcLb0EE1lEv</name>
         <load_address>0x7ac4</load_address>
         <run_address>0x7ac4</run_address>
         <size>0x38</size>
         <input_file_ref idref="fl-17"/>
      </object_component>
      <object_component id="oc-1c4">
         <name>.text</name>
         <load_address>0x7afc</load_address>
         <run_address>0x7afc</run_address>
         <size>0x38</size>
         <input_file_ref idref="fl-dc"/>
      </object_component>
      <object_component id="oc-242">
         <name>.text:IntRegister</name>
         <load_address>0x7b34</load_address>
         <run_address>0x7b34</run_address>
         <size>0x34</size>
         <input_file_ref idref="fl-100"/>
      </object_component>
      <object_component id="oc-132">
         <name>.text:_ZN9Matrix2x24TranEv</name>
         <load_address>0x7b68</load_address>
         <run_address>0x7b68</run_address>
         <size>0x34</size>
         <input_file_ref idref="fl-f"/>
      </object_component>
      <object_component id="oc-162">
         <name>.text:_ZN9Matrix2x2C1Effff</name>
         <load_address>0x7b9c</load_address>
         <run_address>0x7b9c</run_address>
         <size>0x34</size>
         <input_file_ref idref="fl-f"/>
      </object_component>
      <object_component id="oc-1fb">
         <name>.text</name>
         <load_address>0x7bd0</load_address>
         <run_address>0x7bd0</run_address>
         <size>0x30</size>
         <input_file_ref idref="fl-e2"/>
      </object_component>
      <object_component id="oc-1ba">
         <name>.text</name>
         <load_address>0x7c00</load_address>
         <run_address>0x7c00</run_address>
         <size>0x2e</size>
         <input_file_ref idref="fl-dd"/>
      </object_component>
      <object_component id="oc-261">
         <name>.text:_ZN5QueueIcLb0EEC1Ei</name>
         <load_address>0x7c2e</load_address>
         <run_address>0x7c2e</run_address>
         <size>0x28</size>
         <input_file_ref idref="fl-17"/>
      </object_component>
      <object_component id="oc-108">
         <name>.text:_ZN9Matrix2x2C1Ev</name>
         <load_address>0x7c58</load_address>
         <run_address>0x7c58</run_address>
         <size>0x28</size>
         <input_file_ref idref="fl-f"/>
      </object_component>
      <object_component id="oc-15b">
         <name>.text:_ZN7Vector2C1Eff</name>
         <load_address>0x7c80</load_address>
         <run_address>0x7c80</run_address>
         <size>0x20</size>
         <input_file_ref idref="fl-f"/>
      </object_component>
      <object_component id="oc-17e">
         <name>.text:_ZN8TskMotor8VelOmegaC1Eff</name>
         <load_address>0x7ca0</load_address>
         <run_address>0x7ca0</run_address>
         <size>0x20</size>
         <input_file_ref idref="fl-15"/>
      </object_component>
      <object_component id="oc-10f">
         <name>.text:_ZN7Vector2C1Ev</name>
         <load_address>0x7cc0</load_address>
         <run_address>0x7cc0</run_address>
         <size>0x1c</size>
         <input_file_ref idref="fl-f"/>
      </object_component>
      <object_component id="oc-4c9">
         <name>.text</name>
         <load_address>0x7cdc</load_address>
         <run_address>0x7cdc</run_address>
         <size>0x1c</size>
         <input_file_ref idref="fl-f8"/>
      </object_component>
      <object_component id="oc-7a">
         <name>.text</name>
         <load_address>0x7cf8</load_address>
         <run_address>0x7cf8</run_address>
         <size>0x18</size>
         <input_file_ref idref="fl-ed"/>
      </object_component>
      <object_component id="oc-4bd">
         <name>.text</name>
         <load_address>0x7d10</load_address>
         <run_address>0x7d10</run_address>
         <size>0x16</size>
         <input_file_ref idref="fl-fc"/>
      </object_component>
      <object_component id="oc-2eb">
         <name>.text</name>
         <load_address>0x7d28</load_address>
         <run_address>0x7d28</run_address>
         <size>0x14</size>
         <input_file_ref idref="fl-eb"/>
      </object_component>
      <object_component id="oc-551">
         <name>.text</name>
         <load_address>0x7d3c</load_address>
         <run_address>0x7d3c</run_address>
         <size>0x14</size>
         <input_file_ref idref="fl-ff"/>
      </object_component>
      <object_component id="oc-25b">
         <name>.text</name>
         <load_address>0x7d50</load_address>
         <run_address>0x7d50</run_address>
         <size>0x14</size>
         <input_file_ref idref="fl-e7"/>
      </object_component>
      <object_component id="oc-272">
         <name>.text:_ZN5QueueIcLb0EED1Ev</name>
         <load_address>0x7d64</load_address>
         <run_address>0x7d64</run_address>
         <size>0x12</size>
         <input_file_ref idref="fl-17"/>
      </object_component>
      <object_component id="oc-311">
         <name>.text:IntMasterEnable</name>
         <load_address>0x7d76</load_address>
         <run_address>0x7d76</run_address>
         <size>0x10</size>
         <input_file_ref idref="fl-100"/>
      </object_component>
      <object_component id="oc-18">
         <name>.text:decompress:none</name>
         <load_address>0x7d86</load_address>
         <run_address>0x7d86</run_address>
         <size>0xe</size>
         <input_file_ref idref="fl-d6"/>
      </object_component>
      <object_component id="oc-47c">
         <name>.text:CPUcpsie</name>
         <load_address>0x7d94</load_address>
         <run_address>0x7d94</run_address>
         <size>0xc</size>
         <input_file_ref idref="fl-102"/>
      </object_component>
      <object_component id="oc-23c">
         <name>.text:UARTCharsAvail</name>
         <load_address>0x7da0</load_address>
         <run_address>0x7da0</run_address>
         <size>0xc</size>
         <input_file_ref idref="fl-101"/>
      </object_component>
      <object_component id="oc-1e">
         <name>.text:decompress:ZI</name>
         <load_address>0x7dac</load_address>
         <run_address>0x7dac</run_address>
         <size>0xc</size>
         <input_file_ref idref="fl-d7"/>
      </object_component>
      <object_component id="oc-31">
         <name>.text</name>
         <load_address>0x7db8</load_address>
         <run_address>0x7db8</run_address>
         <size>0xc</size>
         <input_file_ref idref="fl-4"/>
      </object_component>
      <object_component id="oc-155">
         <name>.text</name>
         <load_address>0x7dc4</load_address>
         <run_address>0x7dc4</run_address>
         <size>0x8</size>
         <input_file_ref idref="fl-d8"/>
      </object_component>
      <object_component id="oc-6e">
         <name>.text</name>
         <load_address>0x7dcc</load_address>
         <run_address>0x7dcc</run_address>
         <size>0x4</size>
         <input_file_ref idref="fl-e4"/>
      </object_component>
      <object_component id="oc-55e">
         <name>.const:.string:_ctypes_</name>
         <load_address>0x7dd0</load_address>
         <run_address>0x7dd0</run_address>
         <size>0x101</size>
         <input_file_ref idref="fl-f2"/>
      </object_component>
      <object_component id="oc-5d6">
         <name>.const:.typeinfo:_ZTSe</name>
         <load_address>0x7ed1</load_address>
         <run_address>0x7ed1</run_address>
         <size>0x2</size>
         <input_file_ref idref="fl-e8"/>
      </object_component>
      <object_component id="oc-3fa">
         <name>.const</name>
         <load_address>0x7ed4</load_address>
         <run_address>0x7ed4</run_address>
         <size>0x70</size>
         <input_file_ref idref="fl-100"/>
      </object_component>
      <object_component id="oc-33b">
         <name>.const:.string:_ZZN5QueueIN8TskMotor8VelOmegaELb1EE2DeERS1_Es</name>
         <load_address>0x7f44</load_address>
         <run_address>0x7f44</run_address>
         <size>0x46</size>
         <input_file_ref idref="fl-15"/>
      </object_component>
      <object_component id="oc-3a5">
         <name>.const:.string:_ZZN5QueueIN8TskMotor8VelOmegaELb1EE5ClearEvEs</name>
         <load_address>0x7f8a</load_address>
         <run_address>0x7f8a</run_address>
         <size>0x46</size>
         <input_file_ref idref="fl-15"/>
      </object_component>
      <object_component id="oc-3c5">
         <name>.const:.string:_ZZN5QueueIN8TskMotor8VelOmegaELb1EEC1EiEs</name>
         <load_address>0x7fd0</load_address>
         <run_address>0x7fd0</run_address>
         <size>0x46</size>
         <input_file_ref idref="fl-15"/>
      </object_component>
      <object_component id="oc-5ef">
         <name>.const:.typeinfo:_ZTSN10__cxxabiv123__fundamental_type_infoE</name>
         <load_address>0x8016</load_address>
         <run_address>0x8016</run_address>
         <size>0x28</size>
         <input_file_ref idref="fl-e8"/>
      </object_component>
      <object_component id="oc-5c7">
         <name>.const:.typeinfo:_ZTSN10__cxxabiv120__si_class_type_infoE</name>
         <load_address>0x803e</load_address>
         <run_address>0x803e</run_address>
         <size>0x25</size>
         <input_file_ref idref="fl-e8"/>
      </object_component>
      <object_component id="oc-5db">
         <name>.const:.typeinfo:_ZTSN10__cxxabiv119__pointer_type_infoE</name>
         <load_address>0x8063</load_address>
         <run_address>0x8063</run_address>
         <size>0x24</size>
         <input_file_ref idref="fl-e8"/>
      </object_component>
      <object_component id="oc-578">
         <name>.const:.typeinfo:_ZTSN10__cxxabiv117__class_type_infoE</name>
         <load_address>0x8087</load_address>
         <run_address>0x8087</run_address>
         <size>0x22</size>
         <input_file_ref idref="fl-e8"/>
      </object_component>
      <object_component id="oc-5ea">
         <name>.const:.typeinfo:_ZTSN10__cxxabiv117__pbase_type_infoE</name>
         <load_address>0x80a9</load_address>
         <run_address>0x80a9</run_address>
         <size>0x22</size>
         <input_file_ref idref="fl-e8"/>
      </object_component>
      <object_component id="oc-583">
         <name>.const:.typeinfo:_ZTIPKe</name>
         <load_address>0x80cc</load_address>
         <run_address>0x80cc</run_address>
         <size>0x10</size>
         <input_file_ref idref="fl-e8"/>
      </object_component>
      <object_component id="oc-169">
         <name>.const:_ZTV10Kalman2Var</name>
         <load_address>0x80dc</load_address>
         <run_address>0x80dc</run_address>
         <size>0x10</size>
         <input_file_ref idref="fl-f"/>
      </object_component>
      <object_component id="oc-470">
         <name>.const:_ZTVN10__cxxabiv117__class_type_infoE</name>
         <load_address>0x80ec</load_address>
         <run_address>0x80ec</run_address>
         <size>0x10</size>
         <input_file_ref idref="fl-e8"/>
      </object_component>
      <object_component id="oc-5b6">
         <name>.const:_ZTVN10__cxxabiv119__pointer_type_infoE</name>
         <load_address>0x80fc</load_address>
         <run_address>0x80fc</run_address>
         <size>0x10</size>
         <input_file_ref idref="fl-e8"/>
      </object_component>
      <object_component id="oc-573">
         <name>.const:_ZTVN10__cxxabiv120__si_class_type_infoE</name>
         <load_address>0x810c</load_address>
         <run_address>0x810c</run_address>
         <size>0x10</size>
         <input_file_ref idref="fl-e8"/>
      </object_component>
      <object_component id="oc-5d1">
         <name>.const:_ZTVN10__cxxabiv123__fundamental_type_infoE</name>
         <load_address>0x811c</load_address>
         <run_address>0x811c</run_address>
         <size>0x10</size>
         <input_file_ref idref="fl-e8"/>
      </object_component>
      <object_component id="oc-475">
         <name>.const:.typeinfo:_ZTS10Kalman2Var</name>
         <load_address>0x812c</load_address>
         <run_address>0x812c</run_address>
         <size>0xd</size>
         <input_file_ref idref="fl-f"/>
      </object_component>
      <object_component id="oc-5b1">
         <name>.const:.typeinfo:_ZTSSt9type_info</name>
         <load_address>0x8139</load_address>
         <run_address>0x8139</run_address>
         <size>0xd</size>
         <input_file_ref idref="fl-e8"/>
      </object_component>
      <object_component id="oc-3cd">
         <name>.const</name>
         <load_address>0x8146</load_address>
         <run_address>0x8146</run_address>
         <size>0x2</size>
         <input_file_ref idref="fl-d"/>
      </object_component>
      <object_component id="oc-527">
         <name>.const:.typeinfo:_ZTIN10__cxxabiv117__class_type_infoE</name>
         <load_address>0x8148</load_address>
         <run_address>0x8148</run_address>
         <size>0xc</size>
         <input_file_ref idref="fl-e8"/>
      </object_component>
      <object_component id="oc-5e0">
         <name>.const:.typeinfo:_ZTIN10__cxxabiv117__pbase_type_infoE</name>
         <load_address>0x8154</load_address>
         <run_address>0x8154</run_address>
         <size>0xc</size>
         <input_file_ref idref="fl-e8"/>
      </object_component>
      <object_component id="oc-5cc">
         <name>.const:.typeinfo:_ZTIN10__cxxabiv119__pointer_type_infoE</name>
         <load_address>0x8160</load_address>
         <run_address>0x8160</run_address>
         <size>0xc</size>
         <input_file_ref idref="fl-e8"/>
      </object_component>
      <object_component id="oc-5ac">
         <name>.const:.typeinfo:_ZTIN10__cxxabiv120__si_class_type_infoE</name>
         <load_address>0x816c</load_address>
         <run_address>0x816c</run_address>
         <size>0xc</size>
         <input_file_ref idref="fl-e8"/>
      </object_component>
      <object_component id="oc-5e5">
         <name>.const:.typeinfo:_ZTIN10__cxxabiv123__fundamental_type_infoE</name>
         <load_address>0x8178</load_address>
         <run_address>0x8178</run_address>
         <size>0xc</size>
         <input_file_ref idref="fl-e8"/>
      </object_component>
      <object_component id="oc-2ff">
         <name>.const:.typeinfo:_ZTI10Kalman2Var</name>
         <load_address>0x8184</load_address>
         <run_address>0x8184</run_address>
         <size>0x8</size>
         <input_file_ref idref="fl-f"/>
      </object_component>
      <object_component id="oc-57d">
         <name>.const:.typeinfo:_ZTISt9type_info</name>
         <load_address>0x818c</load_address>
         <run_address>0x818c</run_address>
         <size>0x8</size>
         <input_file_ref idref="fl-e8"/>
      </object_component>
      <object_component id="oc-5c0">
         <name>.const:.typeinfo:_ZTIe</name>
         <load_address>0x8194</load_address>
         <run_address>0x8194</run_address>
         <size>0x8</size>
         <input_file_ref idref="fl-e8"/>
      </object_component>
      <object_component id="oc-5bb">
         <name>.const:.typeinfo:_ZTSPKe</name>
         <load_address>0x819c</load_address>
         <run_address>0x819c</run_address>
         <size>0x4</size>
         <input_file_ref idref="fl-e8"/>
      </object_component>
      <object_component id="oc-a4">
         <name>.const</name>
         <load_address>0x81a0</load_address>
         <run_address>0x81a0</run_address>
         <size>0x4</size>
         <input_file_ref idref="fl-b"/>
      </object_component>
      <object_component id="oc-616">
         <name>.cinit..data.load</name>
         <load_address>0x81b0</load_address>
         <run_address>0x81b0</run_address>
         <size>0x26</size>
      </object_component>
      <object_component id="oc-613">
         <name>__TI_handler_table</name>
         <load_address>0x81d8</load_address>
         <run_address>0x81d8</run_address>
         <size>0xc</size>
      </object_component>
      <object_component id="oc-617">
         <name>.cinit..bss.load</name>
         <load_address>0x81e8</load_address>
         <run_address>0x81e8</run_address>
         <size>0x8</size>
      </object_component>
      <object_component id="oc-615">
         <name>.cinit..vtable.load</name>
         <load_address>0x81f0</load_address>
         <run_address>0x81f0</run_address>
         <size>0x8</size>
      </object_component>
      <object_component id="oc-614">
         <name>__TI_cinit_table</name>
         <load_address>0x81f8</load_address>
         <run_address>0x81f8</run_address>
         <size>0x18</size>
      </object_component>
      <object_component id="oc-2c">
         <name>.init_array</name>
         <load_address>0x81a4</load_address>
         <run_address>0x81a4</run_address>
         <size>0x4</size>
         <input_file_ref idref="fl-17"/>
      </object_component>
      <object_component id="oc-2a">
         <name>.init_array</name>
         <load_address>0x81a8</load_address>
         <run_address>0x81a8</run_address>
         <size>0x4</size>
         <input_file_ref idref="fl-f"/>
      </object_component>
      <object_component id="oc-2b">
         <name>.init_array</name>
         <load_address>0x81ac</load_address>
         <run_address>0x81ac</run_address>
         <size>0x4</size>
         <input_file_ref idref="fl-15"/>
      </object_component>
      <object_component id="oc-3f5">
         <name>.vtable</name>
         <uninitialized>true</uninitialized>
         <run_address>0x20000000</run_address>
         <size>0x26c</size>
         <input_file_ref idref="fl-100"/>
      </object_component>
      <object_component id="oc-a1">
         <name>.data</name>
         <load_address>0x20014b44</load_address>
         <run_address>0x20014b44</run_address>
         <size>0x34</size>
         <input_file_ref idref="fl-9"/>
      </object_component>
      <object_component id="oc-42a">
         <name>.data</name>
         <load_address>0x20014b9c</load_address>
         <run_address>0x20014b9c</run_address>
         <size>0xc</size>
         <input_file_ref idref="fl-a"/>
      </object_component>
      <object_component id="oc-b4">
         <name>.data</name>
         <load_address>0x20014bb8</load_address>
         <run_address>0x20014bb8</run_address>
         <size>0x4</size>
         <input_file_ref idref="fl-b"/>
      </object_component>
      <object_component id="oc-3ca">
         <name>.data</name>
         <load_address>0x20014bb0</load_address>
         <run_address>0x20014bb0</run_address>
         <size>0x8</size>
         <input_file_ref idref="fl-d"/>
      </object_component>
      <object_component id="oc-1e0">
         <name>.data</name>
         <load_address>0x20014b10</load_address>
         <run_address>0x20014b10</run_address>
         <size>0x34</size>
         <input_file_ref idref="fl-15"/>
      </object_component>
      <object_component id="oc-31a">
         <name>.data</name>
         <load_address>0x20014b90</load_address>
         <run_address>0x20014b90</run_address>
         <size>0xc</size>
         <input_file_ref idref="fl-16"/>
      </object_component>
      <object_component id="oc-401">
         <name>.data</name>
         <load_address>0x20014bbc</load_address>
         <run_address>0x20014bbc</run_address>
         <size>0x4</size>
         <input_file_ref idref="fl-d9"/>
      </object_component>
      <object_component id="oc-fd">
         <name>.data:$O1$$</name>
         <load_address>0x20014b78</load_address>
         <run_address>0x20014b78</run_address>
         <size>0xc</size>
         <input_file_ref idref="fl-da"/>
      </object_component>
      <object_component id="oc-46a">
         <name>.data:$O1$$</name>
         <load_address>0x20014b84</load_address>
         <run_address>0x20014b84</run_address>
         <size>0xc</size>
         <input_file_ref idref="fl-df"/>
      </object_component>
      <object_component id="oc-86">
         <name>.data</name>
         <load_address>0x20014bc4</load_address>
         <run_address>0x20014bc4</run_address>
         <size>0x4</size>
         <input_file_ref idref="fl-e6"/>
      </object_component>
      <object_component id="oc-3aa">
         <name>.data</name>
         <load_address>0x20014bc8</load_address>
         <run_address>0x20014bc8</run_address>
         <size>0x4</size>
         <input_file_ref idref="fl-e9"/>
      </object_component>
      <object_component id="oc-100">
         <name>.data:$O1$$</name>
         <load_address>0x20014ba8</load_address>
         <run_address>0x20014ba8</run_address>
         <size>0x8</size>
         <input_file_ref idref="fl-eb"/>
      </object_component>
      <object_component id="oc-557">
         <name>.data</name>
         <load_address>0x20014bc0</load_address>
         <run_address>0x20014bc0</run_address>
         <size>0x4</size>
         <input_file_ref idref="fl-fe"/>
      </object_component>
      <object_component id="oc-299">
         <name>.bss:pxReadyTasksLists</name>
         <uninitialized>true</uninitialized>
         <run_address>0x2001046c</run_address>
         <size>0x140</size>
         <input_file_ref idref="fl-9"/>
      </object_component>
      <object_component id="oc-2ae">
         <name>.bss:xDelayedTaskList1</name>
         <uninitialized>true</uninitialized>
         <run_address>0x200107d0</run_address>
         <size>0x14</size>
         <input_file_ref idref="fl-9"/>
      </object_component>
      <object_component id="oc-2b1">
         <name>.bss:xDelayedTaskList2</name>
         <uninitialized>true</uninitialized>
         <run_address>0x200107e4</run_address>
         <size>0x14</size>
         <input_file_ref idref="fl-9"/>
      </object_component>
      <object_component id="oc-29f">
         <name>.bss</name>
         <uninitialized>true</uninitialized>
         <run_address>0x200108b4</run_address>
         <size>0x8</size>
         <input_file_ref idref="fl-9"/>
      </object_component>
      <object_component id="oc-2ab">
         <name>.bss:xPendingReadyList</name>
         <uninitialized>true</uninitialized>
         <run_address>0x200107f8</run_address>
         <size>0x14</size>
         <input_file_ref idref="fl-9"/>
      </object_component>
      <object_component id="oc-29c">
         <name>.bss:xTasksWaitingTermination</name>
         <uninitialized>true</uninitialized>
         <run_address>0x20010820</run_address>
         <size>0x14</size>
         <input_file_ref idref="fl-9"/>
      </object_component>
      <object_component id="oc-2a2">
         <name>.bss:xSuspendedTaskList</name>
         <uninitialized>true</uninitialized>
         <run_address>0x2001080c</run_address>
         <size>0x14</size>
         <input_file_ref idref="fl-9"/>
      </object_component>
      <object_component id="oc-430">
         <name>.bss:xActiveTimerList1</name>
         <uninitialized>true</uninitialized>
         <run_address>0x200107a8</run_address>
         <size>0x14</size>
         <input_file_ref idref="fl-a"/>
      </object_component>
      <object_component id="oc-433">
         <name>.bss:xActiveTimerList2</name>
         <uninitialized>true</uninitialized>
         <run_address>0x200107bc</run_address>
         <size>0x14</size>
         <input_file_ref idref="fl-a"/>
      </object_component>
      <object_component id="oc-42d">
         <name>.bss</name>
         <uninitialized>true</uninitialized>
         <run_address>0x200108bc</run_address>
         <size>0x8</size>
         <input_file_ref idref="fl-a"/>
      </object_component>
      <object_component id="oc-3d6">
         <name>.bss:ucHeap</name>
         <uninitialized>true</uninitialized>
         <run_address>0x2000026c</run_address>
         <size>0x10000</size>
         <input_file_ref idref="fl-d"/>
      </object_component>
      <object_component id="oc-3d0">
         <name>.bss:xStart</name>
         <uninitialized>true</uninitialized>
         <run_address>0x200108cc</run_address>
         <size>0x8</size>
         <input_file_ref idref="fl-d"/>
      </object_component>
      <object_component id="oc-3d3">
         <name>.bss:xEnd</name>
         <uninitialized>true</uninitialized>
         <run_address>0x200108c4</run_address>
         <size>0x8</size>
         <input_file_ref idref="fl-d"/>
      </object_component>
      <object_component id="oc-16e">
         <name>.bss:I</name>
         <uninitialized>true</uninitialized>
         <run_address>0x20010834</run_address>
         <size>0x10</size>
         <input_file_ref idref="fl-f"/>
      </object_component>
      <object_component id="oc-1f1">
         <name>.bss:_ZN8TskMotor6desireE</name>
         <uninitialized>true</uninitialized>
         <run_address>0x200108a4</run_address>
         <size>0x8</size>
         <input_file_ref idref="fl-15"/>
      </object_component>
      <object_component id="oc-1d5">
         <name>.bss:_ZN8TskMotor8pidparamE</name>
         <uninitialized>true</uninitialized>
         <run_address>0x2001076c</run_address>
         <size>0x28</size>
         <input_file_ref idref="fl-15"/>
      </object_component>
      <object_component id="oc-1a3">
         <name>.bss:_ZN8TskMotor1AE</name>
         <uninitialized>true</uninitialized>
         <run_address>0x20010844</run_address>
         <size>0x10</size>
         <input_file_ref idref="fl-15"/>
      </object_component>
      <object_component id="oc-1a6">
         <name>.bss:_ZN8TskMotor1BE</name>
         <uninitialized>true</uninitialized>
         <run_address>0x20010894</run_address>
         <size>0x8</size>
         <input_file_ref idref="fl-15"/>
      </object_component>
      <object_component id="oc-1a9">
         <name>.bss:_ZN8TskMotor1HE</name>
         <uninitialized>true</uninitialized>
         <run_address>0x20010854</run_address>
         <size>0x10</size>
         <input_file_ref idref="fl-15"/>
      </object_component>
      <object_component id="oc-1c9">
         <name>.bss:_ZN8TskMotor1QE</name>
         <uninitialized>true</uninitialized>
         <run_address>0x20010864</run_address>
         <size>0x10</size>
         <input_file_ref idref="fl-15"/>
      </object_component>
      <object_component id="oc-1cc">
         <name>.bss:_ZN8TskMotor1RE</name>
         <uninitialized>true</uninitialized>
         <run_address>0x20010874</run_address>
         <size>0x10</size>
         <input_file_ref idref="fl-15"/>
      </object_component>
      <object_component id="oc-1cf">
         <name>.bss:_ZN8TskMotor2x0E</name>
         <uninitialized>true</uninitialized>
         <run_address>0x2001089c</run_address>
         <size>0x8</size>
         <input_file_ref idref="fl-15"/>
      </object_component>
      <object_component id="oc-1d2">
         <name>.bss:_ZN8TskMotor2P0E</name>
         <uninitialized>true</uninitialized>
         <run_address>0x20010884</run_address>
         <size>0x10</size>
         <input_file_ref idref="fl-15"/>
      </object_component>
      <object_component id="oc-1e4">
         <name>.bss:_ZN8TskMotor6kalOutE</name>
         <uninitialized>true</uninitialized>
         <run_address>0x200108ac</run_address>
         <size>0x8</size>
         <input_file_ref idref="fl-15"/>
      </object_component>
      <object_component id="oc-26e">
         <name>.bss:_ZN8TskPrint7QUartRxE</name>
         <uninitialized>true</uninitialized>
         <run_address>0x20010794</run_address>
         <size>0x14</size>
         <input_file_ref idref="fl-17"/>
      </object_component>
      <object_component id="oc-2b5">
         <name>.common:dbgStr</name>
         <uninitialized>true</uninitialized>
         <run_address>0x2001026c</run_address>
         <size>0x200</size>
      </object_component>
      <object_component id="oc-320">
         <name>.common:xQueueRegistry</name>
         <uninitialized>true</uninitialized>
         <run_address>0x2001072c</run_address>
         <size>0x40</size>
      </object_component>
      <object_component id="oc-21a">
         <name>.common:_ZN8TskMotor5MbCmdE</name>
         <uninitialized>true</uninitialized>
         <run_address>0x200108f0</run_address>
         <size>0x4</size>
      </object_component>
      <object_component id="oc-215">
         <name>.common:_ZN8TskMotor6dbgStrE</name>
         <uninitialized>true</uninitialized>
         <run_address>0x2001062c</run_address>
         <size>0x80</size>
      </object_component>
      <object_component id="oc-1dc">
         <name>.common:_ZN8TskMotor6EncVelE</name>
         <uninitialized>true</uninitialized>
         <run_address>0x200108f4</run_address>
         <size>0x4</size>
      </object_component>
      <object_component id="oc-1e3">
         <name>.common:_ZN8TskMotor5AcclXE</name>
         <uninitialized>true</uninitialized>
         <run_address>0x200108e8</run_address>
         <size>0x4</size>
      </object_component>
      <object_component id="oc-1e9">
         <name>.common:_ZN8TskMotor5GyroZE</name>
         <uninitialized>true</uninitialized>
         <run_address>0x200108ec</run_address>
         <size>0x4</size>
      </object_component>
      <object_component id="oc-1e7">
         <name>.common:_ZN8TskMotor2LVE</name>
         <uninitialized>true</uninitialized>
         <run_address>0x200108e4</run_address>
         <size>0x4</size>
      </object_component>
      <object_component id="oc-1e8">
         <name>.common:_ZN8TskMotor2AVE</name>
         <uninitialized>true</uninitialized>
         <run_address>0x200108e0</run_address>
         <size>0x4</size>
      </object_component>
      <object_component id="oc-1f0">
         <name>.common:_ZN8TskMotor6QMotorE</name>
         <uninitialized>true</uninitialized>
         <run_address>0x200108f8</run_address>
         <size>0x4</size>
      </object_component>
      <object_component id="oc-31d">
         <name>.common:rp</name>
         <uninitialized>true</uninitialized>
         <run_address>0x2001090c</run_address>
         <size>0x4</size>
      </object_component>
      <object_component id="oc-319">
         <name>.common:lp</name>
         <uninitialized>true</uninitialized>
         <run_address>0x20010908</run_address>
         <size>0x4</size>
      </object_component>
      <object_component id="oc-1d8">
         <name>.common:SemMotTick</name>
         <uninitialized>true</uninitialized>
         <run_address>0x200108dc</run_address>
         <size>0x4</size>
      </object_component>
      <object_component id="oc-317">
         <name>.common:SemIrTick</name>
         <uninitialized>true</uninitialized>
         <run_address>0x200108d8</run_address>
         <size>0x4</size>
      </object_component>
      <object_component id="oc-318">
         <name>.common:SemActTick</name>
         <uninitialized>true</uninitialized>
         <run_address>0x200108d4</run_address>
         <size>0x4</size>
      </object_component>
      <object_component id="oc-216">
         <name>.common:_ZN8TskPrint5MbCmdE</name>
         <uninitialized>true</uninitialized>
         <run_address>0x200108fc</run_address>
         <size>0x4</size>
      </object_component>
      <object_component id="oc-271">
         <name>.common:_ZN8TskPrint3msgE</name>
         <uninitialized>true</uninitialized>
         <run_address>0x200106ac</run_address>
         <size>0x80</size>
      </object_component>
      <object_component id="oc-45b">
         <name>.common:_ZN6TskTop6dbgStrE</name>
         <uninitialized>true</uninitialized>
         <run_address>0x200105ac</run_address>
         <size>0x80</size>
      </object_component>
      <object_component id="oc-279">
         <name>.common:__dso_handle</name>
         <uninitialized>true</uninitialized>
         <run_address>0x20010904</run_address>
         <size>0x4</size>
      </object_component>
      <object_component id="oc-582">
         <name>.common:_ZSt16__dummy_typeinfo</name>
         <uninitialized>true</uninitialized>
         <run_address>0x20010900</run_address>
         <size>0x4</size>
      </object_component>
      <object_component id="oc-2e">
         <name>.sysmem</name>
         <uninitialized>true</uninitialized>
         <run_address>0x20010910</run_address>
         <size>0x8</size>
         <input_file_ref idref="fl-df"/>
      </object_component>
      <object_component id="oc-619">
         <name>.sysmem</name>
         <uninitialized>true</uninitialized>
         <run_address>0x20010910</run_address>
         <size>0x0</size>
      </object_component>
      <object_component id="oc-2d">
         <name>.stack</name>
         <uninitialized>true</uninitialized>
         <run_address>0x20014910</run_address>
         <size>0x0</size>
         <input_file_ref idref="fl-d4"/>
      </object_component>
      <object_component id="oc-618">
         <name>.stack</name>
         <uninitialized>true</uninitialized>
         <run_address>0x20014910</run_address>
         <size>0x0</size>
      </object_component>
      <object_component id="oc-2b6">
         <name>.debug_info</name>
         <load_address>0x0</load_address>
         <run_address>0x0</run_address>
         <size>0x398</size>
         <input_file_ref idref="fl-2"/>
      </object_component>
      <object_component id="oc-af">
         <name>.debug_info</name>
         <load_address>0x398</load_address>
         <run_address>0x398</run_address>
         <size>0x192</size>
         <input_file_ref idref="fl-2"/>
      </object_component>
      <object_component id="oc-359">
         <name>.debug_info</name>
         <load_address>0x52a</load_address>
         <run_address>0x52a</run_address>
         <size>0x495</size>
         <input_file_ref idref="fl-2"/>
      </object_component>
      <object_component id="oc-445">
         <name>.debug_info</name>
         <load_address>0x9bf</load_address>
         <run_address>0x9bf</run_address>
         <size>0xe5</size>
         <input_file_ref idref="fl-2"/>
      </object_component>
      <object_component id="oc-44a">
         <name>.debug_info</name>
         <load_address>0xaa4</load_address>
         <run_address>0xaa4</run_address>
         <size>0x7b</size>
         <input_file_ref idref="fl-2"/>
      </object_component>
      <object_component id="oc-4b">
         <name>.debug_info</name>
         <load_address>0xb1f</load_address>
         <run_address>0xb1f</run_address>
         <size>0x84</size>
         <input_file_ref idref="fl-2"/>
      </object_component>
      <object_component id="oc-368">
         <name>.debug_info</name>
         <load_address>0xba3</load_address>
         <run_address>0xba3</run_address>
         <size>0x46</size>
         <input_file_ref idref="fl-2"/>
      </object_component>
      <object_component id="oc-38d">
         <name>.debug_info</name>
         <load_address>0xbe9</load_address>
         <run_address>0xbe9</run_address>
         <size>0x2c</size>
         <input_file_ref idref="fl-2"/>
      </object_component>
      <object_component id="oc-2db">
         <name>.debug_info</name>
         <load_address>0xc15</load_address>
         <run_address>0xc15</run_address>
         <size>0x18b</size>
         <input_file_ref idref="fl-2"/>
      </object_component>
      <object_component id="oc-4e9">
         <name>.debug_info</name>
         <load_address>0xda0</load_address>
         <run_address>0xda0</run_address>
         <size>0x2c</size>
         <input_file_ref idref="fl-2"/>
      </object_component>
      <object_component id="oc-226">
         <name>.debug_info</name>
         <load_address>0xdcc</load_address>
         <run_address>0xdcc</run_address>
         <size>0x53</size>
         <input_file_ref idref="fl-2"/>
      </object_component>
      <object_component id="oc-383">
         <name>.debug_info</name>
         <load_address>0xe1f</load_address>
         <run_address>0xe1f</run_address>
         <size>0x67</size>
         <input_file_ref idref="fl-2"/>
      </object_component>
      <object_component id="oc-2e0">
         <name>.debug_info</name>
         <load_address>0xe86</load_address>
         <run_address>0xe86</run_address>
         <size>0x478</size>
         <input_file_ref idref="fl-3"/>
      </object_component>
      <object_component id="oc-f7">
         <name>.debug_info</name>
         <load_address>0x12fe</load_address>
         <run_address>0x12fe</run_address>
         <size>0x24f</size>
         <input_file_ref idref="fl-3"/>
      </object_component>
      <object_component id="oc-35e">
         <name>.debug_info</name>
         <load_address>0x154d</load_address>
         <run_address>0x154d</run_address>
         <size>0x7b</size>
         <input_file_ref idref="fl-3"/>
      </object_component>
      <object_component id="oc-379">
         <name>.debug_info</name>
         <load_address>0x15c8</load_address>
         <run_address>0x15c8</run_address>
         <size>0xdb</size>
         <input_file_ref idref="fl-3"/>
      </object_component>
      <object_component id="oc-37e">
         <name>.debug_info</name>
         <load_address>0x16a3</load_address>
         <run_address>0x16a3</run_address>
         <size>0x37c</size>
         <input_file_ref idref="fl-3"/>
      </object_component>
      <object_component id="oc-460">
         <name>.debug_info</name>
         <load_address>0x1a1f</load_address>
         <run_address>0x1a1f</run_address>
         <size>0x39</size>
         <input_file_ref idref="fl-3"/>
      </object_component>
      <object_component id="oc-388">
         <name>.debug_info</name>
         <load_address>0x1a58</load_address>
         <run_address>0x1a58</run_address>
         <size>0x197</size>
         <input_file_ref idref="fl-3"/>
      </object_component>
      <object_component id="oc-44">
         <name>.debug_info</name>
         <load_address>0x1bef</load_address>
         <run_address>0x1bef</run_address>
         <size>0x228</size>
         <input_file_ref idref="fl-4"/>
      </object_component>
      <object_component id="oc-10">
         <name>.debug_info</name>
         <load_address>0x1e17</load_address>
         <run_address>0x1e17</run_address>
         <size>0xf7</size>
         <input_file_ref idref="fl-4"/>
      </object_component>
      <object_component id="oc-34">
         <name>.debug_info</name>
         <load_address>0x1f0e</load_address>
         <run_address>0x1f0e</run_address>
         <size>0x276</size>
         <input_file_ref idref="fl-4"/>
      </object_component>
      <object_component id="oc-ca">
         <name>.debug_info</name>
         <load_address>0x2184</load_address>
         <run_address>0x2184</run_address>
         <size>0x3cd</size>
         <input_file_ref idref="fl-4"/>
      </object_component>
      <object_component id="oc-b9">
         <name>.debug_info</name>
         <load_address>0x2551</load_address>
         <run_address>0x2551</run_address>
         <size>0x2c</size>
         <input_file_ref idref="fl-4"/>
      </object_component>
      <object_component id="oc-c5">
         <name>.debug_info</name>
         <load_address>0x257d</load_address>
         <run_address>0x257d</run_address>
         <size>0x18b</size>
         <input_file_ref idref="fl-4"/>
      </object_component>
      <object_component id="oc-be">
         <name>.debug_info</name>
         <load_address>0x2708</load_address>
         <run_address>0x2708</run_address>
         <size>0x53</size>
         <input_file_ref idref="fl-4"/>
      </object_component>
      <object_component id="oc-41f">
         <name>.debug_info</name>
         <load_address>0x275b</load_address>
         <run_address>0x275b</run_address>
         <size>0x1bf</size>
         <input_file_ref idref="fl-5"/>
      </object_component>
      <object_component id="oc-28c">
         <name>.debug_info</name>
         <load_address>0x291a</load_address>
         <run_address>0x291a</run_address>
         <size>0x30c</size>
         <input_file_ref idref="fl-5"/>
      </object_component>
      <object_component id="oc-512">
         <name>.debug_info</name>
         <load_address>0x2c26</load_address>
         <run_address>0x2c26</run_address>
         <size>0xcc</size>
         <input_file_ref idref="fl-5"/>
      </object_component>
      <object_component id="oc-2be">
         <name>.debug_info</name>
         <load_address>0x2cf2</load_address>
         <run_address>0x2cf2</run_address>
         <size>0x14c</size>
         <input_file_ref idref="fl-5"/>
      </object_component>
      <object_component id="oc-48c">
         <name>.debug_info</name>
         <load_address>0x2e3e</load_address>
         <run_address>0x2e3e</run_address>
         <size>0x512</size>
         <input_file_ref idref="fl-6"/>
      </object_component>
      <object_component id="oc-329">
         <name>.debug_info</name>
         <load_address>0x3350</load_address>
         <run_address>0x3350</run_address>
         <size>0x110</size>
         <input_file_ref idref="fl-6"/>
      </object_component>
      <object_component id="oc-538">
         <name>.debug_info</name>
         <load_address>0x3460</load_address>
         <run_address>0x3460</run_address>
         <size>0x39</size>
         <input_file_ref idref="fl-6"/>
      </object_component>
      <object_component id="oc-415">
         <name>.debug_info</name>
         <load_address>0x3499</load_address>
         <run_address>0x3499</run_address>
         <size>0x46</size>
         <input_file_ref idref="fl-6"/>
      </object_component>
      <object_component id="oc-53d">
         <name>.debug_info</name>
         <load_address>0x34df</load_address>
         <run_address>0x34df</run_address>
         <size>0x76</size>
         <input_file_ref idref="fl-6"/>
      </object_component>
      <object_component id="oc-421">
         <name>.debug_info</name>
         <load_address>0x3555</load_address>
         <run_address>0x3555</run_address>
         <size>0x1ad</size>
         <input_file_ref idref="fl-7"/>
      </object_component>
      <object_component id="oc-295">
         <name>.debug_info</name>
         <load_address>0x3702</load_address>
         <run_address>0x3702</run_address>
         <size>0x4b2</size>
         <input_file_ref idref="fl-7"/>
      </object_component>
      <object_component id="oc-321">
         <name>.debug_info</name>
         <load_address>0x3bb4</load_address>
         <run_address>0x3bb4</run_address>
         <size>0x739</size>
         <input_file_ref idref="fl-8"/>
      </object_component>
      <object_component id="oc-19f">
         <name>.debug_info</name>
         <load_address>0x42ed</load_address>
         <run_address>0x42ed</run_address>
         <size>0x3057</size>
         <input_file_ref idref="fl-8"/>
      </object_component>
      <object_component id="oc-487">
         <name>.debug_info</name>
         <load_address>0x7344</load_address>
         <run_address>0x7344</run_address>
         <size>0x1cd</size>
         <input_file_ref idref="fl-8"/>
      </object_component>
      <object_component id="oc-324">
         <name>.debug_info</name>
         <load_address>0x7511</load_address>
         <run_address>0x7511</run_address>
         <size>0x46</size>
         <input_file_ref idref="fl-8"/>
      </object_component>
      <object_component id="oc-28b">
         <name>.debug_info</name>
         <load_address>0x7557</load_address>
         <run_address>0x7557</run_address>
         <size>0x653</size>
         <input_file_ref idref="fl-9"/>
      </object_component>
      <object_component id="oc-a2">
         <name>.debug_info</name>
         <load_address>0x7baa</load_address>
         <run_address>0x7baa</run_address>
         <size>0x34f</size>
         <input_file_ref idref="fl-9"/>
      </object_component>
      <object_component id="oc-29a">
         <name>.debug_info</name>
         <load_address>0x7ef9</load_address>
         <run_address>0x7ef9</run_address>
         <size>0xf6</size>
         <input_file_ref idref="fl-9"/>
      </object_component>
      <object_component id="oc-2af">
         <name>.debug_info</name>
         <load_address>0x7fef</load_address>
         <run_address>0x7fef</run_address>
         <size>0xf6</size>
         <input_file_ref idref="fl-9"/>
      </object_component>
      <object_component id="oc-2b2">
         <name>.debug_info</name>
         <load_address>0x80e5</load_address>
         <run_address>0x80e5</run_address>
         <size>0xf6</size>
         <input_file_ref idref="fl-9"/>
      </object_component>
      <object_component id="oc-2a0">
         <name>.debug_info</name>
         <load_address>0x81db</load_address>
         <run_address>0x81db</run_address>
         <size>0x139</size>
         <input_file_ref idref="fl-9"/>
      </object_component>
      <object_component id="oc-2ac">
         <name>.debug_info</name>
         <load_address>0x8314</load_address>
         <run_address>0x8314</run_address>
         <size>0xf6</size>
         <input_file_ref idref="fl-9"/>
      </object_component>
      <object_component id="oc-29d">
         <name>.debug_info</name>
         <load_address>0x840a</load_address>
         <run_address>0x840a</run_address>
         <size>0x104</size>
         <input_file_ref idref="fl-9"/>
      </object_component>
      <object_component id="oc-2a3">
         <name>.debug_info</name>
         <load_address>0x850e</load_address>
         <run_address>0x850e</run_address>
         <size>0xf8</size>
         <input_file_ref idref="fl-9"/>
      </object_component>
      <object_component id="oc-a8">
         <name>.debug_info</name>
         <load_address>0x8606</load_address>
         <run_address>0x8606</run_address>
         <size>0x497c</size>
         <input_file_ref idref="fl-9"/>
      </object_component>
      <object_component id="oc-41a">
         <name>.debug_info</name>
         <load_address>0xcf82</load_address>
         <run_address>0xcf82</run_address>
         <size>0x146</size>
         <input_file_ref idref="fl-9"/>
      </object_component>
      <object_component id="oc-437">
         <name>.debug_info</name>
         <load_address>0xd0c8</load_address>
         <run_address>0xd0c8</run_address>
         <size>0x6c8</size>
         <input_file_ref idref="fl-a"/>
      </object_component>
      <object_component id="oc-431">
         <name>.debug_info</name>
         <load_address>0xd790</load_address>
         <run_address>0xd790</run_address>
         <size>0xf6</size>
         <input_file_ref idref="fl-a"/>
      </object_component>
      <object_component id="oc-434">
         <name>.debug_info</name>
         <load_address>0xd886</load_address>
         <run_address>0xd886</run_address>
         <size>0xf6</size>
         <input_file_ref idref="fl-a"/>
      </object_component>
      <object_component id="oc-42e">
         <name>.debug_info</name>
         <load_address>0xd97c</load_address>
         <run_address>0xd97c</run_address>
         <size>0x12e</size>
         <input_file_ref idref="fl-a"/>
      </object_component>
      <object_component id="oc-42b">
         <name>.debug_info</name>
         <load_address>0xdaaa</load_address>
         <run_address>0xdaaa</run_address>
         <size>0x11a</size>
         <input_file_ref idref="fl-a"/>
      </object_component>
      <object_component id="oc-2a6">
         <name>.debug_info</name>
         <load_address>0xdbc4</load_address>
         <run_address>0xdbc4</run_address>
         <size>0x1c53</size>
         <input_file_ref idref="fl-a"/>
      </object_component>
      <object_component id="oc-438">
         <name>.debug_info</name>
         <load_address>0xf817</load_address>
[...]
      </symbol>
      <symbol id="sm-c8a">
         <name>_ZTSSt9type_info</name>
         <value>0x8139</value>
         <object_component_ref idref="oc-5b1"/>
      </symbol>
      <symbol id="sm-c8b">
         <name>_ZN10__cxxabiv123__fundamental_type_infoD2Ev</name>
         <value>0x6cd7</value>
         <object_component_ref idref="oc-52c"/>
      </symbol>
      <symbol id="sm-c8c">
         <name>_ZN10__cxxabiv117__class_type_infoD1Ev</name>
         <value>0x6d13</value>
         <object_component_ref idref="oc-52c"/>
      </symbol>
      <symbol id="sm-c8d">
         <name>_ZN10__cxxabiv129__pointer_to_member_type_infoD2Ev</name>
         <value>0x6ccd</value>
         <object_component_ref idref="oc-52c"/>
      </symbol>
      <symbol id="sm-c8e">
         <name>_ZN10__cxxabiv116__enum_type_infoD1Ev</name>
         <value>0x6d27</value>
         <object_component_ref idref="oc-52c"/>
      </symbol>
      <symbol id="sm-c8f">
         <name>_ZN10__cxxabiv121__vmi_class_type_infoD1Ev</name>
         <value>0x6ce1</value>
         <object_component_ref idref="oc-52c"/>
      </symbol>
      <symbol id="sm-c90">
         <name>_ZTSN10__cxxabiv123__fundamental_type_infoE</name>
         <value>0x8016</value>
         <object_component_ref idref="oc-5ef"/>
      </symbol>
      <symbol id="sm-c91">
         <name>_ZN10__cxxabiv117__pbase_type_infoD1Ev</name>
         <value>0x6d09</value>
         <object_component_ref idref="oc-52c"/>
      </symbol>
      <symbol id="sm-c92">
         <name>_ZTVN10__cxxabiv123__fundamental_type_infoE</name>
         <value>0x811c</value>
         <object_component_ref idref="oc-5d1"/>
      </symbol>
      <symbol id="sm-c93">
         <name>_ZTSN10__cxxabiv120__si_class_type_infoE</name>
         <value>0x803e</value>
         <object_component_ref idref="oc-5c7"/>
      </symbol>
      <symbol id="sm-c94">
         <name>_ZN10__cxxabiv117__array_type_infoD1Ev</name>
         <value>0x6d1d</value>
         <object_component_ref idref="oc-52c"/>
      </symbol>
      <symbol id="sm-c95">
         <name>_ZTVN10__cxxabiv119__pointer_type_infoE</name>
         <value>0x80fc</value>
         <object_component_ref idref="oc-5b6"/>
      </symbol>
      <symbol id="sm-c96">
         <name>_ZTSPKe</name>
         <value>0x819c</value>
         <object_component_ref idref="oc-5bb"/>
      </symbol>
      <symbol id="sm-c97">
         <name>_ZNKSt9type_infoneERKS_</name>
         <value>0x6c93</value>
         <object_component_ref idref="oc-52c"/>
      </symbol>
      <symbol id="sm-c98">
         <name>_ZN10__cxxabiv119__pointer_type_infoD1Ev</name>
         <value>0x6cff</value>
         <object_component_ref idref="oc-52c"/>
      </symbol>
      <symbol id="sm-c99">
         <name>_ZNSt9type_infoD2Ev</name>
         <value>0x6c85</value>
         <object_component_ref idref="oc-52c"/>
      </symbol>
      <symbol id="sm-c9a">
         <name>_ZNKSt9type_info6beforeERKS_</name>
         <value>0x6cbf</value>
         <object_component_ref idref="oc-52c"/>
      </symbol>
      <symbol id="sm-c9b">
         <name>_ZN10__cxxabiv123__fundamental_type_infoD1Ev</name>
         <value>0x6cd7</value>
         <object_component_ref idref="oc-52c"/>
      </symbol>
      <symbol id="sm-c9c">
         <name>_ZTSN10__cxxabiv119__pointer_type_infoE</name>
         <value>0x8063</value>
         <object_component_ref idref="oc-5db"/>
      </symbol>
      <symbol id="sm-c9d">
         <name>_ZN10__cxxabiv121__vmi_class_type_infoD2Ev</name>
         <value>0x6ce1</value>
         <object_component_ref idref="oc-52c"/>
      </symbol>
      <symbol id="sm-c9e">
         <name>_ZTSN10__cxxabiv117__class_type_infoE</name>
         <value>0x8087</value>
         <object_component_ref idref="oc-578"/>
      </symbol>
      <symbol id="sm-c9f">
         <name>_ZN10__cxxabiv120__function_type_infoD2Ev</name>
         <value>0x6cf5</value>
         <object_component_ref idref="oc-52c"/>
      </symbol>
      <symbol id="sm-ca0">
         <name>_ZN10__cxxabiv117__class_type_infoD2Ev</name>
         <value>0x6d13</value>
         <object_component_ref idref="oc-52c"/>
      </symbol>
      <symbol id="sm-ca1">
         <name>_ZN10__cxxabiv116__enum_type_infoD2Ev</name>
         <value>0x6d27</value>
         <object_component_ref idref="oc-52c"/>
      </symbol>
      <symbol id="sm-ca2">
         <name>_ZN10__cxxabiv119__pointer_type_infoD2Ev</name>
         <value>0x6cff</value>
         <object_component_ref idref="oc-52c"/>
      </symbol>
      <symbol id="sm-ca3">
         <name>_ZN10__cxxabiv120__si_class_type_infoD2Ev</name>
         <value>0x6ceb</value>
         <object_component_ref idref="oc-52c"/>
      </symbol>
      <symbol id="sm-ca4">
         <name>_ZN10__cxxabiv117__pbase_type_infoD2Ev</name>
         <value>0x6d09</value>
         <object_component_ref idref="oc-52c"/>
      </symbol>
      <symbol id="sm-ca5">
         <name>_ZTVN10__cxxabiv117__class_type_infoE</name>
         <value>0x80ec</value>
         <object_component_ref idref="oc-470"/>
      </symbol>
      <symbol id="sm-ca6">
         <name>_ZN10__cxxabiv117__array_type_infoD2Ev</name>
         <value>0x6d1d</value>
         <object_component_ref idref="oc-52c"/>
      </symbol>
      <symbol id="sm-ca7">
         <name>_ZNSt9type_infoD1Ev</name>
         <value>0x6c85</value>
         <object_component_ref idref="oc-52c"/>
      </symbol>
      <symbol id="sm-ca8">
         <name>_ZTIN10__cxxabiv123__fundamental_type_infoE</name>
         <value>0x8178</value>
         <object_component_ref idref="oc-5e5"/>
      </symbol>
      <symbol id="sm-ca9">
         <name>_ZTISt9type_info</name>
         <value>0x818c</value>
         <object_component_ref idref="oc-57d"/>
      </symbol>
      <symbol id="sm-caa">
         <name>_ZN10__cxxabiv123__fundamental_type_infoD0Ev</name>
         <value>0x6cd9</value>
         <object_component_ref idref="oc-52c"/>
      </symbol>
      <symbol id="sm-cab">
         <name>_ZTIN10__cxxabiv117__pbase_type_infoE</name>
         <value>0x8154</value>
         <object_component_ref idref="oc-5e0"/>
      </symbol>
      <symbol id="sm-cac">
         <name>_ZTSe</name>
         <value>0x7ed1</value>
         <object_component_ref idref="oc-5d6"/>
      </symbol>
      <symbol id="sm-cad">
         <name>_ZNKSt9type_info4nameEv</name>
         <value>0x6c8f</value>
         <object_component_ref idref="oc-52c"/>
      </symbol>
      <symbol id="sm-cae">
         <name>_ZTIN10__cxxabiv117__class_type_infoE</name>
         <value>0x8148</value>
         <object_component_ref idref="oc-527"/>
      </symbol>
      <symbol id="sm-caf">
         <name>_ZN10__cxxabiv129__pointer_to_member_type_infoD0Ev</name>
         <value>0x6ccf</value>
         <object_component_ref idref="oc-52c"/>
      </symbol>
      <symbol id="sm-cb0">
         <name>_ZN10__cxxabiv120__si_class_type_infoD1Ev</name>
         <value>0x6ceb</value>
         <object_component_ref idref="oc-52c"/>
      </symbol>
      <symbol id="sm-cb1">
         <name>_ZTIN10__cxxabiv120__si_class_type_infoE</name>
         <value>0x816c</value>
         <object_component_ref idref="oc-5ac"/>
      </symbol>
      <symbol id="sm-cb2">
         <name>_ZNSt9type_infoD0Ev</name>
         <value>0x6c87</value>
         <object_component_ref idref="oc-52c"/>
      </symbol>
      <symbol id="sm-cb3">
         <name>_ZN10__cxxabiv120__function_type_infoD0Ev</name>
         <value>0x6cf7</value>
         <object_component_ref idref="oc-52c"/>
      </symbol>
      <symbol id="sm-cb4">
         <name>_ZN10__cxxabiv117__class_type_infoD0Ev</name>
         <value>0x6d15</value>
         <object_component_ref idref="oc-52c"/>
      </symbol>
      <symbol id="sm-cb5">
         <name>_ZTSN10__cxxabiv117__pbase_type_infoE</name>
         <value>0x80a9</value>
         <object_component_ref idref="oc-5ea"/>
      </symbol>
      <symbol id="sm-cb6">
         <name>_ZN10__cxxabiv116__enum_type_infoD0Ev</name>
         <value>0x6d29</value>
         <object_component_ref idref="oc-52c"/>
      </symbol>
      <symbol id="sm-cb7">
         <name>_ZTIe</name>
         <value>0x8194</value>
         <object_component_ref idref="oc-5c0"/>
      </symbol>
      <symbol id="sm-cb8">
         <name>_ZN10__cxxabiv121__vmi_class_type_infoD0Ev</name>
         <value>0x6ce3</value>
         <object_component_ref idref="oc-52c"/>
      </symbol>
      <symbol id="sm-cb9">
         <name>_ZTVN10__cxxabiv120__si_class_type_infoE</name>
         <value>0x810c</value>
         <object_component_ref idref="oc-573"/>
      </symbol>
      <symbol id="sm-cba">
         <name>_ZN10__cxxabiv117__pbase_type_infoD0Ev</name>
         <value>0x6d0b</value>
         <object_component_ref idref="oc-52c"/>
      </symbol>
      <symbol id="sm-cbb">
         <name>_ZN10__cxxabiv117__array_type_infoD0Ev</name>
         <value>0x6d1f</value>
         <object_component_ref idref="oc-52c"/>
      </symbol>
      <symbol id="sm-cbc">
         <name>_ZSt21__gen_dummy_typeinfosv</name>
         <value>0x6c7d</value>
         <object_component_ref idref="oc-52c"/>
      </symbol>
      <symbol id="sm-cbd">
         <name>_ZN10__cxxabiv129__pointer_to_member_type_infoD1Ev</name>
         <value>0x6ccd</value>
         <object_component_ref idref="oc-52c"/>
      </symbol>
      <symbol id="sm-cbe">
         <name>_ZN10__cxxabiv119__pointer_type_infoD0Ev</name>
         <value>0x6d01</value>
         <object_component_ref idref="oc-52c"/>
      </symbol>
      <symbol id="sm-cbf">
         <name>_ZN10__cxxabiv120__si_class_type_infoD0Ev</name>
         <value>0x6ced</value>
         <object_component_ref idref="oc-52c"/>
      </symbol>
      <symbol id="sm-cc0">
         <name>_ZTIPKe</name>
         <value>0x80cc</value>
         <object_component_ref idref="oc-583"/>
      </symbol>
      <symbol id="sm-cc1">
         <name>_ZNKSt9type_infoeqERKS_</name>
         <value>0x6ca9</value>
         <object_component_ref idref="oc-52c"/>
      </symbol>
      <symbol id="sm-cc9">
         <name>_new_handler</name>
         <value>0x20014bc8</value>
         <object_component_ref idref="oc-3aa"/>
      </symbol>
      <symbol id="sm-d10">
         <name>__cxa_vec_cleanup</name>
         <value>0x5351</value>
         <object_component_ref idref="oc-3bf"/>
      </symbol>
      <symbol id="sm-d11">
         <name>__cxa_vec_new</name>
         <value>0x5203</value>
         <object_component_ref idref="oc-3bf"/>
      </symbol>
      <symbol id="sm-d12">
         <name>__aeabi_vec_ctor_nocookie_nodtor</name>
         <value>0x5479</value>
         <object_component_ref idref="oc-3bf"/>
      </symbol>
      <symbol id="sm-d13">
         <name>__cxa_vec_cctor</name>
         <value>0x5371</value>
         <object_component_ref idref="oc-3bf"/>
      </symbol>
      <symbol id="sm-d14">
         <name>__aeabi_vec_delete3_nodtor</name>
         <value>0x5437</value>
         <object_component_ref idref="oc-3bf"/>
      </symbol>
      <symbol id="sm-d15">
         <name>__aeabi_vec_delete</name>
         <value>0x546d</value>
         <object_component_ref idref="oc-3bf"/>
      </symbol>
      <symbol id="sm-d16">
         <name>__aeabi_vec_ctor_cookie_nodtor</name>
         <value>0x548b</value>
         <object_component_ref idref="oc-3bf"/>
      </symbol>
      <symbol id="sm-d17">
         <name>__aeabi_vec_new_cookie_noctor</name>
         <value>0x53d5</value>
         <object_component_ref idref="oc-3bf"/>
      </symbol>
      <symbol id="sm-d18">
         <name>__aeabi_vec_new_nocookie</name>
         <value>0x539b</value>
         <object_component_ref idref="oc-3bf"/>
      </symbol>
      <symbol id="sm-d19">
         <name>__cxa_vec_delete2</name>
         <value>0x52e1</value>
         <object_component_ref idref="oc-3bf"/>
      </symbol>
      <symbol id="sm-d1a">
         <name>__cxa_vec_delete3</name>
         <value>0x52bb</value>
         <object_component_ref idref="oc-3bf"/>
      </symbol>
      <symbol id="sm-d1b">
         <name>__cxa_vec_dtor</name>
         <value>0x529f</value>
         <object_component_ref idref="oc-3bf"/>
      </symbol>
      <symbol id="sm-d1c">
         <name>__aeabi_vec_new_cookie</name>
         <value>0x53f1</value>
         <object_component_ref idref="oc-3bf"/>
      </symbol>
      <symbol id="sm-d1d">
         <name>__aeabi_vec_delete3</name>
         <value>0x5451</value>
         <object_component_ref idref="oc-3bf"/>
      </symbol>
      <symbol id="sm-d1e">
         <name>__cxa_vec_delete</name>
         <value>0x5307</value>
         <object_component_ref idref="oc-3bf"/>
      </symbol>
      <symbol id="sm-d1f">
         <name>__aeabi_vec_new_cookie_nodtor</name>
         <value>0x53af</value>
         <object_component_ref idref="oc-3bf"/>
      </symbol>
      <symbol id="sm-d20">
         <name>__cxa_vec_ctor</name>
         <value>0x532d</value>
         <object_component_ref idref="oc-3bf"/>
      </symbol>
      <symbol id="sm-d21">
         <name>__aeabi_vec_cctor_nocookie_nodtor</name>
         <value>0x54af</value>
         <object_component_ref idref="oc-3bf"/>
      </symbol>
      <symbol id="sm-d22">
         <name>__aeabi_vec_dtor</name>
         <value>0x5405</value>
         <object_component_ref idref="oc-3bf"/>
      </symbol>
      <symbol id="sm-d23">
         <name>__aeabi_vec_dtor_cookie</name>
         <value>0x5419</value>
         <object_component_ref idref="oc-3bf"/>
      </symbol>
      <symbol id="sm-d24">
         <name>__cxa_vec_new2</name>
         <value>0x51d7</value>
         <object_component_ref idref="oc-3bf"/>
      </symbol>
      <symbol id="sm-d25">
         <name>__cxa_vec_new3</name>
         <value>0x51ab</value>
         <object_component_ref idref="oc-3bf"/>
      </symbol>
      <symbol id="sm-d3e">
         <name>_nop</name>
         <value>0x7d37</value>
         <object_component_ref idref="oc-2eb"/>
      </symbol>
      <symbol id="sm-d3f">
         <name>_lock</name>
         <value>0x20014ba8</value>
         <object_component_ref idref="oc-100"/>
      </symbol>
      <symbol id="sm-d40">
         <name>_unlock</name>
         <value>0x20014bac</value>
         <object_component_ref idref="oc-100"/>
      </symbol>
      <symbol id="sm-d41">
         <name>_register_lock</name>
         <value>0x7d2f</value>
         <object_component_ref idref="oc-2eb"/>
      </symbol>
      <symbol id="sm-d42">
         <name>_register_unlock</name>
         <value>0x7d29</value>
         <object_component_ref idref="oc-2eb"/>
      </symbol>
      <symbol id="sm-e43">
         <name>__TI_printfi</name>
         <value>0x2465</value>
         <object_component_ref idref="oc-396"/>
      </symbol>
      <symbol id="sm-e57">
         <name>_args_main</name>
         <value>0x7cf9</value>
         <object_component_ref idref="oc-7a"/>
      </symbol>
      <symbol id="sm-e6e">
         <name>atoi</name>
         <value>0x78a5</value>
         <object_component_ref idref="oc-4c3"/>
      </symbol>
      <symbol id="sm-e98">
         <name>__TI_auto_init</name>
         <value>0x72e1</value>
         <object_component_ref idref="oc-74"/>
      </symbol>
      <symbol id="sm-eb2">
         <name>copy_in</name>
         <value>0x78f1</value>
         <object_component_ref idref="oc-e7"/>
      </symbol>
      <symbol id="sm-ebd">
         <name>_ctypes_</name>
         <value>0x7dd0</value>
         <object_component_ref idref="oc-55e"/>
      </symbol>
      <symbol id="sm-ed4">
         <name>__aeabi_dsub</name>
         <value>0x5d59</value>
         <object_component_ref idref="oc-4ac"/>
      </symbol>
      <symbol id="sm-ed5">
         <name>__aeabi_dadd</name>
         <value>0x5d63</value>
         <object_component_ref idref="oc-4ac"/>
      </symbol>
      <symbol id="sm-ee9">
         <name>__aeabi_ddiv</name>
         <value>0x6535</value>
         <object_component_ref idref="oc-49c"/>
      </symbol>
      <symbol id="sm-ef4">
         <name>__aeabi_dmul</name>
         <value>0x68bd</value>
         <object_component_ref idref="oc-497"/>
      </symbol>
      <symbol id="sm-efe">
         <name>__aeabi_d2iz</name>
         <value>0x7985</value>
         <object_component_ref idref="oc-4a1"/>
      </symbol>
      <symbol id="sm-f0d">
         <name>ltoa</name>
         <value>0x77b5</value>
         <object_component_ref idref="oc-4a6"/>
      </symbol>
      <symbol id="sm-f1d">
         <name>memccpy</name>
         <value>0x7cdd</value>
         <object_component_ref idref="oc-4c9"/>
      </symbol>
      <symbol id="sm-f38">
         <name>frexpl</name>
         <value>0x7489</value>
         <object_component_ref idref="oc-4b1"/>
      </symbol>
      <symbol id="sm-f39">
         <name>frexp</name>
         <value>0x7489</value>
         <object_component_ref idref="oc-4b1"/>
      </symbol>
      <symbol id="sm-f56">
         <name>scalbn</name>
         <value>0x69b9</value>
         <object_component_ref idref="oc-4b7"/>
      </symbol>
      <symbol id="sm-f57">
         <name>scalbnl</name>
         <value>0x69b9</value>
         <object_component_ref idref="oc-4b7"/>
      </symbol>
      <symbol id="sm-f58">
         <name>ldexpl</name>
         <value>0x69b9</value>
         <object_component_ref idref="oc-4b7"/>
      </symbol>
      <symbol id="sm-f59">
         <name>ldexp</name>
         <value>0x69b9</value>
         <object_component_ref idref="oc-4b7"/>
      </symbol>
      <symbol id="sm-f63">
         <name>_system_post_cinit</name>
         <value>0x6c7b</value>
         <object_component_ref idref="oc-ed"/>
      </symbol>
      <symbol id="sm-f73">
         <name>strchr</name>
         <value>0x7d11</value>
         <object_component_ref idref="oc-4bd"/>
      </symbol>
      <symbol id="sm-f8f">
         <name>__aeabi_uldivmod</name>
         <value>0x5999</value>
         <object_component_ref idref="oc-48d"/>
      </symbol>
      <symbol id="sm-f97">
         <name>errno</name>
         <value>0x20014bc0</value>
         <object_component_ref idref="oc-557"/>
      </symbol>
      <symbol id="sm-fa1">
         <name>copysign</name>
         <value>0x7d3d</value>
         <object_component_ref idref="oc-551"/>
      </symbol>
      <symbol id="sm-fa2">
         <name>copysignl</name>
         <value>0x7d3d</value>
         <object_component_ref idref="oc-551"/>
      </symbol>
      <symbol id="sm-ff7">
         <name>IntEnable</name>
         <value>0x73b9</value>
         <object_component_ref idref="oc-248"/>
      </symbol>
      <symbol id="sm-ff8">
         <name>IntDisable</name>
         <value>0x7351</value>
         <object_component_ref idref="oc-24e"/>
      </symbol>
      <symbol id="sm-ff9">
         <name>IntRegister</name>
         <value>0x7b35</value>
         <object_component_ref idref="oc-242"/>
      </symbol>
      <symbol id="sm-ffa">
         <name>g_pfnRAMVectors</name>
         <value>0x20000000</value>
         <object_component_ref idref="oc-3f5"/>
      </symbol>
      <symbol id="sm-ffb">
         <name>IntMasterEnable</name>
         <value>0x7d77</value>
         <object_component_ref idref="oc-311"/>
      </symbol>
      <symbol id="sm-1008">
         <name>UARTCharsAvail</name>
         <value>0x7da1</value>
         <object_component_ref idref="oc-23c"/>
      </symbol>
      <symbol id="sm-1012">
         <name>CPUcpsie</name>
         <value>0x7d95</value>
         <object_component_ref idref="oc-47c"/>
      </symbol>
      <symbol id="sm-1013">
         <name>__TI_static_base__</name>
         <value>0x0</value>
      </symbol>
      <symbol id="sm-1016">
         <name>_Znaj</name>
         <value>0x7bd1</value>
      </symbol>
      <symbol id="sm-1017">
         <name>_ZdaPv</name>
         <value>0x7dc5</value>
      </symbol>
   </symbol_table>
   <title>Link successful</title>
</link_info>
