******************************************************************************
                  TI ARM Linker PC v16.9.1                     
******************************************************************************
>> Linked Fri Oct 27 13:59:59 2017

OUTPUT FILE NAME:   <dbMouse_FreeRTOS.out>
ENTRY POINT SYMBOL: "_c_int00"  address: 00016825


MEMORY CONFIGURATION

         name            origin    length      used     unused   attr    fill
----------------------  --------  ---------  --------  --------  ----  --------
  FLASH                 00000000   00100000  00017358  000e8ca8  R  X
  SRAM                  20000000   00040000  00017338  00028cc8  RW X


SEGMENT ALLOCATION MAP

run origin  load origin   length   init length attrs members
----------  ----------- ---------- ----------- ----- -------
00000000    00000000    00017360   00017360    r-x
  00000000    00000000    00000208   00000208    r-- .intvecs
  00000208    00000208    00016b2c   00016b2c    r-x .text
  00016d38    00016d38    0000058c   0000058c    r-- .const
  000172c4    000172c4    00000010   00000010    r-- .init_array
  000172d8    000172d8    00000088   00000088    r-- .cinit
20000000    20000000    000003a0   00000000    rw-
  20000000    20000000    0000026c   00000000    rw- .vtable
  2000026c    2000026c    00000134   00000000    rw- .data
20000400    20000400    00016f98   00000000    rw-
  20000400    20000400    00012d98   00000000    rw- .bss
  20013198    20013198    00004000   00000000    rw- .sysmem
  20017198    20017198    00000200   00000000    rw- .stack


SECTION ALLOCATION MAP

 output                                  attributes/
section   page    origin      length       input sections
--------  ----  ----------  ----------   ----------------
.intvecs   0    00000000    00000208     
                  00000000    00000208     tm4c1294ncpdt_startup_ccs.obj (.intvecs)

.text      0    00000208    00016b2c     
                  00000208    00007918     action.obj (.text)
                  00007b20    0000210c     cmd.obj (.text)
                  00009c2c    00001e88     IrCorr.obj (.text)
                  0000bab4    000013a0     tasks.obj (.text)
                  0000ce54    000011c4     TskTop.obj (.text)
                  0000e018    0000113e     rtsv7M4_T_le_v4SPD16_eabi.lib : _printfi.obj (.text)
                  0000f156    00000002                                   : mpu_init.obj (.text)
                  0000f158    00000cfe     mouse.obj (.text)
                  0000fe56    00000002     rtsv7M4_T_le_v4SPD16_eabi.lib : newhandler.obj (.text)
                  0000fe58    00000958     TskMotor.obj (.text)
                  000107b0    00000910     queue.obj (.text)
                  000110c0    000008b8     TskIr.obj (.text)
                  00011978    000006c8     mmaze.obj (.text)
                  00012040    000005cc     Kalman2Var.obj (.text)
                  0001260c    00000588     rtsv7M4_T_le_v4SPD16_eabi.lib : e_powf.obj (.text)
                  00012b94    0000050c     solve.obj (.text)
                  000130a0    000004cc     timers.obj (.text)
                  0001356c    000003d0     rtsv7M4_T_le_v4SPD16_eabi.lib : memory.obj (.text)
                  0001393c    000003c4     WheelEnc.obj (.text)
                  00013d00    0000039c     rtsv7M4_T_le_v4SPD16_eabi.lib : vec_newdel.obj (.text)
                  0001409c    00000320     Imu2.obj (.text)
                  000143bc    0000024c     DbgUart.obj (.text)
                  00014608    0000023c     rtsv7M4_T_le_v4SPD16_eabi.lib : strtod.obj (.text)
                  00014844    000001f4                                   : ull_div_t2.obj (.text)
                  00014a38    000001ec                                   : e_logf.obj (.text)
                  00014c24    000001dc                                   : e_expf.obj (.text)
                  00014e00    000001b6                                   : fd_add_t2.obj (.text)
                  00014fb6    00000002                                   : startup.obj (.text)
                  00014fb8    000001b0     pinout.obj (.text)
                  00015168    00000194     rtsv7M4_T_le_v4SPD16_eabi.lib : e_acosf.obj (.text)
                  000152fc    00000170                                   : e_sqrt.obj (.text)
                  0001546c    00000164     port.obj (.text)
                  000155d0    00000136     rtsv7M4_T_le_v4SPD16_eabi.lib : fd_div_t2.obj (.text)
                  00015706    00000002     --HOLE-- [fill = 0]
                  00015708    00000100     heap_2.obj (.text)
                  00015808    000000fc     rtsv7M4_T_le_v4SPD16_eabi.lib : fd_mul_t2.obj (.text)
                  00015904    000000fc                                   : s_scalbn.obj (.text)
                  00015a00    000000f4     MotorPwm.obj (.text)
                  00015af4    000000f4     rtsv7M4_T_le_v4SPD16_eabi.lib : dtor_list.obj (.text)
                  00015be8    000000d4     Pid.obj (.text)
                  00015cbc    000000d4     rtsv7M4_T_le_v4SPD16_eabi.lib : s_scalbnf.obj (.text)
                  00015d90    000000d2     portasm.obj (.text)
                  00015e62    00000002     --HOLE-- [fill = 0]
                  00015e64    000000bc     rtsv7M4_T_le_v4SPD16_eabi.lib : typeinfo_.obj (.text)
                  00015f20    000000b4                                   : s_cosf.obj (.text)
                  00015fd4    000000ac                                   : s_tanf.obj (.text)
                  00016080    000000a4                                   : s_sinf.obj (.text)
                  00016124    0000009c                                   : memcpy_t2.obj (.text)
                  000161c0    00000094     Kalman2Var.obj (.text:_ZNK9Matrix2x2mlERKS_)
                  00016254    0000008c     list.obj (.text)
                  000162e0    00000086     rtsv7M4_T_le_v4SPD16_eabi.lib : fd_cmp_t2.obj (.text:__aeabi_cdcmple)
                  00016366    00000086                                   : fd_cmp_t2.obj (.text:__aeabi_cdrcmple)
                  000163ec    00000080                                   : s_floorf.obj (.text)
                  0001646c    0000007a                                   : memset_t2.obj (.text)
                  000164e6    00000002     --HOLE-- [fill = 0]
                  000164e8    00000070                                   : autoinit.obj (.text)
                  00016558    0000006e                                   : fd_tos_t2.obj (.text)
                  000165c6    0000006e                                   : s_roundf.obj (.text)
                  00016634    00000068     driverlib.lib : interrupt.obj (.text:IntEnable)
                  0001669c    00000068     rtsv7M4_T_le_v4SPD16_eabi.lib : copy_decompress_lzss.obj (.text:decompress:lzss)
                  00016704    00000064                                   : s_frexp.obj (.text)
                  00016768    00000060                                   : sprintf.obj (.text)
                  000167c8    0000005c     Kalman2Var.obj (.text:_ZNK9Matrix2x2mlERK7Vector2)
                  00016824    00000054     rtsv7M4_T_le_v4SPD16_eabi.lib : boot.obj (.text)
                  00016878    00000054                                   : exit.obj (.text)
                  000168cc    00000054                                   : ltoa.obj (.text)
                  00016920    0000004c                                   : atoi.obj (.text)
                  0001696c    0000004c                                   : cpy_tbl.obj (.text)
                  000169b8    0000004c                                   : rand.obj (.text)
                  00016a04    00000048                                   : fd_toi_t2.obj (.text)
                  00016a4c    00000038     assert.obj (.text)
                  00016a84    00000038     main.obj (.text)
                  00016abc    00000038     rtsv7M4_T_le_v4SPD16_eabi.lib : fs_tod_t2.obj (.text)
                  00016af4    00000034     driverlib.lib : interrupt.obj (.text:IntRegister)
                  00016b28    00000030     rtsv7M4_T_le_v4SPD16_eabi.lib : new_.obj (.text)
                  00016b58    0000002e                                   : i_tofd_t2.obj (.text)
                  00016b86    00000002     --HOLE-- [fill = 0]
                  00016b88    00000028                                   : e_sqrtf.obj (.text)
                  00016bb0    00000020                                   : guard.obj (.text)
                  00016bd0    0000001c                                   : memccpy.obj (.text)
                  00016bec    00000018                                   : args_main.obj (.text)
                  00016c04    00000018                                   : strcmp.obj (.text)
                  00016c1c    00000016     mmaze.obj (.text:_ZN10Micromouse8GridCoorC1Ev)
                  00016c32    00000016     mmaze.obj (.text:_ZN10Micromouse8GridInfoC1Ev)
                  00016c48    00000016     rtsv7M4_T_le_v4SPD16_eabi.lib : strchr.obj (.text)
                  00016c5e    00000002     --HOLE-- [fill = 0]
                  00016c60    00000014                                   : _lock.obj (.text)
                  00016c74    00000014                                   : s_copysign.obj (.text)
                  00016c88    00000014                                   : strlen.obj (.text)
                  00016c9c    00000012                                   : s_copysignf.obj (.text)
                  00016cae    00000010     driverlib.lib : interrupt.obj (.text:IntMasterEnable)
                  00016cbe    00000010     rtsv7M4_T_le_v4SPD16_eabi.lib : s_lroundf.obj (.text)
                  00016cce    0000000e     mmaze.obj (.text:_ZN10Micromouse5QueueINS_8GridCoorEED1Ev)
                  00016cdc    0000000e     DbgUart.obj (.text:_ZN5QueueIcLb0EED1Ev)
                  00016cea    0000000e     rtsv7M4_T_le_v4SPD16_eabi.lib : copy_decompress_none.obj (.text:decompress:none)
                  00016cf8    0000000c     driverlib.lib : cpu.obj (.text:CPUcpsie)
                  00016d04    0000000c                   : uart.obj (.text:UARTCharsAvail)
                  00016d10    0000000c     rtsv7M4_T_le_v4SPD16_eabi.lib : copy_zero_init.obj (.text:decompress:ZI)
                  00016d1c    0000000c     tm4c1294ncpdt_startup_ccs.obj (.text)
                  00016d28    00000008     rtsv7M4_T_le_v4SPD16_eabi.lib : delete.obj (.text)
                  00016d30    00000004                                   : pre_init.obj (.text)

.const     0    00016d38    0000058c     
                  00016d38    00000101     rtsv7M4_T_le_v4SPD16_eabi.lib : ctype.obj (.const:.string:_ctypes_)
                  00016e39    00000004                                   : typeinfo_.obj (.const:.typeinfo:_ZTSPKe)
                  00016e3d    00000002                                   : typeinfo_.obj (.const:.typeinfo:_ZTSe)
                  00016e3f    00000001     --HOLE-- [fill = 0]
                  00016e40    00000098                                   : strtod.obj (.const:$O1$$)
                  00016ed8    00000070     driverlib.lib : interrupt.obj (.const)
                  00016f48    00000046     TskMotor.obj (.const:.string:_ZZN5QueueIN8TskMotor8VelOmegaELb1EE2DeERS1_Es)
                  00016f8e    00000046     cmd.obj (.const:.string:_ZZN5QueueIN8TskMotor8VelOmegaELb1EE2EnERKS1_Es)
                  00016fd4    00000046     action.obj (.const:.string:_ZZN5QueueIN8TskMotor8VelOmegaELb1EE3LenEvEs)
                  0001701a    00000046     TskMotor.obj (.const:.string:_ZZN5QueueIN8TskMotor8VelOmegaELb1EE5ClearEvEs)
                  00017060    00000046     TskMotor.obj (.const:.string:_ZZN5QueueIN8TskMotor8VelOmegaELb1EEC1EiEs)
                  000170a6    00000002     --HOLE-- [fill = 0]
                  000170a8    00000030     IrCorr.obj (.const:$P$T12$1)
                  000170d8    00000028     rtsv7M4_T_le_v4SPD16_eabi.lib : typeinfo_.obj (.const:.typeinfo:_ZTSN10__cxxabiv123__fundamental_type_infoE)
                  00017100    00000025                                   : typeinfo_.obj (.const:.typeinfo:_ZTSN10__cxxabiv120__si_class_type_infoE)
                  00017125    00000024                                   : typeinfo_.obj (.const:.typeinfo:_ZTSN10__cxxabiv119__pointer_type_infoE)
                  00017149    00000022                                   : typeinfo_.obj (.const:.typeinfo:_ZTSN10__cxxabiv117__class_type_infoE)
                  0001716b    00000022                                   : typeinfo_.obj (.const:.typeinfo:_ZTSN10__cxxabiv117__pbase_type_infoE)
                  0001718d    00000003     --HOLE-- [fill = 0]
                  00017190    0000001e     TskIr.obj (.const:.string)
                  000171ae    00000002     --HOLE-- [fill = 0]
                  000171b0    00000018     rtsv7M4_T_le_v4SPD16_eabi.lib : e_expf.obj (.const:$O1$$)
                  000171c8    00000018                                   : e_powf.obj (.const:$O1$$)
                  000171e0    00000010                                   : typeinfo_.obj (.const:.typeinfo:_ZTIPKe)
                  000171f0    00000010     TskIr.obj (.const:_ZN5TskIr5adcChE)
                  00017200    00000010     Kalman2Var.obj (.const:_ZTV10Kalman2Var)
                  00017210    00000010     rtsv7M4_T_le_v4SPD16_eabi.lib : typeinfo_.obj (.const:_ZTVN10__cxxabiv117__class_type_infoE)
                  00017220    00000010                                   : typeinfo_.obj (.const:_ZTVN10__cxxabiv119__pointer_type_infoE)
                  00017230    00000010                                   : typeinfo_.obj (.const:_ZTVN10__cxxabiv120__si_class_type_infoE)
                  00017240    00000010                                   : typeinfo_.obj (.const:_ZTVN10__cxxabiv123__fundamental_type_infoE)
                  00017250    0000000d     Kalman2Var.obj (.const:.typeinfo:_ZTS10Kalman2Var)
                  0001725d    0000000d     rtsv7M4_T_le_v4SPD16_eabi.lib : typeinfo_.obj (.const:.typeinfo:_ZTSSt9type_info)
                  0001726a    00000002     --HOLE-- [fill = 0]
                  0001726c    0000000c                                   : typeinfo_.obj (.const:.typeinfo:_ZTIN10__cxxabiv117__class_type_infoE)
                  00017278    0000000c                                   : typeinfo_.obj (.const:.typeinfo:_ZTIN10__cxxabiv117__pbase_type_infoE)
                  00017284    0000000c                                   : typeinfo_.obj (.const:.typeinfo:_ZTIN10__cxxabiv119__pointer_type_infoE)
                  00017290    0000000c                                   : typeinfo_.obj (.const:.typeinfo:_ZTIN10__cxxabiv120__si_class_type_infoE)
                  0001729c    0000000c                                   : typeinfo_.obj (.const:.typeinfo:_ZTIN10__cxxabiv123__fundamental_type_infoE)
                  000172a8    00000008     Kalman2Var.obj (.const:.typeinfo:_ZTI10Kalman2Var)
                  000172b0    00000008     rtsv7M4_T_le_v4SPD16_eabi.lib : typeinfo_.obj (.const:.typeinfo:_ZTISt9type_info)
                  000172b8    00000008                                   : typeinfo_.obj (.const:.typeinfo:_ZTIe)
                  000172c0    00000004     port.obj (.const)

.init_array 
*          0    000172c4    00000010     
                  000172c4    00000004     DbgUart.obj (.init_array)
                  000172c8    00000004     Kalman2Var.obj (.init_array)
                  000172cc    00000004     TskMotor.obj (.init_array)
                  000172d0    00000004     action.obj (.init_array)

.cinit     0    000172d8    00000088     
                  000172d8    00000054     (.cinit..data.load) [load image, compression = lzss]
                  0001732c    0000000c     (__TI_handler_table)
                  00017338    00000008     (.cinit..bss.load) [load image, compression = zero_init]
                  00017340    00000008     (.cinit..vtable.load) [load image, compression = zero_init]
                  00017348    00000018     (__TI_cinit_table)

.vtable    0    20000000    0000026c     UNINITIALIZED
                  20000000    0000026c     driverlib.lib : interrupt.obj (.vtable)

.data      0    2000026c    00000134     UNINITIALIZED
                  2000026c    00000034     TskMotor.obj (.data)
                  200002a0    00000034     tasks.obj (.data)
                  200002d4    00000030     TskIr.obj (.data:_ZN5TskIr5IrACsE)
                  20000304    00000014     TskIr.obj (.data:_ZN5TskIr7IrDistsE)
                  20000318    00000010     TskIr.obj (.data:_ZN5TskIr9IrChNamesE)
                  20000328    0000000c     rtsv7M4_T_le_v4SPD16_eabi.lib : exit.obj (.data:$O1$$)
                  20000334    0000000c                                   : memory.obj (.data:$O1$$)
                  20000340    0000000c     WheelEnc.obj (.data)
                  2000034c    0000000c     timers.obj (.data)
                  20000358    00000008     rtsv7M4_T_le_v4SPD16_eabi.lib : _lock.obj (.data:$O1$$)
                  20000360    00000008     TskIr.obj (.data)
                  20000368    00000008     TskIr.obj (.data:_ZN5TskIr6IrIntsE)
                  20000370    00000008     TskIr.obj (.data:_ZN5TskIr7irZerosE)
                  20000378    00000008     heap_2.obj (.data)
                  20000380    00000005     Imu2.obj (.data:imuInitSeq0)
                  20000385    00000002     Imu2.obj (.data:imuInitSeq1)
                  20000387    00000001     Imu2.obj (.data:imuReadSeq)
                  20000388    00000004     port.obj (.data)
                  2000038c    00000004     rtsv7M4_T_le_v4SPD16_eabi.lib : dtor_list.obj (.data)
                  20000390    00000004                                   : errno.obj (.data)
                  20000394    00000004                                   : rand.obj (.data)
                  20000398    00000004                                   : stkdepth_vars.obj (.data)
                  2000039c    00000004                                   : vars.obj (.data)

.bss       0    20000400    00012d98     UNINITIALIZED
                  20000400    00010000     heap_2.obj (.bss:ucHeap)
                  20010400    00000800     (.common:_ZN9TskAction3o_sE)
                  20010c00    00000800     (.common:_ZN9TskAction3v_sE)
                  20011400    00000800     (.common:_ZN9TskAction4InfoE)
                  20011c00    00000800     (.common:_ZN9TskAction6DesireE)
                  20012400    00000400     (.common:pui8ControlTable)
                  20012800    00000200     (.common:dbgStr)
                  20012a00    00000140     tasks.obj (.bss:pxReadyTasksLists)
                  20012b40    0000011c     action.obj (.bss:SP)
                  20012c5c    00000080     (.common:_ZN5TskIr6dbgStrE)
                  20012cdc    00000080     (.common:_ZN6TskTop6dbgStrE)
                  20012d5c    00000080     (.common:_ZN8TskMotor6dbgStrE)
                  20012ddc    00000080     (.common:_ZN8TskPrint3msgE)
                  20012e5c    00000080     (.common:input)
                  20012edc    00000050     action.obj (.bss:CP)
                  20012f2c    00000040     (.common:xQueueRegistry)
                  20012f6c    00000028     TskMotor.obj (.bss:_ZN8TskMotor8pidparamE)
                  20012f94    00000014     DbgUart.obj (.bss:_ZN8TskPrint7QUartRxE)
                  20012fa8    00000014     timers.obj (.bss:xActiveTimerList1)
                  20012fbc    00000014     timers.obj (.bss:xActiveTimerList2)
                  20012fd0    00000014     tasks.obj (.bss:xDelayedTaskList1)
                  20012fe4    00000014     tasks.obj (.bss:xDelayedTaskList2)
                  20012ff8    00000014     tasks.obj (.bss:xPendingReadyList)
                  2001300c    00000014     tasks.obj (.bss:xSuspendedTaskList)
                  20013020    00000014     tasks.obj (.bss:xTasksWaitingTermination)
                  20013034    00000014     (.common:_ZN5TskIr8IrBinThsE)
                  20013048    00000010     Kalman2Var.obj (.bss:I)
                  20013058    00000010     TskMotor.obj (.bss:_ZN8TskMotor1AE)
                  20013068    00000010     TskMotor.obj (.bss:_ZN8TskMotor1HE)
                  20013078    00000010     TskMotor.obj (.bss:_ZN8TskMotor1QE)
                  20013088    00000010     TskMotor.obj (.bss:_ZN8TskMotor1RE)
                  20013098    00000010     TskMotor.obj (.bss:_ZN8TskMotor2P0E)
                  200130a8    00000010     mmaze.obj (.bss:_ZZN10Micromouse5MMaze5FluidEPtRKNS_8GridCoorES4_NS_8WallType4TypeEbE1q)
                  200130b8    0000000e     (.common:imuData)
                  200130c6    00000001     (.common:_ZN6TskTop4ModeE)
                  200130c7    00000001     --HOLE--
                  200130c8    0000000c     (.common:_ZN5TskIr5IrYawE)
                  200130d4    00000008     TskMotor.obj (.bss:_ZN8TskMotor1BE)
                  200130dc    00000008     TskMotor.obj (.bss:_ZN8TskMotor2x0E)
                  200130e4    00000008     TskMotor.obj (.bss:_ZN8TskMotor6desireE)
                  200130ec    00000008     TskMotor.obj (.bss:_ZN8TskMotor6kalOutE)
                  200130f4    00000008     tasks.obj (.bss)
                  200130fc    00000008     timers.obj (.bss)
                  20013104    00000008     heap_2.obj (.bss:xEnd)
                  2001310c    00000008     heap_2.obj (.bss:xStart)
                  20013114    00000005     (.common:_ZN5TskIr6IrBinsE)
                  20013119    00000003     --HOLE--
                  2001311c    00000004     mmaze.obj (.bss)
                  20013120    00000004     (.common:SemActTick)
                  20013124    00000004     (.common:SemIrTick)
                  20013128    00000004     (.common:SemMotTick)
                  2001312c    00000004     (.common:_ZN5TskIr14SemIrAdcFinishE)
                  20013130    00000004     (.common:_ZN5TskIr5MbCmdE)
                  20013134    00000004     (.common:_ZN5solve4QActE)
                  20013138    00000004     (.common:_ZN5solve5MbActE)
                  2001313c    00000004     (.common:_ZN5solve5MbTopE)
                  20013140    00000004     (.common:_ZN6TskTop5MbCmdE)
                  20013144    00000004     (.common:_ZN8TskMotor2AVE)
                  20013148    00000004     (.common:_ZN8TskMotor2LVE)
                  2001314c    00000004     (.common:_ZN8TskMotor5AcclXE)
                  20013150    00000004     (.common:_ZN8TskMotor5GyroZE)
                  20013154    00000004     (.common:_ZN8TskMotor5MbCmdE)
                  20013158    00000004     (.common:_ZN8TskMotor6EncVelE)
                  2001315c    00000004     (.common:_ZN8TskMotor6QMotorE)
                  20013160    00000004     (.common:_ZN8TskPrint5MbCmdE)
                  20013164    00000004     (.common:_ZN9TskAction10actCurrActE)
                  20013168    00000004     (.common:_ZN9TskAction10actHDirPidE)
                  2001316c    00000004     (.common:_ZN9TskAction4IMinE)
                  20013170    00000004     (.common:_ZN9TskAction5IRintE)
                  20013174    00000004     (.common:_ZN9TskAction5MbCmdE)
                  20013178    00000004     (.common:_ZN9TskAction7end_msgE)
                  2001317c    00000004     (.common:_ZN9TskAction8cur_wallE)
                  20013180    00000004     (.common:_ZN9TskAction8distZeroE)
                  20013184    00000004     (.common:_ZN9TskAction8nextWallE)
                  20013188    00000004     (.common:_ZSt16__dummy_typeinfo)
                  2001318c    00000004     (.common:__dso_handle)
                  20013190    00000004     (.common:lp)
                  20013194    00000004     (.common:rp)

.sysmem    0    20013198    00004000     UNINITIALIZED
                  20013198    00000008     rtsv7M4_T_le_v4SPD16_eabi.lib : memory.obj (.sysmem)
                  200131a0    00003ff8     --HOLE--

.stack     0    20017198    00000200     UNINITIALIZED
                  20017198    00000200     --HOLE--

MODULE SUMMARY

       Module                          code    ro data   rw data
       ------                          ----    -------   -------
    .\
       assert.obj                      56      0         512    
       tm4c1294ncpdt_startup_ccs.obj   12      520       0      
       main.obj                        56      0         0      
    +--+-------------------------------+-------+---------+---------+
       Total:                          124     520       512    
                                                                
    .\FreeRTOS\
       tasks.obj                       5024    0         480    
       queue.obj                       2320    0         64     
       timers.obj                      1228    0         60     
       list.obj                        140     0         0      
    +--+-------------------------------+-------+---------+---------+
       Total:                          8712    0         604    
                                                                
    .\FreeRTOS\portable\CCS\ARM_CM4F\
       port.obj                        356     4         4      
       portasm.obj                     210     0         0      
    +--+-------------------------------+-------+---------+---------+
       Total:                          566     4         4      
                                                                
    .\FreeRTOS\portable\MemMang\
       heap_2.obj                      256     0         65560  
    +--+-------------------------------+-------+---------+---------+
       Total:                          256     0         65560  
                                                                
    .\Kalman\
       Kalman2Var.obj                  1724    41        16     
    +--+-------------------------------+-------+---------+---------+
       Total:                          1724    41        16     
                                                                
    .\Pid\
       Pid.obj                         212     0         0      
    +--+-------------------------------+-------+---------+---------+
       Total:                          212     0         0      
                                                                
    .\PinConfig\
       pinout.obj                      432     0         0      
    +--+-------------------------------+-------+---------+---------+
       Total:                          432     0         0      
                                                                
    .\TskIr\
       IrCorr.obj                      7816    48        128    
       TskIr.obj                       2232    46        153    
    +--+-------------------------------+-------+---------+---------+
       Total:                          10048   94        281    
                                                                
    .\TskMotor\
       TskMotor.obj                    2392    214       360    
       Imu2.obj                        800     0         1046   
       WheelEnc.obj                    964     0         32     
       MotorPwm.obj                    244     0         0      
    +--+-------------------------------+-------+---------+---------+
       Total:                          4400    214       1438   
                                                                
    .\TskTop\
       cmd.obj                         8460    70        128    
       TskTop.obj                      4548    0         133    
       DbgUart.obj                     602     4         152    
    +--+-------------------------------+-------+---------+---------+
       Total:                          13610   74        413    
                                                                
    .\action\
       action.obj                      31000   74        8592   
    +--+-------------------------------+-------+---------+---------+
       Total:                          31000   74        8592   
                                                                
    .\mmaze\
       mmaze.obj                       1794    0         20     
    +--+-------------------------------+-------+---------+---------+
       Total:                          1794    0         20     
                                                                
    .\mouse\
       mouse.obj                       3326    0         0      
    +--+-------------------------------+-------+---------+---------+
       Total:                          3326    0         0      
                                                                
    .\solve\
       solve.obj                       1292    0         12     
    +--+-------------------------------+-------+---------+---------+
       Total:                          1292    0         12     
                                                                
    C:/ti/tirtos_tivac_2_16_01_14/products/TivaWare_C_Series-2.1.1.71b/driverlib/ccs/Debug/driverlib.lib
       interrupt.obj                   172     112       620    
       cpu.obj                         12      0         0      
       uart.obj                        12      0         0      
    +--+-------------------------------+-------+---------+---------+
       Total:                          196     112       620    
                                                                
    C:\ti\ccsv7\tools\compiler\ti-cgt-arm_16.9.1.LTS\lib\rtsv7M4_T_le_v4SPD16_eabi.lib
       _printfi.obj                    4414    0         0      
       e_powf.obj                      1416    24        0      
       memory.obj                      976     0         12     
       vec_newdel.obj                  924     0         0      
       strtod.obj                      572     152       0      
       typeinfo_.obj                   188     356       4      
       e_expf.obj                      476     24        0      
       ull_div_t2.obj                  500     0         0      
       e_logf.obj                      492     0         0      
       fd_add_t2.obj                   438     0         0      
       e_acosf.obj                     404     0         0      
       e_sqrt.obj                      368     0         0      
       fd_div_t2.obj                   310     0         0      
       fd_cmp_t2.obj                   268     0         0      
       ctype.obj                       0       257       0      
       dtor_list.obj                   244     0         8      
       fd_mul_t2.obj                   252     0         0      
       s_scalbn.obj                    252     0         0      
       s_scalbnf.obj                   212     0         0      
       s_cosf.obj                      180     0         0      
       s_tanf.obj                      172     0         0      
       s_sinf.obj                      164     0         0      
       memcpy_t2.obj                   156     0         0      
       s_floorf.obj                    128     0         0      
       memset_t2.obj                   122     0         0      
       autoinit.obj                    112     0         0      
       fd_tos_t2.obj                   110     0         0      
       s_roundf.obj                    110     0         0      
       copy_decompress_lzss.obj        104     0         0      
       s_frexp.obj                     100     0         0      
       exit.obj                        84      0         12     
       sprintf.obj                     96      0         0      
       boot.obj                        84      0         0      
       ltoa.obj                        84      0         0      
       rand.obj                        76      0         4      
       atoi.obj                        76      0         0      
       cpy_tbl.obj                     76      0         0      
       fd_toi_t2.obj                   72      0         0      
       fs_tod_t2.obj                   56      0         0      
       new_.obj                        48      0         0      
       i_tofd_t2.obj                   46      0         0      
       e_sqrtf.obj                     40      0         0      
       guard.obj                       32      0         0      
       _lock.obj                       20      0         8      
       memccpy.obj                     28      0         0      
       args_main.obj                   24      0         0      
       strcmp.obj                      24      0         0      
       strchr.obj                      22      0         0      
       s_copysign.obj                  20      0         0      
       strlen.obj                      20      0         0      
       s_copysignf.obj                 18      0         0      
       s_lroundf.obj                   16      0         0      
       copy_decompress_none.obj        14      0         0      
       copy_zero_init.obj              12      0         0      
       delete.obj                      8       0         0      
       errno.obj                       0       0         4      
       pre_init.obj                    4       0         0      
       stkdepth_vars.obj               0       0         4      
       vars.obj                        0       0         4      
       mpu_init.obj                    2       0         0      
       newhandler.obj                  2       0         0      
       startup.obj                     2       0         0      
    +--+-------------------------------+-------+---------+---------+
       Total:                          15270   813       60     
                                                                
       Heap:                           0       0         16384  
       Stack:                          0       0         512    
       Linker Generated:               0       136       0      
    +--+-------------------------------+-------+---------+---------+
       Grand Total:                    92962   2082      95028  


LINKER GENERATED COPY TABLES

__TI_cinit_table @ 00017348 records: 3, size/record: 8, table size: 24
	.data: load addr=000172d8, load size=00000054 bytes, run addr=2000026c, run size=00000134 bytes, compression=lzss
	.bss: load addr=00017338, load size=00000008 bytes, run addr=20000400, run size=00012d98 bytes, compression=zero_init
	.vtable: load addr=00017340, load size=00000008 bytes, run addr=20000000, run size=0000026c bytes, compression=zero_init


LINKER GENERATED HANDLER TABLE

__TI_handler_table @ 0001732c records: 3, size/record: 4, table size: 12
	index: 0, handler: __TI_zero_init
	index: 1, handler: __TI_decompress_lzss
	index: 2, handler: __TI_decompress_none


GLOBAL SYMBOLS: SORTED ALPHABETICALLY BY Name 

address   name                                                                              
-------   ----                                                                              
00014fb9  Board_General_Init                                                                
00016879  C$$EXIT                                                                           
20012edc  CP                                                                                
00016cf9  CPUcpsie                                                                          
20013048  I                                                                                 
000150db  IR_write                                                                          
00016635  IntEnable                                                                         
00016caf  IntMasterEnable                                                                   
00016af5  IntRegister                                                                       
00015089  LED_write                                                                         
00016d1d  ResetISR                                                                          
000172c4  SHT$$INIT_ARRAY$$Base                                                             
000172d4  SHT$$INIT_ARRAY$$Limit                                                            
20012b40  SP                                                                                
20013120  SemActTick                                                                        
20013124  SemIrTick                                                                         
20013128  SemMotTick                                                                        
00016d05  UARTCharsAvail                                                                    
00007b21  _Z10MotorStartv                                                                   
00009ab9  _Z10RandomModev                                                                   
000088ad  _Z12ActionTestLRv                                                                 
000139ab  _Z12BaseTimeInitv                                                                 
0001393d  _Z12BaseTimerISRv                                                                 
0001427d  _Z12ImuGetValuesR11__ImuValues                                                    
000140e9  _Z12ImuStartReadv                                                                 
00015a65  _Z12MotorPwmInitv                                                                 
00013b0f  _Z12WheelEncInitv                                                                 
00015a01  _Z13MotorPwmCoastv                                                                
00014111  _Z13i2cInitConfigPha                                                              
00013c45  _Z14WheelEncGetVelRVfS0_                                                          
00015a17  _Z15MotorPwmSetDutyss                                                             
000087ed  _Z17SendActionAndWaitN9TskAction3Act7ActTypeE                                     
0001409d  _Z18uDmaFillCtrlStructv                                                           
0000fe57  _Z21__default_new_handlerv                                                        
000141c7  _Z7ImuInitv                                                                       
000082f1  _Z7pidTestv                                                                       
00008da9  _Z8ActionIrv                                                                      
0001414f  _Z8UdmaInitv                                                                      
000140b3  _Z8i2cRxISRv                                                                      
00013a6f  _Z8portBISRv                                                                      
00013a39  _Z8portEISRv                                                                      
00013aa5  _Z8portKISRv                                                                      
00007c79  _Z9MotorStopv                                                                     
00016ab3  _Z9__error__Pcj                                                                   
00007d61  _Z9cmd_shellv                                                                     
0001259f  _ZN10Kalman2Var5ResetEv                                                           
00012305  _ZN10Kalman2Var7CorrectE7Vector2                                                  
00012177  _ZN10Kalman2Var7PredictEf                                                         
00012041  _ZN10Kalman2VarC1E9Matrix2x27Vector2S0_S0_S0_S1_S0_                               
00012041  _ZN10Kalman2VarC2E9Matrix2x27Vector2S0_S0_S0_S1_S0_                               
00012597  _ZN10Kalman2VarD0Ev                                                               
00012595  _ZN10Kalman2VarD1Ev                                                               
00012595  _ZN10Kalman2VarD2Ev                                                               
0000f829  _ZN10Micromouse12Turn2RushActEPNS_5QueueINS_7Turning4TypeEEE                      
00011ecb  _ZN10Micromouse5MMaze13ReadMazeGridsEv                                            
00011ead  _ZN10Micromouse5MMaze14StoreMazeGridsEv                                           
00011ca5  _ZN10Micromouse5MMaze5FluidEPtRKNS_8GridCoorES4_NS_8WallType4TypeEb               
00011ee9  _ZN10Micromouse5MMaze6ColNumEv                                                    
00011eef  _ZN10Micromouse5MMaze6RowNumEv                                                    
00011ef5  _ZN10Micromouse5MMaze6TargetEv                                                    
00011bc7  _ZN10Micromouse5MMaze7GetWallERKNS_8GridCoorENS_9Direction4TypeE                  
00011af5  _ZN10Micromouse5MMaze7SetWallERKNS_8GridCoorENS_8WallType4TypeES5_S5_S5_          
00011a1b  _ZN10Micromouse5MMaze7SetWallERKNS_8GridCoorENS_9Direction4TypeENS_8WallType4TypeE
00011979  _ZN10Micromouse5MMazeC1EssRKNS_8GridCoorE                                         
00011979  _ZN10Micromouse5MMazeC2EssRKNS_8GridCoorE                                         
00011a0d  _ZN10Micromouse5MMazeD1Ev                                                         
00011a0d  _ZN10Micromouse5MMazeD2Ev                                                         
0000f35f  _ZN10Micromouse5Mouse11CurrHeadingEv                                              
0000f663  _ZN10Micromouse5Mouse12ReadMazeInfoEv                                             
0000f647  _ZN10Micromouse5Mouse13StoreMazeInfoEv                                            
0000f159  _ZN10Micromouse5Mouse17searchedTimesConvEs                                        
0000f369  _ZN10Micromouse5Mouse4StepENS_8WallType4TypeES2_S2_Pb                             
0000f67f  _ZN10Micromouse5Mouse7GetQActEv                                                   
0000f35b  _ZN10Micromouse5Mouse8CurrCoorEv                                                  
0000f181  _ZN10Micromouse5MouseC1EssRKNS_8GridCoorE                                         
0000f181  _ZN10Micromouse5MouseC2EssRKNS_8GridCoorE                                         
0000f33b  _ZN10Micromouse5MouseD1Ev                                                         
0000f33b  _ZN10Micromouse5MouseD2Ev                                                         
00016ccf  _ZN10Micromouse5QueueINS_8GridCoorEED1Ev                                          
00016c1d  _ZN10Micromouse8GridCoorC1Ev                                                      
00016c33  _ZN10Micromouse8GridInfoC1Ev                                                      
00011fdd  _ZN10MicromousepLERNS_8GridCoorERKNS_9Direction4TypeE                             
00011f2f  _ZN10MicromousepLERNS_9Direction4TypeERKNS_7Turning4TypeE                         
00011f55  _ZN10MicromouseplERKNS_8GridCoorERKNS_9Direction4TypeE                            
00011f0d  _ZN10MicromouseplERKNS_9Direction4TypeERKNS_7Turning4TypeE                        
00011ef9  _ZN10MicromouseppERNS_9Direction4TypeE                                            
00015f11  _ZN10__cxxabiv116__enum_type_infoD0Ev                                             
00015f0f  _ZN10__cxxabiv116__enum_type_infoD1Ev                                             
00015f0f  _ZN10__cxxabiv116__enum_type_infoD2Ev                                             
00015f07  _ZN10__cxxabiv117__array_type_infoD0Ev                                            
00015f05  _ZN10__cxxabiv117__array_type_infoD1Ev                                            
00015f05  _ZN10__cxxabiv117__array_type_infoD2Ev                                            
00015efd  _ZN10__cxxabiv117__class_type_infoD0Ev                                            
00015efb  _ZN10__cxxabiv117__class_type_infoD1Ev                                            
00015efb  _ZN10__cxxabiv117__class_type_infoD2Ev                                            
00015ef3  _ZN10__cxxabiv117__pbase_type_infoD0Ev                                            
00015ef1  _ZN10__cxxabiv117__pbase_type_infoD1Ev                                            
00015ef1  _ZN10__cxxabiv117__pbase_type_infoD2Ev                                            
00015ee9  _ZN10__cxxabiv119__pointer_type_infoD0Ev                                          
00015ee7  _ZN10__cxxabiv119__pointer_type_infoD1Ev                                          
00015ee7  _ZN10__cxxabiv119__pointer_type_infoD2Ev                                          
00015edf  _ZN10__cxxabiv120__function_type_infoD0Ev                                         
00015edd  _ZN10__cxxabiv120__function_type_infoD1Ev                                         
00015edd  _ZN10__cxxabiv120__function_type_infoD2Ev                                         
00015ed5  _ZN10__cxxabiv120__si_class_type_infoD0Ev                                         
00015ed3  _ZN10__cxxabiv120__si_class_type_infoD1Ev                                         
00015ed3  _ZN10__cxxabiv120__si_class_type_infoD2Ev                                         
00015ecb  _ZN10__cxxabiv121__vmi_class_type_infoD0Ev                                        
00015ec9  _ZN10__cxxabiv121__vmi_class_type_infoD1Ev                                        
00015ec9  _ZN10__cxxabiv121__vmi_class_type_infoD2Ev                                        
00015ec1  _ZN10__cxxabiv123__fundamental_type_infoD0Ev                                      
00015ebf  _ZN10__cxxabiv123__fundamental_type_infoD1Ev                                      
00015ebf  _ZN10__cxxabiv123__fundamental_type_infoD2Ev                                      
00015eb7  _ZN10__cxxabiv129__pointer_to_member_type_infoD0Ev                                
00015eb5  _ZN10__cxxabiv129__pointer_to_member_type_infoD1Ev                                
00015eb5  _ZN10__cxxabiv129__pointer_to_member_type_infoD2Ev                                
00015c2d  _ZN3Pid4TickEf                                                                    
00015ca7  _ZN3Pid5ResetEv                                                                   
00015be9  _ZN3PidC1Efffffff                                                                 
00015be9  _ZN3PidC2Efffffff                                                                 
00016cdd  _ZN5QueueIcLb0EED1Ev                                                              
000111e1  _ZN5TskIr10irDetStartEv                                                           
000110c1  _ZN5TskIr10irTimerISREv                                                           
000117d9  _ZN5TskIr11TestIrTouchEhii                                                        
0001186d  _ZN5TskIr11WaitIrTouchEhii                                                        
00009e81  _ZN5TskIr11irApprox2ndEPfS0_iS0_                                                  
20000364  _ZN5TskIr11irEmitterNoE                                                           
00009d07  _ZN5TskIr11linEquSolveEPfi                                                        
20000360  _ZN5TskIr12irEmitEnableE                                                          
00009c93  _ZN5TskIr12programFlashEjPji                                                      
2001312c  _ZN5TskIr14SemIrAdcFinishE                                                        
0000a081  _ZN5TskIr14doIrCorrectionEv                                                       
00009c2d  _ZN5TskIr15eraseFlashBlockEi                                                      
00009c5d  _ZN5TskIr16programFlashWordEjj                                                    
00011789  _ZN5TskIr4InitEv                                                                  
00011611  _ZN5TskIr4taskEPv                                                                 
200002d4  _ZN5TskIr5IrACsE                                                                  
200130c8  _ZN5TskIr5IrYawE                                                                  
20013130  _ZN5TskIr5MbCmdE                                                                  
20013114  _ZN5TskIr6IrBinsE                                                                 
20000368  _ZN5TskIr6IrIntsE                                                                 
20012c5c  _ZN5TskIr6dbgStrE                                                                 
20000304  _ZN5TskIr7IrDistsE                                                                
0001134d  _ZN5TskIr7irCalcsEv                                                               
20000370  _ZN5TskIr7irZerosE                                                                
20013034  _ZN5TskIr8IrBinThsE                                                               
00009fa5  _ZN5TskIr8irApproxEPfS0_iS0_S0_                                                   
20000318  _ZN5TskIr9IrChNamesE                                                              
00009cb5  _ZN5TskIr9ReadFlashEjPhi                                                          
00011205  _ZN5TskIr9irDetInitEv                                                             
00012b95  _ZN5solve11GetNextWallEv                                                          
00012d59  _ZN5solve12SearchAndRunEb                                                         
00012bbd  _ZN5solve14breakBeforeRunEv                                                       
00012ffd  _ZN5solve4InitEv                                                                  
20013134  _ZN5solve4QActE                                                                   
00012fc1  _ZN5solve4taskEPv                                                                 
20013138  _ZN5solve5MbActE                                                                  
2001313c  _ZN5solve5MbTopE                                                                  
0000d4d1  _ZN6TskTop10actionTestEv                                                          
0000d8c1  _ZN6TskTop13clearMazeInfoEv                                                       
0000cfa5  _ZN6TskTop13encImuMonitorEv                                                       
0000dbb1  _ZN6TskTop14dbgPutModeNameENS_9MouseMode8ModeTypeE                                
0000ce55  _ZN6TskTop14doIrCorrectionEv                                                      
0000ddf1  _ZN6TskTop4InitEv                                                                 
200130c6  _ZN6TskTop4ModeE                                                                  
0000dc45  _ZN6TskTop4taskEPv                                                                
20013140  _ZN6TskTop5MbCmdE                                                                 
20012cdc  _ZN6TskTop6dbgStrE                                                                
0000da77  _ZN6TskTop7SetLedsEh                                                              
00007d61  _ZN6TskTop7uartCmdEv                                                              
0000d939  _ZN6TskTop8RushTestEv                                                             
0000dab9  _ZN6TskTop8actPrintEN9TskAction3Act7ActTypeE                                      
0000d249  _ZN6TskTop9irMonitorEv                                                            
0000d6b1  _ZN6TskTop9solveTestEv                                                            
2000029e  _ZN8TskMotor11AcclEnabledE                                                        
20000274  _ZN8TskMotor11DistanceAccE                                                        
2000029d  _ZN8TskMotor11GyroEnabledE                                                        
20000298  _ZN8TskMotor11TemperatureE                                                        
2000029c  _ZN8TskMotor12MotorEnabledE                                                       
20000280  _ZN8TskMotor14DesireDistanceE                                                     
2000027c  _ZN8TskMotor14DistanceAcc_enE                                                     
2000029f  _ZN8TskMotor15AcqZerosEnabledE                                                    
20013058  _ZN8TskMotor1AE                                                                   
200130d4  _ZN8TskMotor1BE                                                                   
20013068  _ZN8TskMotor1HE                                                                   
20013078  _ZN8TskMotor1QE                                                                   
20013088  _ZN8TskMotor1RE                                                                   
20013144  _ZN8TskMotor2AVE                                                                  
20013148  _ZN8TskMotor2LVE                                                                  
20013098  _ZN8TskMotor2P0E                                                                  
200130dc  _ZN8TskMotor2x0E                                                                  
00010571  _ZN8TskMotor4InitEv                                                               
0000fe6d  _ZN8TskMotor4taskEPv                                                              
2001314c  _ZN8TskMotor5AcclXE                                                               
20013150  _ZN8TskMotor5GyroZE                                                               
2000028c  _ZN8TskMotor5LvAdjE                                                               
20013154  _ZN8TskMotor5MbCmdE                                                               
20013158  _ZN8TskMotor6EncVelE                                                              
20000288  _ZN8TskMotor6OmgAdjE                                                              
2001315c  _ZN8TskMotor6QMotorE                                                              
20012d5c  _ZN8TskMotor6dbgStrE                                                              
200130e4  _ZN8TskMotor6desireE                                                              
200130ec  _ZN8TskMotor6kalOutE                                                              
20000270  _ZN8TskMotor7EncLVelE                                                             
2000026c  _ZN8TskMotor7EncRVelE                                                             
20000278  _ZN8TskMotor8AngleAccE                                                            
20000284  _ZN8TskMotor8CurrentVE                                                            
20012f6c  _ZN8TskMotor8pidparamE                                                            
20000294  _ZN8TskMotor9AcclXZeroE                                                           
20000290  _ZN8TskMotor9GyroZZeroE                                                           
000144a9  _ZN8TskPrint11UartGetLineEPc                                                      
20012ddc  _ZN8TskPrint3msgE                                                                 
00014557  _ZN8TskPrint4InitEv                                                               
0001452f  _ZN8TskPrint4taskEPv                                                              
20013160  _ZN8TskPrint5MbCmdE                                                               
20012f94  _ZN8TskPrint7QUartRxE                                                             
00014433  _ZN8TskPrint9UART2InitEv                                                          
0001450b  _ZN8TskPrint9UartWriteEPc                                                         
000143bd  _ZN8TskPrint9uartRxISREv                                                          
00006b85  _ZN9TskAction10actCorrFwdEv                                                       
20013164  _ZN9TskAction10actCurrActE                                                        
20013168  _ZN9TskAction10actHDirPidE                                                        
00000dad  _ZN9TskAction10actRestartEv                                                       
00001769  _ZN9TskAction10actRushOutEv                                                       
00000209  _ZN9TskAction11GetWallInfoEPNS_10WallStatusE                                      
00006641  _ZN9TskAction11actCorrBackEPNS_10WallStatusE                                      
000070fd  _ZN9TskAction11actCorrLR90ENS_3Act7ActTypeE                                       
00006201  _ZN9TskAction11actCorrStopEv                                                      
00000e7f  _ZN9TskAction11actTurnBackEv                                                      
00005fb9  _ZN9TskAction12actCorrStartEv                                                     
000002a9  _ZN9TskAction13MotionCalcFwdEfffPf                                                
000003d9  _ZN9TskAction14MotionCalcTurnEfffPfS0_                                            
0000691d  _ZN9TskAction14actCorrRestartEv                                                   
00006b61  _ZN9TskAction15actCorrStopBackEv                                                  
0000030f  _ZN9TskAction16MotionCalcRotateEffPf                                              
0000069d  _ZN9TskAction20actFwdDisCorrByFwdIrEPNS_10WallStatusE                             
00006b4d  _ZN9TskAction22actCorrStopBackRestartEv                                           
00000675  _ZN9TskAction24actHeadingDirCorrByFwdIrEPNS_10WallStatusE                         
00000631  _ZN9TskAction29actHeadingDirCorrBySideIrSideEPNS_10WallStatusE                    
00000719  _ZN9TskAction32actFwdEndCorrBySideWallDisappearEPNS_10WallStatusEfff              
20010400  _ZN9TskAction3o_sE                                                                
20010c00  _ZN9TskAction3v_sE                                                                
2001316c  _ZN9TskAction4IMinE                                                               
20011400  _ZN9TskAction4InfoE                                                               
0000780d  _ZN9TskAction4InitEv                                                              
00007581  _ZN9TskAction4taskEPv                                                             
20013170  _ZN9TskAction5IRintE                                                              
20013174  _ZN9TskAction5MbCmdE                                                              
20011c00  _ZN9TskAction6DesireE                                                             
00000e99  _ZN9TskAction6actFwdEv                                                            
00000c11  _ZN9TskAction7actBackEv                                                           
00003571  _ZN9TskAction7actL180Ev                                                           
00001841  _ZN9TskAction7actL45iEv                                                           
00004291  _ZN9TskAction7actL45oEv                                                           
00002bc5  _ZN9TskAction7actL90rEv                                                           
000055fd  _ZN9TskAction7actL90tEv                                                           
00000f75  _ZN9TskAction7actLR90ENS_3Act7ActTypeE                                            
00003bfd  _ZN9TskAction7actR180Ev                                                           
00001d05  _ZN9TskAction7actR45iEv                                                           
00004769  _ZN9TskAction7actR45oEv                                                           
000030a1  _ZN9TskAction7actR90rEv                                                           
00005ad9  _ZN9TskAction7actR90tEv                                                           
00000a35  _ZN9TskAction7actStopEv                                                           
20013178  _ZN9TskAction7end_msgE                                                            
00000227  _ZN9TskAction8WaitQEndEv                                                          
0000127d  _ZN9TskAction8actCRushEv                                                          
00002201  _ZN9TskAction8actL135iEv                                                          
00004c45  _ZN9TskAction8actL135oEv                                                          
000026e5  _ZN9TskAction8actR135iEv                                                          
0000511d  _ZN9TskAction8actR135oEv                                                          
00000879  _ZN9TskAction8actStartEv                                                          
00001351  _ZN9TskAction8actTRushEv                                                          
2001317c  _ZN9TskAction8cur_wallE                                                           
20013180  _ZN9TskAction8distZeroE                                                           
20013184  _ZN9TskAction8nextWallE                                                           
00001681  _ZN9TskAction9actRushInEv                                                         
000167c9  _ZNK9Matrix2x2mlERK7Vector2                                                       
000161c1  _ZNK9Matrix2x2mlERKS_                                                             
00015e77  _ZNKSt9type_info4nameEv                                                           
00015ea7  _ZNKSt9type_info6beforeERKS_                                                      
00015e91  _ZNKSt9type_infoeqERKS_                                                           
00015e7b  _ZNKSt9type_infoneERKS_                                                           
00015e6f  _ZNSt9type_infoD0Ev                                                               
00015e6d  _ZNSt9type_infoD1Ev                                                               
00015e6d  _ZNSt9type_infoD2Ev                                                               
20013188  _ZSt16__dummy_typeinfo                                                            
00015e65  _ZSt21__gen_dummy_typeinfosv                                                      
000172a8  _ZTI10Kalman2Var                                                                  
0001726c  _ZTIN10__cxxabiv117__class_type_infoE                                             
00017278  _ZTIN10__cxxabiv117__pbase_type_infoE                                             
00017284  _ZTIN10__cxxabiv119__pointer_type_infoE                                           
00017290  _ZTIN10__cxxabiv120__si_class_type_infoE                                          
0001729c  _ZTIN10__cxxabiv123__fundamental_type_infoE                                       
000171e0  _ZTIPKe                                                                           
000172b0  _ZTISt9type_info                                                                  
000172b8  _ZTIe                                                                             
00017250  _ZTS10Kalman2Var                                                                  
00017149  _ZTSN10__cxxabiv117__class_type_infoE                                             
0001716b  _ZTSN10__cxxabiv117__pbase_type_infoE                                             
00017125  _ZTSN10__cxxabiv119__pointer_type_infoE                                           
00017100  _ZTSN10__cxxabiv120__si_class_type_infoE                                          
000170d8  _ZTSN10__cxxabiv123__fundamental_type_infoE                                       
00016e39  _ZTSPKe                                                                           
0001725d  _ZTSSt9type_info                                                                  
00016e3d  _ZTSe                                                                             
00017200  _ZTV10Kalman2Var                                                                  
00017210  _ZTVN10__cxxabiv117__class_type_infoE                                             
00017220  _ZTVN10__cxxabiv119__pointer_type_infoE                                           
00017230  _ZTVN10__cxxabiv120__si_class_type_infoE                                          
00017240  _ZTVN10__cxxabiv123__fundamental_type_infoE                                       
00016f48  _ZZN5QueueIN8TskMotor8VelOmegaELb1EE2DeERS1_Es                                    
00016f8e  _ZZN5QueueIN8TskMotor8VelOmegaELb1EE2EnERKS1_Es                                   
00016fd4  _ZZN5QueueIN8TskMotor8VelOmegaELb1EE3LenEvEs                                      
0001701a  _ZZN5QueueIN8TskMotor8VelOmegaELb1EE5ClearEvEs                                    
00017060  _ZZN5QueueIN8TskMotor8VelOmegaELb1EEC1EiEs                                        
00016d29  _ZdaPv                                                                            
00016d29  _ZdlPv                                                                            
00016b29  _Znaj                                                                             
00016b29  _Znwj                                                                             
20017398  __STACK_END                                                                       
00000200  __STACK_SIZE                                                                      
20017398  __STACK_TOP                                                                       
00004000  __SYSMEM_SIZE                                                                     
00017348  __TI_CINIT_Base                                                                   
00017360  __TI_CINIT_Limit                                                                  
0001732c  __TI_Handler_Table_Base                                                           
00017338  __TI_Handler_Table_Limit                                                          
000164e9  __TI_auto_init                                                                    
20000328  __TI_cleanup_ptr                                                                  
0001669d  __TI_decompress_lzss                                                              
00016ceb  __TI_decompress_none                                                              
2000032c  __TI_dtors_ptr                                                                    
20000330  __TI_enable_exit_profile_output                                                   
ffffffff  __TI_pprof_out_hndl                                                               
0000e85d  __TI_printfi                                                                      
ffffffff  __TI_prof_data_size                                                               
ffffffff  __TI_prof_data_start                                                              
00000000  __TI_static_base__                                                                
00016d11  __TI_zero_init                                                                    
00015b8f  __aeabi_atexit                                                                    
000162e1  __aeabi_cdcmpeq                                                                   
000162e1  __aeabi_cdcmple                                                                   
00016367  __aeabi_cdrcmple                                                                  
00016559  __aeabi_d2f                                                                       
00016a05  __aeabi_d2iz                                                                      
00014e0b  __aeabi_dadd                                                                      
000155d1  __aeabi_ddiv                                                                      
00015809  __aeabi_dmul                                                                      
00014e01  __aeabi_dsub                                                                      
00016abd  __aeabi_f2d                                                                       
00016b59  __aeabi_i2d                                                                       
0001646d  __aeabi_memclr                                                                    
0001646d  __aeabi_memclr4                                                                   
0001646d  __aeabi_memclr8                                                                   
00016125  __aeabi_memcpy                                                                    
00016125  __aeabi_memcpy4                                                                   
00016125  __aeabi_memcpy8                                                                   
0001646f  __aeabi_memset                                                                    
0001646f  __aeabi_memset4                                                                   
0001646f  __aeabi_memset8                                                                   
00014845  __aeabi_uldivmod                                                                  
00014077  __aeabi_vec_cctor_nocookie_nodtor                                                 
00014053  __aeabi_vec_ctor_cookie_nodtor                                                    
00014041  __aeabi_vec_ctor_nocookie_nodtor                                                  
00014035  __aeabi_vec_delete                                                                
00014019  __aeabi_vec_delete3                                                               
00013fff  __aeabi_vec_delete3_nodtor                                                        
00013fcd  __aeabi_vec_dtor                                                                  
00013fe1  __aeabi_vec_dtor_cookie                                                           
00013fb9  __aeabi_vec_new_cookie                                                            
00013f9d  __aeabi_vec_new_cookie_noctor                                                     
00013f77  __aeabi_vec_new_cookie_nodtor                                                     
00013f63  __aeabi_vec_new_nocookie                                                          
ffffffff  __binit__                                                                         
ffffffff  __c_args__                                                                        
00015b3d  __cxa_atexit                                                                      
00015af5  __cxa_finalize                                                                    
00016bc7  __cxa_guard_abort                                                                 
00016bbb  __cxa_guard_acquire                                                               
00016bb1  __cxa_guard_release                                                               
00015b37  __cxa_ia64_exit                                                                   
00013f39  __cxa_vec_cctor                                                                   
00013f19  __cxa_vec_cleanup                                                                 
00013ef5  __cxa_vec_ctor                                                                    
00013ecf  __cxa_vec_delete                                                                  
00013ea9  __cxa_vec_delete2                                                                 
00013e83  __cxa_vec_delete3                                                                 
00013e67  __cxa_vec_dtor                                                                    
00013dcb  __cxa_vec_new                                                                     
00013d9f  __cxa_vec_new2                                                                    
00013d73  __cxa_vec_new3                                                                    
2001318c  __dso_handle                                                                      
0000f157  __mpu_init                                                                        
20017198  __stack                                                                           
00007875  __sti___10_action_cpp_SP                                                          
00014599  __sti___11_DbgUart_cpp_e363817f                                                   
00010621  __sti___12_TskMotor_cpp_440a4bfa                                                  
000125df  __sti___14_Kalman2Var_cpp_aa8a8511                                                
00016bed  _args_main                                                                        
00016825  _c_int00                                                                          
00016d38  _ctypes_                                                                          
20000358  _lock                                                                             
2000039c  _new_handler                                                                      
00016c6f  _nop                                                                              
00016c67  _register_lock                                                                    
00016c61  _register_unlock                                                                  
20013198  _sys_memory                                                                       
00014fb7  _system_post_cinit                                                                
00016d31  _system_pre_init                                                                  
2000035c  _unlock                                                                           
0001687d  abort                                                                             
00015169  acosf                                                                             
00015b81  atexit                                                                            
00016921  atoi                                                                              
ffffffff  binit                                                                             
0001390d  calloc                                                                            
0001696d  copy_in                                                                           
00016c75  copysign                                                                          
00016c9d  copysignf                                                                         
00016c75  copysignl                                                                         
00015f21  cosf                                                                              
20012800  dbgStr                                                                            
0000bd77  eTaskGetState                                                                     
20000390  errno                                                                             
00016885  exit                                                                              
00014c25  expf                                                                              
000163ed  floorf                                                                            
00013657  free                                                                              
00016705  frexp                                                                             
00016705  frexpl                                                                            
20000000  g_pfnRAMVectors                                                                   
00000000  g_pfnVectors                                                                      
200130b8  imuData                                                                           
20000380  imuInitSeq0                                                                       
20000385  imuInitSeq1                                                                       
20000387  imuReadSeq                                                                        
20012e5c  input                                                                             
00015905  ldexp                                                                             
00015cbd  ldexpf                                                                            
00015905  ldexpl                                                                            
00014a39  logf                                                                              
20013190  lp                                                                                
00016cbf  lroundf                                                                           
000168cd  ltoa                                                                              
00016a85  main                                                                              
20000398  main_func_sp                                                                      
000135ed  malloc                                                                            
00013821  memalign                                                                          
00016bd1  memccpy                                                                           
00016125  memcpy                                                                            
00016475  memset                                                                            
0001356d  minit                                                                             
0001102b  pcQueueGetName                                                                    
0000c249  pcTaskGetName                                                                     
000131e9  pcTimerGetName                                                                    
0001260d  powf                                                                              
20012400  pui8ControlTable                                                                  
00015709  pvPortMalloc                                                                      
0000ca01  pvTaskIncrementMutexHeldCount                                                     
0001350d  pvTimerGetTimerID                                                                 
200002a0  pxCurrentTCB                                                                      
0001546d  pxPortInitialiseStack                                                             
000169cf  rand                                                                              
00013719  realloc                                                                           
20000344  rotateL                                                                           
20000340  rotateR                                                                           
000165c7  roundf                                                                            
20013194  rp                                                                                
00015905  scalbn                                                                            
00015cbd  scalbnf                                                                           
00015905  scalbnl                                                                           
00016081  sinf                                                                              
00016769  sprintf                                                                           
000152fd  sqrt                                                                              
00016b89  sqrtf                                                                             
000152fd  sqrtl                                                                             
000169b9  srand                                                                             
00016c49  strchr                                                                            
00016c05  strcmp                                                                            
00016c89  strlen                                                                            
00014609  strtod                                                                            
00014609  strtold                                                                           
[...]
000162bb  uxListRemove                                                                      
000162e1  __aeabi_cdcmpeq                                                                   
000162e1  __aeabi_cdcmple                                                                   
00016367  __aeabi_cdrcmple                                                                  
000163ed  floorf                                                                            
0001646d  __aeabi_memclr                                                                    
0001646d  __aeabi_memclr4                                                                   
0001646d  __aeabi_memclr8                                                                   
0001646f  __aeabi_memset                                                                    
0001646f  __aeabi_memset4                                                                   
0001646f  __aeabi_memset8                                                                   
00016475  memset                                                                            
000164e9  __TI_auto_init                                                                    
00016559  __aeabi_d2f                                                                       
000165c7  roundf                                                                            
00016635  IntEnable                                                                         
0001669d  __TI_decompress_lzss                                                              
00016705  frexp                                                                             
00016705  frexpl                                                                            
00016769  sprintf                                                                           
000167c9  _ZNK9Matrix2x2mlERK7Vector2                                                       
00016825  _c_int00                                                                          
00016879  C$$EXIT                                                                           
0001687d  abort                                                                             
00016885  exit                                                                              
000168cd  ltoa                                                                              
00016921  atoi                                                                              
0001696d  copy_in                                                                           
000169b9  srand                                                                             
000169cf  rand                                                                              
00016a05  __aeabi_d2iz                                                                      
00016a4d  vApplicationAssert                                                                
00016a85  main                                                                              
00016ab3  _Z9__error__Pcj                                                                   
00016abd  __aeabi_f2d                                                                       
00016af5  IntRegister                                                                       
00016b29  _Znaj                                                                             
00016b29  _Znwj                                                                             
00016b59  __aeabi_i2d                                                                       
00016b89  sqrtf                                                                             
00016bb1  __cxa_guard_release                                                               
00016bbb  __cxa_guard_acquire                                                               
00016bc7  __cxa_guard_abort                                                                 
00016bd1  memccpy                                                                           
00016bed  _args_main                                                                        
00016c05  strcmp                                                                            
00016c1d  _ZN10Micromouse8GridCoorC1Ev                                                      
00016c33  _ZN10Micromouse8GridInfoC1Ev                                                      
00016c49  strchr                                                                            
00016c61  _register_unlock                                                                  
00016c67  _register_lock                                                                    
00016c6f  _nop                                                                              
00016c75  copysign                                                                          
00016c75  copysignl                                                                         
00016c89  strlen                                                                            
00016c9d  copysignf                                                                         
00016caf  IntMasterEnable                                                                   
00016cbf  lroundf                                                                           
00016ccf  _ZN10Micromouse5QueueINS_8GridCoorEED1Ev                                          
00016cdd  _ZN5QueueIcLb0EED1Ev                                                              
00016ceb  __TI_decompress_none                                                              
00016cf9  CPUcpsie                                                                          
00016d05  UARTCharsAvail                                                                    
00016d11  __TI_zero_init                                                                    
00016d1d  ResetISR                                                                          
00016d29  _ZdaPv                                                                            
00016d29  _ZdlPv                                                                            
00016d31  _system_pre_init                                                                  
00016d38  _ctypes_                                                                          
00016e39  _ZTSPKe                                                                           
00016e3d  _ZTSe                                                                             
00016f48  _ZZN5QueueIN8TskMotor8VelOmegaELb1EE2DeERS1_Es                                    
00016f8e  _ZZN5QueueIN8TskMotor8VelOmegaELb1EE2EnERKS1_Es                                   
00016fd4  _ZZN5QueueIN8TskMotor8VelOmegaELb1EE3LenEvEs                                      
0001701a  _ZZN5QueueIN8TskMotor8VelOmegaELb1EE5ClearEvEs                                    
00017060  _ZZN5QueueIN8TskMotor8VelOmegaELb1EEC1EiEs                                        
000170d8  _ZTSN10__cxxabiv123__fundamental_type_infoE                                       
00017100  _ZTSN10__cxxabiv120__si_class_type_infoE                                          
00017125  _ZTSN10__cxxabiv119__pointer_type_infoE                                           
00017149  _ZTSN10__cxxabiv117__class_type_infoE                                             
0001716b  _ZTSN10__cxxabiv117__pbase_type_infoE                                             
000171e0  _ZTIPKe                                                                           
00017200  _ZTV10Kalman2Var                                                                  
00017210  _ZTVN10__cxxabiv117__class_type_infoE                                             
00017220  _ZTVN10__cxxabiv119__pointer_type_infoE                                           
00017230  _ZTVN10__cxxabiv120__si_class_type_infoE                                          
00017240  _ZTVN10__cxxabiv123__fundamental_type_infoE                                       
00017250  _ZTS10Kalman2Var                                                                  
0001725d  _ZTSSt9type_info                                                                  
0001726c  _ZTIN10__cxxabiv117__class_type_infoE                                             
00017278  _ZTIN10__cxxabiv117__pbase_type_infoE                                             
00017284  _ZTIN10__cxxabiv119__pointer_type_infoE                                           
00017290  _ZTIN10__cxxabiv120__si_class_type_infoE                                          
0001729c  _ZTIN10__cxxabiv123__fundamental_type_infoE                                       
000172a8  _ZTI10Kalman2Var                                                                  
000172b0  _ZTISt9type_info                                                                  
000172b8  _ZTIe                                                                             
000172c0  ulMaxSyscallInterruptPriority                                                     
000172c4  SHT$$INIT_ARRAY$$Base                                                             
000172d4  SHT$$INIT_ARRAY$$Limit                                                            
0001732c  __TI_Handler_Table_Base                                                           
00017338  __TI_Handler_Table_Limit                                                          
00017348  __TI_CINIT_Base                                                                   
00017360  __TI_CINIT_Limit                                                                  
20000000  g_pfnRAMVectors                                                                   
2000026c  _ZN8TskMotor7EncRVelE                                                             
20000270  _ZN8TskMotor7EncLVelE                                                             
20000274  _ZN8TskMotor11DistanceAccE                                                        
20000278  _ZN8TskMotor8AngleAccE                                                            
2000027c  _ZN8TskMotor14DistanceAcc_enE                                                     
20000280  _ZN8TskMotor14DesireDistanceE                                                     
20000284  _ZN8TskMotor8CurrentVE                                                            
20000288  _ZN8TskMotor6OmgAdjE                                                              
2000028c  _ZN8TskMotor5LvAdjE                                                               
20000290  _ZN8TskMotor9GyroZZeroE                                                           
20000294  _ZN8TskMotor9AcclXZeroE                                                           
20000298  _ZN8TskMotor11TemperatureE                                                        
2000029c  _ZN8TskMotor12MotorEnabledE                                                       
2000029d  _ZN8TskMotor11GyroEnabledE                                                        
2000029e  _ZN8TskMotor11AcclEnabledE                                                        
2000029f  _ZN8TskMotor15AcqZerosEnabledE                                                    
200002a0  pxCurrentTCB                                                                      
200002d4  _ZN5TskIr5IrACsE                                                                  
20000304  _ZN5TskIr7IrDistsE                                                                
20000318  _ZN5TskIr9IrChNamesE                                                              
20000328  __TI_cleanup_ptr                                                                  
2000032c  __TI_dtors_ptr                                                                    
20000330  __TI_enable_exit_profile_output                                                   
20000340  rotateR                                                                           
20000344  rotateL                                                                           
20000348  val                                                                               
20000358  _lock                                                                             
2000035c  _unlock                                                                           
20000360  _ZN5TskIr12irEmitEnableE                                                          
20000364  _ZN5TskIr11irEmitterNoE                                                           
20000368  _ZN5TskIr6IrIntsE                                                                 
20000370  _ZN5TskIr7irZerosE                                                                
20000380  imuInitSeq0                                                                       
20000385  imuInitSeq1                                                                       
20000387  imuReadSeq                                                                        
20000390  errno                                                                             
20000398  main_func_sp                                                                      
2000039c  _new_handler                                                                      
20010400  _ZN9TskAction3o_sE                                                                
20010c00  _ZN9TskAction3v_sE                                                                
20011400  _ZN9TskAction4InfoE                                                               
20011c00  _ZN9TskAction6DesireE                                                             
20012400  pui8ControlTable                                                                  
20012800  dbgStr                                                                            
20012b40  SP                                                                                
20012c5c  _ZN5TskIr6dbgStrE                                                                 
20012cdc  _ZN6TskTop6dbgStrE                                                                
20012d5c  _ZN8TskMotor6dbgStrE                                                              
20012ddc  _ZN8TskPrint3msgE                                                                 
20012e5c  input                                                                             
20012edc  CP                                                                                
20012f2c  xQueueRegistry                                                                    
20012f6c  _ZN8TskMotor8pidparamE                                                            
20012f94  _ZN8TskPrint7QUartRxE                                                             
20013034  _ZN5TskIr8IrBinThsE                                                               
20013048  I                                                                                 
20013058  _ZN8TskMotor1AE                                                                   
20013068  _ZN8TskMotor1HE                                                                   
20013078  _ZN8TskMotor1QE                                                                   
20013088  _ZN8TskMotor1RE                                                                   
20013098  _ZN8TskMotor2P0E                                                                  
200130b8  imuData                                                                           
200130c6  _ZN6TskTop4ModeE                                                                  
200130c8  _ZN5TskIr5IrYawE                                                                  
200130d4  _ZN8TskMotor1BE                                                                   
200130dc  _ZN8TskMotor2x0E                                                                  
200130e4  _ZN8TskMotor6desireE                                                              
200130ec  _ZN8TskMotor6kalOutE                                                              
20013114  _ZN5TskIr6IrBinsE                                                                 
20013120  SemActTick                                                                        
20013124  SemIrTick                                                                         
20013128  SemMotTick                                                                        
2001312c  _ZN5TskIr14SemIrAdcFinishE                                                        
20013130  _ZN5TskIr5MbCmdE                                                                  
20013134  _ZN5solve4QActE                                                                   
20013138  _ZN5solve5MbActE                                                                  
2001313c  _ZN5solve5MbTopE                                                                  
20013140  _ZN6TskTop5MbCmdE                                                                 
20013144  _ZN8TskMotor2AVE                                                                  
20013148  _ZN8TskMotor2LVE                                                                  
2001314c  _ZN8TskMotor5AcclXE                                                               
20013150  _ZN8TskMotor5GyroZE                                                               
20013154  _ZN8TskMotor5MbCmdE                                                               
20013158  _ZN8TskMotor6EncVelE                                                              
2001315c  _ZN8TskMotor6QMotorE                                                              
20013160  _ZN8TskPrint5MbCmdE                                                               
20013164  _ZN9TskAction10actCurrActE                                                        
20013168  _ZN9TskAction10actHDirPidE                                                        
2001316c  _ZN9TskAction4IMinE                                                               
20013170  _ZN9TskAction5IRintE                                                              
20013174  _ZN9TskAction5MbCmdE                                                              
20013178  _ZN9TskAction7end_msgE                                                            
2001317c  _ZN9TskAction8cur_wallE                                                           
20013180  _ZN9TskAction8distZeroE                                                           
20013184  _ZN9TskAction8nextWallE                                                           
20013188  _ZSt16__dummy_typeinfo                                                            
2001318c  __dso_handle                                                                      
20013190  lp                                                                                
20013194  rp                                                                                
20013198  _sys_memory                                                                       
20017198  __stack                                                                           
20017398  __STACK_END                                                                       
20017398  __STACK_TOP                                                                       
ffffffff  __TI_pprof_out_hndl                                                               
ffffffff  __TI_prof_data_size                                                               
ffffffff  __TI_prof_data_start                                                              
ffffffff  __binit__                                                                         
ffffffff  __c_args__                                                                        
ffffffff  binit                                                                             

[580 symbols]
