******************************************************************************
                  TI ARM Linker PC v16.9.1                     
******************************************************************************
>> Linked Sun Nov 05 20:20:32 2017

OUTPUT FILE NAME:   <dbMouse_FreeRTOS.out>
ENTRY POINT SYMBOL: "_c_int00"  address: 00012bd5


MEMORY CONFIGURATION

         name            origin    length      used     unused   attr    fill
----------------------  --------  ---------  --------  --------  ----  --------
  FLASH                 00000000   00100000  00013786  000ec87a  R  X
  SRAM                  20000000   00040000  00018308  00027cf8  RW X


SEGMENT ALLOCATION MAP

run origin  load origin   length   init length attrs members
----------  ----------- ---------- ----------- ----- -------
00000000    00000000    00013790   00013790    r-x
  00000000    00000000    00000208   00000208    r-- .intvecs
  00000208    00000208    00012f5a   00012f5a    r-x .text
  00013168    00013168    0000058c   0000058c    r-- .const
  000136f4    000136f4    00000010   00000010    r-- .init_array
  00013708    00013708    00000088   00000088    r-- .cinit
20000000    20000000    0000039c   00000000    rw-
  20000000    20000000    0000026c   00000000    rw- .vtable
  2000026c    2000026c    00000130   00000000    rw- .data
20000400    20000400    00017f70   00000000    rw-
  20000400    20000400    00013d6c   00000000    rw- .bss
  20014170    20014170    00004000   00000000    rw- .sysmem
  20018170    20018170    00000200   00000000    rw- .stack


SECTION ALLOCATION MAP

 output                                  attributes/
section   page    origin      length       input sections
--------  ----  ----------  ----------   ----------------
.intvecs   0    00000000    00000208     
                  00000000    00000208     tm4c1294ncpdt_startup_ccs.obj (.intvecs)

.text      0    00000208    00012f5a     
                  00000208    00003b44     action.obj (.text)
                  00003d4c    00001f68     IrCorr.obj (.text)
                  00005cb4    00001c5c     cmd.obj (.text)
                  00007910    0000140c     tasks.obj (.text)
                  00008d1c    00001160     TskTop.obj (.text)
                  00009e7c    0000113e     rtsv7M4_T_le_v4SPD16_eabi.lib : _printfi.obj (.text)
                  0000afba    00000002                                   : mpu_init.obj (.text)
                  0000afbc    00000df2     mouse.obj (.text)
                  0000bdae    00000002     rtsv7M4_T_le_v4SPD16_eabi.lib : newhandler.obj (.text)
                  0000bdb0    00000b20     TskMotor.obj (.text)
                  0000c8d0    0000096c     TskIr.obj (.text)
                  0000d23c    00000934     queue.obj (.text)
                  0000db70    000007f6     mmaze.obj (.text)
                  0000e366    00000002     rtsv7M4_T_le_v4SPD16_eabi.lib : startup.obj (.text)
                  0000e368    00000588                                   : e_powf.obj (.text)
                  0000e8f0    000004fc     solve.obj (.text)
                  0000edec    000004d0     timers.obj (.text)
                  0000f2bc    000004ac     Kalman2Var.obj (.text)
                  0000f768    00000448     WheelEnc.obj (.text)
                  0000fbb0    000003d0     rtsv7M4_T_le_v4SPD16_eabi.lib : memory.obj (.text)
                  0000ff80    0000039c                                   : vec_newdel.obj (.text)
                  0001031c    00000378     Imu2.obj (.text)
                  00010694    00000288     DbgUart.obj (.text)
                  0001091c    0000023c     rtsv7M4_T_le_v4SPD16_eabi.lib : strtod.obj (.text)
                  00010b58    000001f4                                   : ull_div_t2.obj (.text)
                  00010d4c    000001ec                                   : e_logf.obj (.text)
                  00010f38    000001dc                                   : e_expf.obj (.text)
                  00011114    000001b6                                   : fd_add_t2.obj (.text)
                  000112ca    00000002     --HOLE-- [fill = 0]
                  000112cc    000001ac     pinout.obj (.text)
                  00011478    00000194     rtsv7M4_T_le_v4SPD16_eabi.lib : e_acosf.obj (.text)
                  0001160c    00000170                                   : e_sqrt.obj (.text)
                  0001177c    00000168     port.obj (.text)
                  000118e4    00000136     rtsv7M4_T_le_v4SPD16_eabi.lib : fd_div_t2.obj (.text)
                  00011a1a    00000002     --HOLE-- [fill = 0]
                  00011a1c    00000120     MotorPwm.obj (.text)
                  00011b3c    00000118     heap_2.obj (.text)
                  00011c54    000000fc     rtsv7M4_T_le_v4SPD16_eabi.lib : fd_mul_t2.obj (.text)
                  00011d50    000000fc                                   : s_scalbn.obj (.text)
                  00011e4c    000000f4                                   : dtor_list.obj (.text)
                  00011f40    000000d4                                   : s_scalbnf.obj (.text)
                  00012014    000000d2     portasm.obj (.text)
                  000120e6    00000002     --HOLE-- [fill = 0]
                  000120e8    000000cc     Pid.obj (.text)
                  000121b4    000000bc     rtsv7M4_T_le_v4SPD16_eabi.lib : typeinfo_.obj (.text)
                  00012270    000000b4                                   : s_cosf.obj (.text)
                  00012324    000000ac                                   : s_tanf.obj (.text)
                  000123d0    000000a4                                   : s_sinf.obj (.text)
                  00012474    0000009c                                   : memcpy_t2.obj (.text)
                  00012510    00000094     list.obj (.text)
                  000125a4    0000008c     Kalman2Var.obj (.text:_ZNK9Matrix2x2mlERKS_)
                  00012630    00000086     rtsv7M4_T_le_v4SPD16_eabi.lib : fd_cmp_t2.obj (.text:__aeabi_cdcmple)
                  000126b6    00000086                                   : fd_cmp_t2.obj (.text:__aeabi_cdrcmple)
                  0001273c    00000080                                   : s_floorf.obj (.text)
                  000127bc    0000007a                                   : memset_t2.obj (.text)
                  00012836    00000002     --HOLE-- [fill = 0]
                  00012838    00000070                                   : autoinit.obj (.text)
                  000128a8    0000006e                                   : fd_tos_t2.obj (.text)
                  00012916    0000006e                                   : s_roundf.obj (.text)
                  00012984    00000068     driverlib.lib : interrupt.obj (.text:IntEnable)
                  000129ec    00000068     rtsv7M4_T_le_v4SPD16_eabi.lib : copy_decompress_lzss.obj (.text:decompress:lzss)
                  00012a54    00000064                                   : s_frexp.obj (.text)
                  00012ab8    00000060     Kalman2Var.obj (.text:_ZNK9Matrix2x2plERKS_)
                  00012b18    00000060     rtsv7M4_T_le_v4SPD16_eabi.lib : sprintf.obj (.text)
                  00012b78    0000005c     Kalman2Var.obj (.text:_ZNK9Matrix2x2mlERK7Vector2)
                  00012bd4    00000054     rtsv7M4_T_le_v4SPD16_eabi.lib : boot.obj (.text)
                  00012c28    00000054                                   : exit.obj (.text)
                  00012c7c    00000054                                   : ltoa.obj (.text)
                  00012cd0    0000004c                                   : atoi.obj (.text)
                  00012d1c    0000004c                                   : cpy_tbl.obj (.text)
                  00012d68    00000048                                   : fd_toi_t2.obj (.text)
                  00012db0    00000040     main.obj (.text)
                  00012df0    00000040     rtsv7M4_T_le_v4SPD16_eabi.lib : strtok.obj (.text)
                  00012e30    0000003c     TskMotor.obj (.text:_ZN8PidParamC1Ev)
                  00012e6c    00000038     assert.obj (.text)
                  00012ea4    00000038     rtsv7M4_T_le_v4SPD16_eabi.lib : fs_tod_t2.obj (.text)
                  00012edc    00000034     driverlib.lib : interrupt.obj (.text:IntRegister)
                  00012f10    00000030     rtsv7M4_T_le_v4SPD16_eabi.lib : new_.obj (.text)
                  00012f40    0000002e                                   : i_tofd_t2.obj (.text)
                  00012f6e    0000002a                                   : strspn.obj (.text)
                  00012f98    00000028                                   : e_sqrtf.obj (.text)
                  00012fc0    00000024                                   : strcspn.obj (.text)
                  00012fe4    00000020                                   : guard.obj (.text)
                  00013004    0000001c                                   : memccpy.obj (.text)
                  00013020    00000018                                   : args_main.obj (.text)
                  00013038    00000018                                   : strcmp.obj (.text)
                  00013050    00000016                                   : strchr.obj (.text)
                  00013066    00000014     mmaze.obj (.text:_ZN10Micromouse8GridCoorC1Ev)
                  0001307a    00000002     --HOLE-- [fill = 0]
                  0001307c    00000014     rtsv7M4_T_le_v4SPD16_eabi.lib : _lock.obj (.text)
                  00013090    00000014                                   : s_copysign.obj (.text)
                  000130a4    00000014                                   : strlen.obj (.text)
                  000130b8    00000012     mmaze.obj (.text:_ZN10Micromouse8GridInfoC1Ev)
                  000130ca    00000012     rtsv7M4_T_le_v4SPD16_eabi.lib : s_copysignf.obj (.text)
                  000130dc    00000010     driverlib.lib : interrupt.obj (.text:IntMasterEnable)
                  000130ec    00000010     rtsv7M4_T_le_v4SPD16_eabi.lib : s_lroundf.obj (.text)
                  000130fc    0000000e     mmaze.obj (.text:_ZN10Micromouse5QueueINS_8GridCoorEED1Ev)
                  0001310a    0000000e     DbgUart.obj (.text:_ZN5QueueIcLb0EED1Ev)
                  00013118    0000000e     rtsv7M4_T_le_v4SPD16_eabi.lib : copy_decompress_none.obj (.text:decompress:none)
                  00013126    0000000c     driverlib.lib : cpu.obj (.text:CPUcpsie)
                  00013132    0000000c                   : uart.obj (.text:UARTCharsAvail)
                  0001313e    0000000c     rtsv7M4_T_le_v4SPD16_eabi.lib : copy_zero_init.obj (.text:decompress:ZI)
                  0001314a    0000000c     tm4c1294ncpdt_startup_ccs.obj (.text)
                  00013156    00000008     rtsv7M4_T_le_v4SPD16_eabi.lib : delete.obj (.text)
                  0001315e    00000004                                   : pre_init.obj (.text)

.const     0    00013168    0000058c     
                  00013168    00000101     rtsv7M4_T_le_v4SPD16_eabi.lib : ctype.obj (.const:.string:_ctypes_)
                  00013269    00000004                                   : typeinfo_.obj (.const:.typeinfo:_ZTSPKe)
                  0001326d    00000002                                   : typeinfo_.obj (.const:.typeinfo:_ZTSe)
                  0001326f    00000001     --HOLE-- [fill = 0]
                  00013270    00000098                                   : strtod.obj (.const:$O1$$)
                  00013308    00000070     driverlib.lib : interrupt.obj (.const)
                  00013378    00000046     TskMotor.obj (.const:.string:_ZZN5QueueIN8TskMotor8VelOmegaELb1EE2DeERS1_Es)
                  000133be    00000046     cmd.obj (.const:.string:_ZZN5QueueIN8TskMotor8VelOmegaELb1EE2EnERKS1_Es)
                  00013404    00000046     action.obj (.const:.string:_ZZN5QueueIN8TskMotor8VelOmegaELb1EE3LenEvEs)
                  0001344a    00000046     TskMotor.obj (.const:.string:_ZZN5QueueIN8TskMotor8VelOmegaELb1EE5ClearEvEs)
                  00013490    00000046     TskMotor.obj (.const:.string:_ZZN5QueueIN8TskMotor8VelOmegaELb1EEC1EiEs)
                  000134d6    00000002     heap_2.obj (.const)
                  000134d8    00000030     IrCorr.obj (.const:$P$T12$1)
                  00013508    00000028     rtsv7M4_T_le_v4SPD16_eabi.lib : typeinfo_.obj (.const:.typeinfo:_ZTSN10__cxxabiv123__fundamental_type_infoE)
                  00013530    00000025                                   : typeinfo_.obj (.const:.typeinfo:_ZTSN10__cxxabiv120__si_class_type_infoE)
                  00013555    00000024                                   : typeinfo_.obj (.const:.typeinfo:_ZTSN10__cxxabiv119__pointer_type_infoE)
                  00013579    00000022                                   : typeinfo_.obj (.const:.typeinfo:_ZTSN10__cxxabiv117__class_type_infoE)
                  0001359b    00000022                                   : typeinfo_.obj (.const:.typeinfo:_ZTSN10__cxxabiv117__pbase_type_infoE)
                  000135bd    00000003     --HOLE-- [fill = 0]
                  000135c0    0000001e     TskIr.obj (.const:.string)
                  000135de    00000002     --HOLE-- [fill = 0]
                  000135e0    00000018     rtsv7M4_T_le_v4SPD16_eabi.lib : e_expf.obj (.const:$O1$$)
                  000135f8    00000018                                   : e_powf.obj (.const:$O1$$)
                  00013610    00000010                                   : typeinfo_.obj (.const:.typeinfo:_ZTIPKe)
                  00013620    00000010     TskIr.obj (.const:_ZN5TskIr5adcChE)
                  00013630    00000010     Kalman2Var.obj (.const:_ZTV10Kalman2Var)
                  00013640    00000010     rtsv7M4_T_le_v4SPD16_eabi.lib : typeinfo_.obj (.const:_ZTVN10__cxxabiv117__class_type_infoE)
                  00013650    00000010                                   : typeinfo_.obj (.const:_ZTVN10__cxxabiv119__pointer_type_infoE)
                  00013660    00000010                                   : typeinfo_.obj (.const:_ZTVN10__cxxabiv120__si_class_type_infoE)
                  00013670    00000010                                   : typeinfo_.obj (.const:_ZTVN10__cxxabiv123__fundamental_type_infoE)
                  00013680    0000000d     Kalman2Var.obj (.const:.typeinfo:_ZTS10Kalman2Var)
                  0001368d    0000000d     rtsv7M4_T_le_v4SPD16_eabi.lib : typeinfo_.obj (.const:.typeinfo:_ZTSSt9type_info)
                  0001369a    00000002     --HOLE-- [fill = 0]
                  0001369c    0000000c                                   : typeinfo_.obj (.const:.typeinfo:_ZTIN10__cxxabiv117__class_type_infoE)
                  000136a8    0000000c                                   : typeinfo_.obj (.const:.typeinfo:_ZTIN10__cxxabiv117__pbase_type_infoE)
                  000136b4    0000000c                                   : typeinfo_.obj (.const:.typeinfo:_ZTIN10__cxxabiv119__pointer_type_infoE)
                  000136c0    0000000c                                   : typeinfo_.obj (.const:.typeinfo:_ZTIN10__cxxabiv120__si_class_type_infoE)
                  000136cc    0000000c                                   : typeinfo_.obj (.const:.typeinfo:_ZTIN10__cxxabiv123__fundamental_type_infoE)
                  000136d8    00000008     Kalman2Var.obj (.const:.typeinfo:_ZTI10Kalman2Var)
                  000136e0    00000008     rtsv7M4_T_le_v4SPD16_eabi.lib : typeinfo_.obj (.const:.typeinfo:_ZTISt9type_info)
                  000136e8    00000008                                   : typeinfo_.obj (.const:.typeinfo:_ZTIe)
                  000136f0    00000004     port.obj (.const)

.init_array 
*          0    000136f4    00000010     
                  000136f4    00000004     DbgUart.obj (.init_array)
                  000136f8    00000004     Kalman2Var.obj (.init_array)
                  000136fc    00000004     TskMotor.obj (.init_array)
                  00013700    00000004     action.obj (.init_array)

.cinit     0    00013708    00000088     
                  00013708    00000053     (.cinit..data.load) [load image, compression = lzss]
                  0001375b    00000001     --HOLE-- [fill = 0]
                  0001375c    0000000c     (__TI_handler_table)
                  00013768    00000008     (.cinit..bss.load) [load image, compression = zero_init]
                  00013770    00000008     (.cinit..vtable.load) [load image, compression = zero_init]
                  00013778    00000018     (__TI_cinit_table)

.vtable    0    20000000    0000026c     UNINITIALIZED
                  20000000    0000026c     driverlib.lib : interrupt.obj (.vtable)

.data      0    2000026c    00000130     UNINITIALIZED
                  2000026c    00000034     TskMotor.obj (.data)
                  200002a0    00000034     tasks.obj (.data)
                  200002d4    00000030     TskIr.obj (.data:_ZN5TskIr5IrACsE)
                  20000304    00000014     TskIr.obj (.data:_ZN5TskIr7IrDistsE)
                  20000318    00000010     TskIr.obj (.data:_ZN5TskIr9IrChNamesE)
                  20000328    0000000c     rtsv7M4_T_le_v4SPD16_eabi.lib : exit.obj (.data:$O1$$)
                  20000334    0000000c                                   : memory.obj (.data:$O1$$)
                  20000340    0000000c     timers.obj (.data)
                  2000034c    00000008     rtsv7M4_T_le_v4SPD16_eabi.lib : _lock.obj (.data:$O1$$)
                  20000354    00000008     TskIr.obj (.data)
                  2000035c    00000008     WheelEnc.obj (.data)
                  20000364    00000008     TskIr.obj (.data:_ZN5TskIr6IrIntsE)
                  2000036c    00000008     TskIr.obj (.data:_ZN5TskIr7irZerosE)
                  20000374    00000008     heap_2.obj (.data)
                  2000037c    00000005     Imu2.obj (.data:imuInitSeq0)
                  20000381    00000002     Imu2.obj (.data:imuInitSeq1)
                  20000383    00000001     Imu2.obj (.data:imuReadSeq)
                  20000384    00000004     port.obj (.data)
                  20000388    00000004     rtsv7M4_T_le_v4SPD16_eabi.lib : dtor_list.obj (.data)
                  2000038c    00000004                                   : errno.obj (.data)
                  20000390    00000004                                   : stkdepth_vars.obj (.data)
                  20000394    00000004                                   : strtok.obj (.data)
                  20000398    00000004                                   : vars.obj (.data)

.bss       0    20000400    00013d6c     UNINITIALIZED
                  20000400    00010000     heap_2.obj (.bss:ucHeap)
                  20010400    00000a00     (.common:_ZN9TskAction4InfoE)
                  20010e00    00000a00     (.common:_ZN9TskAction6DesireE)
                  20011800    00000800     (.common:_ZN9TskAction3o_sE)
                  20012000    00000800     (.common:_ZN9TskAction3v_sE)
                  20012800    00000400     (.common:pui8ControlTable)
                  20012c00    000003c0     (.common:_ZN8TskMotor2lvE)
                  20012fc0    000003c0     (.common:_ZN8TskMotor6vel_deE)
                  20013380    000003c0     (.common:_ZN8TskMotor7dist_enE)
                  20013740    00000200     (.common:dbgStr)
                  20013940    00000140     tasks.obj (.bss:pxReadyTasksLists)
                  20013a80    0000011c     action.obj (.bss:SP)
                  20013b9c    00000080     (.common:_ZN5TskIr6dbgStrE)
                  20013c1c    00000080     (.common:_ZN6TskTop6dbgStrE)
                  20013c9c    00000080     (.common:_ZN8TskMotor6dbgStrE)
                  20013d1c    00000080     (.common:_ZN8TskPrint3msgE)
                  20013d9c    00000080     (.common:_ZN9TskAction6dbgStrE)
                  20013e1c    00000080     (.common:input)
                  20013e9c    00000058     action.obj (.bss:CP)
                  20013ef4    00000040     (.common:xQueueRegistry)
                  20013f34    00000028     TskMotor.obj (.bss:_ZN8TskMotor8pidparamE)
                  20013f5c    00000018     (.common:_ZN5TskIr8IrBinThsE)
                  20013f74    00000014     DbgUart.obj (.bss:_ZN8TskPrint7QUartRxE)
                  20013f88    00000014     timers.obj (.bss:xActiveTimerList1)
                  20013f9c    00000014     timers.obj (.bss:xActiveTimerList2)
                  20013fb0    00000014     tasks.obj (.bss:xDelayedTaskList1)
                  20013fc4    00000014     tasks.obj (.bss:xDelayedTaskList2)
                  20013fd8    00000014     tasks.obj (.bss:xPendingReadyList)
                  20013fec    00000014     tasks.obj (.bss:xSuspendedTaskList)
                  20014000    00000014     tasks.obj (.bss:xTasksWaitingTermination)
                  20014014    00000010     Kalman2Var.obj (.bss:I)
                  20014024    00000010     TskMotor.obj (.bss:_ZN8TskMotor1AE)
                  20014034    00000010     TskMotor.obj (.bss:_ZN8TskMotor1HE)
                  20014044    00000010     TskMotor.obj (.bss:_ZN8TskMotor1QE)
                  20014054    00000010     TskMotor.obj (.bss:_ZN8TskMotor1RE)
                  20014064    00000010     TskMotor.obj (.bss:_ZN8TskMotor2P0E)
                  20014074    00000010     mmaze.obj (.bss:_ZZN10Micromouse5MMaze5FluidEPtRKNS_8GridCoorES4_NS_8WallType4TypeEbE1q)
                  20014084    0000000e     (.common:imuData)
                  20014092    00000001     (.common:_ZN6TskTop4ModeE)
                  20014093    00000001     (.common:_ZN9TskAction8reportedE)
                  20014094    0000000c     (.common:_ZN5TskIr5IrYawE)
                  200140a0    00000008     TskMotor.obj (.bss:_ZN8TskMotor1BE)
                  200140a8    00000008     TskMotor.obj (.bss:_ZN8TskMotor2x0E)
                  200140b0    00000008     TskMotor.obj (.bss:_ZN8TskMotor6desireE)
                  200140b8    00000008     TskMotor.obj (.bss:_ZN8TskMotor6kalOutE)
                  200140c0    00000008     tasks.obj (.bss)
                  200140c8    00000008     timers.obj (.bss)
                  200140d0    00000008     heap_2.obj (.bss:xEnd)
                  200140d8    00000008     heap_2.obj (.bss:xStart)
                  200140e0    00000005     (.common:_ZN5TskIr6IrBinsE)
                  200140e5    00000003     --HOLE--
                  200140e8    00000004     mmaze.obj (.bss)
                  200140ec    00000004     (.common:SemActTick)
                  200140f0    00000004     (.common:SemIrTick)
                  200140f4    00000004     (.common:SemMotTick)
                  200140f8    00000004     (.common:_ZN5TskIr14SemIrAdcFinishE)
                  200140fc    00000004     (.common:_ZN5TskIr14SideWallDisPosE)
                  20014100    00000004     (.common:_ZN5TskIr5MbCmdE)
                  20014104    00000004     (.common:_ZN5solve4QActE)
                  20014108    00000004     (.common:_ZN5solve5MbActE)
                  2001410c    00000004     (.common:_ZN5solve5MbTopE)
                  20014110    00000004     (.common:_ZN6TskTop5MbCmdE)
                  20014114    00000004     (.common:_ZN8TskMotor2AVE)
                  20014118    00000004     (.common:_ZN8TskMotor2LVE)
                  2001411c    00000004     (.common:_ZN8TskMotor5AcclXE)
                  20014120    00000004     (.common:_ZN8TskMotor5GyroZE)
                  20014124    00000004     (.common:_ZN8TskMotor5MbCmdE)
                  20014128    00000004     (.common:_ZN8TskMotor6EncVelE)
                  2001412c    00000004     (.common:_ZN8TskMotor6QMotorE)
                  20014130    00000004     (.common:_ZN8TskPrint5MbCmdE)
                  20014134    00000004     (.common:_ZN9TskAction10actCurrActE)
                  20014138    00000004     (.common:_ZN9TskAction10actHDirPidE)
                  2001413c    00000004     (.common:_ZN9TskAction4IMinE)
                  20014140    00000004     (.common:_ZN9TskAction5IRintE)
                  20014144    00000004     (.common:_ZN9TskAction5MbCmdE)
                  20014148    00000004     (.common:_ZN9TskAction7end_msgE)
                  2001414c    00000004     (.common:_ZN9TskAction8cur_wallE)
                  20014150    00000004     (.common:_ZN9TskAction8distZeroE)
                  20014154    00000004     (.common:_ZN9TskAction8nextWallE)
                  20014158    00000004     (.common:_ZSt16__dummy_typeinfo)
                  2001415c    00000004     (.common:__dso_handle)
                  20014160    00000004     (.common:cmd)
                  20014164    00000004     (.common:lp)
                  20014168    00000004     (.common:rp)

.sysmem    0    20014170    00004000     UNINITIALIZED
                  20014170    00000008     rtsv7M4_T_le_v4SPD16_eabi.lib : memory.obj (.sysmem)
                  20014178    00003ff8     --HOLE--

.stack     0    20018170    00000200     UNINITIALIZED
                  20018170    00000200     --HOLE--

MODULE SUMMARY

       Module                          code    ro data   rw data
       ------                          ----    -------   -------
    .\
       assert.obj                      56      0         512    
       tm4c1294ncpdt_startup_ccs.obj   12      520       0      
       main.obj                        64      0         0      
    +--+-------------------------------+-------+---------+---------+
       Total:                          132     520       512    
                                                                
    .\FreeRTOS\
       tasks.obj                       5132    0         480    
       queue.obj                       2356    0         64     
       timers.obj                      1232    0         60     
       list.obj                        148     0         0      
    +--+-------------------------------+-------+---------+---------+
       Total:                          8868    0         604    
                                                                
    .\FreeRTOS\portable\CCS\ARM_CM4F\
       port.obj                        360     4         4      
       portasm.obj                     210     0         0      
    +--+-------------------------------+-------+---------+---------+
       Total:                          570     4         4      
                                                                
    .\FreeRTOS\portable\MemMang\
       heap_2.obj                      280     2         65560  
    +--+-------------------------------+-------+---------+---------+
       Total:                          280     2         65560  
                                                                
    .\Kalman\
       Kalman2Var.obj                  1524    41        16     
    +--+-------------------------------+-------+---------+---------+
       Total:                          1524    41        16     
                                                                
    .\Pid\
       Pid.obj                         204     0         0      
    +--+-------------------------------+-------+---------+---------+
       Total:                          204     0         0      
                                                                
    .\PinConfig\
       pinout.obj                      428     0         0      
    +--+-------------------------------+-------+---------+---------+
       Total:                          428     0         0      
                                                                
    .\TskIr\
       IrCorr.obj                      8040    48        128    
       TskIr.obj                       2412    46        161    
    +--+-------------------------------+-------+---------+---------+
       Total:                          10452   94        289    
                                                                
    .\TskMotor\
       TskMotor.obj                    2908    214       3240   
       Imu2.obj                        888     0         1046   
       WheelEnc.obj                    1096    0         28     
       MotorPwm.obj                    288     0         0      
    +--+-------------------------------+-------+---------+---------+
       Total:                          5180    214       4314   
                                                                
    .\TskTop\
       cmd.obj                         7260    70        132    
       TskTop.obj                      4448    0         133    
       DbgUart.obj                     662     4         152    
    +--+-------------------------------+-------+---------+---------+
       Total:                          12370   74        417    
                                                                
    .\action\
       action.obj                      15172   74        9753   
    +--+-------------------------------+-------+---------+---------+
       Total:                          15172   74        9753   
                                                                
    .\mmaze\
       mmaze.obj                       2090    0         20     
    +--+-------------------------------+-------+---------+---------+
       Total:                          2090    0         20     
                                                                
    .\mouse\
       mouse.obj                       3570    0         0      
    +--+-------------------------------+-------+---------+---------+
       Total:                          3570    0         0      
                                                                
    .\solve\
       solve.obj                       1276    0         12     
    +--+-------------------------------+-------+---------+---------+
       Total:                          1276    0         12     
                                                                
    C:/ti/tirtos_tivac_2_16_01_14/products/TivaWare_C_Series-2.1.1.71b/driverlib/ccs/Debug/driverlib.lib
       interrupt.obj                   172     112       620    
       cpu.obj                         12      0         0      
       uart.obj                        12      0         0      
    +--+-------------------------------+-------+---------+---------+
       Total:                          196     112       620    
                                                                
    C:\ti\ccsv7\tools\compiler\ti-cgt-arm_16.9.1.LTS\lib\rtsv7M4_T_le_v4SPD16_eabi.lib
       _printfi.obj                    4414    0         0      
       e_powf.obj                      1416    24        0      
       memory.obj                      976     0         12     
       vec_newdel.obj                  924     0         0      
       strtod.obj                      572     152       0      
       typeinfo_.obj                   188     356       4      
       e_expf.obj                      476     24        0      
       ull_div_t2.obj                  500     0         0      
       e_logf.obj                      492     0         0      
       fd_add_t2.obj                   438     0         0      
       e_acosf.obj                     404     0         0      
       e_sqrt.obj                      368     0         0      
       fd_div_t2.obj                   310     0         0      
       fd_cmp_t2.obj                   268     0         0      
       ctype.obj                       0       257       0      
       dtor_list.obj                   244     0         8      
       fd_mul_t2.obj                   252     0         0      
       s_scalbn.obj                    252     0         0      
       s_scalbnf.obj                   212     0         0      
       s_cosf.obj                      180     0         0      
       s_tanf.obj                      172     0         0      
       s_sinf.obj                      164     0         0      
       memcpy_t2.obj                   156     0         0      
       s_floorf.obj                    128     0         0      
       memset_t2.obj                   122     0         0      
       autoinit.obj                    112     0         0      
       fd_tos_t2.obj                   110     0         0      
       s_roundf.obj                    110     0         0      
       copy_decompress_lzss.obj        104     0         0      
       s_frexp.obj                     100     0         0      
       exit.obj                        84      0         12     
       sprintf.obj                     96      0         0      
       boot.obj                        84      0         0      
       ltoa.obj                        84      0         0      
       atoi.obj                        76      0         0      
       cpy_tbl.obj                     76      0         0      
       fd_toi_t2.obj                   72      0         0      
       strtok.obj                      64      0         4      
       fs_tod_t2.obj                   56      0         0      
       new_.obj                        48      0         0      
       i_tofd_t2.obj                   46      0         0      
       strspn.obj                      42      0         0      
       e_sqrtf.obj                     40      0         0      
       strcspn.obj                     36      0         0      
       guard.obj                       32      0         0      
       _lock.obj                       20      0         8      
       memccpy.obj                     28      0         0      
       args_main.obj                   24      0         0      
       strcmp.obj                      24      0         0      
       strchr.obj                      22      0         0      
       s_copysign.obj                  20      0         0      
       strlen.obj                      20      0         0      
       s_copysignf.obj                 18      0         0      
       s_lroundf.obj                   16      0         0      
       copy_decompress_none.obj        14      0         0      
       copy_zero_init.obj              12      0         0      
       delete.obj                      8       0         0      
       errno.obj                       0       0         4      
       pre_init.obj                    4       0         0      
       stkdepth_vars.obj               0       0         4      
       vars.obj                        0       0         4      
       mpu_init.obj                    2       0         0      
       newhandler.obj                  2       0         0      
       startup.obj                     2       0         0      
    +--+-------------------------------+-------+---------+---------+
       Total:                          15336   813       60     
                                                                
       Heap:                           0       0         16384  
       Stack:                          0       0         512    
       Linker Generated:               0       135       0      
    +--+-------------------------------+-------+---------+---------+
       Grand Total:                    77648   2083      99077  


LINKER GENERATED COPY TABLES

__TI_cinit_table @ 00013778 records: 3, size/record: 8, table size: 24
	.data: load addr=00013708, load size=00000053 bytes, run addr=2000026c, run size=00000130 bytes, compression=lzss
	.bss: load addr=00013768, load size=00000008 bytes, run addr=20000400, run size=00013d6c bytes, compression=zero_init
	.vtable: load addr=00013770, load size=00000008 bytes, run addr=20000000, run size=0000026c bytes, compression=zero_init


LINKER GENERATED HANDLER TABLE

__TI_handler_table @ 0001375c records: 3, size/record: 4, table size: 12
	index: 0, handler: __TI_zero_init
	index: 1, handler: __TI_decompress_lzss
	index: 2, handler: __TI_decompress_none


GLOBAL SYMBOLS: SORTED ALPHABETICALLY BY Name 

address   name                                                                              
-------   ----                                                                              
000112cd  Board_General_Init                                                                
00012c29  C$$EXIT                                                                           
20013e9c  CP                                                                                
00013127  CPUcpsie                                                                          
20014014  I                                                                                 
000113db  IR_write                                                                          
00012985  IntEnable                                                                         
000130dd  IntMasterEnable                                                                   
00012edd  IntRegister                                                                       
00011389  LED_write                                                                         
0001314b  ResetISR                                                                          
000136f4  SHT$$INIT_ARRAY$$Base                                                             
00013704  SHT$$INIT_ARRAY$$Limit                                                            
20013a80  SP                                                                                
200140ec  SemActTick                                                                        
200140f0  SemIrTick                                                                         
200140f4  SemMotTick                                                                        
00013133  UARTCharsAvail                                                                    
00005ce1  _Z10MotorStartv                                                                   
000076b1  _Z10RandomModev                                                                   
0000621d  _Z10paramsCorrv                                                                   
0000f7d7  _Z12BaseTimeInitv                                                                 
0000f769  _Z12BaseTimerISRv                                                                 
0001050d  _Z12ImuGetValuesR11__ImuValues                                                    
00010375  _Z12ImuStartReadv                                                                 
00011a89  _Z12MotorPwmInitv                                                                 
0000f989  _Z12WheelEncInitv                                                                 
00011a1d  _Z13MotorPwmCoastv                                                                
000103a9  _Z13i2cInitConfigPha                                                              
0000faf9  _Z14WheelEncGetVelRVfS0_                                                          
00011a3b  _Z15MotorPwmSetDutyss                                                             
00007335  _Z17SendActionAndWaitN9TskAction3Act7ActTypeE                                     
0001031d  _Z18uDmaFillCtrlStructv                                                           
0000bdaf  _Z21__default_new_handlerv                                                        
00005cb5  _Z5printPc                                                                        
000073c5  _Z6Actionv                                                                        
00010459  _Z7ImuInitv                                                                       
00006f7b  _Z7pidTestv                                                                       
000103ef  _Z8UdmaInitv                                                                      
00010331  _Z8i2cRxISRv                                                                      
0000f8b9  _Z8portBISRv                                                                      
0000f875  _Z8portEISRv                                                                      
0000f8fd  _Z8portKISRv                                                                      
00005dbb  _Z9MotorStopv                                                                     
00012de1  _Z9__error__Pcj                                                                   
00005e65  _Z9cmd_shellv                                                                     
0000f70b  _ZN10Kalman2Var5ResetEv                                                           
0000f47d  _ZN10Kalman2Var7CorrectE7Vector2                                                  
0000f399  _ZN10Kalman2Var7PredictEf                                                         
0000f2bd  _ZN10Kalman2VarC1E9Matrix2x27Vector2S0_S0_S0_S1_S0_                               
0000f2bd  _ZN10Kalman2VarC2E9Matrix2x27Vector2S0_S0_S0_S1_S0_                               
0000f703  _ZN10Kalman2VarD0Ev                                                               
0000f701  _ZN10Kalman2VarD1Ev                                                               
0000f701  _ZN10Kalman2VarD2Ev                                                               
0000b70d  _ZN10Micromouse12Turn2RushActEPNS_5QueueINS_7Turning4TypeEEE                      
0000e161  _ZN10Micromouse5MMaze13ReadMazeGridsEv                                            
0000e143  _ZN10Micromouse5MMaze14StoreMazeGridsEv                                           
0000dec5  _ZN10Micromouse5MMaze5FluidEPtRKNS_8GridCoorES4_NS_8WallType4TypeEb               
0000e17f  _ZN10Micromouse5MMaze6ColNumEv                                                    
0000e185  _ZN10Micromouse5MMaze6RowNumEv                                                    
0000e18b  _ZN10Micromouse5MMaze6TargetEv                                                    
0000ddcf  _ZN10Micromouse5MMaze7GetWallERKNS_8GridCoorENS_9Direction4TypeE                  
0000dcef  _ZN10Micromouse5MMaze7SetWallERKNS_8GridCoorENS_8WallType4TypeES5_S5_S5_          
0000dc0d  _ZN10Micromouse5MMaze7SetWallERKNS_8GridCoorENS_9Direction4TypeENS_8WallType4TypeE
0000db71  _ZN10Micromouse5MMazeC1EssRKNS_8GridCoorE                                         
0000db71  _ZN10Micromouse5MMazeC2EssRKNS_8GridCoorE                                         
0000dbff  _ZN10Micromouse5MMazeD1Ev                                                         
0000dbff  _ZN10Micromouse5MMazeD2Ev                                                         
0000b1d9  _ZN10Micromouse5Mouse11CurrHeadingEv                                              
0000b511  _ZN10Micromouse5Mouse12ReadMazeInfoEv                                             
0000b4f7  _ZN10Micromouse5Mouse13StoreMazeInfoEv                                            
0000afbd  _ZN10Micromouse5Mouse17searchedTimesConvEs                                        
0000b1e5  _ZN10Micromouse5Mouse4StepENS_8WallType4TypeES2_S2_Pb                             
0000b52b  _ZN10Micromouse5Mouse7GetQActEv                                                   
0000b1d5  _ZN10Micromouse5Mouse8CurrCoorEv                                                  
0000afe5  _ZN10Micromouse5MouseC1EssRKNS_8GridCoorE                                         
0000afe5  _ZN10Micromouse5MouseC2EssRKNS_8GridCoorE                                         
0000b1b3  _ZN10Micromouse5MouseD1Ev                                                         
0000b1b3  _ZN10Micromouse5MouseD2Ev                                                         
000130fd  _ZN10Micromouse5QueueINS_8GridCoorEED1Ev                                          
00013067  _ZN10Micromouse8GridCoorC1Ev                                                      
000130b9  _ZN10Micromouse8GridInfoC1Ev                                                      
0000e313  _ZN10MicromousepLERNS_8GridCoorERKNS_9Direction4TypeE                             
0000e1c5  _ZN10MicromousepLERNS_9Direction4TypeERKNS_7Turning4TypeE                         
0000e20d  _ZN10MicromouseplERKNS_8GridCoorERKNS_9Direction4TypeE                            
0000e1a3  _ZN10MicromouseplERKNS_9Direction4TypeERKNS_7Turning4TypeE                        
0000e18f  _ZN10MicromouseppERNS_9Direction4TypeE                                            
00012261  _ZN10__cxxabiv116__enum_type_infoD0Ev                                             
0001225f  _ZN10__cxxabiv116__enum_type_infoD1Ev                                             
0001225f  _ZN10__cxxabiv116__enum_type_infoD2Ev                                             
00012257  _ZN10__cxxabiv117__array_type_infoD0Ev                                            
00012255  _ZN10__cxxabiv117__array_type_infoD1Ev                                            
00012255  _ZN10__cxxabiv117__array_type_infoD2Ev                                            
0001224d  _ZN10__cxxabiv117__class_type_infoD0Ev                                            
0001224b  _ZN10__cxxabiv117__class_type_infoD1Ev                                            
0001224b  _ZN10__cxxabiv117__class_type_infoD2Ev                                            
00012243  _ZN10__cxxabiv117__pbase_type_infoD0Ev                                            
00012241  _ZN10__cxxabiv117__pbase_type_infoD1Ev                                            
00012241  _ZN10__cxxabiv117__pbase_type_infoD2Ev                                            
00012239  _ZN10__cxxabiv119__pointer_type_infoD0Ev                                          
00012237  _ZN10__cxxabiv119__pointer_type_infoD1Ev                                          
00012237  _ZN10__cxxabiv119__pointer_type_infoD2Ev                                          
0001222f  _ZN10__cxxabiv120__function_type_infoD0Ev                                         
0001222d  _ZN10__cxxabiv120__function_type_infoD1Ev                                         
0001222d  _ZN10__cxxabiv120__function_type_infoD2Ev                                         
00012225  _ZN10__cxxabiv120__si_class_type_infoD0Ev                                         
00012223  _ZN10__cxxabiv120__si_class_type_infoD1Ev                                         
00012223  _ZN10__cxxabiv120__si_class_type_infoD2Ev                                         
0001221b  _ZN10__cxxabiv121__vmi_class_type_infoD0Ev                                        
00012219  _ZN10__cxxabiv121__vmi_class_type_infoD1Ev                                        
00012219  _ZN10__cxxabiv121__vmi_class_type_infoD2Ev                                        
00012211  _ZN10__cxxabiv123__fundamental_type_infoD0Ev                                      
0001220f  _ZN10__cxxabiv123__fundamental_type_infoD1Ev                                      
0001220f  _ZN10__cxxabiv123__fundamental_type_infoD2Ev                                      
00012207  _ZN10__cxxabiv129__pointer_to_member_type_infoD0Ev                                
00012205  _ZN10__cxxabiv129__pointer_to_member_type_infoD1Ev                                
00012205  _ZN10__cxxabiv129__pointer_to_member_type_infoD2Ev                                
00012125  _ZN3Pid4TickEf                                                                    
000121a7  _ZN3Pid5ResetEv                                                                   
000120e9  _ZN3PidC1Efffffff                                                                 
000120e9  _ZN3PidC2Efffffff                                                                 
0001310b  _ZN5QueueIcLb0EED1Ev                                                              
0000ca55  _ZN5TskIr10irDetStartEv                                                           
0000c925  _ZN5TskIr10irTimerISREv                                                           
0000d091  _ZN5TskIr11TestIrTouchEhii                                                        
0000d12d  _ZN5TskIr11WaitIrTouchEhii                                                        
00003fd9  _ZN5TskIr11irApprox2ndEPfS0_iS0_                                                  
20000358  _ZN5TskIr11irEmitterNoE                                                           
00003e2b  _ZN5TskIr11linEquSolveEPfi                                                        
20000354  _ZN5TskIr12irEmitEnableE                                                          
00003db3  _ZN5TskIr12programFlashEjPji                                                      
200140f8  _ZN5TskIr14SemIrAdcFinishE                                                        
200140fc  _ZN5TskIr14SideWallDisPosE                                                        
000041e5  _ZN5TskIr14doIrCorrectionEv                                                       
00003d4d  _ZN5TskIr15eraseFlashBlockEi                                                      
00003d7d  _ZN5TskIr16programFlashWordEjj                                                    
0000d049  _ZN5TskIr4InitEv                                                                  
0000cec1  _ZN5TskIr4taskEPv                                                                 
200002d4  _ZN5TskIr5IrACsE                                                                  
20014094  _ZN5TskIr5IrYawE                                                                  
20014100  _ZN5TskIr5MbCmdE                                                                  
200140e0  _ZN5TskIr6IrBinsE                                                                 
20000364  _ZN5TskIr6IrIntsE                                                                 
20013b9c  _ZN5TskIr6dbgStrE                                                                 
20000304  _ZN5TskIr7IrDistsE                                                                
0000cbdd  _ZN5TskIr7irCalcsEv                                                               
2000036c  _ZN5TskIr7irZerosE                                                                
20013f5c  _ZN5TskIr8IrBinThsE                                                               
000040ef  _ZN5TskIr8irApproxEPfS0_iS0_S0_                                                   
20000318  _ZN5TskIr9IrChNamesE                                                              
00003dd5  _ZN5TskIr9ReadFlashEjPhi                                                          
0000ca7b  _ZN5TskIr9irDetInitEv                                                             
0000c8d1  _ZN5TskIr9irDistFwdEv                                                             
0000e8f1  _ZN5solve11GetNextWallEv                                                          
0000ea9d  _ZN5solve12SearchAndRunEb                                                         
0000e919  _ZN5solve14breakBeforeRunEv                                                       
0000ed4f  _ZN5solve4InitEv                                                                  
20014104  _ZN5solve4QActE                                                                   
0000ed0d  _ZN5solve4taskEPv                                                                 
20014108  _ZN5solve5MbActE                                                                  
2001410c  _ZN5solve5MbTopE                                                                  
000093e5  _ZN6TskTop10actionTestEv                                                          
000097a9  _ZN6TskTop13clearMazeInfoEv                                                       
00008e65  _ZN6TskTop13encImuMonitorEv                                                       
00009a6d  _ZN6TskTop14dbgPutModeNameENS_9MouseMode8ModeTypeE                                
00008d1d  _ZN6TskTop14doIrCorrectionEv                                                      
00009c9d  _ZN6TskTop4InitEv                                                                 
20014092  _ZN6TskTop4ModeE                                                                  
00009b05  _ZN6TskTop4taskEPv                                                                
20014110  _ZN6TskTop5MbCmdE                                                                 
20013c1c  _ZN6TskTop6dbgStrE                                                                
00009959  _ZN6TskTop7SetLedsEh                                                              
00005e65  _ZN6TskTop7uartCmdEv                                                              
00009835  _ZN6TskTop8RushTestEv                                                             
00009995  _ZN6TskTop8actPrintEN9TskAction3Act7ActTypeE                                      
000090f9  _ZN6TskTop9irMonitorEv                                                            
00009599  _ZN6TskTop9solveTestEv                                                            
00012e31  _ZN8PidParamC1Ev                                                                  
2000029e  _ZN8TskMotor11AcclEnabledE                                                        
20000274  _ZN8TskMotor11DistanceAccE                                                        
2000029d  _ZN8TskMotor11GyroEnabledE                                                        
20000298  _ZN8TskMotor11TemperatureE                                                        
2000029c  _ZN8TskMotor12MotorEnabledE                                                       
20000280  _ZN8TskMotor14DesireDistanceE                                                     
2000027c  _ZN8TskMotor14DistanceAcc_enE                                                     
2000029f  _ZN8TskMotor15AcqZerosEnabledE                                                    
20014024  _ZN8TskMotor1AE                                                                   
200140a0  _ZN8TskMotor1BE                                                                   
20014034  _ZN8TskMotor1HE                                                                   
20014044  _ZN8TskMotor1QE                                                                   
20014054  _ZN8TskMotor1RE                                                                   
20014114  _ZN8TskMotor2AVE                                                                  
20014118  _ZN8TskMotor2LVE                                                                  
20014064  _ZN8TskMotor2P0E                                                                  
20012c00  _ZN8TskMotor2lvE                                                                  
200140a8  _ZN8TskMotor2x0E                                                                  
0000c6d1  _ZN8TskMotor4InitEv                                                               
0000bdbd  _ZN8TskMotor4taskEPv                                                              
2001411c  _ZN8TskMotor5AcclXE                                                               
20014120  _ZN8TskMotor5GyroZE                                                               
2000028c  _ZN8TskMotor5LvAdjE                                                               
20014124  _ZN8TskMotor5MbCmdE                                                               
20014128  _ZN8TskMotor6EncVelE                                                              
20000288  _ZN8TskMotor6OmgAdjE                                                              
2001412c  _ZN8TskMotor6QMotorE                                                              
20013c9c  _ZN8TskMotor6dbgStrE                                                              
200140b0  _ZN8TskMotor6desireE                                                              
200140b8  _ZN8TskMotor6kalOutE                                                              
20012fc0  _ZN8TskMotor6vel_deE                                                              
20000270  _ZN8TskMotor7EncLVelE                                                             
2000026c  _ZN8TskMotor7EncRVelE                                                             
20013380  _ZN8TskMotor7dist_enE                                                             
20000278  _ZN8TskMotor8AngleAccE                                                            
20000284  _ZN8TskMotor8CurrentVE                                                            
20013f34  _ZN8TskMotor8pidparamE                                                            
20000294  _ZN8TskMotor9AcclXZeroE                                                           
20000290  _ZN8TskMotor9GyroZZeroE                                                           
00010797  _ZN8TskPrint11UartGetLineEPc                                                      
20013d1c  _ZN8TskPrint3msgE                                                                 
00010853  _ZN8TskPrint4InitEv                                                               
0001082b  _ZN8TskPrint4taskEPv                                                              
20014130  _ZN8TskPrint5MbCmdE                                                               
20013f74  _ZN8TskPrint7QUartRxE                                                             
00010717  _ZN8TskPrint9UART2InitEv                                                          
00010803  _ZN8TskPrint9UartWriteEPc                                                         
00010695  _ZN8TskPrint9uartRxISREv                                                          
20014134  _ZN9TskAction10actCurrActE                                                        
20014138  _ZN9TskAction10actHDirPidE                                                        
00002c01  _ZN9TskAction10actRestartEv                                                       
00000e4d  _ZN9TskAction10actRushOutEv                                                       
00000209  _ZN9TskAction11GetWallInfoEPNS_10WallStatusE                                      
00000307  _ZN9TskAction12MotionSeqLenEv                                                     
0000035f  _ZN9TskAction13MotionCalcFwdEfffPf                                                
000004a1  _ZN9TskAction14MotionCalcTurnEfffPfS0_                                            
000003c5  _ZN9TskAction16MotionCalcRotateEffPf                                              
00002ded  _ZN9TskAction18actStopBackRestartEb                                               
000009e5  _ZN9TskAction20actLRDistCorrByFwdIrENS_3Act7ActTypeEf                             
000007c3  _ZN9TskAction21actFwdDistCorrByFwdIrEPNS_10WallStatusE                            
00000791  _ZN9TskAction24actHeadingDirCorrByFwdIrEPNS_10WallStatusE                         
00000721  _ZN9TskAction29actHeadingDirCorrBySideIrSideEPNS_10WallStatusE                    
00000869  _ZN9TskAction32actFwdEndCorrBySideWallDisappearEPNS_10WallStatusEffPf             
20011800  _ZN9TskAction3o_sE                                                                
20012000  _ZN9TskAction3v_sE                                                                
2001413c  _ZN9TskAction4IMinE                                                               
20010400  _ZN9TskAction4InfoE                                                               
00003909  _ZN9TskAction4InitEv                                                              
000037cd  _ZN9TskAction4taskEPv                                                             
20014140  _ZN9TskAction5IRintE                                                              
20014144  _ZN9TskAction5MbCmdE                                                              
20010e00  _ZN9TskAction6DesireE                                                             
00003189  _ZN9TskAction6actFwdEb                                                            
20013d9c  _ZN9TskAction6dbgStrE                                                             
000002b1  _ZN9TskAction6reportEff                                                           
000028d9  _ZN9TskAction7actBackEbPNS_10WallStatusE                                          
0000141d  _ZN9TskAction7actL180Ev                                                           
00000f45  _ZN9TskAction7actL90rEv                                                           
00001f55  _ZN9TskAction7actL90tEv                                                           
00002e1d  _ZN9TskAction7actLR90EbNS_3Act7ActTypeE                                           
00002615  _ZN9TskAction7actStopEb                                                           
20014148  _ZN9TskAction7end_msgE                                                            
0000022f  _ZN9TskAction8WaitQEndEv                                                          
00000acd  _ZN9TskAction8actCRushEv                                                          
00001a91  _ZN9TskAction8actL135oEv                                                          
00002425  _ZN9TskAction8actStartEv                                                          
00000bed  _ZN9TskAction8actTRushEv                                                          
2001414c  _ZN9TskAction8cur_wallE                                                           
20014150  _ZN9TskAction8distZeroE                                                           
20014154  _ZN9TskAction8nextWallE                                                           
20014093  _ZN9TskAction8reportedE                                                           
00000d2d  _ZN9TskAction9actRushInEv                                                         
00012b79  _ZNK9Matrix2x2mlERK7Vector2                                                       
000125a5  _ZNK9Matrix2x2mlERKS_                                                             
00012ab9  _ZNK9Matrix2x2plERKS_                                                             
000121c7  _ZNKSt9type_info4nameEv                                                           
000121f7  _ZNKSt9type_info6beforeERKS_                                                      
000121e1  _ZNKSt9type_infoeqERKS_                                                           
000121cb  _ZNKSt9type_infoneERKS_                                                           
000121bf  _ZNSt9type_infoD0Ev                                                               
000121bd  _ZNSt9type_infoD1Ev                                                               
000121bd  _ZNSt9type_infoD2Ev                                                               
20014158  _ZSt16__dummy_typeinfo                                                            
000121b5  _ZSt21__gen_dummy_typeinfosv                                                      
000136d8  _ZTI10Kalman2Var                                                                  
0001369c  _ZTIN10__cxxabiv117__class_type_infoE                                             
000136a8  _ZTIN10__cxxabiv117__pbase_type_infoE                                             
000136b4  _ZTIN10__cxxabiv119__pointer_type_infoE                                           
000136c0  _ZTIN10__cxxabiv120__si_class_type_infoE                                          
000136cc  _ZTIN10__cxxabiv123__fundamental_type_infoE                                       
00013610  _ZTIPKe                                                                           
000136e0  _ZTISt9type_info                                                                  
000136e8  _ZTIe                                                                             
00013680  _ZTS10Kalman2Var                                                                  
00013579  _ZTSN10__cxxabiv117__class_type_infoE                                             
0001359b  _ZTSN10__cxxabiv117__pbase_type_infoE                                             
00013555  _ZTSN10__cxxabiv119__pointer_type_infoE                                           
00013530  _ZTSN10__cxxabiv120__si_class_type_infoE                                          
00013508  _ZTSN10__cxxabiv123__fundamental_type_infoE                                       
00013269  _ZTSPKe                                                                           
0001368d  _ZTSSt9type_info                                                                  
0001326d  _ZTSe                                                                             
00013630  _ZTV10Kalman2Var                                                                  
00013640  _ZTVN10__cxxabiv117__class_type_infoE                                             
00013650  _ZTVN10__cxxabiv119__pointer_type_infoE                                           
00013660  _ZTVN10__cxxabiv120__si_class_type_infoE                                          
00013670  _ZTVN10__cxxabiv123__fundamental_type_infoE                                       
00013378  _ZZN5QueueIN8TskMotor8VelOmegaELb1EE2DeERS1_Es                                    
000133be  _ZZN5QueueIN8TskMotor8VelOmegaELb1EE2EnERKS1_Es                                   
00013404  _ZZN5QueueIN8TskMotor8VelOmegaELb1EE3LenEvEs                                      
0001344a  _ZZN5QueueIN8TskMotor8VelOmegaELb1EE5ClearEvEs                                    
00013490  _ZZN5QueueIN8TskMotor8VelOmegaELb1EEC1EiEs                                        
00013157  _ZdaPv                                                                            
00013157  _ZdlPv                                                                            
00012f11  _Znaj                                                                             
00012f11  _Znwj                                                                             
20018370  __STACK_END                                                                       
00000200  __STACK_SIZE                                                                      
20018370  __STACK_TOP                                                                       
00004000  __SYSMEM_SIZE                                                                     
00013778  __TI_CINIT_Base                                                                   
00013790  __TI_CINIT_Limit                                                                  
0001375c  __TI_Handler_Table_Base                                                           
00013768  __TI_Handler_Table_Limit                                                          
00012839  __TI_auto_init                                                                    
20000328  __TI_cleanup_ptr                                                                  
000129ed  __TI_decompress_lzss                                                              
00013119  __TI_decompress_none                                                              
2000032c  __TI_dtors_ptr                                                                    
20000330  __TI_enable_exit_profile_output                                                   
ffffffff  __TI_pprof_out_hndl                                                               
0000a6c1  __TI_printfi                                                                      
ffffffff  __TI_prof_data_size                                                               
ffffffff  __TI_prof_data_start                                                              
00000000  __TI_static_base__                                                                
0001313f  __TI_zero_init                                                                    
00011ee7  __aeabi_atexit                                                                    
00012631  __aeabi_cdcmpeq                                                                   
00012631  __aeabi_cdcmple                                                                   
000126b7  __aeabi_cdrcmple                                                                  
000128a9  __aeabi_d2f                                                                       
00012d69  __aeabi_d2iz                                                                      
0001111f  __aeabi_dadd                                                                      
000118e5  __aeabi_ddiv                                                                      
00011c55  __aeabi_dmul                                                                      
00011115  __aeabi_dsub                                                                      
00012ea5  __aeabi_f2d                                                                       
00012f41  __aeabi_i2d                                                                       
000127bd  __aeabi_memclr                                                                    
000127bd  __aeabi_memclr4                                                                   
000127bd  __aeabi_memclr8                                                                   
00012475  __aeabi_memcpy                                                                    
00012475  __aeabi_memcpy4                                                                   
00012475  __aeabi_memcpy8                                                                   
000127bf  __aeabi_memset                                                                    
000127bf  __aeabi_memset4                                                                   
000127bf  __aeabi_memset8                                                                   
00010b59  __aeabi_uldivmod                                                                  
000102f7  __aeabi_vec_cctor_nocookie_nodtor                                                 
000102d3  __aeabi_vec_ctor_cookie_nodtor                                                    
000102c1  __aeabi_vec_ctor_nocookie_nodtor                                                  
000102b5  __aeabi_vec_delete                                                                
00010299  __aeabi_vec_delete3                                                               
0001027f  __aeabi_vec_delete3_nodtor                                                        
0001024d  __aeabi_vec_dtor                                                                  
00010261  __aeabi_vec_dtor_cookie                                                           
00010239  __aeabi_vec_new_cookie                                                            
0001021d  __aeabi_vec_new_cookie_noctor                                                     
000101f7  __aeabi_vec_new_cookie_nodtor                                                     
000101e3  __aeabi_vec_new_nocookie                                                          
ffffffff  __binit__                                                                         
ffffffff  __c_args__                                                                        
00011e95  __cxa_atexit                                                                      
00011e4d  __cxa_finalize                                                                    
00012ffb  __cxa_guard_abort                                                                 
00012fef  __cxa_guard_acquire                                                               
00012fe5  __cxa_guard_release                                                               
00011e8f  __cxa_ia64_exit                                                                   
000101b9  __cxa_vec_cctor                                                                   
00010199  __cxa_vec_cleanup                                                                 
00010175  __cxa_vec_ctor                                                                    
0001014f  __cxa_vec_delete                                                                  
00010129  __cxa_vec_delete2                                                                 
00010103  __cxa_vec_delete3                                                                 
000100e7  __cxa_vec_dtor                                                                    
0001004b  __cxa_vec_new                                                                     
0001001f  __cxa_vec_new2                                                                    
0000fff3  __cxa_vec_new3                                                                    
2001415c  __dso_handle                                                                      
0000afbb  __mpu_init                                                                        
20018170  __stack                                                                           
00003981  __sti___10_action_cpp_SP                                                          
00010897  __sti___11_DbgUart_cpp_e363817f                                                   
0000c775  __sti___12_TskMotor_cpp_440a4bfa                                                  
0000f73d  __sti___14_Kalman2Var_cpp_aa8a8511                                                
00013021  _args_main                                                                        
00012bd5  _c_int00                                                                          
00013168  _ctypes_                                                                          
2000034c  _lock                                                                             
20000398  _new_handler                                                                      
0001308b  _nop                                                                              
00013083  _register_lock                                                                    
0001307d  _register_unlock                                                                  
20014170  _sys_memory                                                                       
0000e367  _system_post_cinit                                                                
0001315f  _system_pre_init                                                                  
20000350  _unlock                                                                           
00012c2d  abort                                                                             
00011479  acosf                                                                             
00011ed9  atexit                                                                            
00012cd1  atoi                                                                              
ffffffff  binit                                                                             
0000ff51  calloc                                                                            
20014160  cmd                                                                               
00012d1d  copy_in                                                                           
00013091  copysign                                                                          
000130cb  copysignf                                                                         
00013091  copysignl                                                                         
00012271  cosf                                                                              
20013740  dbgStr                                                                            
00007c03  eTaskGetState                                                                     
2000038c  errno                                                                             
00012c35  exit                                                                              
00010f39  expf                                                                              
0001273d  floorf                                                                            
0000fc9b  free                                                                              
00012a55  frexp                                                                             
00012a55  frexpl                                                                            
20000000  g_pfnRAMVectors                                                                   
00000000  g_pfnVectors                                                                      
20014084  imuData                                                                           
2000037c  imuInitSeq0                                                                       
20000381  imuInitSeq1                                                                       
20000383  imuReadSeq                                                                        
20013e1c  input                                                                             
00011d51  ldexp                                                                             
00011f41  ldexpf                                                                            
00011d51  ldexpl                                                                            
00010d4d  logf                                                                              
20014164  lp                                                                                
000130ed  lroundf                                                                           
00012c7d  ltoa                                                                              
00012db1  main                                                                              
20000390  main_func_sp                                                                      
0000fc31  malloc                                                                            
0000fe65  memalign                                                                          
00013005  memccpy                                                                           
00012475  memcpy                                                                            
000127c5  memset                                                                            
0000fbb1  minit                                                                             
0000dad1  pcQueueGetName                                                                    
000080ed  pcTaskGetName                                                                     
0000ef33  pcTimerGetName                                                                    
0000e369  powf                                                                              
20012800  pui8ControlTable                                                                  
00011b3d  pvPortMalloc                                                                      
000088d9  pvTaskIncrementMutexHeldCount                                                     
0000f25b  pvTimerGetTimerID                                                                 
200002a0  pxCurrentTCB                                                                      
0001177d  pxPortInitialiseStack                                                             
0000fd5d  realloc                                                                           
20000360  rotateL                                                                           
2000035c  rotateR                                                                           
00012917  roundf                                                                            
20014168  rp                                                                                
00011d51  scalbn                                                                            
00011f41  scalbnf                                                                           
00011d51  scalbnl                                                                           
000123d1  sinf                                                                              
00012b19  sprintf                                                                           
0001160d  sqrt                                                                              
00012f99  sqrtf                                                                             
0001160d  sqrtl                                                                             
[...]
000127bf  __aeabi_memset4                                                                   
000127bf  __aeabi_memset8                                                                   
000127c5  memset                                                                            
00012839  __TI_auto_init                                                                    
000128a9  __aeabi_d2f                                                                       
00012917  roundf                                                                            
00012985  IntEnable                                                                         
000129ed  __TI_decompress_lzss                                                              
00012a55  frexp                                                                             
00012a55  frexpl                                                                            
00012ab9  _ZNK9Matrix2x2plERKS_                                                             
00012b19  sprintf                                                                           
00012b79  _ZNK9Matrix2x2mlERK7Vector2                                                       
00012bd5  _c_int00                                                                          
00012c29  C$$EXIT                                                                           
00012c2d  abort                                                                             
00012c35  exit                                                                              
00012c7d  ltoa                                                                              
00012cd1  atoi                                                                              
00012d1d  copy_in                                                                           
00012d69  __aeabi_d2iz                                                                      
00012db1  main                                                                              
00012de1  _Z9__error__Pcj                                                                   
00012df1  strtok                                                                            
00012e31  _ZN8PidParamC1Ev                                                                  
00012e6d  vApplicationAssert                                                                
00012ea5  __aeabi_f2d                                                                       
00012edd  IntRegister                                                                       
00012f11  _Znaj                                                                             
00012f11  _Znwj                                                                             
00012f41  __aeabi_i2d                                                                       
00012f6f  strspn                                                                            
00012f99  sqrtf                                                                             
00012fc1  strcspn                                                                           
00012fe5  __cxa_guard_release                                                               
00012fef  __cxa_guard_acquire                                                               
00012ffb  __cxa_guard_abort                                                                 
00013005  memccpy                                                                           
00013021  _args_main                                                                        
00013039  strcmp                                                                            
00013051  strchr                                                                            
00013067  _ZN10Micromouse8GridCoorC1Ev                                                      
0001307d  _register_unlock                                                                  
00013083  _register_lock                                                                    
0001308b  _nop                                                                              
00013091  copysign                                                                          
00013091  copysignl                                                                         
000130a5  strlen                                                                            
000130b9  _ZN10Micromouse8GridInfoC1Ev                                                      
000130cb  copysignf                                                                         
000130dd  IntMasterEnable                                                                   
000130ed  lroundf                                                                           
000130fd  _ZN10Micromouse5QueueINS_8GridCoorEED1Ev                                          
0001310b  _ZN5QueueIcLb0EED1Ev                                                              
00013119  __TI_decompress_none                                                              
00013127  CPUcpsie                                                                          
00013133  UARTCharsAvail                                                                    
0001313f  __TI_zero_init                                                                    
0001314b  ResetISR                                                                          
00013157  _ZdaPv                                                                            
00013157  _ZdlPv                                                                            
0001315f  _system_pre_init                                                                  
00013168  _ctypes_                                                                          
00013269  _ZTSPKe                                                                           
0001326d  _ZTSe                                                                             
00013378  _ZZN5QueueIN8TskMotor8VelOmegaELb1EE2DeERS1_Es                                    
000133be  _ZZN5QueueIN8TskMotor8VelOmegaELb1EE2EnERKS1_Es                                   
00013404  _ZZN5QueueIN8TskMotor8VelOmegaELb1EE3LenEvEs                                      
0001344a  _ZZN5QueueIN8TskMotor8VelOmegaELb1EE5ClearEvEs                                    
00013490  _ZZN5QueueIN8TskMotor8VelOmegaELb1EEC1EiEs                                        
00013508  _ZTSN10__cxxabiv123__fundamental_type_infoE                                       
00013530  _ZTSN10__cxxabiv120__si_class_type_infoE                                          
00013555  _ZTSN10__cxxabiv119__pointer_type_infoE                                           
00013579  _ZTSN10__cxxabiv117__class_type_infoE                                             
0001359b  _ZTSN10__cxxabiv117__pbase_type_infoE                                             
00013610  _ZTIPKe                                                                           
00013630  _ZTV10Kalman2Var                                                                  
00013640  _ZTVN10__cxxabiv117__class_type_infoE                                             
00013650  _ZTVN10__cxxabiv119__pointer_type_infoE                                           
00013660  _ZTVN10__cxxabiv120__si_class_type_infoE                                          
00013670  _ZTVN10__cxxabiv123__fundamental_type_infoE                                       
00013680  _ZTS10Kalman2Var                                                                  
0001368d  _ZTSSt9type_info                                                                  
0001369c  _ZTIN10__cxxabiv117__class_type_infoE                                             
000136a8  _ZTIN10__cxxabiv117__pbase_type_infoE                                             
000136b4  _ZTIN10__cxxabiv119__pointer_type_infoE                                           
000136c0  _ZTIN10__cxxabiv120__si_class_type_infoE                                          
000136cc  _ZTIN10__cxxabiv123__fundamental_type_infoE                                       
000136d8  _ZTI10Kalman2Var                                                                  
000136e0  _ZTISt9type_info                                                                  
000136e8  _ZTIe                                                                             
000136f0  ulMaxSyscallInterruptPriority                                                     
000136f4  SHT$$INIT_ARRAY$$Base                                                             
00013704  SHT$$INIT_ARRAY$$Limit                                                            
0001375c  __TI_Handler_Table_Base                                                           
00013768  __TI_Handler_Table_Limit                                                          
00013778  __TI_CINIT_Base                                                                   
00013790  __TI_CINIT_Limit                                                                  
20000000  g_pfnRAMVectors                                                                   
2000026c  _ZN8TskMotor7EncRVelE                                                             
20000270  _ZN8TskMotor7EncLVelE                                                             
20000274  _ZN8TskMotor11DistanceAccE                                                        
20000278  _ZN8TskMotor8AngleAccE                                                            
2000027c  _ZN8TskMotor14DistanceAcc_enE                                                     
20000280  _ZN8TskMotor14DesireDistanceE                                                     
20000284  _ZN8TskMotor8CurrentVE                                                            
20000288  _ZN8TskMotor6OmgAdjE                                                              
2000028c  _ZN8TskMotor5LvAdjE                                                               
20000290  _ZN8TskMotor9GyroZZeroE                                                           
20000294  _ZN8TskMotor9AcclXZeroE                                                           
20000298  _ZN8TskMotor11TemperatureE                                                        
2000029c  _ZN8TskMotor12MotorEnabledE                                                       
2000029d  _ZN8TskMotor11GyroEnabledE                                                        
2000029e  _ZN8TskMotor11AcclEnabledE                                                        
2000029f  _ZN8TskMotor15AcqZerosEnabledE                                                    
200002a0  pxCurrentTCB                                                                      
200002d4  _ZN5TskIr5IrACsE                                                                  
20000304  _ZN5TskIr7IrDistsE                                                                
20000318  _ZN5TskIr9IrChNamesE                                                              
20000328  __TI_cleanup_ptr                                                                  
2000032c  __TI_dtors_ptr                                                                    
20000330  __TI_enable_exit_profile_output                                                   
2000034c  _lock                                                                             
20000350  _unlock                                                                           
20000354  _ZN5TskIr12irEmitEnableE                                                          
20000358  _ZN5TskIr11irEmitterNoE                                                           
2000035c  rotateR                                                                           
20000360  rotateL                                                                           
20000364  _ZN5TskIr6IrIntsE                                                                 
2000036c  _ZN5TskIr7irZerosE                                                                
2000037c  imuInitSeq0                                                                       
20000381  imuInitSeq1                                                                       
20000383  imuReadSeq                                                                        
2000038c  errno                                                                             
20000390  main_func_sp                                                                      
20000398  _new_handler                                                                      
20010400  _ZN9TskAction4InfoE                                                               
20010e00  _ZN9TskAction6DesireE                                                             
20011800  _ZN9TskAction3o_sE                                                                
20012000  _ZN9TskAction3v_sE                                                                
20012800  pui8ControlTable                                                                  
20012c00  _ZN8TskMotor2lvE                                                                  
20012fc0  _ZN8TskMotor6vel_deE                                                              
20013380  _ZN8TskMotor7dist_enE                                                             
20013740  dbgStr                                                                            
20013a80  SP                                                                                
20013b9c  _ZN5TskIr6dbgStrE                                                                 
20013c1c  _ZN6TskTop6dbgStrE                                                                
20013c9c  _ZN8TskMotor6dbgStrE                                                              
20013d1c  _ZN8TskPrint3msgE                                                                 
20013d9c  _ZN9TskAction6dbgStrE                                                             
20013e1c  input                                                                             
20013e9c  CP                                                                                
20013ef4  xQueueRegistry                                                                    
20013f34  _ZN8TskMotor8pidparamE                                                            
20013f5c  _ZN5TskIr8IrBinThsE                                                               
20013f74  _ZN8TskPrint7QUartRxE                                                             
20014014  I                                                                                 
20014024  _ZN8TskMotor1AE                                                                   
20014034  _ZN8TskMotor1HE                                                                   
20014044  _ZN8TskMotor1QE                                                                   
20014054  _ZN8TskMotor1RE                                                                   
20014064  _ZN8TskMotor2P0E                                                                  
20014084  imuData                                                                           
20014092  _ZN6TskTop4ModeE                                                                  
20014093  _ZN9TskAction8reportedE                                                           
20014094  _ZN5TskIr5IrYawE                                                                  
200140a0  _ZN8TskMotor1BE                                                                   
200140a8  _ZN8TskMotor2x0E                                                                  
200140b0  _ZN8TskMotor6desireE                                                              
200140b8  _ZN8TskMotor6kalOutE                                                              
200140e0  _ZN5TskIr6IrBinsE                                                                 
200140ec  SemActTick                                                                        
200140f0  SemIrTick                                                                         
200140f4  SemMotTick                                                                        
200140f8  _ZN5TskIr14SemIrAdcFinishE                                                        
200140fc  _ZN5TskIr14SideWallDisPosE                                                        
20014100  _ZN5TskIr5MbCmdE                                                                  
20014104  _ZN5solve4QActE                                                                   
20014108  _ZN5solve5MbActE                                                                  
2001410c  _ZN5solve5MbTopE                                                                  
20014110  _ZN6TskTop5MbCmdE                                                                 
20014114  _ZN8TskMotor2AVE                                                                  
20014118  _ZN8TskMotor2LVE                                                                  
2001411c  _ZN8TskMotor5AcclXE                                                               
20014120  _ZN8TskMotor5GyroZE                                                               
20014124  _ZN8TskMotor5MbCmdE                                                               
20014128  _ZN8TskMotor6EncVelE                                                              
2001412c  _ZN8TskMotor6QMotorE                                                              
20014130  _ZN8TskPrint5MbCmdE                                                               
20014134  _ZN9TskAction10actCurrActE                                                        
20014138  _ZN9TskAction10actHDirPidE                                                        
2001413c  _ZN9TskAction4IMinE                                                               
20014140  _ZN9TskAction5IRintE                                                              
20014144  _ZN9TskAction5MbCmdE                                                              
20014148  _ZN9TskAction7end_msgE                                                            
2001414c  _ZN9TskAction8cur_wallE                                                           
20014150  _ZN9TskAction8distZeroE                                                           
20014154  _ZN9TskAction8nextWallE                                                           
20014158  _ZSt16__dummy_typeinfo                                                            
2001415c  __dso_handle                                                                      
20014160  cmd                                                                               
20014164  lp                                                                                
20014168  rp                                                                                
20014170  _sys_memory                                                                       
20018170  __stack                                                                           
20018370  __STACK_END                                                                       
20018370  __STACK_TOP                                                                       
ffffffff  __TI_pprof_out_hndl                                                               
ffffffff  __TI_prof_data_size                                                               
ffffffff  __TI_prof_data_start                                                              
ffffffff  __binit__                                                                         
ffffffff  __c_args__                                                                        
ffffffff  binit                                                                             

[576 symbols]
