<?xml version="1.0"?>
<link_info>
   <banner>TI ARM Linker PC v16.9.1.LTS</banner>
   <copyright>Copyright (c) 1996-2015 Texas Instruments Incorporated</copyright>
   <link_time>0x5a046fb9</link_time>
   <link_errors>0x0</link_errors>
   <output_file>dbMouse_FreeRTOS.out</output_file>
   <entry_point>
      <name>_c_int00</name>
      <address>0x11db5</address>
   </entry_point>
   <input_file_list>
      <input_file id="fl-2">
         <path>.\</path>
         <kind>object</kind>
         <file>assert.obj</file>
         <name>assert.obj</name>
      </input_file>
      <input_file id="fl-3">
         <path>.\</path>
         <kind>object</kind>
         <file>main.obj</file>
         <name>main.obj</name>
      </input_file>
      <input_file id="fl-4">
         <path>.\</path>
         <kind>object</kind>
         <file>tm4c1294ncpdt_startup_ccs.obj</file>
         <name>tm4c1294ncpdt_startup_ccs.obj</name>
      </input_file>
      <input_file id="fl-5">
         <path>.\FreeRTOS\</path>
         <kind>object</kind>
         <file>croutine.obj</file>
         <name>croutine.obj</name>
      </input_file>
      <input_file id="fl-6">
         <path>.\FreeRTOS\</path>
         <kind>object</kind>
         <file>event_groups.obj</file>
         <name>event_groups.obj</name>
      </input_file>
      <input_file id="fl-7">
         <path>.\FreeRTOS\</path>
         <kind>object</kind>
         <file>list.obj</file>
         <name>list.obj</name>
      </input_file>
      <input_file id="fl-8">
         <path>.\FreeRTOS\</path>
         <kind>object</kind>
         <file>queue.obj</file>
         <name>queue.obj</name>
      </input_file>
      <input_file id="fl-9">
         <path>.\FreeRTOS\</path>
         <kind>object</kind>
         <file>tasks.obj</file>
         <name>tasks.obj</name>
      </input_file>
      <input_file id="fl-a">
         <path>.\FreeRTOS\</path>
         <kind>object</kind>
         <file>timers.obj</file>
         <name>timers.obj</name>
      </input_file>
      <input_file id="fl-b">
         <path>.\FreeRTOS\portable\CCS\ARM_CM4F\</path>
         <kind>object</kind>
         <file>port.obj</file>
         <name>port.obj</name>
      </input_file>
      <input_file id="fl-c">
         <path>.\FreeRTOS\portable\CCS\ARM_CM4F\</path>
         <kind>object</kind>
         <file>portasm.obj</file>
         <name>portasm.obj</name>
      </input_file>
      <input_file id="fl-d">
         <path>.\FreeRTOS\portable\MemMang\</path>
         <kind>object</kind>
         <file>heap_2.obj</file>
         <name>heap_2.obj</name>
      </input_file>
      <input_file id="fl-e">
         <path>.\Kalman\</path>
         <kind>object</kind>
         <file>Kalman1Var.obj</file>
         <name>Kalman1Var.obj</name>
      </input_file>
      <input_file id="fl-f">
         <path>.\Kalman\</path>
         <kind>object</kind>
         <file>Kalman2Var.obj</file>
         <name>Kalman2Var.obj</name>
      </input_file>
      <input_file id="fl-10">
         <path>.\Pid\</path>
         <kind>object</kind>
         <file>Pid.obj</file>
         <name>Pid.obj</name>
      </input_file>
      <input_file id="fl-11">
         <path>.\PinConfig\</path>
         <kind>object</kind>
         <file>pinout.obj</file>
         <name>pinout.obj</name>
      </input_file>
      <input_file id="fl-12">
         <path>.\Queue\</path>
         <kind>object</kind>
         <file>Queue.obj</file>
         <name>Queue.obj</name>
      </input_file>
      <input_file id="fl-13">
         <path>.\TskIr\</path>
         <kind>object</kind>
         <file>IrCorr.obj</file>
         <name>IrCorr.obj</name>
      </input_file>
      <input_file id="fl-14">
         <path>.\TskIr\</path>
         <kind>object</kind>
         <file>TskIr.obj</file>
         <name>TskIr.obj</name>
      </input_file>
      <input_file id="fl-15">
         <path>.\TskMotor\</path>
         <kind>object</kind>
         <file>Imu2.obj</file>
         <name>Imu2.obj</name>
      </input_file>
      <input_file id="fl-16">
         <path>.\TskMotor\</path>
         <kind>object</kind>
         <file>MotorPwm.obj</file>
         <name>MotorPwm.obj</name>
      </input_file>
      <input_file id="fl-17">
         <path>.\TskMotor\</path>
         <kind>object</kind>
         <file>TskMotor.obj</file>
         <name>TskMotor.obj</name>
      </input_file>
      <input_file id="fl-18">
         <path>.\TskMotor\</path>
         <kind>object</kind>
         <file>WheelEnc.obj</file>
         <name>WheelEnc.obj</name>
      </input_file>
      <input_file id="fl-19">
         <path>.\TskTop\</path>
         <kind>object</kind>
         <file>DbgUart.obj</file>
         <name>DbgUart.obj</name>
      </input_file>
      <input_file id="fl-1a">
         <path>.\TskTop\</path>
         <kind>object</kind>
         <file>TskTop.obj</file>
         <name>TskTop.obj</name>
      </input_file>
      <input_file id="fl-1b">
         <path>.\TskTop\</path>
         <kind>object</kind>
         <file>cmd.obj</file>
         <name>cmd.obj</name>
      </input_file>
      <input_file id="fl-1c">
         <path>.\TskTop\</path>
         <kind>object</kind>
         <file>paramsCorr.obj</file>
         <name>paramsCorr.obj</name>
      </input_file>
      <input_file id="fl-1d">
         <path>.\action\</path>
         <kind>object</kind>
         <file>action.obj</file>
         <name>action.obj</name>
      </input_file>
      <input_file id="fl-1e">
         <path>.\action\</path>
         <kind>object</kind>
         <file>correction.obj</file>
         <name>correction.obj</name>
      </input_file>
      <input_file id="fl-1f">
         <path>.\action\</path>
         <kind>object</kind>
         <file>motion.obj</file>
         <name>motion.obj</name>
      </input_file>
      <input_file id="fl-20">
         <path>.\mmaze\</path>
         <kind>object</kind>
         <file>mmaze.obj</file>
         <name>mmaze.obj</name>
      </input_file>
      <input_file id="fl-21">
         <path>.\mouse\</path>
         <kind>object</kind>
         <file>mouse.obj</file>
         <name>mouse.obj</name>
      </input_file>
      <input_file id="fl-22">
         <path>.\solve\</path>
         <kind>object</kind>
         <file>actstatus.obj</file>
         <name>actstatus.obj</name>
      </input_file>
      <input_file id="fl-23">
         <path>.\solve\</path>
         <kind>object</kind>
         <file>solve.obj</file>
         <name>solve.obj</name>
      </input_file>
      <input_file id="fl-de">
         <path>C:\ti\ccsv7\tools\compiler\ti-cgt-arm_16.9.1.LTS\lib\</path>
         <kind>archive</kind>
         <file>rtsv7M4_T_le_v4SPD16_eabi.lib</file>
         <name>array_del.obj</name>
      </input_file>
      <input_file id="fl-df">
         <path>C:\ti\ccsv7\tools\compiler\ti-cgt-arm_16.9.1.LTS\lib\</path>
         <kind>archive</kind>
         <file>rtsv7M4_T_le_v4SPD16_eabi.lib</file>
         <name>array_new.obj</name>
      </input_file>
      <input_file id="fl-e0">
         <path>C:\ti\ccsv7\tools\compiler\ti-cgt-arm_16.9.1.LTS\lib\</path>
         <kind>archive</kind>
         <file>rtsv7M4_T_le_v4SPD16_eabi.lib</file>
         <name>boot.obj</name>
      </input_file>
      <input_file id="fl-e1">
         <path>C:\ti\ccsv7\tools\compiler\ti-cgt-arm_16.9.1.LTS\lib\</path>
         <kind>archive</kind>
         <file>rtsv7M4_T_le_v4SPD16_eabi.lib</file>
         <name>copy_decompress_lzss.obj</name>
      </input_file>
      <input_file id="fl-e2">
         <path>C:\ti\ccsv7\tools\compiler\ti-cgt-arm_16.9.1.LTS\lib\</path>
         <kind>archive</kind>
         <file>rtsv7M4_T_le_v4SPD16_eabi.lib</file>
         <name>copy_decompress_none.obj</name>
      </input_file>
      <input_file id="fl-e3">
         <path>C:\ti\ccsv7\tools\compiler\ti-cgt-arm_16.9.1.LTS\lib\</path>
         <kind>archive</kind>
         <file>rtsv7M4_T_le_v4SPD16_eabi.lib</file>
         <name>copy_zero_init.obj</name>
      </input_file>
      <input_file id="fl-e4">
         <path>C:\ti\ccsv7\tools\compiler\ti-cgt-arm_16.9.1.LTS\lib\</path>
         <kind>archive</kind>
         <file>rtsv7M4_T_le_v4SPD16_eabi.lib</file>
         <name>delete.obj</name>
      </input_file>
      <input_file id="fl-e5">
         <path>C:\ti\ccsv7\tools\compiler\ti-cgt-arm_16.9.1.LTS\lib\</path>
         <kind>archive</kind>
         <file>rtsv7M4_T_le_v4SPD16_eabi.lib</file>
         <name>dtor_list.obj</name>
      </input_file>
      <input_file id="fl-e6">
         <path>C:\ti\ccsv7\tools\compiler\ti-cgt-arm_16.9.1.LTS\lib\</path>
         <kind>archive</kind>
         <file>rtsv7M4_T_le_v4SPD16_eabi.lib</file>
         <name>e_acosf.obj</name>
      </input_file>
      <input_file id="fl-e7">
         <path>C:\ti\ccsv7\tools\compiler\ti-cgt-arm_16.9.1.LTS\lib\</path>
         <kind>archive</kind>
         <file>rtsv7M4_T_le_v4SPD16_eabi.lib</file>
         <name>e_expf.obj</name>
      </input_file>
      <input_file id="fl-e8">
         <path>C:\ti\ccsv7\tools\compiler\ti-cgt-arm_16.9.1.LTS\lib\</path>
         <kind>archive</kind>
         <file>rtsv7M4_T_le_v4SPD16_eabi.lib</file>
         <name>e_logf.obj</name>
      </input_file>
      <input_file id="fl-e9">
         <path>C:\ti\ccsv7\tools\compiler\ti-cgt-arm_16.9.1.LTS\lib\</path>
         <kind>archive</kind>
         <file>rtsv7M4_T_le_v4SPD16_eabi.lib</file>
         <name>e_powf.obj</name>
      </input_file>
      <input_file id="fl-ea">
         <path>C:\ti\ccsv7\tools\compiler\ti-cgt-arm_16.9.1.LTS\lib\</path>
         <kind>archive</kind>
         <file>rtsv7M4_T_le_v4SPD16_eabi.lib</file>
         <name>e_sqrt.obj</name>
      </input_file>
      <input_file id="fl-eb">
         <path>C:\ti\ccsv7\tools\compiler\ti-cgt-arm_16.9.1.LTS\lib\</path>
         <kind>archive</kind>
         <file>rtsv7M4_T_le_v4SPD16_eabi.lib</file>
         <name>e_sqrtf.obj</name>
      </input_file>
      <input_file id="fl-ec">
         <path>C:\ti\ccsv7\tools\compiler\ti-cgt-arm_16.9.1.LTS\lib\</path>
         <kind>archive</kind>
         <file>rtsv7M4_T_le_v4SPD16_eabi.lib</file>
         <name>errno.obj</name>
      </input_file>
      <input_file id="fl-ed">
         <path>C:\ti\ccsv7\tools\compiler\ti-cgt-arm_16.9.1.LTS\lib\</path>
         <kind>archive</kind>
         <file>rtsv7M4_T_le_v4SPD16_eabi.lib</file>
         <name>exit.obj</name>
      </input_file>
      <input_file id="fl-ee">
         <path>C:\ti\ccsv7\tools\compiler\ti-cgt-arm_16.9.1.LTS\lib\</path>
         <kind>archive</kind>
         <file>rtsv7M4_T_le_v4SPD16_eabi.lib</file>
         <name>fd_add_t2.obj</name>
      </input_file>
      <input_file id="fl-ef">
         <path>C:\ti\ccsv7\tools\compiler\ti-cgt-arm_16.9.1.LTS\lib\</path>
         <kind>archive</kind>
         <file>rtsv7M4_T_le_v4SPD16_eabi.lib</file>
         <name>fd_cmp_t2.obj</name>
      </input_file>
      <input_file id="fl-f0">
         <path>C:\ti\ccsv7\tools\compiler\ti-cgt-arm_16.9.1.LTS\lib\</path>
         <kind>archive</kind>
         <file>rtsv7M4_T_le_v4SPD16_eabi.lib</file>
         <name>fd_div_t2.obj</name>
      </input_file>
      <input_file id="fl-f1">
         <path>C:\ti\ccsv7\tools\compiler\ti-cgt-arm_16.9.1.LTS\lib\</path>
         <kind>archive</kind>
         <file>rtsv7M4_T_le_v4SPD16_eabi.lib</file>
         <name>fd_mul_t2.obj</name>
      </input_file>
      <input_file id="fl-f2">
         <path>C:\ti\ccsv7\tools\compiler\ti-cgt-arm_16.9.1.LTS\lib\</path>
         <kind>archive</kind>
         <file>rtsv7M4_T_le_v4SPD16_eabi.lib</file>
         <name>fd_toi_t2.obj</name>
      </input_file>
      <input_file id="fl-f3">
         <path>C:\ti\ccsv7\tools\compiler\ti-cgt-arm_16.9.1.LTS\lib\</path>
         <kind>archive</kind>
         <file>rtsv7M4_T_le_v4SPD16_eabi.lib</file>
         <name>fd_tos_t2.obj</name>
      </input_file>
      <input_file id="fl-f4">
         <path>C:\ti\ccsv7\tools\compiler\ti-cgt-arm_16.9.1.LTS\lib\</path>
         <kind>archive</kind>
         <file>rtsv7M4_T_le_v4SPD16_eabi.lib</file>
         <name>fs_tod_t2.obj</name>
      </input_file>
      <input_file id="fl-f5">
         <path>C:\ti\ccsv7\tools\compiler\ti-cgt-arm_16.9.1.LTS\lib\</path>
         <kind>archive</kind>
         <file>rtsv7M4_T_le_v4SPD16_eabi.lib</file>
         <name>guard.obj</name>
      </input_file>
      <input_file id="fl-f6">
         <path>C:\ti\ccsv7\tools\compiler\ti-cgt-arm_16.9.1.LTS\lib\</path>
         <kind>archive</kind>
         <file>rtsv7M4_T_le_v4SPD16_eabi.lib</file>
         <name>i_tofd_t2.obj</name>
      </input_file>
      <input_file id="fl-f7">
         <path>C:\ti\ccsv7\tools\compiler\ti-cgt-arm_16.9.1.LTS\lib\</path>
         <kind>archive</kind>
         <file>rtsv7M4_T_le_v4SPD16_eabi.lib</file>
         <name>memcpy_t2.obj</name>
      </input_file>
      <input_file id="fl-f8">
         <path>C:\ti\ccsv7\tools\compiler\ti-cgt-arm_16.9.1.LTS\lib\</path>
         <kind>archive</kind>
         <file>rtsv7M4_T_le_v4SPD16_eabi.lib</file>
         <name>memory.obj</name>
      </input_file>
      <input_file id="fl-f9">
         <path>C:\ti\ccsv7\tools\compiler\ti-cgt-arm_16.9.1.LTS\lib\</path>
         <kind>archive</kind>
         <file>rtsv7M4_T_le_v4SPD16_eabi.lib</file>
         <name>memset_t2.obj</name>
      </input_file>
      <input_file id="fl-fa">
         <path>C:\ti\ccsv7\tools\compiler\ti-cgt-arm_16.9.1.LTS\lib\</path>
         <kind>archive</kind>
         <file>rtsv7M4_T_le_v4SPD16_eabi.lib</file>
         <name>mpu_init.obj</name>
      </input_file>
      <input_file id="fl-fb">
         <path>C:\ti\ccsv7\tools\compiler\ti-cgt-arm_16.9.1.LTS\lib\</path>
         <kind>archive</kind>
         <file>rtsv7M4_T_le_v4SPD16_eabi.lib</file>
         <name>new_.obj</name>
      </input_file>
      <input_file id="fl-fc">
         <path>C:\ti\ccsv7\tools\compiler\ti-cgt-arm_16.9.1.LTS\lib\</path>
         <kind>archive</kind>
         <file>rtsv7M4_T_le_v4SPD16_eabi.lib</file>
         <name>newhandler.obj</name>
      </input_file>
      <input_file id="fl-fd">
         <path>C:\ti\ccsv7\tools\compiler\ti-cgt-arm_16.9.1.LTS\lib\</path>
         <kind>archive</kind>
         <file>rtsv7M4_T_le_v4SPD16_eabi.lib</file>
         <name>pre_init.obj</name>
      </input_file>
      <input_file id="fl-fe">
         <path>C:\ti\ccsv7\tools\compiler\ti-cgt-arm_16.9.1.LTS\lib\</path>
         <kind>archive</kind>
         <file>rtsv7M4_T_le_v4SPD16_eabi.lib</file>
         <name>s_cosf.obj</name>
      </input_file>
      <input_file id="fl-ff">
         <path>C:\ti\ccsv7\tools\compiler\ti-cgt-arm_16.9.1.LTS\lib\</path>
         <kind>archive</kind>
         <file>rtsv7M4_T_le_v4SPD16_eabi.lib</file>
         <name>s_lroundf.obj</name>
      </input_file>
      <input_file id="fl-100">
         <path>C:\ti\ccsv7\tools\compiler\ti-cgt-arm_16.9.1.LTS\lib\</path>
         <kind>archive</kind>
         <file>rtsv7M4_T_le_v4SPD16_eabi.lib</file>
         <name>s_roundf.obj</name>
      </input_file>
      <input_file id="fl-101">
         <path>C:\ti\ccsv7\tools\compiler\ti-cgt-arm_16.9.1.LTS\lib\</path>
         <kind>archive</kind>
         <file>rtsv7M4_T_le_v4SPD16_eabi.lib</file>
         <name>s_scalbnf.obj</name>
      </input_file>
      <input_file id="fl-102">
         <path>C:\ti\ccsv7\tools\compiler\ti-cgt-arm_16.9.1.LTS\lib\</path>
         <kind>archive</kind>
         <file>rtsv7M4_T_le_v4SPD16_eabi.lib</file>
         <name>s_sinf.obj</name>
      </input_file>
      <input_file id="fl-103">
         <path>C:\ti\ccsv7\tools\compiler\ti-cgt-arm_16.9.1.LTS\lib\</path>
         <kind>archive</kind>
         <file>rtsv7M4_T_le_v4SPD16_eabi.lib</file>
         <name>s_tanf.obj</name>
      </input_file>
      <input_file id="fl-104">
         <path>C:\ti\ccsv7\tools\compiler\ti-cgt-arm_16.9.1.LTS\lib\</path>
         <kind>archive</kind>
         <file>rtsv7M4_T_le_v4SPD16_eabi.lib</file>
         <name>sprintf.obj</name>
      </input_file>
      <input_file id="fl-105">
         <path>C:\ti\ccsv7\tools\compiler\ti-cgt-arm_16.9.1.LTS\lib\</path>
         <kind>archive</kind>
         <file>rtsv7M4_T_le_v4SPD16_eabi.lib</file>
         <name>stkdepth_vars.obj</name>
      </input_file>
      <input_file id="fl-106">
         <path>C:\ti\ccsv7\tools\compiler\ti-cgt-arm_16.9.1.LTS\lib\</path>
         <kind>archive</kind>
         <file>rtsv7M4_T_le_v4SPD16_eabi.lib</file>
         <name>strcat.obj</name>
      </input_file>
      <input_file id="fl-107">
         <path>C:\ti\ccsv7\tools\compiler\ti-cgt-arm_16.9.1.LTS\lib\</path>
         <kind>archive</kind>
         <file>rtsv7M4_T_le_v4SPD16_eabi.lib</file>
         <name>strcmp.obj</name>
      </input_file>
      <input_file id="fl-108">
         <path>C:\ti\ccsv7\tools\compiler\ti-cgt-arm_16.9.1.LTS\lib\</path>
         <kind>archive</kind>
         <file>rtsv7M4_T_le_v4SPD16_eabi.lib</file>
         <name>strlen.obj</name>
      </input_file>
      <input_file id="fl-109">
         <path>C:\ti\ccsv7\tools\compiler\ti-cgt-arm_16.9.1.LTS\lib\</path>
         <kind>archive</kind>
         <file>rtsv7M4_T_le_v4SPD16_eabi.lib</file>
         <name>strtod.obj</name>
      </input_file>
      <input_file id="fl-10a">
         <path>C:\ti\ccsv7\tools\compiler\ti-cgt-arm_16.9.1.LTS\lib\</path>
         <kind>archive</kind>
         <file>rtsv7M4_T_le_v4SPD16_eabi.lib</file>
         <name>strtok.obj</name>
      </input_file>
      <input_file id="fl-10b">
         <path>C:\ti\ccsv7\tools\compiler\ti-cgt-arm_16.9.1.LTS\lib\</path>
         <kind>archive</kind>
         <file>rtsv7M4_T_le_v4SPD16_eabi.lib</file>
         <name>typeinfo_.obj</name>
      </input_file>
      <input_file id="fl-10c">
         <path>C:\ti\ccsv7\tools\compiler\ti-cgt-arm_16.9.1.LTS\lib\</path>
         <kind>archive</kind>
         <file>rtsv7M4_T_le_v4SPD16_eabi.lib</file>
         <name>vars.obj</name>
      </input_file>
      <input_file id="fl-10d">
         <path>C:\ti\ccsv7\tools\compiler\ti-cgt-arm_16.9.1.LTS\lib\</path>
         <kind>archive</kind>
         <file>rtsv7M4_T_le_v4SPD16_eabi.lib</file>
         <name>vec_newdel.obj</name>
      </input_file>
      <input_file id="fl-10e">
         <path>C:\ti\ccsv7\tools\compiler\ti-cgt-arm_16.9.1.LTS\lib\</path>
         <kind>archive</kind>
         <file>rtsv7M4_T_le_v4SPD16_eabi.lib</file>
         <name>_lock.obj</name>
      </input_file>
      <input_file id="fl-10f">
         <path>C:\ti\ccsv7\tools\compiler\ti-cgt-arm_16.9.1.LTS\lib\</path>
         <kind>archive</kind>
         <file>rtsv7M4_T_le_v4SPD16_eabi.lib</file>
         <name>_printfi.obj</name>
      </input_file>
      <input_file id="fl-110">
         <path>C:\ti\ccsv7\tools\compiler\ti-cgt-arm_16.9.1.LTS\lib\</path>
         <kind>archive</kind>
         <file>rtsv7M4_T_le_v4SPD16_eabi.lib</file>
         <name>args_main.obj</name>
      </input_file>
      <input_file id="fl-111">
         <path>C:\ti\ccsv7\tools\compiler\ti-cgt-arm_16.9.1.LTS\lib\</path>
         <kind>archive</kind>
         <file>rtsv7M4_T_le_v4SPD16_eabi.lib</file>
         <name>atoi.obj</name>
      </input_file>
      <input_file id="fl-112">
         <path>C:\ti\ccsv7\tools\compiler\ti-cgt-arm_16.9.1.LTS\lib\</path>
         <kind>archive</kind>
         <file>rtsv7M4_T_le_v4SPD16_eabi.lib</file>
         <name>autoinit.obj</name>
      </input_file>
      <input_file id="fl-113">
         <path>C:\ti\ccsv7\tools\compiler\ti-cgt-arm_16.9.1.LTS\lib\</path>
         <kind>archive</kind>
         <file>rtsv7M4_T_le_v4SPD16_eabi.lib</file>
         <name>cpy_tbl.obj</name>
      </input_file>
      <input_file id="fl-114">
         <path>C:\ti\ccsv7\tools\compiler\ti-cgt-arm_16.9.1.LTS\lib\</path>
         <kind>archive</kind>
         <file>rtsv7M4_T_le_v4SPD16_eabi.lib</file>
         <name>ctype.obj</name>
      </input_file>
      <input_file id="fl-115">
         <path>C:\ti\ccsv7\tools\compiler\ti-cgt-arm_16.9.1.LTS\lib\</path>
         <kind>archive</kind>
         <file>rtsv7M4_T_le_v4SPD16_eabi.lib</file>
         <name>ltoa.obj</name>
      </input_file>
      <input_file id="fl-116">
         <path>C:\ti\ccsv7\tools\compiler\ti-cgt-arm_16.9.1.LTS\lib\</path>
         <kind>archive</kind>
         <file>rtsv7M4_T_le_v4SPD16_eabi.lib</file>
         <name>memccpy.obj</name>
      </input_file>
      <input_file id="fl-117">
         <path>C:\ti\ccsv7\tools\compiler\ti-cgt-arm_16.9.1.LTS\lib\</path>
         <kind>archive</kind>
         <file>rtsv7M4_T_le_v4SPD16_eabi.lib</file>
         <name>s_copysignf.obj</name>
      </input_file>
      <input_file id="fl-118">
         <path>C:\ti\ccsv7\tools\compiler\ti-cgt-arm_16.9.1.LTS\lib\</path>
         <kind>archive</kind>
         <file>rtsv7M4_T_le_v4SPD16_eabi.lib</file>
         <name>s_floorf.obj</name>
      </input_file>
      <input_file id="fl-119">
         <path>C:\ti\ccsv7\tools\compiler\ti-cgt-arm_16.9.1.LTS\lib\</path>
         <kind>archive</kind>
         <file>rtsv7M4_T_le_v4SPD16_eabi.lib</file>
         <name>s_frexp.obj</name>
      </input_file>
      <input_file id="fl-11a">
         <path>C:\ti\ccsv7\tools\compiler\ti-cgt-arm_16.9.1.LTS\lib\</path>
         <kind>archive</kind>
         <file>rtsv7M4_T_le_v4SPD16_eabi.lib</file>
         <name>s_scalbn.obj</name>
      </input_file>
      <input_file id="fl-11b">
         <path>C:\ti\ccsv7\tools\compiler\ti-cgt-arm_16.9.1.LTS\lib\</path>
         <kind>archive</kind>
         <file>rtsv7M4_T_le_v4SPD16_eabi.lib</file>
         <name>startup.obj</name>
      </input_file>
      <input_file id="fl-11c">
         <path>C:\ti\ccsv7\tools\compiler\ti-cgt-arm_16.9.1.LTS\lib\</path>
         <kind>archive</kind>
         <file>rtsv7M4_T_le_v4SPD16_eabi.lib</file>
         <name>strchr.obj</name>
      </input_file>
      <input_file id="fl-11d">
         <path>C:\ti\ccsv7\tools\compiler\ti-cgt-arm_16.9.1.LTS\lib\</path>
         <kind>archive</kind>
         <file>rtsv7M4_T_le_v4SPD16_eabi.lib</file>
         <name>strcspn.obj</name>
      </input_file>
      <input_file id="fl-11e">
         <path>C:\ti\ccsv7\tools\compiler\ti-cgt-arm_16.9.1.LTS\lib\</path>
         <kind>archive</kind>
         <file>rtsv7M4_T_le_v4SPD16_eabi.lib</file>
         <name>strspn.obj</name>
      </input_file>
      <input_file id="fl-11f">
         <path>C:\ti\ccsv7\tools\compiler\ti-cgt-arm_16.9.1.LTS\lib\</path>
         <kind>archive</kind>
         <file>rtsv7M4_T_le_v4SPD16_eabi.lib</file>
         <name>ull_div_t2.obj</name>
      </input_file>
      <input_file id="fl-120">
         <path>C:\ti\ccsv7\tools\compiler\ti-cgt-arm_16.9.1.LTS\lib\</path>
         <kind>archive</kind>
         <file>rtsv7M4_T_le_v4SPD16_eabi.lib</file>
         <name>s_copysign.obj</name>
      </input_file>
      <input_file id="fl-121">
         <path>C:\ti\tirtos_tivac_2_16_01_14\products\TivaWare_C_Series-2.1.1.71b\driverlib\ccs\Debug\</path>
         <kind>archive</kind>
         <file>driverlib.lib</file>
         <name>interrupt.obj</name>
      </input_file>
      <input_file id="fl-122">
         <path>C:\ti\tirtos_tivac_2_16_01_14\products\TivaWare_C_Series-2.1.1.71b\driverlib\ccs\Debug\</path>
         <kind>archive</kind>
         <file>driverlib.lib</file>
         <name>uart.obj</name>
      </input_file>
      <input_file id="fl-123">
         <path>C:\ti\tirtos_tivac_2_16_01_14\products\TivaWare_C_Series-2.1.1.71b\driverlib\ccs\Debug\</path>
         <kind>archive</kind>
         <file>driverlib.lib</file>
         <name>cpu.obj</name>
      </input_file>
   </input_file_list>
   <object_component_list>
      <object_component id="oc-f">
         <name>.intvecs</name>
         <load_address>0x0</load_address>
         <run_address>0x0</run_address>
         <size>0x208</size>
         <input_file_ref idref="fl-4"/>
      </object_component>
      <object_component id="oc-9d">
         <name>.text</name>
         <load_address>0x208</load_address>
         <run_address>0x208</run_address>
         <size>0x22f4</size>
         <input_file_ref idref="fl-1d"/>
      </object_component>
      <object_component id="oc-415">
         <name>.text</name>
         <load_address>0x24fc</load_address>
         <run_address>0x24fc</run_address>
         <size>0x1f68</size>
         <input_file_ref idref="fl-13"/>
      </object_component>
      <object_component id="oc-225">
         <name>.text</name>
         <load_address>0x4464</load_address>
         <run_address>0x4464</run_address>
         <size>0x1800</size>
         <input_file_ref idref="fl-1e"/>
      </object_component>
      <object_component id="oc-ae">
         <name>.text</name>
         <load_address>0x5c64</load_address>
         <run_address>0x5c64</run_address>
         <size>0x140c</size>
         <input_file_ref idref="fl-9"/>
      </object_component>
      <object_component id="oc-21a">
         <name>.text</name>
         <load_address>0x7070</load_address>
         <run_address>0x7070</run_address>
         <size>0x1160</size>
         <input_file_ref idref="fl-1a"/>
      </object_component>
      <object_component id="oc-317">
         <name>.text</name>
         <load_address>0x81d0</load_address>
         <run_address>0x81d0</run_address>
         <size>0x113e</size>
         <input_file_ref idref="fl-10f"/>
      </object_component>
      <object_component id="oc-69">
         <name>.text</name>
         <load_address>0x930e</load_address>
         <run_address>0x930e</run_address>
         <size>0x2</size>
         <input_file_ref idref="fl-fa"/>
      </object_component>
      <object_component id="oc-423">
         <name>.text</name>
         <load_address>0x9310</load_address>
         <run_address>0x9310</run_address>
         <size>0x10c0</size>
         <input_file_ref idref="fl-1b"/>
      </object_component>
      <object_component id="oc-91">
         <name>.text</name>
         <load_address>0xa3d0</load_address>
         <run_address>0xa3d0</run_address>
         <size>0xb6c</size>
         <input_file_ref idref="fl-17"/>
      </object_component>
      <object_component id="oc-41c">
         <name>.text</name>
         <load_address>0xaf3c</load_address>
         <run_address>0xaf3c</run_address>
         <size>0x970</size>
         <input_file_ref idref="fl-14"/>
      </object_component>
      <object_component id="oc-162">
         <name>.text</name>
         <load_address>0xb8ac</load_address>
         <run_address>0xb8ac</run_address>
         <size>0x934</size>
         <input_file_ref idref="fl-8"/>
      </object_component>
      <object_component id="oc-70d">
         <name>.text</name>
         <load_address>0xc1e0</load_address>
         <run_address>0xc1e0</run_address>
         <size>0x7f6</size>
         <input_file_ref idref="fl-20"/>
      </object_component>
      <object_component id="oc-3d5">
         <name>.text</name>
         <load_address>0xc9d6</load_address>
         <run_address>0xc9d6</run_address>
         <size>0x2</size>
         <input_file_ref idref="fl-fc"/>
      </object_component>
      <object_component id="oc-5fe">
         <name>.text</name>
         <load_address>0xc9d8</load_address>
         <run_address>0xc9d8</run_address>
         <size>0x6b0</size>
         <input_file_ref idref="fl-21"/>
      </object_component>
      <object_component id="oc-5a3">
         <name>.text</name>
         <load_address>0xd088</load_address>
         <run_address>0xd088</run_address>
         <size>0x588</size>
         <input_file_ref idref="fl-e9"/>
      </object_component>
      <object_component id="oc-42d">
         <name>.text</name>
         <load_address>0xd610</load_address>
         <run_address>0xd610</run_address>
         <size>0x4d4</size>
         <input_file_ref idref="fl-23"/>
      </object_component>
      <object_component id="oc-22b">
         <name>.text</name>
         <load_address>0xdae4</load_address>
         <run_address>0xdae4</run_address>
         <size>0x4d0</size>
         <input_file_ref idref="fl-1f"/>
      </object_component>
      <object_component id="oc-294">
         <name>.text</name>
         <load_address>0xdfb4</load_address>
         <run_address>0xdfb4</run_address>
         <size>0x4d0</size>
         <input_file_ref idref="fl-a"/>
      </object_component>
      <object_component id="oc-8b">
         <name>.text</name>
         <load_address>0xe484</load_address>
         <run_address>0xe484</run_address>
         <size>0x4ac</size>
         <input_file_ref idref="fl-f"/>
      </object_component>
      <object_component id="oc-14b">
         <name>.text</name>
         <load_address>0xe930</load_address>
         <run_address>0xe930</run_address>
         <size>0x448</size>
         <input_file_ref idref="fl-18"/>
      </object_component>
      <object_component id="oc-2e5">
         <name>.text</name>
         <load_address>0xed78</load_address>
         <run_address>0xed78</run_address>
         <size>0x3d0</size>
         <input_file_ref idref="fl-f8"/>
      </object_component>
      <object_component id="oc-1c7">
         <name>.text</name>
         <load_address>0xf148</load_address>
         <run_address>0xf148</run_address>
         <size>0x39c</size>
         <input_file_ref idref="fl-10d"/>
      </object_component>
      <object_component id="oc-151">
         <name>.text</name>
         <load_address>0xf4e4</load_address>
         <run_address>0xf4e4</run_address>
         <size>0x390</size>
         <input_file_ref idref="fl-15"/>
      </object_component>
      <object_component id="oc-97">
         <name>.text</name>
         <load_address>0xf874</load_address>
         <run_address>0xf874</run_address>
         <size>0x288</size>
         <input_file_ref idref="fl-19"/>
      </object_component>
      <object_component id="oc-5d9">
         <name>.text</name>
         <load_address>0xfafc</load_address>
         <run_address>0xfafc</run_address>
         <size>0x23c</size>
         <input_file_ref idref="fl-109"/>
      </object_component>
      <object_component id="oc-52d">
         <name>.text</name>
         <load_address>0xfd38</load_address>
         <run_address>0xfd38</run_address>
         <size>0x1f4</size>
         <input_file_ref idref="fl-11f"/>
      </object_component>
      <object_component id="oc-59d">
         <name>.text</name>
         <load_address>0xff2c</load_address>
         <run_address>0xff2c</run_address>
         <size>0x1ec</size>
         <input_file_ref idref="fl-e8"/>
      </object_component>
      <object_component id="oc-5c8">
         <name>.text</name>
         <load_address>0x10118</load_address>
         <run_address>0x10118</run_address>
         <size>0x1dc</size>
         <input_file_ref idref="fl-e7"/>
      </object_component>
      <object_component id="oc-250">
         <name>.text</name>
         <load_address>0x102f4</load_address>
         <run_address>0x102f4</run_address>
         <size>0x1b6</size>
         <input_file_ref idref="fl-ee"/>
      </object_component>
      <object_component id="oc-f4">
         <name>.text</name>
         <load_address>0x104aa</load_address>
         <run_address>0x104aa</run_address>
         <size>0x2</size>
         <input_file_ref idref="fl-11b"/>
      </object_component>
      <object_component id="oc-17d">
         <name>.text</name>
         <load_address>0x104ac</load_address>
         <run_address>0x104ac</run_address>
         <size>0x1ac</size>
         <input_file_ref idref="fl-11"/>
      </object_component>
      <object_component id="oc-486">
         <name>.text</name>
         <load_address>0x10658</load_address>
         <run_address>0x10658</run_address>
         <size>0x194</size>
         <input_file_ref idref="fl-e6"/>
      </object_component>
      <object_component id="oc-466">
         <name>.text</name>
         <load_address>0x107ec</load_address>
         <run_address>0x107ec</run_address>
         <size>0x170</size>
         <input_file_ref idref="fl-ea"/>
      </object_component>
      <object_component id="oc-3d">
         <name>.text</name>
         <load_address>0x1095c</load_address>
         <run_address>0x1095c</run_address>
         <size>0x168</size>
         <input_file_ref idref="fl-b"/>
      </object_component>
      <object_component id="oc-46c">
         <name>.text</name>
         <load_address>0x10ac4</load_address>
         <run_address>0x10ac4</run_address>
         <size>0x136</size>
         <input_file_ref idref="fl-f0"/>
      </object_component>
      <object_component id="oc-145">
         <name>.text</name>
         <load_address>0x10bfc</load_address>
         <run_address>0x10bfc</run_address>
         <size>0x120</size>
         <input_file_ref idref="fl-16"/>
      </object_component>
      <object_component id="oc-27c">
         <name>.text</name>
         <load_address>0x10d1c</load_address>
         <run_address>0x10d1c</run_address>
         <size>0x118</size>
         <input_file_ref idref="fl-d"/>
      </object_component>
      <object_component id="oc-24b">
         <name>.text</name>
         <load_address>0x10e34</load_address>
         <run_address>0x10e34</run_address>
         <size>0xfc</size>
         <input_file_ref idref="fl-f1"/>
      </object_component>
      <object_component id="oc-543">
         <name>.text</name>
         <load_address>0x10f30</load_address>
         <run_address>0x10f30</run_address>
         <size>0xfc</size>
         <input_file_ref idref="fl-11a"/>
      </object_component>
      <object_component id="oc-205">
         <name>.text</name>
         <load_address>0x1102c</load_address>
         <run_address>0x1102c</run_address>
         <size>0xf4</size>
         <input_file_ref idref="fl-e5"/>
      </object_component>
      <object_component id="oc-6c5">
         <name>.text</name>
         <load_address>0x11120</load_address>
         <run_address>0x11120</run_address>
         <size>0xd4</size>
         <input_file_ref idref="fl-101"/>
      </object_component>
      <object_component id="oc-38">
         <name>.text</name>
         <load_address>0x111f4</load_address>
         <run_address>0x111f4</run_address>
         <size>0xd2</size>
         <input_file_ref idref="fl-c"/>
      </object_component>
      <object_component id="oc-13f">
         <name>.text</name>
         <load_address>0x112c8</load_address>
         <run_address>0x112c8</run_address>
         <size>0xcc</size>
         <input_file_ref idref="fl-10"/>
      </object_component>
      <object_component id="oc-682">
         <name>.text</name>
         <load_address>0x11394</load_address>
         <run_address>0x11394</run_address>
         <size>0xbc</size>
         <input_file_ref idref="fl-10b"/>
      </object_component>
      <object_component id="oc-48c">
         <name>.text</name>
         <load_address>0x11450</load_address>
         <run_address>0x11450</run_address>
         <size>0xb4</size>
         <input_file_ref idref="fl-fe"/>
      </object_component>
      <object_component id="oc-498">
         <name>.text</name>
         <load_address>0x11504</load_address>
         <run_address>0x11504</run_address>
         <size>0xac</size>
         <input_file_ref idref="fl-103"/>
      </object_component>
      <object_component id="oc-492">
         <name>.text</name>
         <load_address>0x115b0</load_address>
         <run_address>0x115b0</run_address>
         <size>0xa4</size>
         <input_file_ref idref="fl-102"/>
      </object_component>
      <object_component id="oc-51">
         <name>.text</name>
         <load_address>0x11654</load_address>
         <run_address>0x11654</run_address>
         <size>0x9c</size>
         <input_file_ref idref="fl-f7"/>
      </object_component>
      <object_component id="oc-282">
         <name>.text</name>
         <load_address>0x116f0</load_address>
         <run_address>0x116f0</run_address>
         <size>0x94</size>
         <input_file_ref idref="fl-7"/>
      </object_component>
      <object_component id="oc-116">
         <name>.text:_ZNK9Matrix2x2mlERKS_</name>
         <load_address>0x11784</load_address>
         <run_address>0x11784</run_address>
         <size>0x8c</size>
         <input_file_ref idref="fl-f"/>
      </object_component>
      <object_component id="oc-220">
         <name>.text:__aeabi_cdcmple</name>
         <load_address>0x11810</load_address>
         <run_address>0x11810</run_address>
         <size>0x86</size>
         <input_file_ref idref="fl-ef"/>
      </object_component>
      <object_component id="oc-1a5">
         <name>.text:__aeabi_cdrcmple</name>
         <load_address>0x11896</load_address>
         <run_address>0x11896</run_address>
         <size>0x86</size>
         <input_file_ref idref="fl-ef"/>
      </object_component>
      <object_component id="oc-714">
         <name>.text</name>
         <load_address>0x1191c</load_address>
         <run_address>0x1191c</run_address>
         <size>0x80</size>
         <input_file_ref idref="fl-118"/>
      </object_component>
      <object_component id="oc-5d">
         <name>.text</name>
         <load_address>0x1199c</load_address>
         <run_address>0x1199c</run_address>
         <size>0x7a</size>
         <input_file_ref idref="fl-f9"/>
      </object_component>
      <object_component id="oc-75">
         <name>.text</name>
         <load_address>0x11a18</load_address>
         <run_address>0x11a18</run_address>
         <size>0x70</size>
         <input_file_ref idref="fl-112"/>
      </object_component>
      <object_component id="oc-255">
         <name>.text</name>
         <load_address>0x11a88</load_address>
         <run_address>0x11a88</run_address>
         <size>0x6e</size>
         <input_file_ref idref="fl-f3"/>
      </object_component>
      <object_component id="oc-605">
         <name>.text</name>
         <load_address>0x11af6</load_address>
         <run_address>0x11af6</run_address>
         <size>0x6e</size>
         <input_file_ref idref="fl-100"/>
      </object_component>
      <object_component id="oc-1f9">
         <name>.text:IntEnable</name>
         <load_address>0x11b64</load_address>
         <run_address>0x11b64</run_address>
         <size>0x68</size>
         <input_file_ref idref="fl-121"/>
      </object_component>
      <object_component id="oc-12">
         <name>.text:decompress:lzss</name>
         <load_address>0x11bcc</load_address>
         <run_address>0x11bcc</run_address>
         <size>0x68</size>
         <input_file_ref idref="fl-e1"/>
      </object_component>
      <object_component id="oc-53d">
         <name>.text</name>
         <load_address>0x11c34</load_address>
         <run_address>0x11c34</run_address>
         <size>0x64</size>
         <input_file_ref idref="fl-119"/>
      </object_component>
      <object_component id="oc-11d">
         <name>.text:_ZNK9Matrix2x2plERKS_</name>
         <load_address>0x11c98</load_address>
         <run_address>0x11c98</run_address>
         <size>0x60</size>
         <input_file_ref idref="fl-f"/>
      </object_component>
      <object_component id="oc-15c">
         <name>.text</name>
         <load_address>0x11cf8</load_address>
         <run_address>0x11cf8</run_address>
         <size>0x60</size>
         <input_file_ref idref="fl-104"/>
      </object_component>
      <object_component id="oc-10f">
         <name>.text:_ZNK9Matrix2x2mlERK7Vector2</name>
         <load_address>0x11d58</load_address>
         <run_address>0x11d58</run_address>
         <size>0x5c</size>
         <input_file_ref idref="fl-f"/>
      </object_component>
      <object_component id="oc-24">
         <name>.text</name>
         <load_address>0x11db4</load_address>
         <run_address>0x11db4</run_address>
         <size>0x54</size>
         <input_file_ref idref="fl-e0"/>
      </object_component>
      <object_component id="oc-81">
         <name>.text</name>
         <load_address>0x11e08</load_address>
         <run_address>0x11e08</run_address>
         <size>0x54</size>
         <input_file_ref idref="fl-ed"/>
      </object_component>
      <object_component id="oc-537">
         <name>.text</name>
         <load_address>0x11e5c</load_address>
         <run_address>0x11e5c</run_address>
         <size>0x54</size>
         <input_file_ref idref="fl-115"/>
      </object_component>
      <object_component id="oc-54f">
         <name>.text</name>
         <load_address>0x11eb0</load_address>
         <run_address>0x11eb0</run_address>
         <size>0x4c</size>
         <input_file_ref idref="fl-111"/>
      </object_component>
      <object_component id="oc-ee">
         <name>.text</name>
         <load_address>0x11efc</load_address>
         <run_address>0x11efc</run_address>
         <size>0x4c</size>
         <input_file_ref idref="fl-113"/>
      </object_component>
      <object_component id="oc-532">
         <name>.text</name>
         <load_address>0x11f48</load_address>
         <run_address>0x11f48</run_address>
         <size>0x48</size>
         <input_file_ref idref="fl-f2"/>
      </object_component>
      <object_component id="oc-fc">
         <name>.text</name>
         <load_address>0x11f90</load_address>
         <run_address>0x11f90</run_address>
         <size>0x40</size>
         <input_file_ref idref="fl-3"/>
      </object_component>
      <object_component id="oc-5d3">
         <name>.text</name>
         <load_address>0x11fd0</load_address>
         <run_address>0x11fd0</run_address>
         <size>0x40</size>
         <input_file_ref idref="fl-10a"/>
      </object_component>
      <object_component id="oc-b5">
         <name>.text</name>
         <load_address>0x12010</load_address>
         <run_address>0x12010</run_address>
         <size>0x38</size>
         <input_file_ref idref="fl-2"/>
      </object_component>
      <object_component id="oc-157">
         <name>.text</name>
         <load_address>0x12048</load_address>
         <run_address>0x12048</run_address>
         <size>0x38</size>
         <input_file_ref idref="fl-f4"/>
      </object_component>
      <object_component id="oc-1f3">
         <name>.text:IntRegister</name>
         <load_address>0x12080</load_address>
         <run_address>0x12080</run_address>
         <size>0x34</size>
         <input_file_ref idref="fl-121"/>
      </object_component>
      <object_component id="oc-1c1">
         <name>.text</name>
         <load_address>0x120b4</load_address>
         <run_address>0x120b4</run_address>
         <size>0x30</size>
         <input_file_ref idref="fl-fb"/>
      </object_component>
      <object_component id="oc-1af">
         <name>.text</name>
         <load_address>0x120e4</load_address>
         <run_address>0x120e4</run_address>
         <size>0x2e</size>
         <input_file_ref idref="fl-f6"/>
      </object_component>
      <object_component id="oc-6e6">
         <name>.text</name>
         <load_address>0x12112</load_address>
         <run_address>0x12112</run_address>
         <size>0x2a</size>
         <input_file_ref idref="fl-11e"/>
      </object_component>
      <object_component id="oc-646">
         <name>.text</name>
         <load_address>0x1213c</load_address>
         <run_address>0x1213c</run_address>
         <size>0x28</size>
         <input_file_ref idref="fl-eb"/>
      </object_component>
      <object_component id="oc-6ec">
         <name>.text</name>
         <load_address>0x12164</load_address>
         <run_address>0x12164</run_address>
         <size>0x24</size>
         <input_file_ref idref="fl-11d"/>
      </object_component>
      <object_component id="oc-7ba">
         <name>.text</name>
         <load_address>0x12188</load_address>
         <run_address>0x12188</run_address>
         <size>0x20</size>
         <input_file_ref idref="fl-f5"/>
      </object_component>
      <object_component id="oc-5e4">
         <name>.text</name>
         <load_address>0x121a8</load_address>
         <run_address>0x121a8</run_address>
         <size>0x1e</size>
         <input_file_ref idref="fl-106"/>
      </object_component>
      <object_component id="oc-555">
         <name>.text</name>
         <load_address>0x121c6</load_address>
         <run_address>0x121c6</run_address>
         <size>0x1c</size>
         <input_file_ref idref="fl-116"/>
      </object_component>
      <object_component id="oc-7b">
         <name>.text</name>
         <load_address>0x121e4</load_address>
         <run_address>0x121e4</run_address>
         <size>0x18</size>
         <input_file_ref idref="fl-110"/>
      </object_component>
      <object_component id="oc-5b0">
         <name>.text</name>
         <load_address>0x121fc</load_address>
         <run_address>0x121fc</run_address>
         <size>0x18</size>
         <input_file_ref idref="fl-107"/>
      </object_component>
      <object_component id="oc-549">
         <name>.text</name>
         <load_address>0x12214</load_address>
         <run_address>0x12214</run_address>
         <size>0x16</size>
         <input_file_ref idref="fl-11c"/>
      </object_component>
      <object_component id="oc-7c4">
         <name>.text:_ZN10Micromouse8GridCoorC1Ev</name>
         <load_address>0x1222a</load_address>
         <run_address>0x1222a</run_address>
         <size>0x14</size>
         <input_file_ref idref="fl-20"/>
      </object_component>
      <object_component id="oc-2d4">
         <name>.text</name>
         <load_address>0x12240</load_address>
         <run_address>0x12240</run_address>
         <size>0x14</size>
         <input_file_ref idref="fl-10e"/>
      </object_component>
      <object_component id="oc-694">
         <name>.text</name>
         <load_address>0x12254</load_address>
         <run_address>0x12254</run_address>
         <size>0x14</size>
         <input_file_ref idref="fl-120"/>
      </object_component>
      <object_component id="oc-1ff">
         <name>.text</name>
         <load_address>0x12268</load_address>
         <run_address>0x12268</run_address>
         <size>0x14</size>
         <input_file_ref idref="fl-108"/>
      </object_component>
      <object_component id="oc-7b3">
         <name>.text:_ZN10Micromouse8GridInfoC1Ev</name>
         <load_address>0x1227c</load_address>
         <run_address>0x1227c</run_address>
         <size>0x12</size>
         <input_file_ref idref="fl-20"/>
      </object_component>
      <object_component id="oc-78a">
         <name>.text</name>
         <load_address>0x1228e</load_address>
         <run_address>0x1228e</run_address>
         <size>0x12</size>
         <input_file_ref idref="fl-117"/>
      </object_component>
      <object_component id="oc-2fa">
         <name>.text:IntMasterEnable</name>
         <load_address>0x122a0</load_address>
         <run_address>0x122a0</run_address>
         <size>0x10</size>
         <input_file_ref idref="fl-121"/>
      </object_component>
      <object_component id="oc-433">
         <name>.text</name>
         <load_address>0x122b0</load_address>
         <run_address>0x122b0</run_address>
         <size>0x10</size>
         <input_file_ref idref="fl-ff"/>
      </object_component>
      <object_component id="oc-7cb">
         <name>.text:_ZN10Micromouse5QueueINS_8GridCoorEED1Ev</name>
         <load_address>0x122c0</load_address>
         <run_address>0x122c0</run_address>
         <size>0xe</size>
         <input_file_ref idref="fl-20"/>
      </object_component>
      <object_component id="oc-20f">
         <name>.text:_ZN5QueueIcLb0EED1Ev</name>
         <load_address>0x122ce</load_address>
         <run_address>0x122ce</run_address>
         <size>0xe</size>
         <input_file_ref idref="fl-19"/>
      </object_component>
      <object_component id="oc-18">
         <name>.text:decompress:none</name>
         <load_address>0x122dc</load_address>
         <run_address>0x122dc</run_address>
         <size>0xe</size>
         <input_file_ref idref="fl-e2"/>
      </object_component>
      <object_component id="oc-512">
         <name>.text:CPUcpsie</name>
         <load_address>0x122ea</load_address>
         <run_address>0x122ea</run_address>
         <size>0xc</size>
         <input_file_ref idref="fl-123"/>
      </object_component>
      <object_component id="oc-1ed">
         <name>.text:UARTCharsAvail</name>
         <load_address>0x122f6</load_address>
         <run_address>0x122f6</run_address>
         <size>0xc</size>
         <input_file_ref idref="fl-122"/>
      </object_component>
      <object_component id="oc-1e">
         <name>.text:decompress:ZI</name>
         <load_address>0x12302</load_address>
         <run_address>0x12302</run_address>
         <size>0xc</size>
         <input_file_ref idref="fl-e3"/>
      </object_component>
      <object_component id="oc-32">
         <name>.text</name>
         <load_address>0x1230e</load_address>
         <run_address>0x1230e</run_address>
         <size>0xc</size>
         <input_file_ref idref="fl-4"/>
      </object_component>
      <object_component id="oc-129">
         <name>.text</name>
         <load_address>0x1231a</load_address>
         <run_address>0x1231a</run_address>
         <size>0x8</size>
         <input_file_ref idref="fl-e4"/>
      </object_component>
      <object_component id="oc-6f">
         <name>.text</name>
         <load_address>0x12322</load_address>
         <run_address>0x12322</run_address>
         <size>0x4</size>
         <input_file_ref idref="fl-fd"/>
      </object_component>
      <object_component id="oc-6fd">
         <name>.const:.string</name>
         <load_address>0x12328</load_address>
         <run_address>0x12328</run_address>
         <size>0x3a1</size>
         <input_file_ref idref="fl-1c"/>
      </object_component>
      <object_component id="oc-69e">
         <name>.const:.string:_ctypes_</name>
         <load_address>0x126c9</load_address>
         <run_address>0x126c9</run_address>
         <size>0x101</size>
         <input_file_ref idref="fl-114"/>
      </object_component>
      <object_component id="oc-7ef">
         <name>.const:.typeinfo:_ZTSPKe</name>
         <load_address>0x127ca</load_address>
         <run_address>0x127ca</run_address>
         <size>0x4</size>
         <input_file_ref idref="fl-10b"/>
      </object_component>
      <object_component id="oc-820">
         <name>.const:.typeinfo:_ZTSe</name>
         <load_address>0x127ce</load_address>
         <run_address>0x127ce</run_address>
         <size>0x2</size>
         <input_file_ref idref="fl-10b"/>
      </object_component>
      <object_component id="oc-6f7">
         <name>.const:$O1$$</name>
         <load_address>0x127d0</load_address>
         <run_address>0x127d0</run_address>
         <size>0x98</size>
         <input_file_ref idref="fl-109"/>
      </object_component>
      <object_component id="oc-3fd">
         <name>.const</name>
         <load_address>0x12868</load_address>
         <run_address>0x12868</run_address>
         <size>0x70</size>
         <input_file_ref idref="fl-121"/>
      </object_component>
      <object_component id="oc-1b4">
         <name>.const:.string:_ZZN5QueueIN8TskMotor8VelOmegaELb1EE2DeERS1_Es</name>
         <load_address>0x128d8</load_address>
         <run_address>0x128d8</run_address>
         <size>0x46</size>
         <input_file_ref idref="fl-17"/>
      </object_component>
      <object_component id="oc-481">
         <name>.const:.string:_ZZN5QueueIN8TskMotor8VelOmegaELb1EE2EnERKS1_Es</name>
         <load_address>0x1291e</load_address>
         <run_address>0x1291e</run_address>
         <size>0x46</size>
         <input_file_ref idref="fl-1b"/>
      </object_component>
      <object_component id="oc-235">
         <name>.const:.string:_ZZN5QueueIN8TskMotor8VelOmegaELb1EE3LenEvEs</name>
         <load_address>0x12964</load_address>
         <run_address>0x12964</run_address>
         <size>0x46</size>
         <input_file_ref idref="fl-1d"/>
      </object_component>
      <object_component id="oc-196">
         <name>.const:.string:_ZZN5QueueIN8TskMotor8VelOmegaELb1EE5ClearEvEs</name>
         <load_address>0x129aa</load_address>
         <run_address>0x129aa</run_address>
         <size>0x46</size>
         <input_file_ref idref="fl-17"/>
      </object_component>
      <object_component id="oc-1ce">
         <name>.const:.string:_ZZN5QueueIN8TskMotor8VelOmegaELb1EEC1EiEs</name>
         <load_address>0x129f0</load_address>
         <run_address>0x129f0</run_address>
         <size>0x46</size>
         <input_file_ref idref="fl-17"/>
      </object_component>
      <object_component id="oc-4bc">
         <name>.const</name>
         <load_address>0x12a36</load_address>
         <run_address>0x12a36</run_address>
         <size>0x2</size>
         <input_file_ref idref="fl-d"/>
      </object_component>
      <object_component id="oc-5a9">
         <name>.const:$P$T12$1</name>
         <load_address>0x12a38</load_address>
         <run_address>0x12a38</run_address>
         <size>0x30</size>
         <input_file_ref idref="fl-13"/>
      </object_component>
      <object_component id="oc-83e">
         <name>.const:.typeinfo:_ZTSN10__cxxabiv123__fundamental_type_infoE</name>
         <load_address>0x12a68</load_address>
         <run_address>0x12a68</run_address>
         <size>0x28</size>
         <input_file_ref idref="fl-10b"/>
      </object_component>
      <object_component id="oc-811">
         <name>.const:.typeinfo:_ZTSN10__cxxabiv120__si_class_type_infoE</name>
         <load_address>0x12a90</load_address>
         <run_address>0x12a90</run_address>
         <size>0x25</size>
         <input_file_ref idref="fl-10b"/>
      </object_component>
      <object_component id="oc-828">
         <name>.const:.typeinfo:_ZTSN10__cxxabiv119__pointer_type_infoE</name>
         <load_address>0x12ab5</load_address>
         <run_address>0x12ab5</run_address>
         <size>0x24</size>
         <input_file_ref idref="fl-10b"/>
      </object_component>
      <object_component id="oc-758">
         <name>.const:.typeinfo:_ZTSN10__cxxabiv117__class_type_infoE</name>
         <load_address>0x12ad9</load_address>
         <run_address>0x12ad9</run_address>
         <size>0x22</size>
         <input_file_ref idref="fl-10b"/>
      </object_component>
      <object_component id="oc-839">
         <name>.const:.typeinfo:_ZTSN10__cxxabiv117__pbase_type_infoE</name>
         <load_address>0x12afb</load_address>
         <run_address>0x12afb</run_address>
         <size>0x22</size>
         <input_file_ref idref="fl-10b"/>
      </object_component>
      <object_component id="oc-6d9">
         <name>.const:.string</name>
         <load_address>0x12b20</load_address>
         <run_address>0x12b20</run_address>
         <size>0x1e</size>
         <input_file_ref idref="fl-14"/>
      </object_component>
      <object_component id="oc-748">
         <name>.const:.typeinfo:_ZTSN9TskAction15CorrDiagRushEndE</name>
         <load_address>0x12b3e</load_address>
         <run_address>0x12b3e</run_address>
         <size>0x1e</size>
         <input_file_ref idref="fl-1e"/>
      </object_component>
      <object_component id="oc-73a">
         <name>.const:.typeinfo:_ZTSN9TskAction13CorrCentipedeE</name>
         <load_address>0x12b5c</load_address>
         <run_address>0x12b5c</run_address>
         <size>0x1c</size>
         <input_file_ref idref="fl-1e"/>
      </object_component>
      <object_component id="oc-72b">
         <name>.const:.typeinfo:_ZTSN9TskAction13CorrEndBySideE</name>
         <load_address>0x12b78</load_address>
         <run_address>0x12b78</run_address>
         <size>0x1c</size>
         <input_file_ref idref="fl-1e"/>
      </object_component>
      <object_component id="oc-721">
         <name>.const:.typeinfo:_ZTSN9TskAction13CorrYawBySideE</name>
         <load_address>0x12b94</load_address>
         <run_address>0x12b94</run_address>
         <size>0x1c</size>
         <input_file_ref idref="fl-1e"/>
      </object_component>
      <object_component id="oc-730">
         <name>.const:.typeinfo:_ZTSN9TskAction12CorrEndByFwdE</name>
         <load_address>0x12bb0</load_address>
         <run_address>0x12bb0</run_address>
         <size>0x1b</size>
         <input_file_ref idref="fl-1e"/>
      </object_component>
      <object_component id="oc-735">
         <name>.const:.typeinfo:_ZTSN9TskAction12CorrTurnTimeE</name>
         <load_address>0x12bcb</load_address>
         <run_address>0x12bcb</run_address>
         <size>0x1b</size>
         <input_file_ref idref="fl-1e"/>
      </object_component>
      <object_component id="oc-726">
         <name>.const:.typeinfo:_ZTSN9TskAction12CorrYawByFwdE</name>
         <load_address>0x12be6</load_address>
         <run_address>0x12be6</run_address>
         <size>0x1b</size>
         <input_file_ref idref="fl-1e"/>
      </object_component>
      <object_component id="oc-743">
         <name>.const:.typeinfo:_ZTSN9TskAction11CorrRushYawE</name>
         <load_address>0x12c01</load_address>
         <run_address>0x12c01</run_address>
         <size>0x1a</size>
         <input_file_ref idref="fl-1e"/>
      </object_component>
      <object_component id="oc-6e0">
         <name>.const:$O1$$</name>
         <load_address>0x12c1c</load_address>
         <run_address>0x12c1c</run_address>
         <size>0x18</size>
         <input_file_ref idref="fl-e7"/>
      </object_component>
      <object_component id="oc-6cb">
         <name>.const:$O1$$</name>
         <load_address>0x12c34</load_address>
         <run_address>0x12c34</run_address>
         <size>0x18</size>
         <input_file_ref idref="fl-e9"/>
      </object_component>
      <object_component id="oc-71c">
         <name>.const:.typeinfo:_ZTSN9TskAction8ReporterE</name>
         <load_address>0x12c4c</load_address>
         <run_address>0x12c4c</run_address>
         <size>0x16</size>
         <input_file_ref idref="fl-1e"/>
      </object_component>
      <object_component id="oc-763">
         <name>.const:.typeinfo:_ZTIPKe</name>
         <load_address>0x12c64</load_address>
         <run_address>0x12c64</run_address>
         <size>0x10</size>
         <input_file_ref idref="fl-10b"/>
      </object_component>
      <object_component id="oc-5c5">
         <name>.const:_ZN5TskIr5adcChE</name>
         <load_address>0x12c74</load_address>
         <run_address>0x12c74</run_address>
         <size>0x10</size>
         <input_file_ref idref="fl-14"/>
      </object_component>
      <object_component id="oc-124">
         <name>.const:_ZTV10Kalman2Var</name>
         <load_address>0x12c84</load_address>
         <run_address>0x12c84</run_address>
         <size>0x10</size>
         <input_file_ref idref="fl-f"/>
      </object_component>
      <object_component id="oc-500">
         <name>.const:_ZTVN10__cxxabiv117__class_type_infoE</name>
         <load_address>0x12c94</load_address>
         <run_address>0x12c94</run_address>
         <size>0x10</size>
         <input_file_ref idref="fl-10b"/>
      </object_component>
      <object_component id="oc-7ea">
         <name>.const:_ZTVN10__cxxabiv119__pointer_type_infoE</name>
         <load_address>0x12ca4</load_address>
         <run_address>0x12ca4</run_address>
         <size>0x10</size>
         <input_file_ref idref="fl-10b"/>
      </object_component>
      <object_component id="oc-753">
         <name>.const:_ZTVN10__cxxabiv120__si_class_type_infoE</name>
         <load_address>0x12cb4</load_address>
         <run_address>0x12cb4</run_address>
         <size>0x10</size>
         <input_file_ref idref="fl-10b"/>
      </object_component>
      <object_component id="oc-81b">
         <name>.const:_ZTVN10__cxxabiv123__fundamental_type_infoE</name>
         <load_address>0x12cc4</load_address>
         <run_address>0x12cc4</run_address>
         <size>0x10</size>
         <input_file_ref idref="fl-10b"/>
      </object_component>
      <object_component id="oc-471">
         <name>.const:_ZTVN9TskAction11CorrRushYawE</name>
         <load_address>0x12cd4</load_address>
         <run_address>0x12cd4</run_address>
         <size>0x10</size>
         <input_file_ref idref="fl-1e"/>
      </object_component>
      <object_component id="oc-457">
         <name>.const:_ZTVN9TskAction12CorrEndByFwdE</name>
         <load_address>0x12ce4</load_address>
         <run_address>0x12ce4</run_address>
         <size>0x10</size>
         <input_file_ref idref="fl-1e"/>
      </object_component>
      <object_component id="oc-45c">
         <name>.const:_ZTVN9TskAction12CorrTurnTimeE</name>
         <load_address>0x12cf4</load_address>
         <run_address>0x12cf4</run_address>
         <size>0x10</size>
         <input_file_ref idref="fl-1e"/>
      </object_component>
      <object_component id="oc-44b">
         <name>.const:_ZTVN9TskAction12CorrYawByFwdE</name>
         <load_address>0x12d04</load_address>
         <run_address>0x12d04</run_address>
         <size>0x10</size>
         <input_file_ref idref="fl-1e"/>
      </object_component>
      <object_component id="oc-461">
         <name>.const:_ZTVN9TskAction13CorrCentipedeE</name>
         <load_address>0x12d14</load_address>
         <run_address>0x12d14</run_address>
         <size>0x10</size>
         <input_file_ref idref="fl-1e"/>
      </object_component>
      <object_component id="oc-450">
         <name>.const:_ZTVN9TskAction13CorrEndBySideE</name>
         <load_address>0x12d24</load_address>
         <run_address>0x12d24</run_address>
         <size>0x10</size>
         <input_file_ref idref="fl-1e"/>
      </object_component>
      <object_component id="oc-441">
         <name>.const:_ZTVN9TskAction13CorrYawBySideE</name>
         <load_address>0x12d34</load_address>
         <run_address>0x12d34</run_address>
         <size>0x10</size>
         <input_file_ref idref="fl-1e"/>
      </object_component>
      <object_component id="oc-476">
         <name>.const:_ZTVN9TskAction15CorrDiagRushEndE</name>
         <load_address>0x12d44</load_address>
         <run_address>0x12d44</run_address>
         <size>0x10</size>
         <input_file_ref idref="fl-1e"/>
      </object_component>
      <object_component id="oc-43c">
         <name>.const:_ZTVN9TskAction8ReporterE</name>
         <load_address>0x12d54</load_address>
         <run_address>0x12d54</run_address>
         <size>0x10</size>
         <input_file_ref idref="fl-1e"/>
      </object_component>
      <object_component id="oc-505">
         <name>.const:.typeinfo:_ZTS10Kalman2Var</name>
         <load_address>0x12d64</load_address>
         <run_address>0x12d64</run_address>
         <size>0xd</size>
         <input_file_ref idref="fl-f"/>
      </object_component>
      <object_component id="oc-7e5">
         <name>.const:.typeinfo:_ZTSSt9type_info</name>
         <load_address>0x12d71</load_address>
         <run_address>0x12d71</run_address>
         <size>0xd</size>
         <input_file_ref idref="fl-10b"/>
      </object_component>
      <object_component id="oc-67d">
         <name>.const:.typeinfo:_ZTIN10__cxxabiv117__class_type_infoE</name>
         <load_address>0x12d80</load_address>
         <run_address>0x12d80</run_address>
         <size>0xc</size>
         <input_file_ref idref="fl-10b"/>
      </object_component>
      <object_component id="oc-82d">
         <name>.const:.typeinfo:_ZTIN10__cxxabiv117__pbase_type_infoE</name>
         <load_address>0x12d8c</load_address>
         <run_address>0x12d8c</run_address>
         <size>0xc</size>
         <input_file_ref idref="fl-10b"/>
      </object_component>
      <object_component id="oc-816">
         <name>.const:.typeinfo:_ZTIN10__cxxabiv119__pointer_type_infoE</name>
         <load_address>0x12d98</load_address>
         <run_address>0x12d98</run_address>
         <size>0xc</size>
         <input_file_ref idref="fl-10b"/>
      </object_component>
      <object_component id="oc-7e0">
         <name>.const:.typeinfo:_ZTIN10__cxxabiv120__si_class_type_infoE</name>
         <load_address>0x12da4</load_address>
         <run_address>0x12da4</run_address>
         <size>0xc</size>
         <input_file_ref idref="fl-10b"/>
      </object_component>
      <object_component id="oc-832">
         <name>.const:.typeinfo:_ZTIN10__cxxabiv123__fundamental_type_infoE</name>
         <load_address>0x12db0</load_address>
         <run_address>0x12db0</run_address>
         <size>0xc</size>
         <input_file_ref idref="fl-10b"/>
      </object_component>
      <object_component id="oc-2e0">
         <name>.const:.typeinfo:_ZTI10Kalman2Var</name>
         <load_address>0x12dbc</load_address>
         <run_address>0x12dbc</run_address>
         <size>0x8</size>
         <input_file_ref idref="fl-f"/>
      </object_component>
      <object_component id="oc-63c">
         <name>.const:.typeinfo:_ZTIN9TskAction11CorrRushYawE</name>
         <load_address>0x12dc4</load_address>
         <run_address>0x12dc4</run_address>
         <size>0x8</size>
         <input_file_ref idref="fl-1e"/>
      </object_component>
      <object_component id="oc-622">
         <name>.const:.typeinfo:_ZTIN9TskAction12CorrEndByFwdE</name>
         <load_address>0x12dcc</load_address>
         <run_address>0x12dcc</run_address>
         <size>0x8</size>
         <input_file_ref idref="fl-1e"/>
      </object_component>
      <object_component id="oc-627">
         <name>.const:.typeinfo:_ZTIN9TskAction12CorrTurnTimeE</name>
         <load_address>0x12dd4</load_address>
         <run_address>0x12dd4</run_address>
         <size>0x8</size>
         <input_file_ref idref="fl-1e"/>
      </object_component>
      <object_component id="oc-618">
         <name>.const:.typeinfo:_ZTIN9TskAction12CorrYawByFwdE</name>
         <load_address>0x12ddc</load_address>
         <run_address>0x12ddc</run_address>
         <size>0x8</size>
         <input_file_ref idref="fl-1e"/>
      </object_component>
      <object_component id="oc-62c">
         <name>.const:.typeinfo:_ZTIN9TskAction13CorrCentipedeE</name>
         <load_address>0x12de4</load_address>
         <run_address>0x12de4</run_address>
         <size>0x8</size>
         <input_file_ref idref="fl-1e"/>
      </object_component>
      <object_component id="oc-61d">
         <name>.const:.typeinfo:_ZTIN9TskAction13CorrEndBySideE</name>
         <load_address>0x12dec</load_address>
         <run_address>0x12dec</run_address>
         <size>0x8</size>
         <input_file_ref idref="fl-1e"/>
      </object_component>
      <object_component id="oc-611">
         <name>.const:.typeinfo:_ZTIN9TskAction13CorrYawBySideE</name>
         <load_address>0x12df4</load_address>
         <run_address>0x12df4</run_address>
         <size>0x8</size>
         <input_file_ref idref="fl-1e"/>
      </object_component>
      <object_component id="oc-641">
         <name>.const:.typeinfo:_ZTIN9TskAction15CorrDiagRushEndE</name>
         <load_address>0x12dfc</load_address>
         <run_address>0x12dfc</run_address>
         <size>0x8</size>
         <input_file_ref idref="fl-1e"/>
      </object_component>
      <object_component id="oc-60c">
         <name>.const:.typeinfo:_ZTIN9TskAction8ReporterE</name>
         <load_address>0x12e04</load_address>
         <run_address>0x12e04</run_address>
         <size>0x8</size>
         <input_file_ref idref="fl-1e"/>
      </object_component>
      <object_component id="oc-75d">
         <name>.const:.typeinfo:_ZTISt9type_info</name>
         <load_address>0x12e0c</load_address>
         <run_address>0x12e0c</run_address>
         <size>0x8</size>
         <input_file_ref idref="fl-10b"/>
      </object_component>
      <object_component id="oc-7f4">
         <name>.const:.typeinfo:_ZTIe</name>
         <load_address>0x12e14</load_address>
         <run_address>0x12e14</run_address>
         <size>0x8</size>
         <input_file_ref idref="fl-10b"/>
      </object_component>
      <object_component id="oc-ab">
         <name>.const</name>
         <load_address>0x12e1c</load_address>
         <run_address>0x12e1c</run_address>
         <size>0x4</size>
         <input_file_ref idref="fl-b"/>
      </object_component>
      <object_component id="oc-865">
         <name>.cinit..data.load</name>
         <load_address>0x12e30</load_address>
         <run_address>0x12e30</run_address>
         <size>0x2a6</size>
      </object_component>
      <object_component id="oc-862">
         <name>__TI_handler_table</name>
         <load_address>0x130d8</load_address>
         <run_address>0x130d8</run_address>
         <size>0xc</size>
      </object_component>
      <object_component id="oc-866">
         <name>.cinit..bss.load</name>
         <load_address>0x130e8</load_address>
         <run_address>0x130e8</run_address>
         <size>0x8</size>
      </object_component>
      <object_component id="oc-864">
         <name>.cinit..vtable.load</name>
         <load_address>0x130f0</load_address>
         <run_address>0x130f0</run_address>
         <size>0x8</size>
      </object_component>
      <object_component id="oc-863">
         <name>__TI_cinit_table</name>
         <load_address>0x130f8</load_address>
         <run_address>0x130f8</run_address>
         <size>0x18</size>
      </object_component>
      <object_component id="oc-2c">
         <name>.init_array</name>
         <load_address>0x12e20</load_address>
         <run_address>0x12e20</run_address>
         <size>0x4</size>
         <input_file_ref idref="fl-19"/>
      </object_component>
      <object_component id="oc-2a">
         <name>.init_array</name>
         <load_address>0x12e24</load_address>
         <run_address>0x12e24</run_address>
         <size>0x4</size>
         <input_file_ref idref="fl-f"/>
      </object_component>
      <object_component id="oc-2b">
         <name>.init_array</name>
         <load_address>0x12e28</load_address>
         <run_address>0x12e28</run_address>
         <size>0x4</size>
         <input_file_ref idref="fl-17"/>
      </object_component>
      <object_component id="oc-2d">
         <name>.init_array</name>
         <load_address>0x12e2c</load_address>
         <run_address>0x12e2c</run_address>
         <size>0x4</size>
         <input_file_ref idref="fl-1d"/>
      </object_component>
      <object_component id="oc-3f8">
         <name>.vtable</name>
         <uninitialized>true</uninitialized>
         <run_address>0x20000000</run_address>
         <size>0x26c</size>
         <input_file_ref idref="fl-121"/>
      </object_component>
      <object_component id="oc-a8">
         <name>.data</name>
         <load_address>0x20018494</load_address>
         <run_address>0x20018494</run_address>
         <size>0x34</size>
         <input_file_ref idref="fl-9"/>
      </object_component>
      <object_component id="oc-4d4">
         <name>.data</name>
         <load_address>0x20018534</load_address>
         <run_address>0x20018534</run_address>
         <size>0xc</size>
         <input_file_ref idref="fl-a"/>
      </object_component>
      <object_component id="oc-bb">
         <name>.data</name>
         <load_address>0x20018578</load_address>
         <run_address>0x20018578</run_address>
         <size>0x4</size>
         <input_file_ref idref="fl-b"/>
      </object_component>
      <object_component id="oc-4b9">
         <name>.data</name>
         <load_address>0x20018568</load_address>
         <run_address>0x20018568</run_address>
         <size>0x8</size>
         <input_file_ref idref="fl-d"/>
      </object_component>
      <object_component id="oc-5ad">
         <name>.data:_ZN5TskIr5IrACsE</name>
         <load_address>0x200184c8</load_address>
         <run_address>0x200184c8</run_address>
         <size>0x30</size>
         <input_file_ref idref="fl-14"/>
      </object_component>
      <object_component id="oc-5b6">
         <name>.data:_ZN5TskIr6IrIntsE</name>
         <load_address>0x20018558</load_address>
         <run_address>0x20018558</run_address>
         <size>0x8</size>
         <input_file_ref idref="fl-14"/>
      </object_component>
      <object_component id="oc-240">
         <name>.data:_ZN5TskIr7IrDistsE</name>
         <load_address>0x200184f8</load_address>
         <run_address>0x200184f8</run_address>
         <size>0x14</size>
         <input_file_ref idref="fl-14"/>
      </object_component>
      <object_component id="oc-5cf">
         <name>.data:_ZN5TskIr7irZerosE</name>
         <load_address>0x20018560</load_address>
         <run_address>0x20018560</run_address>
         <size>0x8</size>
         <input_file_ref idref="fl-14"/>
      </object_component>
      <object_component id="oc-5b9">
         <name>.data:_ZN5TskIr9IrChNamesE</name>
         <load_address>0x2001850c</load_address>
         <run_address>0x2001850c</run_address>
         <size>0x10</size>
         <input_file_ref idref="fl-14"/>
      </object_component>
      <object_component id="oc-5c1">
         <name>.data</name>
         <load_address>0x20018548</load_address>
         <run_address>0x20018548</run_address>
         <size>0x8</size>
         <input_file_ref idref="fl-14"/>
      </object_component>
      <object_component id="oc-312">
         <name>.data:imuInitSeq0</name>
         <load_address>0x20018570</load_address>
         <run_address>0x20018570</run_address>
         <size>0x5</size>
         <input_file_ref idref="fl-15"/>
      </object_component>
      <object_component id="oc-30f">
         <name>.data:imuInitSeq1</name>
         <load_address>0x20018575</load_address>
         <run_address>0x20018575</run_address>
         <size>0x2</size>
         <input_file_ref idref="fl-15"/>
      </object_component>
      <object_component id="oc-30c">
         <name>.data:imuReadSeq</name>
         <load_address>0x20018577</load_address>
         <run_address>0x20018577</run_address>
         <size>0x1</size>
         <input_file_ref idref="fl-15"/>
      </object_component>
      <object_component id="oc-18a">
         <name>.data</name>
         <load_address>0x20018460</load_address>
         <run_address>0x20018460</run_address>
         <size>0x34</size>
         <input_file_ref idref="fl-17"/>
      </object_component>
      <object_component id="oc-301">
         <name>.data</name>
         <load_address>0x20018550</load_address>
         <run_address>0x20018550</run_address>
         <size>0x8</size>
         <input_file_ref idref="fl-18"/>
      </object_component>
      <object_component id="oc-5e1">
         <name>.data:varname</name>
         <load_address>0x20018128</load_address>
         <run_address>0x20018128</run_address>
         <size>0x248</size>
         <input_file_ref idref="fl-1c"/>
      </object_component>
      <object_component id="oc-5ea">
         <name>.data:actname</name>
         <load_address>0x20018370</load_address>
         <run_address>0x20018370</run_address>
         <size>0xf0</size>
         <input_file_ref idref="fl-1c"/>
      </object_component>
      <object_component id="oc-403">
         <name>.data</name>
         <load_address>0x2001857c</load_address>
         <run_address>0x2001857c</run_address>
         <size>0x4</size>
         <input_file_ref idref="fl-e5"/>
      </object_component>
      <object_component id="oc-631">
         <name>.data</name>
         <load_address>0x20018580</load_address>
         <run_address>0x20018580</run_address>
         <size>0x4</size>
         <input_file_ref idref="fl-ec"/>
      </object_component>
      <object_component id="oc-104">
         <name>.data:$O1$$</name>
         <load_address>0x2001851c</load_address>
         <run_address>0x2001851c</run_address>
         <size>0xc</size>
         <input_file_ref idref="fl-ed"/>
      </object_component>
      <object_component id="oc-50a">
         <name>.data:$O1$$</name>
         <load_address>0x20018528</load_address>
         <run_address>0x20018528</run_address>
         <size>0xc</size>
         <input_file_ref idref="fl-f8"/>
      </object_component>
      <object_component id="oc-87">
         <name>.data</name>
         <load_address>0x20018584</load_address>
         <run_address>0x20018584</run_address>
         <size>0x4</size>
         <input_file_ref idref="fl-105"/>
      </object_component>
      <object_component id="oc-6f2">
         <name>.data</name>
         <load_address>0x20018588</load_address>
         <run_address>0x20018588</run_address>
         <size>0x4</size>
         <input_file_ref idref="fl-10a"/>
      </object_component>
      <object_component id="oc-3d2">
         <name>.data</name>
         <load_address>0x2001858c</load_address>
         <run_address>0x2001858c</run_address>
         <size>0x4</size>
         <input_file_ref idref="fl-10c"/>
      </object_component>
      <object_component id="oc-107">
         <name>.data:$O1$$</name>
         <load_address>0x20018540</load_address>
         <run_address>0x20018540</run_address>
         <size>0x8</size>
         <input_file_ref idref="fl-10e"/>
      </object_component>
      <object_component id="oc-288">
         <name>.bss:pxReadyTasksLists</name>
         <uninitialized>true</uninitialized>
         <run_address>0x20013940</run_address>
         <size>0x140</size>
         <input_file_ref idref="fl-9"/>
      </object_component>
      <object_component id="oc-29d">
         <name>.bss:xDelayedTaskList1</name>
         <uninitialized>true</uninitialized>
         <run_address>0x20013f7c</run_address>
         <size>0x14</size>
         <input_file_ref idref="fl-9"/>
      </object_component>
      <object_component id="oc-2a0">
         <name>.bss:xDelayedTaskList2</name>
         <uninitialized>true</uninitialized>
         <run_address>0x20013f90</run_address>
         <size>0x14</size>
         <input_file_ref idref="fl-9"/>
      </object_component>
      <object_component id="oc-28e">
         <name>.bss</name>
         <uninitialized>true</uninitialized>
         <run_address>0x2001408c</run_address>
         <size>0x8</size>
         <input_file_ref idref="fl-9"/>
      </object_component>
      <object_component id="oc-29a">
         <name>.bss:xPendingReadyList</name>
         <uninitialized>true</uninitialized>
         <run_address>0x20013fa4</run_address>
         <size>0x14</size>
         <input_file_ref idref="fl-9"/>
      </object_component>
      <object_component id="oc-28b">
         <name>.bss:xTasksWaitingTermination</name>
         <uninitialized>true</uninitialized>
         <run_address>0x20013fcc</run_address>
         <size>0x14</size>
         <input_file_ref idref="fl-9"/>
      </object_component>
      <object_component id="oc-291">
         <name>.bss:xSuspendedTaskList</name>
         <uninitialized>true</uninitialized>
         <run_address>0x20013fb8</run_address>
         <size>0x14</size>
         <input_file_ref idref="fl-9"/>
      </object_component>
      <object_component id="oc-4da">
         <name>.bss:xActiveTimerList1</name>
         <uninitialized>true</uninitialized>
         <run_address>0x20013f54</run_address>
         <size>0x14</size>
         <input_file_ref idref="fl-a"/>
      </object_component>
      <object_component id="oc-4dd">
         <name>.bss:xActiveTimerList2</name>
         <uninitialized>true</uninitialized>
         <run_address>0x20013f68</run_address>
         <size>0x14</size>
         <input_file_ref idref="fl-a"/>
      </object_component>
      <object_component id="oc-4d7">
         <name>.bss</name>
         <uninitialized>true</uninitialized>
         <run_address>0x20014094</run_address>
         <size>0x8</size>
         <input_file_ref idref="fl-a"/>
      </object_component>
      <object_component id="oc-4c5">
         <name>.bss:ucHeap</name>
         <uninitialized>true</uninitialized>
[...]
      <symbol id="sm-1a11">
         <name>_ZTIN10__cxxabiv119__pointer_type_infoE</name>
         <value>0x12d98</value>
         <object_component_ref idref="oc-816"/>
      </symbol>
      <symbol id="sm-1a12">
         <name>_ZTSSt9type_info</name>
         <value>0x12d71</value>
         <object_component_ref idref="oc-7e5"/>
      </symbol>
      <symbol id="sm-1a13">
         <name>_ZN10__cxxabiv123__fundamental_type_infoD2Ev</name>
         <value>0x113ef</value>
         <object_component_ref idref="oc-682"/>
      </symbol>
      <symbol id="sm-1a14">
         <name>_ZN10__cxxabiv117__class_type_infoD1Ev</name>
         <value>0x1142b</value>
         <object_component_ref idref="oc-682"/>
      </symbol>
      <symbol id="sm-1a15">
         <name>_ZN10__cxxabiv129__pointer_to_member_type_infoD2Ev</name>
         <value>0x113e5</value>
         <object_component_ref idref="oc-682"/>
      </symbol>
      <symbol id="sm-1a16">
         <name>_ZN10__cxxabiv116__enum_type_infoD1Ev</name>
         <value>0x1143f</value>
         <object_component_ref idref="oc-682"/>
      </symbol>
      <symbol id="sm-1a17">
         <name>_ZN10__cxxabiv121__vmi_class_type_infoD1Ev</name>
         <value>0x113f9</value>
         <object_component_ref idref="oc-682"/>
      </symbol>
      <symbol id="sm-1a18">
         <name>_ZTSN10__cxxabiv123__fundamental_type_infoE</name>
         <value>0x12a68</value>
         <object_component_ref idref="oc-83e"/>
      </symbol>
      <symbol id="sm-1a19">
         <name>_ZN10__cxxabiv117__pbase_type_infoD1Ev</name>
         <value>0x11421</value>
         <object_component_ref idref="oc-682"/>
      </symbol>
      <symbol id="sm-1a1a">
         <name>_ZTVN10__cxxabiv123__fundamental_type_infoE</name>
         <value>0x12cc4</value>
         <object_component_ref idref="oc-81b"/>
      </symbol>
      <symbol id="sm-1a1b">
         <name>_ZTSN10__cxxabiv120__si_class_type_infoE</name>
         <value>0x12a90</value>
         <object_component_ref idref="oc-811"/>
      </symbol>
      <symbol id="sm-1a1c">
         <name>_ZN10__cxxabiv117__array_type_infoD1Ev</name>
         <value>0x11435</value>
         <object_component_ref idref="oc-682"/>
      </symbol>
      <symbol id="sm-1a1d">
         <name>_ZTVN10__cxxabiv119__pointer_type_infoE</name>
         <value>0x12ca4</value>
         <object_component_ref idref="oc-7ea"/>
      </symbol>
      <symbol id="sm-1a1e">
         <name>_ZTSPKe</name>
         <value>0x127ca</value>
         <object_component_ref idref="oc-7ef"/>
      </symbol>
      <symbol id="sm-1a1f">
         <name>_ZNKSt9type_infoneERKS_</name>
         <value>0x113ab</value>
         <object_component_ref idref="oc-682"/>
      </symbol>
      <symbol id="sm-1a20">
         <name>_ZN10__cxxabiv119__pointer_type_infoD1Ev</name>
         <value>0x11417</value>
         <object_component_ref idref="oc-682"/>
      </symbol>
      <symbol id="sm-1a21">
         <name>_ZNSt9type_infoD2Ev</name>
         <value>0x1139d</value>
         <object_component_ref idref="oc-682"/>
      </symbol>
      <symbol id="sm-1a22">
         <name>_ZNKSt9type_info6beforeERKS_</name>
         <value>0x113d7</value>
         <object_component_ref idref="oc-682"/>
      </symbol>
      <symbol id="sm-1a23">
         <name>_ZN10__cxxabiv123__fundamental_type_infoD1Ev</name>
         <value>0x113ef</value>
         <object_component_ref idref="oc-682"/>
      </symbol>
      <symbol id="sm-1a24">
         <name>_ZTSN10__cxxabiv119__pointer_type_infoE</name>
         <value>0x12ab5</value>
         <object_component_ref idref="oc-828"/>
      </symbol>
      <symbol id="sm-1a25">
         <name>_ZN10__cxxabiv121__vmi_class_type_infoD2Ev</name>
         <value>0x113f9</value>
         <object_component_ref idref="oc-682"/>
      </symbol>
      <symbol id="sm-1a26">
         <name>_ZTSN10__cxxabiv117__class_type_infoE</name>
         <value>0x12ad9</value>
         <object_component_ref idref="oc-758"/>
      </symbol>
      <symbol id="sm-1a27">
         <name>_ZN10__cxxabiv120__function_type_infoD2Ev</name>
         <value>0x1140d</value>
         <object_component_ref idref="oc-682"/>
      </symbol>
      <symbol id="sm-1a28">
         <name>_ZN10__cxxabiv117__class_type_infoD2Ev</name>
         <value>0x1142b</value>
         <object_component_ref idref="oc-682"/>
      </symbol>
      <symbol id="sm-1a29">
         <name>_ZN10__cxxabiv116__enum_type_infoD2Ev</name>
         <value>0x1143f</value>
         <object_component_ref idref="oc-682"/>
      </symbol>
      <symbol id="sm-1a2a">
         <name>_ZN10__cxxabiv119__pointer_type_infoD2Ev</name>
         <value>0x11417</value>
         <object_component_ref idref="oc-682"/>
      </symbol>
      <symbol id="sm-1a2b">
         <name>_ZN10__cxxabiv120__si_class_type_infoD2Ev</name>
         <value>0x11403</value>
         <object_component_ref idref="oc-682"/>
      </symbol>
      <symbol id="sm-1a2c">
         <name>_ZN10__cxxabiv117__pbase_type_infoD2Ev</name>
         <value>0x11421</value>
         <object_component_ref idref="oc-682"/>
      </symbol>
      <symbol id="sm-1a2d">
         <name>_ZTVN10__cxxabiv117__class_type_infoE</name>
         <value>0x12c94</value>
         <object_component_ref idref="oc-500"/>
      </symbol>
      <symbol id="sm-1a2e">
         <name>_ZN10__cxxabiv117__array_type_infoD2Ev</name>
         <value>0x11435</value>
         <object_component_ref idref="oc-682"/>
      </symbol>
      <symbol id="sm-1a2f">
         <name>_ZNSt9type_infoD1Ev</name>
         <value>0x1139d</value>
         <object_component_ref idref="oc-682"/>
      </symbol>
      <symbol id="sm-1a30">
         <name>_ZTIN10__cxxabiv123__fundamental_type_infoE</name>
         <value>0x12db0</value>
         <object_component_ref idref="oc-832"/>
      </symbol>
      <symbol id="sm-1a31">
         <name>_ZTISt9type_info</name>
         <value>0x12e0c</value>
         <object_component_ref idref="oc-75d"/>
      </symbol>
      <symbol id="sm-1a32">
         <name>_ZN10__cxxabiv123__fundamental_type_infoD0Ev</name>
         <value>0x113f1</value>
         <object_component_ref idref="oc-682"/>
      </symbol>
      <symbol id="sm-1a33">
         <name>_ZTIN10__cxxabiv117__pbase_type_infoE</name>
         <value>0x12d8c</value>
         <object_component_ref idref="oc-82d"/>
      </symbol>
      <symbol id="sm-1a34">
         <name>_ZTSe</name>
         <value>0x127ce</value>
         <object_component_ref idref="oc-820"/>
      </symbol>
      <symbol id="sm-1a35">
         <name>_ZNKSt9type_info4nameEv</name>
         <value>0x113a7</value>
         <object_component_ref idref="oc-682"/>
      </symbol>
      <symbol id="sm-1a36">
         <name>_ZTIN10__cxxabiv117__class_type_infoE</name>
         <value>0x12d80</value>
         <object_component_ref idref="oc-67d"/>
      </symbol>
      <symbol id="sm-1a37">
         <name>_ZN10__cxxabiv129__pointer_to_member_type_infoD0Ev</name>
         <value>0x113e7</value>
         <object_component_ref idref="oc-682"/>
      </symbol>
      <symbol id="sm-1a38">
         <name>_ZN10__cxxabiv120__si_class_type_infoD1Ev</name>
         <value>0x11403</value>
         <object_component_ref idref="oc-682"/>
      </symbol>
      <symbol id="sm-1a39">
         <name>_ZTIN10__cxxabiv120__si_class_type_infoE</name>
         <value>0x12da4</value>
         <object_component_ref idref="oc-7e0"/>
      </symbol>
      <symbol id="sm-1a3a">
         <name>_ZNSt9type_infoD0Ev</name>
         <value>0x1139f</value>
         <object_component_ref idref="oc-682"/>
      </symbol>
      <symbol id="sm-1a3b">
         <name>_ZN10__cxxabiv120__function_type_infoD0Ev</name>
         <value>0x1140f</value>
         <object_component_ref idref="oc-682"/>
      </symbol>
      <symbol id="sm-1a3c">
         <name>_ZN10__cxxabiv117__class_type_infoD0Ev</name>
         <value>0x1142d</value>
         <object_component_ref idref="oc-682"/>
      </symbol>
      <symbol id="sm-1a3d">
         <name>_ZTSN10__cxxabiv117__pbase_type_infoE</name>
         <value>0x12afb</value>
         <object_component_ref idref="oc-839"/>
      </symbol>
      <symbol id="sm-1a3e">
         <name>_ZN10__cxxabiv116__enum_type_infoD0Ev</name>
         <value>0x11441</value>
         <object_component_ref idref="oc-682"/>
      </symbol>
      <symbol id="sm-1a3f">
         <name>_ZTIe</name>
         <value>0x12e14</value>
         <object_component_ref idref="oc-7f4"/>
      </symbol>
      <symbol id="sm-1a40">
         <name>_ZN10__cxxabiv121__vmi_class_type_infoD0Ev</name>
         <value>0x113fb</value>
         <object_component_ref idref="oc-682"/>
      </symbol>
      <symbol id="sm-1a41">
         <name>_ZTVN10__cxxabiv120__si_class_type_infoE</name>
         <value>0x12cb4</value>
         <object_component_ref idref="oc-753"/>
      </symbol>
      <symbol id="sm-1a42">
         <name>_ZN10__cxxabiv117__pbase_type_infoD0Ev</name>
         <value>0x11423</value>
         <object_component_ref idref="oc-682"/>
      </symbol>
      <symbol id="sm-1a43">
         <name>_ZN10__cxxabiv117__array_type_infoD0Ev</name>
         <value>0x11437</value>
         <object_component_ref idref="oc-682"/>
      </symbol>
      <symbol id="sm-1a44">
         <name>_ZSt21__gen_dummy_typeinfosv</name>
         <value>0x11395</value>
         <object_component_ref idref="oc-682"/>
      </symbol>
      <symbol id="sm-1a45">
         <name>_ZN10__cxxabiv129__pointer_to_member_type_infoD1Ev</name>
         <value>0x113e5</value>
         <object_component_ref idref="oc-682"/>
      </symbol>
      <symbol id="sm-1a46">
         <name>_ZN10__cxxabiv119__pointer_type_infoD0Ev</name>
         <value>0x11419</value>
         <object_component_ref idref="oc-682"/>
      </symbol>
      <symbol id="sm-1a47">
         <name>_ZN10__cxxabiv120__si_class_type_infoD0Ev</name>
         <value>0x11405</value>
         <object_component_ref idref="oc-682"/>
      </symbol>
      <symbol id="sm-1a48">
         <name>_ZTIPKe</name>
         <value>0x12c64</value>
         <object_component_ref idref="oc-763"/>
      </symbol>
      <symbol id="sm-1a49">
         <name>_ZNKSt9type_infoeqERKS_</name>
         <value>0x113c1</value>
         <object_component_ref idref="oc-682"/>
      </symbol>
      <symbol id="sm-1a51">
         <name>_new_handler</name>
         <value>0x2001858c</value>
         <object_component_ref idref="oc-3d2"/>
      </symbol>
      <symbol id="sm-1a98">
         <name>__cxa_vec_cleanup</name>
         <value>0xf361</value>
         <object_component_ref idref="oc-1c7"/>
      </symbol>
      <symbol id="sm-1a99">
         <name>__cxa_vec_new</name>
         <value>0xf213</value>
         <object_component_ref idref="oc-1c7"/>
      </symbol>
      <symbol id="sm-1a9a">
         <name>__aeabi_vec_ctor_nocookie_nodtor</name>
         <value>0xf489</value>
         <object_component_ref idref="oc-1c7"/>
      </symbol>
      <symbol id="sm-1a9b">
         <name>__cxa_vec_cctor</name>
         <value>0xf381</value>
         <object_component_ref idref="oc-1c7"/>
      </symbol>
      <symbol id="sm-1a9c">
         <name>__aeabi_vec_delete3_nodtor</name>
         <value>0xf447</value>
         <object_component_ref idref="oc-1c7"/>
      </symbol>
      <symbol id="sm-1a9d">
         <name>__aeabi_vec_delete</name>
         <value>0xf47d</value>
         <object_component_ref idref="oc-1c7"/>
      </symbol>
      <symbol id="sm-1a9e">
         <name>__aeabi_vec_ctor_cookie_nodtor</name>
         <value>0xf49b</value>
         <object_component_ref idref="oc-1c7"/>
      </symbol>
      <symbol id="sm-1a9f">
         <name>__aeabi_vec_new_cookie_noctor</name>
         <value>0xf3e5</value>
         <object_component_ref idref="oc-1c7"/>
      </symbol>
      <symbol id="sm-1aa0">
         <name>__aeabi_vec_new_nocookie</name>
         <value>0xf3ab</value>
         <object_component_ref idref="oc-1c7"/>
      </symbol>
      <symbol id="sm-1aa1">
         <name>__cxa_vec_delete2</name>
         <value>0xf2f1</value>
         <object_component_ref idref="oc-1c7"/>
      </symbol>
      <symbol id="sm-1aa2">
         <name>__cxa_vec_delete3</name>
         <value>0xf2cb</value>
         <object_component_ref idref="oc-1c7"/>
      </symbol>
      <symbol id="sm-1aa3">
         <name>__cxa_vec_dtor</name>
         <value>0xf2af</value>
         <object_component_ref idref="oc-1c7"/>
      </symbol>
      <symbol id="sm-1aa4">
         <name>__aeabi_vec_new_cookie</name>
         <value>0xf401</value>
         <object_component_ref idref="oc-1c7"/>
      </symbol>
      <symbol id="sm-1aa5">
         <name>__aeabi_vec_delete3</name>
         <value>0xf461</value>
         <object_component_ref idref="oc-1c7"/>
      </symbol>
      <symbol id="sm-1aa6">
         <name>__cxa_vec_delete</name>
         <value>0xf317</value>
         <object_component_ref idref="oc-1c7"/>
      </symbol>
      <symbol id="sm-1aa7">
         <name>__aeabi_vec_new_cookie_nodtor</name>
         <value>0xf3bf</value>
         <object_component_ref idref="oc-1c7"/>
      </symbol>
      <symbol id="sm-1aa8">
         <name>__cxa_vec_ctor</name>
         <value>0xf33d</value>
         <object_component_ref idref="oc-1c7"/>
      </symbol>
      <symbol id="sm-1aa9">
         <name>__aeabi_vec_cctor_nocookie_nodtor</name>
         <value>0xf4bf</value>
         <object_component_ref idref="oc-1c7"/>
      </symbol>
      <symbol id="sm-1aaa">
         <name>__aeabi_vec_dtor</name>
         <value>0xf415</value>
         <object_component_ref idref="oc-1c7"/>
      </symbol>
      <symbol id="sm-1aab">
         <name>__aeabi_vec_dtor_cookie</name>
         <value>0xf429</value>
         <object_component_ref idref="oc-1c7"/>
      </symbol>
      <symbol id="sm-1aac">
         <name>__cxa_vec_new2</name>
         <value>0xf1e7</value>
         <object_component_ref idref="oc-1c7"/>
      </symbol>
      <symbol id="sm-1aad">
         <name>__cxa_vec_new3</name>
         <value>0xf1bb</value>
         <object_component_ref idref="oc-1c7"/>
      </symbol>
      <symbol id="sm-1ac6">
         <name>_nop</name>
         <value>0x1224f</value>
         <object_component_ref idref="oc-2d4"/>
      </symbol>
      <symbol id="sm-1ac7">
         <name>_lock</name>
         <value>0x20018540</value>
         <object_component_ref idref="oc-107"/>
      </symbol>
      <symbol id="sm-1ac8">
         <name>_unlock</name>
         <value>0x20018544</value>
         <object_component_ref idref="oc-107"/>
      </symbol>
      <symbol id="sm-1ac9">
         <name>_register_lock</name>
         <value>0x12247</value>
         <object_component_ref idref="oc-2d4"/>
      </symbol>
      <symbol id="sm-1aca">
         <name>_register_unlock</name>
         <value>0x12241</value>
         <object_component_ref idref="oc-2d4"/>
      </symbol>
      <symbol id="sm-1bcb">
         <name>__TI_printfi</name>
         <value>0x8a15</value>
         <object_component_ref idref="oc-317"/>
      </symbol>
      <symbol id="sm-1bdf">
         <name>_args_main</name>
         <value>0x121e5</value>
         <object_component_ref idref="oc-7b"/>
      </symbol>
      <symbol id="sm-1bf5">
         <name>atoi</name>
         <value>0x11eb1</value>
         <object_component_ref idref="oc-54f"/>
      </symbol>
      <symbol id="sm-1c1f">
         <name>__TI_auto_init</name>
         <value>0x11a19</value>
         <object_component_ref idref="oc-75"/>
      </symbol>
      <symbol id="sm-1c39">
         <name>copy_in</name>
         <value>0x11efd</value>
         <object_component_ref idref="oc-ee"/>
      </symbol>
      <symbol id="sm-1c44">
         <name>_ctypes_</name>
         <value>0x126c9</value>
         <object_component_ref idref="oc-69e"/>
      </symbol>
      <symbol id="sm-1c53">
         <name>ltoa</name>
         <value>0x11e5d</value>
         <object_component_ref idref="oc-537"/>
      </symbol>
      <symbol id="sm-1c63">
         <name>memccpy</name>
         <value>0x121c7</value>
         <object_component_ref idref="oc-555"/>
      </symbol>
      <symbol id="sm-1c70">
         <name>copysignf</name>
         <value>0x1228f</value>
         <object_component_ref idref="oc-78a"/>
      </symbol>
      <symbol id="sm-1c88">
         <name>floorf</name>
         <value>0x1191d</value>
         <object_component_ref idref="oc-714"/>
      </symbol>
      <symbol id="sm-1c9e">
         <name>frexpl</name>
         <value>0x11c35</value>
         <object_component_ref idref="oc-53d"/>
      </symbol>
      <symbol id="sm-1c9f">
         <name>frexp</name>
         <value>0x11c35</value>
         <object_component_ref idref="oc-53d"/>
      </symbol>
      <symbol id="sm-1cbc">
         <name>scalbn</name>
         <value>0x10f31</value>
         <object_component_ref idref="oc-543"/>
      </symbol>
      <symbol id="sm-1cbd">
         <name>scalbnl</name>
         <value>0x10f31</value>
         <object_component_ref idref="oc-543"/>
      </symbol>
      <symbol id="sm-1cbe">
         <name>ldexpl</name>
         <value>0x10f31</value>
         <object_component_ref idref="oc-543"/>
      </symbol>
      <symbol id="sm-1cbf">
         <name>ldexp</name>
         <value>0x10f31</value>
         <object_component_ref idref="oc-543"/>
      </symbol>
      <symbol id="sm-1cc9">
         <name>_system_post_cinit</name>
         <value>0x104ab</value>
         <object_component_ref idref="oc-f4"/>
      </symbol>
      <symbol id="sm-1cd9">
         <name>strchr</name>
         <value>0x12215</value>
         <object_component_ref idref="oc-549"/>
      </symbol>
      <symbol id="sm-1cea">
         <name>strcspn</name>
         <value>0x12165</value>
         <object_component_ref idref="oc-6ec"/>
      </symbol>
      <symbol id="sm-1cfc">
         <name>strspn</name>
         <value>0x12113</value>
         <object_component_ref idref="oc-6e6"/>
      </symbol>
      <symbol id="sm-1d18">
         <name>__aeabi_uldivmod</name>
         <value>0xfd39</value>
         <object_component_ref idref="oc-52d"/>
      </symbol>
      <symbol id="sm-1d22">
         <name>copysign</name>
         <value>0x12255</value>
         <object_component_ref idref="oc-694"/>
      </symbol>
      <symbol id="sm-1d23">
         <name>copysignl</name>
         <value>0x12255</value>
         <object_component_ref idref="oc-694"/>
      </symbol>
      <symbol id="sm-1d65">
         <name>IntEnable</name>
         <value>0x11b65</value>
         <object_component_ref idref="oc-1f9"/>
      </symbol>
      <symbol id="sm-1d66">
         <name>IntRegister</name>
         <value>0x12081</value>
         <object_component_ref idref="oc-1f3"/>
      </symbol>
      <symbol id="sm-1d67">
         <name>g_pfnRAMVectors</name>
         <value>0x20000000</value>
         <object_component_ref idref="oc-3f8"/>
      </symbol>
      <symbol id="sm-1d68">
         <name>IntMasterEnable</name>
         <value>0x122a1</value>
         <object_component_ref idref="oc-2fa"/>
      </symbol>
      <symbol id="sm-1d75">
         <name>UARTCharsAvail</name>
         <value>0x122f7</value>
         <object_component_ref idref="oc-1ed"/>
      </symbol>
      <symbol id="sm-1d7f">
         <name>CPUcpsie</name>
         <value>0x122eb</value>
         <object_component_ref idref="oc-512"/>
      </symbol>
      <symbol id="sm-1d80">
         <name>__TI_static_base__</name>
         <value>0x0</value>
      </symbol>
      <symbol id="sm-1d83">
         <name>_ZN6TskTop7uartCmdEv</name>
         <value>0x94c1</value>
      </symbol>
      <symbol id="sm-1d84">
         <name>_ZdaPv</name>
         <value>0x1231b</value>
      </symbol>
      <symbol id="sm-1d85">
         <name>_Znaj</name>
         <value>0x120b5</value>
      </symbol>
   </symbol_table>
   <title>Link successful</title>
</link_info>
