******************************************************************************
                  TI ARM Linker PC v16.9.1                     
******************************************************************************
>> Linked Sat Nov 11 21:41:43 2017

OUTPUT FILE NAME:   <dbMouse_FreeRTOS.out>
ENTRY POINT SYMBOL: "_c_int00"  address: 00011f81


MEMORY CONFIGURATION

         name            origin    length      used     unused   attr    fill
----------------------  --------  ---------  --------  --------  ----  --------
  FLASH                 00000000   00100000  000132da  000ecd26  R  X
  SRAM                  20000000   00040000  000185f8  00027a08  RW X


SEGMENT ALLOCATION MAP

run origin  load origin   length   init length attrs members
----------  ----------- ---------- ----------- ----- -------
00000000    00000000    000132e0   000132e0    r-x
  00000000    00000000    00000208   00000208    r-- .intvecs
  00000208    00000208    000122ea   000122ea    r-x .text
  000124f8    000124f8    00000af8   00000af8    r-- .const
  00012ff0    00012ff0    00000010   00000010    r-- .init_array
  00013000    00013000    000002e0   000002e0    r-- .cinit
20000000    20000000    0000026c   00000000    rw-
  20000000    20000000    0000026c   00000000    rw- .vtable
20000400    20000400    00018390   00000000    rw-
  20000400    20000400    00013d24   00000000    rw- .bss
  20014128    20014128    00004000   00000000    rw- .sysmem
  20018128    20018128    00000468   00000000    rw- .data
  20018590    20018590    00000200   00000000    rw- .stack


SECTION ALLOCATION MAP

 output                                  attributes/
section   page    origin      length       input sections
--------  ----  ----------  ----------   ----------------
.intvecs   0    00000000    00000208     
                  00000000    00000208     tm4c1294ncpdt_startup_ccs.obj (.intvecs)

.text      0    00000208    000122ea     
                  00000208    00002344     action.obj (.text)
                  0000254c    00001f68     IrCorr.obj (.text)
                  000044b4    0000198c     correction.obj (.text)
                  00005e40    0000140c     tasks.obj (.text)
                  0000724c    00001150     TskTop.obj (.text)
                  0000839c    0000113e     rtsv7M4_T_le_v4SPD16_eabi.lib : _printfi.obj (.text)
                  000094da    00000002                                   : mpu_init.obj (.text)
                  000094dc    000010b8     cmd.obj (.text)
                  0000a594    00000b6c     TskMotor.obj (.text)
                  0000b100    00000988     TskIr.obj (.text)
                  0000ba88    00000934     queue.obj (.text)
                  0000c3bc    000007f6     mmaze.obj (.text)
                  0000cbb2    00000002     rtsv7M4_T_le_v4SPD16_eabi.lib : newhandler.obj (.text)
                  0000cbb4    000006b0     mouse.obj (.text)
                  0000d264    00000588     rtsv7M4_T_le_v4SPD16_eabi.lib : e_powf.obj (.text)
                  0000d7ec    000004d4     solve.obj (.text)
                  0000dcc0    000004d0     motion.obj (.text)
                  0000e190    000004d0     timers.obj (.text)
                  0000e660    000004ac     Kalman2Var.obj (.text)
                  0000eb0c    00000448     WheelEnc.obj (.text)
                  0000ef54    000003d0     rtsv7M4_T_le_v4SPD16_eabi.lib : memory.obj (.text)
                  0000f324    0000039c                                   : vec_newdel.obj (.text)
                  0000f6c0    00000390     Imu2.obj (.text)
                  0000fa50    00000288     DbgUart.obj (.text)
                  0000fcd8    0000023c     rtsv7M4_T_le_v4SPD16_eabi.lib : strtod.obj (.text)
                  0000ff14    000001f4                                   : ull_div_t2.obj (.text)
                  00010108    000001ec                                   : e_logf.obj (.text)
                  000102f4    000001dc                                   : e_expf.obj (.text)
                  000104d0    000001b6                                   : fd_add_t2.obj (.text)
                  00010686    00000002                                   : startup.obj (.text)
                  00010688    0000019c     pinout.obj (.text)
                  00010824    00000194     rtsv7M4_T_le_v4SPD16_eabi.lib : e_acosf.obj (.text)
                  000109b8    00000170                                   : e_sqrt.obj (.text)
                  00010b28    00000168     port.obj (.text)
                  00010c90    00000136     rtsv7M4_T_le_v4SPD16_eabi.lib : fd_div_t2.obj (.text)
                  00010dc6    00000002     --HOLE-- [fill = 0]
                  00010dc8    00000120     MotorPwm.obj (.text)
                  00010ee8    00000118     heap_2.obj (.text)
                  00011000    000000fc     rtsv7M4_T_le_v4SPD16_eabi.lib : fd_mul_t2.obj (.text)
                  000110fc    000000fc                                   : s_scalbn.obj (.text)
                  000111f8    000000f4                                   : dtor_list.obj (.text)
                  000112ec    000000d4                                   : s_scalbnf.obj (.text)
                  000113c0    000000d2     portasm.obj (.text)
                  00011492    00000002     --HOLE-- [fill = 0]
                  00011494    000000cc     Pid.obj (.text)
                  00011560    000000bc     rtsv7M4_T_le_v4SPD16_eabi.lib : typeinfo_.obj (.text)
                  0001161c    000000b4                                   : s_cosf.obj (.text)
                  000116d0    000000ac                                   : s_tanf.obj (.text)
                  0001177c    000000a4                                   : s_sinf.obj (.text)
                  00011820    0000009c                                   : memcpy_t2.obj (.text)
                  000118bc    00000094     list.obj (.text)
                  00011950    0000008c     Kalman2Var.obj (.text:_ZNK9Matrix2x2mlERKS_)
                  000119dc    00000086     rtsv7M4_T_le_v4SPD16_eabi.lib : fd_cmp_t2.obj (.text:__aeabi_cdcmple)
                  00011a62    00000086                                   : fd_cmp_t2.obj (.text:__aeabi_cdrcmple)
                  00011ae8    00000080                                   : s_floorf.obj (.text)
                  00011b68    0000007a                                   : memset_t2.obj (.text)
                  00011be2    00000002     --HOLE-- [fill = 0]
                  00011be4    00000070                                   : autoinit.obj (.text)
                  00011c54    0000006e                                   : fd_tos_t2.obj (.text)
                  00011cc2    0000006e                                   : s_roundf.obj (.text)
                  00011d30    00000068     driverlib.lib : interrupt.obj (.text:IntEnable)
                  00011d98    00000068     rtsv7M4_T_le_v4SPD16_eabi.lib : copy_decompress_lzss.obj (.text:decompress:lzss)
                  00011e00    00000064                                   : s_frexp.obj (.text)
                  00011e64    00000060     Kalman2Var.obj (.text:_ZNK9Matrix2x2plERKS_)
                  00011ec4    00000060     rtsv7M4_T_le_v4SPD16_eabi.lib : sprintf.obj (.text)
                  00011f24    0000005c     Kalman2Var.obj (.text:_ZNK9Matrix2x2mlERK7Vector2)
                  00011f80    00000054     rtsv7M4_T_le_v4SPD16_eabi.lib : boot.obj (.text)
                  00011fd4    00000054                                   : exit.obj (.text)
                  00012028    00000054                                   : ltoa.obj (.text)
                  0001207c    0000004c                                   : atoi.obj (.text)
                  000120c8    0000004c                                   : cpy_tbl.obj (.text)
                  00012114    00000048                                   : fd_toi_t2.obj (.text)
                  0001215c    00000040     main.obj (.text)
                  0001219c    00000040     rtsv7M4_T_le_v4SPD16_eabi.lib : strtok.obj (.text)
                  000121dc    00000038     assert.obj (.text)
                  00012214    00000038     rtsv7M4_T_le_v4SPD16_eabi.lib : fs_tod_t2.obj (.text)
                  0001224c    00000034     driverlib.lib : interrupt.obj (.text:IntRegister)
                  00012280    00000030     rtsv7M4_T_le_v4SPD16_eabi.lib : new_.obj (.text)
                  000122b0    0000002e                                   : i_tofd_t2.obj (.text)
                  000122de    0000002a                                   : strspn.obj (.text)
                  00012308    00000028                                   : e_sqrtf.obj (.text)
                  00012330    00000024                                   : strcspn.obj (.text)
                  00012354    00000020                                   : guard.obj (.text)
                  00012374    0000001e                                   : strcat.obj (.text)
                  00012392    0000001c                                   : memccpy.obj (.text)
                  000123ae    00000002     --HOLE-- [fill = 0]
                  000123b0    00000018                                   : args_main.obj (.text)
                  000123c8    00000018                                   : strcmp.obj (.text)
                  000123e0    00000016                                   : strchr.obj (.text)
                  000123f6    00000014     mmaze.obj (.text:_ZN10Micromouse8GridCoorC1Ev)
                  0001240a    00000002     --HOLE-- [fill = 0]
                  0001240c    00000014     rtsv7M4_T_le_v4SPD16_eabi.lib : _lock.obj (.text)
                  00012420    00000014                                   : s_copysign.obj (.text)
                  00012434    00000014                                   : strlen.obj (.text)
                  00012448    00000012     mmaze.obj (.text:_ZN10Micromouse8GridInfoC1Ev)
                  0001245a    00000012     rtsv7M4_T_le_v4SPD16_eabi.lib : s_copysignf.obj (.text)
                  0001246c    00000010     driverlib.lib : interrupt.obj (.text:IntMasterEnable)
                  0001247c    00000010     rtsv7M4_T_le_v4SPD16_eabi.lib : s_lroundf.obj (.text)
                  0001248c    0000000e     mmaze.obj (.text:_ZN10Micromouse5QueueINS_8GridCoorEED1Ev)
                  0001249a    0000000e     DbgUart.obj (.text:_ZN5QueueIcLb0EED1Ev)
                  000124a8    0000000e     rtsv7M4_T_le_v4SPD16_eabi.lib : copy_decompress_none.obj (.text:decompress:none)
                  000124b6    0000000c     driverlib.lib : cpu.obj (.text:CPUcpsie)
                  000124c2    0000000c                   : uart.obj (.text:UARTCharsAvail)
                  000124ce    0000000c     rtsv7M4_T_le_v4SPD16_eabi.lib : copy_zero_init.obj (.text:decompress:ZI)
                  000124da    0000000c     tm4c1294ncpdt_startup_ccs.obj (.text)
                  000124e6    00000008     rtsv7M4_T_le_v4SPD16_eabi.lib : delete.obj (.text)
                  000124ee    00000004                                   : pre_init.obj (.text)

.const     0    000124f8    00000af8     
                  000124f8    000003a1     paramsCorr.obj (.const:.string)
                  00012899    00000101     rtsv7M4_T_le_v4SPD16_eabi.lib : ctype.obj (.const:.string:_ctypes_)
                  0001299a    00000004                                   : typeinfo_.obj (.const:.typeinfo:_ZTSPKe)
                  0001299e    00000002                                   : typeinfo_.obj (.const:.typeinfo:_ZTSe)
                  000129a0    00000098                                   : strtod.obj (.const:$O1$$)
                  00012a38    00000070     driverlib.lib : interrupt.obj (.const)
                  00012aa8    00000046     TskMotor.obj (.const:.string:_ZZN5QueueIN8TskMotor8VelOmegaELb1EE2DeERS1_Es)
                  00012aee    00000046     cmd.obj (.const:.string:_ZZN5QueueIN8TskMotor8VelOmegaELb1EE2EnERKS1_Es)
                  00012b34    00000046     action.obj (.const:.string:_ZZN5QueueIN8TskMotor8VelOmegaELb1EE3LenEvEs)
                  00012b7a    00000046     TskMotor.obj (.const:.string:_ZZN5QueueIN8TskMotor8VelOmegaELb1EE5ClearEvEs)
                  00012bc0    00000046     TskMotor.obj (.const:.string:_ZZN5QueueIN8TskMotor8VelOmegaELb1EEC1EiEs)
                  00012c06    00000002     heap_2.obj (.const)
                  00012c08    00000030     IrCorr.obj (.const:$P$T12$1)
                  00012c38    00000028     rtsv7M4_T_le_v4SPD16_eabi.lib : typeinfo_.obj (.const:.typeinfo:_ZTSN10__cxxabiv123__fundamental_type_infoE)
                  00012c60    00000025                                   : typeinfo_.obj (.const:.typeinfo:_ZTSN10__cxxabiv120__si_class_type_infoE)
                  00012c85    00000024                                   : typeinfo_.obj (.const:.typeinfo:_ZTSN10__cxxabiv119__pointer_type_infoE)
                  00012ca9    00000022                                   : typeinfo_.obj (.const:.typeinfo:_ZTSN10__cxxabiv117__class_type_infoE)
                  00012ccb    00000022                                   : typeinfo_.obj (.const:.typeinfo:_ZTSN10__cxxabiv117__pbase_type_infoE)
                  00012ced    00000003     --HOLE-- [fill = 0]
                  00012cf0    0000001e     TskIr.obj (.const:.string)
                  00012d0e    0000001e     correction.obj (.const:.typeinfo:_ZTSN9TskAction15CorrDiagRushEndE)
                  00012d2c    0000001c     correction.obj (.const:.typeinfo:_ZTSN9TskAction13CorrCentipedeE)
                  00012d48    0000001c     correction.obj (.const:.typeinfo:_ZTSN9TskAction13CorrEndBySideE)
                  00012d64    0000001c     correction.obj (.const:.typeinfo:_ZTSN9TskAction13CorrYawBySideE)
                  00012d80    0000001b     correction.obj (.const:.typeinfo:_ZTSN9TskAction12CorrEndByFwdE)
                  00012d9b    0000001b     correction.obj (.const:.typeinfo:_ZTSN9TskAction12CorrTurnTimeE)
                  00012db6    0000001b     correction.obj (.const:.typeinfo:_ZTSN9TskAction12CorrYawByFwdE)
                  00012dd1    0000001a     correction.obj (.const:.typeinfo:_ZTSN9TskAction11CorrRushYawE)
                  00012deb    00000001     --HOLE-- [fill = 0]
                  00012dec    00000018     rtsv7M4_T_le_v4SPD16_eabi.lib : e_expf.obj (.const:$O1$$)
                  00012e04    00000018                                   : e_powf.obj (.const:$O1$$)
                  00012e1c    00000016     correction.obj (.const:.typeinfo:_ZTSN9TskAction8ReporterE)
                  00012e32    00000002     --HOLE-- [fill = 0]
                  00012e34    00000010     rtsv7M4_T_le_v4SPD16_eabi.lib : typeinfo_.obj (.const:.typeinfo:_ZTIPKe)
                  00012e44    00000010     TskIr.obj (.const:_ZN5TskIr5adcChE)
                  00012e54    00000010     Kalman2Var.obj (.const:_ZTV10Kalman2Var)
                  00012e64    00000010     rtsv7M4_T_le_v4SPD16_eabi.lib : typeinfo_.obj (.const:_ZTVN10__cxxabiv117__class_type_infoE)
                  00012e74    00000010                                   : typeinfo_.obj (.const:_ZTVN10__cxxabiv119__pointer_type_infoE)
                  00012e84    00000010                                   : typeinfo_.obj (.const:_ZTVN10__cxxabiv120__si_class_type_infoE)
                  00012e94    00000010                                   : typeinfo_.obj (.const:_ZTVN10__cxxabiv123__fundamental_type_infoE)
                  00012ea4    00000010     correction.obj (.const:_ZTVN9TskAction11CorrRushYawE)
                  00012eb4    00000010     correction.obj (.const:_ZTVN9TskAction12CorrEndByFwdE)
                  00012ec4    00000010     correction.obj (.const:_ZTVN9TskAction12CorrTurnTimeE)
                  00012ed4    00000010     correction.obj (.const:_ZTVN9TskAction12CorrYawByFwdE)
                  00012ee4    00000010     correction.obj (.const:_ZTVN9TskAction13CorrCentipedeE)
                  00012ef4    00000010     correction.obj (.const:_ZTVN9TskAction13CorrEndBySideE)
                  00012f04    00000010     correction.obj (.const:_ZTVN9TskAction13CorrYawBySideE)
                  00012f14    00000010     correction.obj (.const:_ZTVN9TskAction15CorrDiagRushEndE)
                  00012f24    00000010     correction.obj (.const:_ZTVN9TskAction8ReporterE)
                  00012f34    0000000d     Kalman2Var.obj (.const:.typeinfo:_ZTS10Kalman2Var)
                  00012f41    0000000d     rtsv7M4_T_le_v4SPD16_eabi.lib : typeinfo_.obj (.const:.typeinfo:_ZTSSt9type_info)
                  00012f4e    00000002     --HOLE-- [fill = 0]
                  00012f50    0000000c                                   : typeinfo_.obj (.const:.typeinfo:_ZTIN10__cxxabiv117__class_type_infoE)
                  00012f5c    0000000c                                   : typeinfo_.obj (.const:.typeinfo:_ZTIN10__cxxabiv117__pbase_type_infoE)
                  00012f68    0000000c                                   : typeinfo_.obj (.const:.typeinfo:_ZTIN10__cxxabiv119__pointer_type_infoE)
                  00012f74    0000000c                                   : typeinfo_.obj (.const:.typeinfo:_ZTIN10__cxxabiv120__si_class_type_infoE)
                  00012f80    0000000c                                   : typeinfo_.obj (.const:.typeinfo:_ZTIN10__cxxabiv123__fundamental_type_infoE)
                  00012f8c    00000008     Kalman2Var.obj (.const:.typeinfo:_ZTI10Kalman2Var)
                  00012f94    00000008     correction.obj (.const:.typeinfo:_ZTIN9TskAction11CorrRushYawE)
                  00012f9c    00000008     correction.obj (.const:.typeinfo:_ZTIN9TskAction12CorrEndByFwdE)
                  00012fa4    00000008     correction.obj (.const:.typeinfo:_ZTIN9TskAction12CorrTurnTimeE)
                  00012fac    00000008     correction.obj (.const:.typeinfo:_ZTIN9TskAction12CorrYawByFwdE)
                  00012fb4    00000008     correction.obj (.const:.typeinfo:_ZTIN9TskAction13CorrCentipedeE)
                  00012fbc    00000008     correction.obj (.const:.typeinfo:_ZTIN9TskAction13CorrEndBySideE)
                  00012fc4    00000008     correction.obj (.const:.typeinfo:_ZTIN9TskAction13CorrYawBySideE)
                  00012fcc    00000008     correction.obj (.const:.typeinfo:_ZTIN9TskAction15CorrDiagRushEndE)
                  00012fd4    00000008     correction.obj (.const:.typeinfo:_ZTIN9TskAction8ReporterE)
                  00012fdc    00000008     rtsv7M4_T_le_v4SPD16_eabi.lib : typeinfo_.obj (.const:.typeinfo:_ZTISt9type_info)
                  00012fe4    00000008                                   : typeinfo_.obj (.const:.typeinfo:_ZTIe)
                  00012fec    00000004     port.obj (.const)

.init_array 
*          0    00012ff0    00000010     
                  00012ff0    00000004     DbgUart.obj (.init_array)
                  00012ff4    00000004     Kalman2Var.obj (.init_array)
                  00012ff8    00000004     TskMotor.obj (.init_array)
                  00012ffc    00000004     action.obj (.init_array)

.cinit     0    00013000    000002e0     
                  00013000    000002a7     (.cinit..data.load) [load image, compression = lzss]
                  000132a7    00000001     --HOLE-- [fill = 0]
                  000132a8    0000000c     (__TI_handler_table)
                  000132b4    00000004     --HOLE-- [fill = 0]
                  000132b8    00000008     (.cinit..bss.load) [load image, compression = zero_init]
                  000132c0    00000008     (.cinit..vtable.load) [load image, compression = zero_init]
                  000132c8    00000018     (__TI_cinit_table)

.vtable    0    20000000    0000026c     UNINITIALIZED
                  20000000    0000026c     driverlib.lib : interrupt.obj (.vtable)

.bss       0    20000400    00013d24     UNINITIALIZED
                  20000400    00010000     heap_2.obj (.bss:ucHeap)
                  20010400    00000a00     (.common:_ZN9TskAction4InfoE)
                  20010e00    00000a00     (.common:_ZN9TskAction6DesireE)
                  20011800    00000800     (.common:_ZN9TskAction3o_sE)
                  20012000    00000800     (.common:_ZN9TskAction3v_sE)
                  20012800    00000400     (.common:pui8ControlTable)
                  20012c00    000003c0     (.common:_ZN8TskMotor2lvE)
                  20012fc0    000003c0     (.common:_ZN8TskMotor6vel_deE)
                  20013380    000003c0     (.common:_ZN8TskMotor7dist_enE)
                  20013740    00000200     (.common:dbgStr)
                  20013940    00000140     tasks.obj (.bss:pxReadyTasksLists)
                  20013a80    000000e0     action.obj (.bss:SP)
                  20013b60    00000080     (.common:_ZN5TskIr6dbgStrE)
                  20013be0    00000080     (.common:_ZN6TskTop6dbgStrE)
                  20013c60    00000080     (.common:_ZN8TskMotor6dbgStrE)
                  20013ce0    00000080     (.common:_ZN8TskPrint3msgE)
                  20013d60    00000080     (.common:_ZN9TskAction6dbgStrE)
                  20013de0    00000080     (.common:input)
                  20013e60    00000060     action.obj (.bss:CP)
                  20013ec0    00000040     (.common:xQueueRegistry)
                  20013f00    00000028     TskMotor.obj (.bss:_ZN8TskMotor8pidparamE)
                  20013f28    00000018     (.common:_ZN5TskIr8IrBinThsE)
                  20013f40    00000014     DbgUart.obj (.bss:_ZN8TskPrint7QUartRxE)
                  20013f54    00000014     timers.obj (.bss:xActiveTimerList1)
                  20013f68    00000014     timers.obj (.bss:xActiveTimerList2)
                  20013f7c    00000014     tasks.obj (.bss:xDelayedTaskList1)
                  20013f90    00000014     tasks.obj (.bss:xDelayedTaskList2)
                  20013fa4    00000014     tasks.obj (.bss:xPendingReadyList)
                  20013fb8    00000014     tasks.obj (.bss:xSuspendedTaskList)
                  20013fcc    00000014     tasks.obj (.bss:xTasksWaitingTermination)
                  20013fe0    00000010     Kalman2Var.obj (.bss:I)
                  20013ff0    00000010     TskMotor.obj (.bss:_ZN8TskMotor1AE)
                  20014000    00000010     TskMotor.obj (.bss:_ZN8TskMotor1HE)
                  20014010    00000010     TskMotor.obj (.bss:_ZN8TskMotor1QE)
                  20014020    00000010     TskMotor.obj (.bss:_ZN8TskMotor1RE)
                  20014030    00000010     TskMotor.obj (.bss:_ZN8TskMotor2P0E)
                  20014040    00000010     mmaze.obj (.bss:_ZZN10Micromouse5MMaze5FluidEPtRKNS_8GridCoorES4_NS_8WallType4TypeEbE1q)
                  20014050    0000000e     (.common:imuData)
                  2001405e    00000001     (.common:_ZN6TskTop4ModeE)
                  2001405f    00000001     (.common:_ZN9TskAction3rtnE)
                  20014060    0000000c     (.common:_ZN5TskIr5IrYawE)
                  2001406c    00000008     TskMotor.obj (.bss:_ZN8TskMotor1BE)
                  20014074    00000008     TskMotor.obj (.bss:_ZN8TskMotor2x0E)
                  2001407c    00000008     TskMotor.obj (.bss:_ZN8TskMotor6desireE)
                  20014084    00000008     TskMotor.obj (.bss:_ZN8TskMotor6kalOutE)
                  2001408c    00000008     tasks.obj (.bss)
                  20014094    00000008     timers.obj (.bss)
                  2001409c    00000008     heap_2.obj (.bss:xEnd)
                  200140a4    00000008     heap_2.obj (.bss:xStart)
                  200140ac    00000005     (.common:_ZN5TskIr6IrBinsE)
                  200140b1    00000003     --HOLE--
                  200140b4    00000004     mmaze.obj (.bss)
                  200140b8    00000004     (.common:SemActTick)
                  200140bc    00000004     (.common:SemIrTick)
                  200140c0    00000004     (.common:SemMotTick)
                  200140c4    00000004     (.common:_ZN5TskIr14SemIrAdcFinishE)
                  200140c8    00000004     (.common:_ZN5TskIr15SideLWallDisPosE)
                  200140cc    00000004     (.common:_ZN5TskIr15SideRWallDisPosE)
                  200140d0    00000004     (.common:_ZN5TskIr5MbCmdE)
                  200140d4    00000004     (.common:_ZN5solve5MbActE)
                  200140d8    00000004     (.common:_ZN5solve5MbTopE)
                  200140dc    00000004     (.common:_ZN6TskTop5MbCmdE)
                  200140e0    00000004     (.common:_ZN8TskMotor2AVE)
                  200140e4    00000004     (.common:_ZN8TskMotor2LVE)
                  200140e8    00000004     (.common:_ZN8TskMotor5AcclXE)
                  200140ec    00000004     (.common:_ZN8TskMotor5GyroZE)
                  200140f0    00000004     (.common:_ZN8TskMotor5MbCmdE)
                  200140f4    00000004     (.common:_ZN8TskMotor6EncVelE)
                  200140f8    00000004     (.common:_ZN8TskMotor6QMotorE)
                  200140fc    00000004     (.common:_ZN8TskPrint5MbCmdE)
                  20014100    00000004     (.common:_ZN9TskAction10actCurrActE)
                  20014104    00000004     (.common:_ZN9TskAction10actHDirPidE)
                  20014108    00000004     (.common:_ZN9TskAction5MbCmdE)
                  2001410c    00000004     (.common:_ZN9TskAction7end_msgE)
                  20014110    00000004     (.common:_ZSt16__dummy_typeinfo)
                  20014114    00000004     (.common:__dso_handle)
                  20014118    00000004     (.common:cmd)
                  2001411c    00000004     (.common:lp)
                  20014120    00000004     (.common:rp)

.sysmem    0    20014128    00004000     UNINITIALIZED
                  20014128    00000008     rtsv7M4_T_le_v4SPD16_eabi.lib : memory.obj (.sysmem)
                  20014130    00003ff8     --HOLE--

.data      0    20018128    00000468     UNINITIALIZED
                  20018128    00000248     paramsCorr.obj (.data:varname)
                  20018370    000000f0     paramsCorr.obj (.data:actname)
                  20018460    00000034     TskMotor.obj (.data)
                  20018494    00000034     tasks.obj (.data)
                  200184c8    00000030     TskIr.obj (.data:_ZN5TskIr5IrACsE)
                  200184f8    00000014     TskIr.obj (.data:_ZN5TskIr7IrDistsE)
                  2001850c    00000010     TskIr.obj (.data:_ZN5TskIr9IrChNamesE)
                  2001851c    0000000c     rtsv7M4_T_le_v4SPD16_eabi.lib : exit.obj (.data:$O1$$)
                  20018528    0000000c                                   : memory.obj (.data:$O1$$)
                  20018534    0000000c     timers.obj (.data)
                  20018540    00000008     rtsv7M4_T_le_v4SPD16_eabi.lib : _lock.obj (.data:$O1$$)
                  20018548    00000008     TskIr.obj (.data)
                  20018550    00000008     WheelEnc.obj (.data)
                  20018558    00000008     TskIr.obj (.data:_ZN5TskIr6IrIntsE)
                  20018560    00000008     TskIr.obj (.data:_ZN5TskIr7irZerosE)
                  20018568    00000008     heap_2.obj (.data)
                  20018570    00000005     Imu2.obj (.data:imuInitSeq0)
                  20018575    00000002     Imu2.obj (.data:imuInitSeq1)
                  20018577    00000001     Imu2.obj (.data:imuReadSeq)
                  20018578    00000004     port.obj (.data)
                  2001857c    00000004     rtsv7M4_T_le_v4SPD16_eabi.lib : dtor_list.obj (.data)
                  20018580    00000004                                   : errno.obj (.data)
                  20018584    00000004                                   : stkdepth_vars.obj (.data)
                  20018588    00000004                                   : strtok.obj (.data)
                  2001858c    00000004                                   : vars.obj (.data)

.stack     0    20018590    00000200     UNINITIALIZED
                  20018590    00000200     --HOLE--

MODULE SUMMARY

       Module                          code    ro data   rw data
       ------                          ----    -------   -------
    .\
       assert.obj                      56      0         512    
       tm4c1294ncpdt_startup_ccs.obj   12      520       0      
       main.obj                        64      0         0      
    +--+-------------------------------+-------+---------+---------+
       Total:                          132     520       512    
                                                                
    .\FreeRTOS\
       tasks.obj                       5132    0         480    
       queue.obj                       2356    0         64     
       timers.obj                      1232    0         60     
       list.obj                        148     0         0      
    +--+-------------------------------+-------+---------+---------+
       Total:                          8868    0         604    
                                                                
    .\FreeRTOS\portable\CCS\ARM_CM4F\
       port.obj                        360     4         4      
       portasm.obj                     210     0         0      
    +--+-------------------------------+-------+---------+---------+
       Total:                          570     4         4      
                                                                
    .\FreeRTOS\portable\MemMang\
       heap_2.obj                      280     2         65560  
    +--+-------------------------------+-------+---------+---------+
       Total:                          280     2         65560  
                                                                
    .\Kalman\
       Kalman2Var.obj                  1524    41        16     
    +--+-------------------------------+-------+---------+---------+
       Total:                          1524    41        16     
                                                                
    .\Pid\
       Pid.obj                         204     0         0      
    +--+-------------------------------+-------+---------+---------+
       Total:                          204     0         0      
                                                                
    .\PinConfig\
       pinout.obj                      412     0         0      
    +--+-------------------------------+-------+---------+---------+
       Total:                          412     0         0      
                                                                
    .\TskIr\
       IrCorr.obj                      8040    48        128    
       TskIr.obj                       2440    46        165    
    +--+-------------------------------+-------+---------+---------+
       Total:                          10480   94        293    
                                                                
    .\TskMotor\
       TskMotor.obj                    2924    214       3240   
       Imu2.obj                        912     0         1046   
       WheelEnc.obj                    1096    0         28     
       MotorPwm.obj                    288     0         0      
    +--+-------------------------------+-------+---------+---------+
       Total:                          5220    214       4314   
                                                                
    .\TskTop\
       TskTop.obj                      4432    0         133    
       cmd.obj                         4280    70        132    
       paramsCorr.obj                  0       929       824    
       DbgUart.obj                     662     4         152    
    +--+-------------------------------+-------+---------+---------+
       Total:                          9374    1003      1241   
                                                                
    .\action\
       action.obj                      9028    74        9680   
       correction.obj                  6540    459       1      
       motion.obj                      1232    0         0      
    +--+-------------------------------+-------+---------+---------+
       Total:                          16800   533       9681   
                                                                
    .\mmaze\
       mmaze.obj                       2090    0         20     
    +--+-------------------------------+-------+---------+---------+
       Total:                          2090    0         20     
                                                                
    .\mouse\
       mouse.obj                       1712    0         0      
    +--+-------------------------------+-------+---------+---------+
       Total:                          1712    0         0      
                                                                
    .\solve\
       solve.obj                       1236    0         8      
    +--+-------------------------------+-------+---------+---------+
       Total:                          1236    0         8      
                                                                
    C:/ti/tirtos_tivac_2_16_01_14/products/TivaWare_C_Series-2.1.1.71b/driverlib/ccs/Debug/driverlib.lib
       interrupt.obj                   172     112       620    
       cpu.obj                         12      0         0      
       uart.obj                        12      0         0      
    +--+-------------------------------+-------+---------+---------+
       Total:                          196     112       620    
                                                                
    C:\ti\ccsv7\tools\compiler\ti-cgt-arm_16.9.1.LTS\lib\rtsv7M4_T_le_v4SPD16_eabi.lib
       _printfi.obj                    4414    0         0      
       e_powf.obj                      1416    24        0      
       memory.obj                      976     0         12     
       vec_newdel.obj                  924     0         0      
       strtod.obj                      572     152       0      
       typeinfo_.obj                   188     356       4      
       e_expf.obj                      476     24        0      
       ull_div_t2.obj                  500     0         0      
       e_logf.obj                      492     0         0      
       fd_add_t2.obj                   438     0         0      
       e_acosf.obj                     404     0         0      
       e_sqrt.obj                      368     0         0      
       fd_div_t2.obj                   310     0         0      
       fd_cmp_t2.obj                   268     0         0      
       ctype.obj                       0       257       0      
       dtor_list.obj                   244     0         8      
       fd_mul_t2.obj                   252     0         0      
       s_scalbn.obj                    252     0         0      
       s_scalbnf.obj                   212     0         0      
       s_cosf.obj                      180     0         0      
       s_tanf.obj                      172     0         0      
       s_sinf.obj                      164     0         0      
       memcpy_t2.obj                   156     0         0      
       s_floorf.obj                    128     0         0      
       memset_t2.obj                   122     0         0      
       autoinit.obj                    112     0         0      
       fd_tos_t2.obj                   110     0         0      
       s_roundf.obj                    110     0         0      
       copy_decompress_lzss.obj        104     0         0      
       s_frexp.obj                     100     0         0      
       exit.obj                        84      0         12     
       sprintf.obj                     96      0         0      
       boot.obj                        84      0         0      
       ltoa.obj                        84      0         0      
       atoi.obj                        76      0         0      
       cpy_tbl.obj                     76      0         0      
       fd_toi_t2.obj                   72      0         0      
       strtok.obj                      64      0         4      
       fs_tod_t2.obj                   56      0         0      
       new_.obj                        48      0         0      
       i_tofd_t2.obj                   46      0         0      
       strspn.obj                      42      0         0      
       e_sqrtf.obj                     40      0         0      
       strcspn.obj                     36      0         0      
       guard.obj                       32      0         0      
       strcat.obj                      30      0         0      
       _lock.obj                       20      0         8      
       memccpy.obj                     28      0         0      
       args_main.obj                   24      0         0      
       strcmp.obj                      24      0         0      
       strchr.obj                      22      0         0      
       s_copysign.obj                  20      0         0      
       strlen.obj                      20      0         0      
       s_copysignf.obj                 18      0         0      
       s_lroundf.obj                   16      0         0      
       copy_decompress_none.obj        14      0         0      
       copy_zero_init.obj              12      0         0      
       delete.obj                      8       0         0      
       errno.obj                       0       0         4      
       pre_init.obj                    4       0         0      
       stkdepth_vars.obj               0       0         4      
       vars.obj                        0       0         4      
       mpu_init.obj                    2       0         0      
       newhandler.obj                  2       0         0      
       startup.obj                     2       0         0      
    +--+-------------------------------+-------+---------+---------+
       Total:                          15366   813       60     
                                                                
       Heap:                           0       0         16384  
       Stack:                          0       0         512    
       Linker Generated:               0       731       0      
    +--+-------------------------------+-------+---------+---------+
       Grand Total:                    74464   4067      99829  


LINKER GENERATED COPY TABLES

__TI_cinit_table @ 000132c8 records: 3, size/record: 8, table size: 24
	.data: load addr=00013000, load size=000002a7 bytes, run addr=20018128, run size=00000468 bytes, compression=lzss
	.bss: load addr=000132b8, load size=00000008 bytes, run addr=20000400, run size=00013d24 bytes, compression=zero_init
	.vtable: load addr=000132c0, load size=00000008 bytes, run addr=20000000, run size=0000026c bytes, compression=zero_init


LINKER GENERATED HANDLER TABLE

__TI_handler_table @ 000132a8 records: 3, size/record: 4, table size: 12
	index: 0, handler: __TI_zero_init
	index: 1, handler: __TI_decompress_lzss
	index: 2, handler: __TI_decompress_none


GLOBAL SYMBOLS: SORTED ALPHABETICALLY BY Name 

address   name                                                                              
-------   ----                                                                              
00010689  Board_General_Init                                                                
00011fd5  C$$EXIT                                                                           
20013e60  CP                                                                                
000124b7  CPUcpsie                                                                          
20013fe0  I                                                                                 
00010781  IR_write                                                                          
00011d31  IntEnable                                                                         
0001246d  IntMasterEnable                                                                   
0001224d  IntRegister                                                                       
00010749  LED_write                                                                         
000124db  ResetISR                                                                          
00012ff0  SHT$$INIT_ARRAY$$Base                                                             
00013000  SHT$$INIT_ARRAY$$Limit                                                            
20013a80  SP                                                                                
200140b8  SemActTick                                                                        
200140bc  SemIrTick                                                                         
200140c0  SemMotTick                                                                        
000124c3  UARTCharsAvail                                                                    
00009509  _Z10MotorStartv                                                                   
0000a341  _Z10RandomModev                                                                   
0000984d  _Z10paramsCorrv                                                                   
0000eb7b  _Z12BaseTimeInitv                                                                 
0000eb0d  _Z12BaseTimerISRv                                                                 
0000f8b1  _Z12ImuGetValuesR11__ImuValues                                                    
0000f719  _Z12ImuStartReadv                                                                 
00010e35  _Z12MotorPwmInitv                                                                 
0000ed2d  _Z12WheelEncInitv                                                                 
00010dc9  _Z13MotorPwmCoastv                                                                
0000f74d  _Z13i2cInitConfigPha                                                              
0000ee9d  _Z14WheelEncGetVelRVfS0_                                                          
00010de7  _Z15MotorPwmSetDutyss                                                             
0000a04d  _Z17SendActionAndWaitN9TskAction3Act7ActTypeE                                     
0000f6c1  _Z18uDmaFillCtrlStructv                                                           
0000cbb3  _Z21__default_new_handlerv                                                        
000094dd  _Z5printPc                                                                        
0000a0c1  _Z6Actionv                                                                        
0000f7fd  _Z7ImuInitv                                                                       
00009c93  _Z7pidTestv                                                                       
0000f793  _Z8UdmaInitv                                                                      
0000f6d5  _Z8i2cRxISRv                                                                      
0000ec5d  _Z8portBISRv                                                                      
0000ec19  _Z8portEISRv                                                                      
0000eca1  _Z8portKISRv                                                                      
000095e3  _Z9MotorStopv                                                                     
0001218d  _Z9__error__Pcj                                                                   
0000968d  _Z9cmd_shellv                                                                     
0000eaaf  _ZN10Kalman2Var5ResetEv                                                           
0000e821  _ZN10Kalman2Var7CorrectE7Vector2                                                  
0000e73d  _ZN10Kalman2Var7PredictEf                                                         
0000e661  _ZN10Kalman2VarC1E9Matrix2x27Vector2S0_S0_S0_S1_S0_                               
0000e661  _ZN10Kalman2VarC2E9Matrix2x27Vector2S0_S0_S0_S1_S0_                               
0000eaa7  _ZN10Kalman2VarD0Ev                                                               
0000eaa5  _ZN10Kalman2VarD1Ev                                                               
0000eaa5  _ZN10Kalman2VarD2Ev                                                               
0000c9ad  _ZN10Micromouse5MMaze13ReadMazeGridsEv                                            
0000c98f  _ZN10Micromouse5MMaze14StoreMazeGridsEv                                           
0000c711  _ZN10Micromouse5MMaze5FluidEPtRKNS_8GridCoorES4_NS_8WallType4TypeEb               
0000c9cb  _ZN10Micromouse5MMaze6ColNumEv                                                    
0000c9d1  _ZN10Micromouse5MMaze6RowNumEv                                                    
0000c9d7  _ZN10Micromouse5MMaze6TargetEv                                                    
0000c61b  _ZN10Micromouse5MMaze7GetWallERKNS_8GridCoorENS_9Direction4TypeE                  
0000c53b  _ZN10Micromouse5MMaze7SetWallERKNS_8GridCoorENS_8WallType4TypeES5_S5_S5_          
0000c459  _ZN10Micromouse5MMaze7SetWallERKNS_8GridCoorENS_9Direction4TypeENS_8WallType4TypeE
0000c3bd  _ZN10Micromouse5MMazeC1EssRKNS_8GridCoorE                                         
0000c3bd  _ZN10Micromouse5MMazeC2EssRKNS_8GridCoorE                                         
0000c44b  _ZN10Micromouse5MMazeD1Ev                                                         
0000c44b  _ZN10Micromouse5MMazeD2Ev                                                         
0000cdd1  _ZN10Micromouse5Mouse11CurrHeadingEv                                              
0000d109  _ZN10Micromouse5Mouse12ReadMazeInfoEv                                             
0000d0ef  _ZN10Micromouse5Mouse13StoreMazeInfoEv                                            
0000cbb5  _ZN10Micromouse5Mouse17searchedTimesConvEs                                        
0000cddd  _ZN10Micromouse5Mouse4StepENS_8WallType4TypeES2_S2_Pb                             
0000d123  _ZN10Micromouse5Mouse7GetQActEv                                                   
0000cdcd  _ZN10Micromouse5Mouse8CurrCoorEv                                                  
0000cbdd  _ZN10Micromouse5MouseC1EssRKNS_8GridCoorE                                         
0000cbdd  _ZN10Micromouse5MouseC2EssRKNS_8GridCoorE                                         
0000cdab  _ZN10Micromouse5MouseD1Ev                                                         
0000cdab  _ZN10Micromouse5MouseD2Ev                                                         
0001248d  _ZN10Micromouse5QueueINS_8GridCoorEED1Ev                                          
000123f7  _ZN10Micromouse8GridCoorC1Ev                                                      
00012449  _ZN10Micromouse8GridInfoC1Ev                                                      
0000cb5f  _ZN10MicromousepLERNS_8GridCoorERKNS_9Direction4TypeE                             
0000ca11  _ZN10MicromousepLERNS_9Direction4TypeERKNS_7Turning4TypeE                         
0000ca59  _ZN10MicromouseplERKNS_8GridCoorERKNS_9Direction4TypeE                            
0000c9ef  _ZN10MicromouseplERKNS_9Direction4TypeERKNS_7Turning4TypeE                        
0000c9db  _ZN10MicromouseppERNS_9Direction4TypeE                                            
0001160d  _ZN10__cxxabiv116__enum_type_infoD0Ev                                             
0001160b  _ZN10__cxxabiv116__enum_type_infoD1Ev                                             
0001160b  _ZN10__cxxabiv116__enum_type_infoD2Ev                                             
00011603  _ZN10__cxxabiv117__array_type_infoD0Ev                                            
00011601  _ZN10__cxxabiv117__array_type_infoD1Ev                                            
00011601  _ZN10__cxxabiv117__array_type_infoD2Ev                                            
000115f9  _ZN10__cxxabiv117__class_type_infoD0Ev                                            
000115f7  _ZN10__cxxabiv117__class_type_infoD1Ev                                            
000115f7  _ZN10__cxxabiv117__class_type_infoD2Ev                                            
000115ef  _ZN10__cxxabiv117__pbase_type_infoD0Ev                                            
000115ed  _ZN10__cxxabiv117__pbase_type_infoD1Ev                                            
000115ed  _ZN10__cxxabiv117__pbase_type_infoD2Ev                                            
000115e5  _ZN10__cxxabiv119__pointer_type_infoD0Ev                                          
000115e3  _ZN10__cxxabiv119__pointer_type_infoD1Ev                                          
000115e3  _ZN10__cxxabiv119__pointer_type_infoD2Ev                                          
000115db  _ZN10__cxxabiv120__function_type_infoD0Ev                                         
000115d9  _ZN10__cxxabiv120__function_type_infoD1Ev                                         
000115d9  _ZN10__cxxabiv120__function_type_infoD2Ev                                         
000115d1  _ZN10__cxxabiv120__si_class_type_infoD0Ev                                         
000115cf  _ZN10__cxxabiv120__si_class_type_infoD1Ev                                         
000115cf  _ZN10__cxxabiv120__si_class_type_infoD2Ev                                         
000115c7  _ZN10__cxxabiv121__vmi_class_type_infoD0Ev                                        
000115c5  _ZN10__cxxabiv121__vmi_class_type_infoD1Ev                                        
000115c5  _ZN10__cxxabiv121__vmi_class_type_infoD2Ev                                        
000115bd  _ZN10__cxxabiv123__fundamental_type_infoD0Ev                                      
000115bb  _ZN10__cxxabiv123__fundamental_type_infoD1Ev                                      
000115bb  _ZN10__cxxabiv123__fundamental_type_infoD2Ev                                      
000115b3  _ZN10__cxxabiv129__pointer_to_member_type_infoD0Ev                                
000115b1  _ZN10__cxxabiv129__pointer_to_member_type_infoD1Ev                                
000115b1  _ZN10__cxxabiv129__pointer_to_member_type_infoD2Ev                                
000114d1  _ZN3Pid4TickEf                                                                    
00011553  _ZN3Pid5ResetEv                                                                   
00011495  _ZN3PidC1Efffffff                                                                 
00011495  _ZN3PidC2Efffffff                                                                 
0001249b  _ZN5QueueIcLb0EED1Ev                                                              
0000b285  _ZN5TskIr10irDetStartEv                                                           
0000b155  _ZN5TskIr10irTimerISREv                                                           
0000b8d9  _ZN5TskIr11TestIrTouchEhii                                                        
0000b975  _ZN5TskIr11WaitIrTouchEhii                                                        
000027d9  _ZN5TskIr11irApprox2ndEPfS0_iS0_                                                  
2001854c  _ZN5TskIr11irEmitterNoE                                                           
0000262b  _ZN5TskIr11linEquSolveEPfi                                                        
20018548  _ZN5TskIr12irEmitEnableE                                                          
000025b3  _ZN5TskIr12programFlashEjPji                                                      
200140c4  _ZN5TskIr14SemIrAdcFinishE                                                        
000029e5  _ZN5TskIr14doIrCorrectionEv                                                       
200140c8  _ZN5TskIr15SideLWallDisPosE                                                       
200140cc  _ZN5TskIr15SideRWallDisPosE                                                       
0000254d  _ZN5TskIr15eraseFlashBlockEi                                                      
0000257d  _ZN5TskIr16programFlashWordEjj                                                    
0000b88b  _ZN5TskIr4InitEv                                                                  
0000b709  _ZN5TskIr4taskEPv                                                                 
200184c8  _ZN5TskIr5IrACsE                                                                  
20014060  _ZN5TskIr5IrYawE                                                                  
200140d0  _ZN5TskIr5MbCmdE                                                                  
200140ac  _ZN5TskIr6IrBinsE                                                                 
20018558  _ZN5TskIr6IrIntsE                                                                 
20013b60  _ZN5TskIr6dbgStrE                                                                 
200184f8  _ZN5TskIr7IrDistsE                                                                
0000b411  _ZN5TskIr7irCalcsEv                                                               
20018560  _ZN5TskIr7irZerosE                                                                
20013f28  _ZN5TskIr8IrBinThsE                                                               
000028ef  _ZN5TskIr8irApproxEPfS0_iS0_S0_                                                   
2001850c  _ZN5TskIr9IrChNamesE                                                              
000025d5  _ZN5TskIr9ReadFlashEjPhi                                                          
0000b2ab  _ZN5TskIr9irDetInitEv                                                             
0000b101  _ZN5TskIr9irDistFwdEv                                                             
0000d7ed  _ZN5solve11GetNextWallEv                                                          
0000d999  _ZN5solve12SearchAndRunEb                                                         
0000d815  _ZN5solve14breakBeforeRunEv                                                       
0000dc27  _ZN5solve4InitEv                                                                  
0000dbe5  _ZN5solve4taskEPv                                                                 
200140d4  _ZN5solve5MbActE                                                                  
200140d8  _ZN5solve5MbTopE                                                                  
00007915  _ZN6TskTop10actionTestEv                                                          
00007cd9  _ZN6TskTop13clearMazeInfoEv                                                       
00007395  _ZN6TskTop13encImuMonitorEv                                                       
00007f5d  _ZN6TskTop14dbgPutModeNameENS_9MouseMode8ModeTypeE                                
0000724d  _ZN6TskTop14doIrCorrectionEv                                                      
000081c5  _ZN6TskTop4InitEv                                                                 
2001405e  _ZN6TskTop4ModeE                                                                  
00008025  _ZN6TskTop4taskEPv                                                                
200140dc  _ZN6TskTop5MbCmdE                                                                 
20013be0  _ZN6TskTop6dbgStrE                                                                
00007ffb  _ZN6TskTop7SetLedsEh                                                              
0000968d  _ZN6TskTop7uartCmdEv                                                              
00007d65  _ZN6TskTop8RushTestEv                                                             
00007e91  _ZN6TskTop8actPrintEN9TskAction3Act7ActTypeE                                      
00007629  _ZN6TskTop9irMonitorEv                                                            
00007ac9  _ZN6TskTop9solveTestEv                                                            
20018492  _ZN8TskMotor11AcclEnabledE                                                        
20018468  _ZN8TskMotor11DistanceAccE                                                        
20018491  _ZN8TskMotor11GyroEnabledE                                                        
2001848c  _ZN8TskMotor11TemperatureE                                                        
20018490  _ZN8TskMotor12MotorEnabledE                                                       
20018474  _ZN8TskMotor14DesireDistanceE                                                     
20018470  _ZN8TskMotor14DistanceAcc_enE                                                     
20018493  _ZN8TskMotor15AcqZerosEnabledE                                                    
20013ff0  _ZN8TskMotor1AE                                                                   
2001406c  _ZN8TskMotor1BE                                                                   
20014000  _ZN8TskMotor1HE                                                                   
20014010  _ZN8TskMotor1QE                                                                   
20014020  _ZN8TskMotor1RE                                                                   
200140e0  _ZN8TskMotor2AVE                                                                  
200140e4  _ZN8TskMotor2LVE                                                                  
20014030  _ZN8TskMotor2P0E                                                                  
20012c00  _ZN8TskMotor2lvE                                                                  
20014074  _ZN8TskMotor2x0E                                                                  
0000aeb9  _ZN8TskMotor4InitEv                                                               
0000a5a1  _ZN8TskMotor4taskEPv                                                              
200140e8  _ZN8TskMotor5AcclXE                                                               
200140ec  _ZN8TskMotor5GyroZE                                                               
20018480  _ZN8TskMotor5LvAdjE                                                               
200140f0  _ZN8TskMotor5MbCmdE                                                               
200140f4  _ZN8TskMotor6EncVelE                                                              
2001847c  _ZN8TskMotor6OmgAdjE                                                              
200140f8  _ZN8TskMotor6QMotorE                                                              
20013c60  _ZN8TskMotor6dbgStrE                                                              
2001407c  _ZN8TskMotor6desireE                                                              
20014084  _ZN8TskMotor6kalOutE                                                              
20012fc0  _ZN8TskMotor6vel_deE                                                              
20018464  _ZN8TskMotor7EncLVelE                                                             
20018460  _ZN8TskMotor7EncRVelE                                                             
20013380  _ZN8TskMotor7dist_enE                                                             
2001846c  _ZN8TskMotor8AngleAccE                                                            
20018478  _ZN8TskMotor8CurrentVE                                                            
20013f00  _ZN8TskMotor8pidparamE                                                            
20018488  _ZN8TskMotor9AcclXZeroE                                                           
20018484  _ZN8TskMotor9GyroZZeroE                                                           
0000fb53  _ZN8TskPrint11UartGetLineEPc                                                      
20013ce0  _ZN8TskPrint3msgE                                                                 
0000fc0f  _ZN8TskPrint4InitEv                                                               
0000fbe7  _ZN8TskPrint4taskEPv                                                              
200140fc  _ZN8TskPrint5MbCmdE                                                               
20013f40  _ZN8TskPrint7QUartRxE                                                             
0000fad3  _ZN8TskPrint9UART2InitEv                                                          
0000fbbf  _ZN8TskPrint9UartWriteEPc                                                         
0000fa51  _ZN8TskPrint9uartRxISREv                                                          
20014100  _ZN9TskAction10actCurrActE                                                        
20014104  _ZN9TskAction10actHDirPidE                                                        
00001a01  _ZN9TskAction10actLR135ioEbNS_3Act7ActTypeE                                       
0000081d  _ZN9TskAction10actRestartEv                                                       
00005a39  _ZN9TskAction11CorrRushYaw4TickEf                                                 
000059e5  _ZN9TskAction11CorrRushYawC1Efffff                                                
000059e5  _ZN9TskAction11CorrRushYawC2Efffff                                                
00005a1f  _ZN9TskAction11CorrRushYawD0Ev                                                    
00005a17  _ZN9TskAction11CorrRushYawD1Ev                                                    
00005a17  _ZN9TskAction11CorrRushYawD2Ev                                                    
00000e19  _ZN9TskAction11actRushStopEv                                                      
00005035  _ZN9TskAction12CorrEndByFwd4TickEf                                                
00004fb3  _ZN9TskAction12CorrEndByFwdC1Efff                                                 
00004fb3  _ZN9TskAction12CorrEndByFwdC2Efff                                                 
00004fe9  _ZN9TskAction12CorrEndByFwdD0Ev                                                   
00004fdb  _ZN9TskAction12CorrEndByFwdD1Ev                                                   
00004fdb  _ZN9TskAction12CorrEndByFwdD2Ev                                                   
00005379  _ZN9TskAction12CorrTurnTime4TickEf                                                
0000514d  _ZN9TskAction12CorrTurnTime7WallDisEff                                            
000050e3  _ZN9TskAction12CorrTurnTimeC1EhffPfiS1_i                                          
000050e3  _ZN9TskAction12CorrTurnTimeC2EhffPfiS1_i                                          
00005119  _ZN9TskAction12CorrTurnTimeD0Ev                                                   
00005117  _ZN9TskAction12CorrTurnTimeD1Ev                                                   
00005117  _ZN9TskAction12CorrTurnTimeD2Ev                                                   
000048f1  _ZN9TskAction12CorrYawByFwd4TickEf                                                
000048a1  _ZN9TskAction12CorrYawByFwdC1Eff                                                  
000048a1  _ZN9TskAction12CorrYawByFwdC2Eff                                                  
000048d5  _ZN9TskAction12CorrYawByFwdD0Ev                                                   
000048c5  _ZN9TskAction12CorrYawByFwdD1Ev                                                   
000048c5  _ZN9TskAction12CorrYawByFwdD2Ev                                                   
0000dcc1  _ZN9TskAction12MotionSeqLenEv                                                     
0000022f  _ZN9TskAction12WaitSeqEmptyEv                                                     
00000d4d  _ZN9TskAction12actRushStartEv                                                     
00005501  _ZN9TskAction13CorrCentipede4TickEf                                               
00005457  _ZN9TskAction13CorrCentipedeC1Efffff                                              
00005457  _ZN9TskAction13CorrCentipedeC2Efffff                                              
000054b5  _ZN9TskAction13CorrCentipedeD0Ev                                                  
000054a5  _ZN9TskAction13CorrCentipedeD1Ev                                                  
000054a5  _ZN9TskAction13CorrCentipedeD2Ev                                                  
00004ded  _ZN9TskAction13CorrEndBySide4TickEf                                               
00004be9  _ZN9TskAction13CorrEndBySide9TickORushEf                                          
00004b59  _ZN9TskAction13CorrEndBySideC1Efffff                                              
00004b59  _ZN9TskAction13CorrEndBySideC2Efffff                                              
00004bc5  _ZN9TskAction13CorrEndBySideD0Ev                                                  
00004b8f  _ZN9TskAction13CorrEndBySideD1Ev                                                  
00004b8f  _ZN9TskAction13CorrEndBySideD2Ev                                                  
00004899  _ZN9TskAction13CorrYawBySide10UpdateWallENS_10WallStatusE                         
000045e1  _ZN9TskAction13CorrYawBySide4TickEf                                               
00004569  _ZN9TskAction13CorrYawBySideC1Effff                                               
00004569  _ZN9TskAction13CorrYawBySideC2Effff                                               
000045a7  _ZN9TskAction13CorrYawBySideD0Ev                                                  
0000459f  _ZN9TskAction13CorrYawBySideD1Ev                                                  
0000459f  _ZN9TskAction13CorrYawBySideD2Ev                                                  
0000dde7  _ZN9TskAction13MotionCalcFwdEfffPfS0_                                             
0000df01  _ZN9TskAction14MotionCalcTurnEfffPfS0_                                            
0000dd19  _ZN9TskAction14MotionSeqFlushEv                                                   
0000dd59  _ZN9TskAction14MotionSeqWriteEff                                                  
00005ccd  _ZN9TskAction15CorrDiagRushEnd4TickEf                                             
00005c59  _ZN9TskAction15CorrDiagRushEndC1Efff                                              
00005c59  _ZN9TskAction15CorrDiagRushEndC2Efff                                              
00005c93  _ZN9TskAction15CorrDiagRushEndD0Ev                                                
00005c85  _ZN9TskAction15CorrDiagRushEndD1Ev                                                
00005c85  _ZN9TskAction15CorrDiagRushEndD2Ev                                                
0000de51  _ZN9TskAction16MotionCalcRotateEffPf                                              
0000091b  _ZN9TskAction18actStopBackRestartEb                                               
00000311  _ZN9TskAction21actFwdDistCorrByFwdIrEPNS_10WallStatusE                            
000002b1  _ZN9TskAction24actHeadingDirCorrByFwdIrEPNS_10WallStatusE                         
20011800  _ZN9TskAction3o_sE                                                                
2001405f  _ZN9TskAction3rtnE                                                                
20012000  _ZN9TskAction3v_sE                                                                
20010400  _ZN9TskAction4InfoE                                                               
000021cf  _ZN9TskAction4InitEv                                                              
00001f91  _ZN9TskAction4taskEPv                                                             
20014108  _ZN9TskAction5MbCmdE                                                              
20010e00  _ZN9TskAction6DesireE                                                             
00000975  _ZN9TskAction6actFwdEb                                                            
20013d60  _ZN9TskAction6dbgStrE                                                             
00000639  _ZN9TskAction7actBackEbPNS_10WallStatusE                                          
00000afd  _ZN9TskAction7actLR90EbNS_3Act7ActTypeE                                           
000004a9  _ZN9TskAction7actStopEb                                                           
2001410c  _ZN9TskAction7end_msgE                                                            
00000209  _ZN9TskAction7getWallERNS_10WallStatusE                                           
0000453b  _ZN9TskAction8Reporter4TickEfRNS_10WallStatusE                                    
000044b5  _ZN9TskAction8Reporter6reportEv                                                   
0000450b  _ZN9TskAction8ReporterC1Ef                                                        
000044fd  _ZN9TskAction8ReporterC1Ev                                                        
0000450b  _ZN9TskAction8ReporterC2Ef                                                        
000044fd  _ZN9TskAction8ReporterC2Ev                                                        
0000452d  _ZN9TskAction8ReporterD0Ev                                                        
00004519  _ZN9TskAction8ReporterD1Ev                                                        
00004519  _ZN9TskAction8ReporterD2Ev                                                        
000010a1  _ZN9TskAction8actDRushEbNS_3Act7ActTypeE                                          
00001d51  _ZN9TskAction8actLR180EbNS_3Act7ActTypeE                                          
000017bd  _ZN9TskAction8actLRD90EbNS_3Act7ActTypeE                                          
00001575  _ZN9TskAction8actLRO90EbNS_3Act7ActTypeE                                          
00000eed  _ZN9TskAction8actORushEbNS_3Act7ActTypeE                                          
000003a9  _ZN9TskAction8actStartEv                                                          
00001241  _ZN9TskAction9actLR45ioEbNS_3Act7ActTypeE                                         
00011f25  _ZNK9Matrix2x2mlERK7Vector2                                                       
00011951  _ZNK9Matrix2x2mlERKS_                                                             
00011e65  _ZNK9Matrix2x2plERKS_                                                             
00011573  _ZNKSt9type_info4nameEv                                                           
000115a3  _ZNKSt9type_info6beforeERKS_                                                      
0001158d  _ZNKSt9type_infoeqERKS_                                                           
00011577  _ZNKSt9type_infoneERKS_                                                           
0001156b  _ZNSt9type_infoD0Ev                                                               
00011569  _ZNSt9type_infoD1Ev                                                               
00011569  _ZNSt9type_infoD2Ev                                                               
20014110  _ZSt16__dummy_typeinfo                                                            
00011561  _ZSt21__gen_dummy_typeinfosv                                                      
00012f8c  _ZTI10Kalman2Var                                                                  
00012f50  _ZTIN10__cxxabiv117__class_type_infoE                                             
00012f5c  _ZTIN10__cxxabiv117__pbase_type_infoE                                             
00012f68  _ZTIN10__cxxabiv119__pointer_type_infoE                                           
00012f74  _ZTIN10__cxxabiv120__si_class_type_infoE                                          
00012f80  _ZTIN10__cxxabiv123__fundamental_type_infoE                                       
00012f94  _ZTIN9TskAction11CorrRushYawE                                                     
00012f9c  _ZTIN9TskAction12CorrEndByFwdE                                                    
00012fa4  _ZTIN9TskAction12CorrTurnTimeE                                                    
00012fac  _ZTIN9TskAction12CorrYawByFwdE                                                    
00012fb4  _ZTIN9TskAction13CorrCentipedeE                                                   
00012fbc  _ZTIN9TskAction13CorrEndBySideE                                                   
00012fc4  _ZTIN9TskAction13CorrYawBySideE                                                   
00012fcc  _ZTIN9TskAction15CorrDiagRushEndE                                                 
00012fd4  _ZTIN9TskAction8ReporterE                                                         
00012e34  _ZTIPKe                                                                           
00012fdc  _ZTISt9type_info                                                                  
00012fe4  _ZTIe                                                                             
00012f34  _ZTS10Kalman2Var                                                                  
00012ca9  _ZTSN10__cxxabiv117__class_type_infoE                                             
00012ccb  _ZTSN10__cxxabiv117__pbase_type_infoE                                             
00012c85  _ZTSN10__cxxabiv119__pointer_type_infoE                                           
00012c60  _ZTSN10__cxxabiv120__si_class_type_infoE                                          
00012c38  _ZTSN10__cxxabiv123__fundamental_type_infoE                                       
00012dd1  _ZTSN9TskAction11CorrRushYawE                                                     
00012d80  _ZTSN9TskAction12CorrEndByFwdE                                                    
00012d9b  _ZTSN9TskAction12CorrTurnTimeE                                                    
00012db6  _ZTSN9TskAction12CorrYawByFwdE                                                    
00012d2c  _ZTSN9TskAction13CorrCentipedeE                                                   
00012d48  _ZTSN9TskAction13CorrEndBySideE                                                   
00012d64  _ZTSN9TskAction13CorrYawBySideE                                                   
00012d0e  _ZTSN9TskAction15CorrDiagRushEndE                                                 
00012e1c  _ZTSN9TskAction8ReporterE                                                         
0001299a  _ZTSPKe                                                                           
00012f41  _ZTSSt9type_info                                                                  
0001299e  _ZTSe                                                                             
00012e54  _ZTV10Kalman2Var                                                                  
00012e64  _ZTVN10__cxxabiv117__class_type_infoE                                             
00012e74  _ZTVN10__cxxabiv119__pointer_type_infoE                                           
00012e84  _ZTVN10__cxxabiv120__si_class_type_infoE                                          
00012e94  _ZTVN10__cxxabiv123__fundamental_type_infoE                                       
00012ea4  _ZTVN9TskAction11CorrRushYawE                                                     
00012eb4  _ZTVN9TskAction12CorrEndByFwdE                                                    
00012ec4  _ZTVN9TskAction12CorrTurnTimeE                                                    
00012ed4  _ZTVN9TskAction12CorrYawByFwdE                                                    
00012ee4  _ZTVN9TskAction13CorrCentipedeE                                                   
00012ef4  _ZTVN9TskAction13CorrEndBySideE                                                   
00012f04  _ZTVN9TskAction13CorrYawBySideE                                                   
00012f14  _ZTVN9TskAction15CorrDiagRushEndE                                                 
00012f24  _ZTVN9TskAction8ReporterE                                                         
00012aa8  _ZZN5QueueIN8TskMotor8VelOmegaELb1EE2DeERS1_Es                                    
00012aee  _ZZN5QueueIN8TskMotor8VelOmegaELb1EE2EnERKS1_Es                                   
00012b34  _ZZN5QueueIN8TskMotor8VelOmegaELb1EE3LenEvEs                                      
00012b7a  _ZZN5QueueIN8TskMotor8VelOmegaELb1EE5ClearEvEs                                    
00012bc0  _ZZN5QueueIN8TskMotor8VelOmegaELb1EEC1EiEs                                        
000124e7  _ZdaPv                                                                            
000124e7  _ZdlPv                                                                            
00012281  _Znaj                                                                             
00012281  _Znwj                                                                             
20018790  __STACK_END                                                                       
00000200  __STACK_SIZE                                                                      
20018790  __STACK_TOP                                                                       
00004000  __SYSMEM_SIZE                                                                     
000132c8  __TI_CINIT_Base                                                                   
000132e0  __TI_CINIT_Limit                                                                  
000132a8  __TI_Handler_Table_Base                                                           
000132b4  __TI_Handler_Table_Limit                                                          
00011be5  __TI_auto_init                                                                    
2001851c  __TI_cleanup_ptr                                                                  
00011d99  __TI_decompress_lzss                                                              
000124a9  __TI_decompress_none                                                              
20018520  __TI_dtors_ptr                                                                    
20018524  __TI_enable_exit_profile_output                                                   
ffffffff  __TI_pprof_out_hndl                                                               
00008be1  __TI_printfi                                                                      
ffffffff  __TI_prof_data_size                                                               
ffffffff  __TI_prof_data_start                                                              
00000000  __TI_static_base__                                                                
000124cf  __TI_zero_init                                                                    
00011293  __aeabi_atexit                                                                    
000119dd  __aeabi_cdcmpeq                                                                   
000119dd  __aeabi_cdcmple                                                                   
00011a63  __aeabi_cdrcmple                                                                  
00011c55  __aeabi_d2f                                                                       
00012115  __aeabi_d2iz                                                                      
000104db  __aeabi_dadd                                                                      
00010c91  __aeabi_ddiv                                                                      
00011001  __aeabi_dmul                                                                      
000104d1  __aeabi_dsub                                                                      
00012215  __aeabi_f2d                                                                       
000122b1  __aeabi_i2d                                                                       
00011b69  __aeabi_memclr                                                                    
00011b69  __aeabi_memclr4                                                                   
00011b69  __aeabi_memclr8                                                                   
00011821  __aeabi_memcpy                                                                    
00011821  __aeabi_memcpy4                                                                   
00011821  __aeabi_memcpy8                                                                   
00011b6b  __aeabi_memset                                                                    
00011b6b  __aeabi_memset4                                                                   
00011b6b  __aeabi_memset8                                                                   
0000ff15  __aeabi_uldivmod                                                                  
0000f69b  __aeabi_vec_cctor_nocookie_nodtor                                                 
0000f677  __aeabi_vec_ctor_cookie_nodtor                                                    
[...]
000121dd  vApplicationAssert                                                                
00012215  __aeabi_f2d                                                                       
0001224d  IntRegister                                                                       
00012281  _Znaj                                                                             
00012281  _Znwj                                                                             
000122b1  __aeabi_i2d                                                                       
000122df  strspn                                                                            
00012309  sqrtf                                                                             
00012331  strcspn                                                                           
00012355  __cxa_guard_release                                                               
0001235f  __cxa_guard_acquire                                                               
0001236b  __cxa_guard_abort                                                                 
00012375  strcat                                                                            
00012393  memccpy                                                                           
000123b1  _args_main                                                                        
000123c9  strcmp                                                                            
000123e1  strchr                                                                            
000123f7  _ZN10Micromouse8GridCoorC1Ev                                                      
0001240d  _register_unlock                                                                  
00012413  _register_lock                                                                    
0001241b  _nop                                                                              
00012421  copysign                                                                          
00012421  copysignl                                                                         
00012435  strlen                                                                            
00012449  _ZN10Micromouse8GridInfoC1Ev                                                      
0001245b  copysignf                                                                         
0001246d  IntMasterEnable                                                                   
0001247d  lroundf                                                                           
0001248d  _ZN10Micromouse5QueueINS_8GridCoorEED1Ev                                          
0001249b  _ZN5QueueIcLb0EED1Ev                                                              
000124a9  __TI_decompress_none                                                              
000124b7  CPUcpsie                                                                          
000124c3  UARTCharsAvail                                                                    
000124cf  __TI_zero_init                                                                    
000124db  ResetISR                                                                          
000124e7  _ZdaPv                                                                            
000124e7  _ZdlPv                                                                            
000124ef  _system_pre_init                                                                  
00012899  _ctypes_                                                                          
0001299a  _ZTSPKe                                                                           
0001299e  _ZTSe                                                                             
00012aa8  _ZZN5QueueIN8TskMotor8VelOmegaELb1EE2DeERS1_Es                                    
00012aee  _ZZN5QueueIN8TskMotor8VelOmegaELb1EE2EnERKS1_Es                                   
00012b34  _ZZN5QueueIN8TskMotor8VelOmegaELb1EE3LenEvEs                                      
00012b7a  _ZZN5QueueIN8TskMotor8VelOmegaELb1EE5ClearEvEs                                    
00012bc0  _ZZN5QueueIN8TskMotor8VelOmegaELb1EEC1EiEs                                        
00012c38  _ZTSN10__cxxabiv123__fundamental_type_infoE                                       
00012c60  _ZTSN10__cxxabiv120__si_class_type_infoE                                          
00012c85  _ZTSN10__cxxabiv119__pointer_type_infoE                                           
00012ca9  _ZTSN10__cxxabiv117__class_type_infoE                                             
00012ccb  _ZTSN10__cxxabiv117__pbase_type_infoE                                             
00012d0e  _ZTSN9TskAction15CorrDiagRushEndE                                                 
00012d2c  _ZTSN9TskAction13CorrCentipedeE                                                   
00012d48  _ZTSN9TskAction13CorrEndBySideE                                                   
00012d64  _ZTSN9TskAction13CorrYawBySideE                                                   
00012d80  _ZTSN9TskAction12CorrEndByFwdE                                                    
00012d9b  _ZTSN9TskAction12CorrTurnTimeE                                                    
00012db6  _ZTSN9TskAction12CorrYawByFwdE                                                    
00012dd1  _ZTSN9TskAction11CorrRushYawE                                                     
00012e1c  _ZTSN9TskAction8ReporterE                                                         
00012e34  _ZTIPKe                                                                           
00012e54  _ZTV10Kalman2Var                                                                  
00012e64  _ZTVN10__cxxabiv117__class_type_infoE                                             
00012e74  _ZTVN10__cxxabiv119__pointer_type_infoE                                           
00012e84  _ZTVN10__cxxabiv120__si_class_type_infoE                                          
00012e94  _ZTVN10__cxxabiv123__fundamental_type_infoE                                       
00012ea4  _ZTVN9TskAction11CorrRushYawE                                                     
00012eb4  _ZTVN9TskAction12CorrEndByFwdE                                                    
00012ec4  _ZTVN9TskAction12CorrTurnTimeE                                                    
00012ed4  _ZTVN9TskAction12CorrYawByFwdE                                                    
00012ee4  _ZTVN9TskAction13CorrCentipedeE                                                   
00012ef4  _ZTVN9TskAction13CorrEndBySideE                                                   
00012f04  _ZTVN9TskAction13CorrYawBySideE                                                   
00012f14  _ZTVN9TskAction15CorrDiagRushEndE                                                 
00012f24  _ZTVN9TskAction8ReporterE                                                         
00012f34  _ZTS10Kalman2Var                                                                  
00012f41  _ZTSSt9type_info                                                                  
00012f50  _ZTIN10__cxxabiv117__class_type_infoE                                             
00012f5c  _ZTIN10__cxxabiv117__pbase_type_infoE                                             
00012f68  _ZTIN10__cxxabiv119__pointer_type_infoE                                           
00012f74  _ZTIN10__cxxabiv120__si_class_type_infoE                                          
00012f80  _ZTIN10__cxxabiv123__fundamental_type_infoE                                       
00012f8c  _ZTI10Kalman2Var                                                                  
00012f94  _ZTIN9TskAction11CorrRushYawE                                                     
00012f9c  _ZTIN9TskAction12CorrEndByFwdE                                                    
00012fa4  _ZTIN9TskAction12CorrTurnTimeE                                                    
00012fac  _ZTIN9TskAction12CorrYawByFwdE                                                    
00012fb4  _ZTIN9TskAction13CorrCentipedeE                                                   
00012fbc  _ZTIN9TskAction13CorrEndBySideE                                                   
00012fc4  _ZTIN9TskAction13CorrYawBySideE                                                   
00012fcc  _ZTIN9TskAction15CorrDiagRushEndE                                                 
00012fd4  _ZTIN9TskAction8ReporterE                                                         
00012fdc  _ZTISt9type_info                                                                  
00012fe4  _ZTIe                                                                             
00012fec  ulMaxSyscallInterruptPriority                                                     
00012ff0  SHT$$INIT_ARRAY$$Base                                                             
00013000  SHT$$INIT_ARRAY$$Limit                                                            
000132a8  __TI_Handler_Table_Base                                                           
000132b4  __TI_Handler_Table_Limit                                                          
000132c8  __TI_CINIT_Base                                                                   
000132e0  __TI_CINIT_Limit                                                                  
20000000  g_pfnRAMVectors                                                                   
20010400  _ZN9TskAction4InfoE                                                               
20010e00  _ZN9TskAction6DesireE                                                             
20011800  _ZN9TskAction3o_sE                                                                
20012000  _ZN9TskAction3v_sE                                                                
20012800  pui8ControlTable                                                                  
20012c00  _ZN8TskMotor2lvE                                                                  
20012fc0  _ZN8TskMotor6vel_deE                                                              
20013380  _ZN8TskMotor7dist_enE                                                             
20013740  dbgStr                                                                            
20013a80  SP                                                                                
20013b60  _ZN5TskIr6dbgStrE                                                                 
20013be0  _ZN6TskTop6dbgStrE                                                                
20013c60  _ZN8TskMotor6dbgStrE                                                              
20013ce0  _ZN8TskPrint3msgE                                                                 
20013d60  _ZN9TskAction6dbgStrE                                                             
20013de0  input                                                                             
20013e60  CP                                                                                
20013ec0  xQueueRegistry                                                                    
20013f00  _ZN8TskMotor8pidparamE                                                            
20013f28  _ZN5TskIr8IrBinThsE                                                               
20013f40  _ZN8TskPrint7QUartRxE                                                             
20013fe0  I                                                                                 
20013ff0  _ZN8TskMotor1AE                                                                   
20014000  _ZN8TskMotor1HE                                                                   
20014010  _ZN8TskMotor1QE                                                                   
20014020  _ZN8TskMotor1RE                                                                   
20014030  _ZN8TskMotor2P0E                                                                  
20014050  imuData                                                                           
2001405e  _ZN6TskTop4ModeE                                                                  
2001405f  _ZN9TskAction3rtnE                                                                
20014060  _ZN5TskIr5IrYawE                                                                  
2001406c  _ZN8TskMotor1BE                                                                   
20014074  _ZN8TskMotor2x0E                                                                  
2001407c  _ZN8TskMotor6desireE                                                              
20014084  _ZN8TskMotor6kalOutE                                                              
200140ac  _ZN5TskIr6IrBinsE                                                                 
200140b8  SemActTick                                                                        
200140bc  SemIrTick                                                                         
200140c0  SemMotTick                                                                        
200140c4  _ZN5TskIr14SemIrAdcFinishE                                                        
200140c8  _ZN5TskIr15SideLWallDisPosE                                                       
200140cc  _ZN5TskIr15SideRWallDisPosE                                                       
200140d0  _ZN5TskIr5MbCmdE                                                                  
200140d4  _ZN5solve5MbActE                                                                  
200140d8  _ZN5solve5MbTopE                                                                  
200140dc  _ZN6TskTop5MbCmdE                                                                 
200140e0  _ZN8TskMotor2AVE                                                                  
200140e4  _ZN8TskMotor2LVE                                                                  
200140e8  _ZN8TskMotor5AcclXE                                                               
200140ec  _ZN8TskMotor5GyroZE                                                               
200140f0  _ZN8TskMotor5MbCmdE                                                               
200140f4  _ZN8TskMotor6EncVelE                                                              
200140f8  _ZN8TskMotor6QMotorE                                                              
200140fc  _ZN8TskPrint5MbCmdE                                                               
20014100  _ZN9TskAction10actCurrActE                                                        
20014104  _ZN9TskAction10actHDirPidE                                                        
20014108  _ZN9TskAction5MbCmdE                                                              
2001410c  _ZN9TskAction7end_msgE                                                            
20014110  _ZSt16__dummy_typeinfo                                                            
20014114  __dso_handle                                                                      
20014118  cmd                                                                               
2001411c  lp                                                                                
20014120  rp                                                                                
20014128  _sys_memory                                                                       
20018128  varname                                                                           
20018370  actname                                                                           
20018460  _ZN8TskMotor7EncRVelE                                                             
20018464  _ZN8TskMotor7EncLVelE                                                             
20018468  _ZN8TskMotor11DistanceAccE                                                        
2001846c  _ZN8TskMotor8AngleAccE                                                            
20018470  _ZN8TskMotor14DistanceAcc_enE                                                     
20018474  _ZN8TskMotor14DesireDistanceE                                                     
20018478  _ZN8TskMotor8CurrentVE                                                            
2001847c  _ZN8TskMotor6OmgAdjE                                                              
20018480  _ZN8TskMotor5LvAdjE                                                               
20018484  _ZN8TskMotor9GyroZZeroE                                                           
20018488  _ZN8TskMotor9AcclXZeroE                                                           
2001848c  _ZN8TskMotor11TemperatureE                                                        
20018490  _ZN8TskMotor12MotorEnabledE                                                       
20018491  _ZN8TskMotor11GyroEnabledE                                                        
20018492  _ZN8TskMotor11AcclEnabledE                                                        
20018493  _ZN8TskMotor15AcqZerosEnabledE                                                    
20018494  pxCurrentTCB                                                                      
200184c8  _ZN5TskIr5IrACsE                                                                  
200184f8  _ZN5TskIr7IrDistsE                                                                
2001850c  _ZN5TskIr9IrChNamesE                                                              
2001851c  __TI_cleanup_ptr                                                                  
20018520  __TI_dtors_ptr                                                                    
20018524  __TI_enable_exit_profile_output                                                   
20018540  _lock                                                                             
20018544  _unlock                                                                           
20018548  _ZN5TskIr12irEmitEnableE                                                          
2001854c  _ZN5TskIr11irEmitterNoE                                                           
20018550  rotateR                                                                           
20018554  rotateL                                                                           
20018558  _ZN5TskIr6IrIntsE                                                                 
20018560  _ZN5TskIr7irZerosE                                                                
20018570  imuInitSeq0                                                                       
20018575  imuInitSeq1                                                                       
20018577  imuReadSeq                                                                        
20018580  errno                                                                             
20018584  main_func_sp                                                                      
2001858c  _new_handler                                                                      
20018590  __stack                                                                           
20018790  __STACK_END                                                                       
20018790  __STACK_TOP                                                                       
ffffffff  __TI_pprof_out_hndl                                                               
ffffffff  __TI_prof_data_size                                                               
ffffffff  __TI_prof_data_start                                                              
ffffffff  __binit__                                                                         
ffffffff  __c_args__                                                                        
ffffffff  binit                                                                             

[658 symbols]
