******************************************************************************
                  TI ARM Linker PC v16.9.1                     
******************************************************************************
>> Linked Sun Oct 22 20:15:47 2017

OUTPUT FILE NAME:   <dbMouse_FreeRTOS.out>
ENTRY POINT SYMBOL: "_c_int00"  address: 0000770d


MEMORY CONFIGURATION

         name            origin    length      used     unused   attr    fill
----------------------  --------  ---------  --------  --------  ----  --------
  FLASH                 00000000   00100000  00008210  000f7df0  R  X
  SRAM                  20000000   00040000  00014bcc  0002b434  RW X


SEGMENT ALLOCATION MAP

run origin  load origin   length   init length attrs members
----------  ----------- ---------- ----------- ----- -------
00000000    00000000    00008210   00008210    r-x
  00000000    00000000    00000208   00000208    r-- .intvecs
  00000208    00000208    00007bc8   00007bc8    r-x .text
  00007dd0    00007dd0    000003d4   000003d4    r-- .const
  000081a4    000081a4    0000000c   0000000c    r-- .init_array
  000081b0    000081b0    00000060   00000060    r-- .cinit
20000000    20000000    00014bcc   00000000    rw-
  20000000    20000000    0000026c   00000000    rw- .vtable
  2000026c    2000026c    000106a4   00000000    rw- .bss
  20010910    20010910    00004000   00000000    rw- .sysmem
  20014910    20014910    00000200   00000000    rw- .stack
  20014b10    20014b10    000000bc   00000000    rw- .data


SECTION ALLOCATION MAP

 output                                  attributes/
section   page    origin      length       input sections
--------  ----  ----------  ----------   ----------------
.intvecs   0    00000000    00000208     
                  00000000    00000208     tm4c1294ncpdt_startup_ccs.obj (.intvecs)

.text      0    00000208    00007bc8     
                  00000208    00001a18     tasks.obj (.text)
                  00001c20    0000113e     rtsv7M4_T_le_v4SPD16_eabi.lib : _printfi.obj (.text)
                  00002d5e    00000002                                   : mpu_init.obj (.text)
                  00002d60    00000ce8     queue.obj (.text)
                  00003a48    000007f8     TskMotor.obj (.text)
                  00004240    00000658     timers.obj (.text)
                  00004898    000004d0     WheelEnc.obj (.text)
                  00004d68    000003d0     rtsv7M4_T_le_v4SPD16_eabi.lib : memory.obj (.text)
                  00005138    0000039c                                   : vec_newdel.obj (.text)
                  000054d4    000002a4     Kalman2Var.obj (.text)
                  00005778    00000220     DbgUart.obj (.text)
                  00005998    000001f4     rtsv7M4_T_le_v4SPD16_eabi.lib : ull_div_t2.obj (.text)
                  00005b8c    000001cc     heap_2.obj (.text)
                  00005d58    000001b6     rtsv7M4_T_le_v4SPD16_eabi.lib : fd_add_t2.obj (.text)
                  00005f0e    00000002                                   : newhandler.obj (.text)
                  00005f10    000001b0     port.obj (.text)
                  000060c0    00000194     pinout.obj (.text)
                  00006254    00000170     MotorPwm.obj (.text)
                  000063c4    00000170     Pid.obj (.text)
                  00006534    00000136     rtsv7M4_T_le_v4SPD16_eabi.lib : fd_div_t2.obj (.text)
                  0000666a    0000012a     list.obj (.text)
                  00006794    00000128     TskTop.obj (.text)
                  000068bc    000000fc     rtsv7M4_T_le_v4SPD16_eabi.lib : fd_mul_t2.obj (.text)
                  000069b8    000000fc                                   : s_scalbn.obj (.text)
                  00006ab4    000000f4                                   : dtor_list.obj (.text)
                  00006ba8    000000d2     portasm.obj (.text)
                  00006c7a    00000002     rtsv7M4_T_le_v4SPD16_eabi.lib : startup.obj (.text)
                  00006c7c    000000bc                                   : typeinfo_.obj (.text)
                  00006d38    000000b4     Kalman2Var.obj (.text:_ZNK9Matrix2x2mlERKS_)
                  00006dec    000000a4     Kalman2Var.obj (.text:_ZN9Matrix2x23InvEv)
                  00006e90    0000009c     TskMotor.obj (.text:_ZN5QueueIN8TskMotor8VelOmegaELb1EE2DeERS1_)
                  00006f2c    0000009c     rtsv7M4_T_le_v4SPD16_eabi.lib : memcpy_t2.obj (.text)
                  00006fc8    0000008c     Kalman2Var.obj (.text:_ZNK9Matrix2x2mlERK7Vector2)
                  00007054    00000086     rtsv7M4_T_le_v4SPD16_eabi.lib : fd_cmp_t2.obj (.text:__aeabi_cdcmple)
                  000070da    00000086                                   : fd_cmp_t2.obj (.text:__aeabi_cdrcmple)
                  00007160    00000082     Kalman2Var.obj (.text:_ZNK9Matrix2x2miERKS_)
                  000071e2    00000082     Kalman2Var.obj (.text:_ZNK9Matrix2x2plERKS_)
                  00007264    0000007a     rtsv7M4_T_le_v4SPD16_eabi.lib : memset_t2.obj (.text)
                  000072de    00000002     --HOLE-- [fill = 0]
                  000072e0    00000070                                   : autoinit.obj (.text)
                  00007350    00000068     driverlib.lib : interrupt.obj (.text:IntDisable)
                  000073b8    00000068                   : interrupt.obj (.text:IntEnable)
                  00007420    00000068     rtsv7M4_T_le_v4SPD16_eabi.lib : copy_decompress_lzss.obj (.text:decompress:lzss)
                  00007488    00000064                                   : s_frexp.obj (.text)
                  000074ec    00000060     TskMotor.obj (.text:_ZN8PidParamC1Ev)
                  0000754c    00000060     rtsv7M4_T_le_v4SPD16_eabi.lib : sprintf.obj (.text)
                  000075ac    0000005e     DbgUart.obj (.text:_ZN5QueueIcLb0EE2EnERKc)
                  0000760a    00000058     DbgUart.obj (.text:_ZN5QueueIcLb0EE2DeERc)
                  00007662    00000002     --HOLE-- [fill = 0]
                  00007664    00000054     TskMotor.obj (.text:_ZN5QueueIN8TskMotor8VelOmegaELb1EE5ClearEv)
                  000076b8    00000054     Kalman2Var.obj (.text:_ZNK7Vector2mlEf)
                  0000770c    00000054     rtsv7M4_T_le_v4SPD16_eabi.lib : boot.obj (.text)
                  00007760    00000054                                   : exit.obj (.text)
                  000077b4    00000054                                   : ltoa.obj (.text)
                  00007808    00000050     TskMotor.obj (.text:_ZN5QueueIN8TskMotor8VelOmegaELb1EEC1Ei)
                  00007858    0000004c     main.obj (.text)
                  000078a4    0000004c     rtsv7M4_T_le_v4SPD16_eabi.lib : atoi.obj (.text)
                  000078f0    0000004c                                   : cpy_tbl.obj (.text)
                  0000793c    00000048     TskMotor.obj (.text:_ZN8TskMotor8saturateEfff)
                  00007984    00000048     rtsv7M4_T_le_v4SPD16_eabi.lib : fd_toi_t2.obj (.text)
                  000079cc    00000042     Kalman2Var.obj (.text:_ZNK7Vector2miERKS_)
                  00007a0e    00000042     Kalman2Var.obj (.text:_ZNK7Vector2plERKS_)
                  00007a50    0000003c     assert.obj (.text)
                  00007a8c    00000038     TskMotor.obj (.text:_ZN5QueueIN8TskMotor8VelOmegaELb1EE1lEv)
                  00007ac4    00000038     DbgUart.obj (.text:_ZN5QueueIcLb0EE1lEv)
                  00007afc    00000038     rtsv7M4_T_le_v4SPD16_eabi.lib : fs_tod_t2.obj (.text)
                  00007b34    00000034     driverlib.lib : interrupt.obj (.text:IntRegister)
                  00007b68    00000034     Kalman2Var.obj (.text:_ZN9Matrix2x24TranEv)
                  00007b9c    00000034     Kalman2Var.obj (.text:_ZN9Matrix2x2C1Effff)
                  00007bd0    00000030     rtsv7M4_T_le_v4SPD16_eabi.lib : new_.obj (.text)
                  00007c00    0000002e                                   : i_tofd_t2.obj (.text)
                  00007c2e    00000028     DbgUart.obj (.text:_ZN5QueueIcLb0EEC1Ei)
                  00007c56    00000002     --HOLE-- [fill = 0]
                  00007c58    00000028     Kalman2Var.obj (.text:_ZN9Matrix2x2C1Ev)
                  00007c80    00000020     Kalman2Var.obj (.text:_ZN7Vector2C1Eff)
                  00007ca0    00000020     TskMotor.obj (.text:_ZN8TskMotor8VelOmegaC1Eff)
                  00007cc0    0000001c     Kalman2Var.obj (.text:_ZN7Vector2C1Ev)
                  00007cdc    0000001c     rtsv7M4_T_le_v4SPD16_eabi.lib : memccpy.obj (.text)
                  00007cf8    00000018                                   : args_main.obj (.text)
                  00007d10    00000016                                   : strchr.obj (.text)
                  00007d26    00000002     --HOLE-- [fill = 0]
                  00007d28    00000014                                   : _lock.obj (.text)
                  00007d3c    00000014                                   : s_copysign.obj (.text)
                  00007d50    00000014                                   : strlen.obj (.text)
                  00007d64    00000012     DbgUart.obj (.text:_ZN5QueueIcLb0EED1Ev)
                  00007d76    00000010     driverlib.lib : interrupt.obj (.text:IntMasterEnable)
                  00007d86    0000000e     rtsv7M4_T_le_v4SPD16_eabi.lib : copy_decompress_none.obj (.text:decompress:none)
                  00007d94    0000000c     driverlib.lib : cpu.obj (.text:CPUcpsie)
                  00007da0    0000000c                   : uart.obj (.text:UARTCharsAvail)
                  00007dac    0000000c     rtsv7M4_T_le_v4SPD16_eabi.lib : copy_zero_init.obj (.text:decompress:ZI)
                  00007db8    0000000c     tm4c1294ncpdt_startup_ccs.obj (.text)
                  00007dc4    00000008     rtsv7M4_T_le_v4SPD16_eabi.lib : delete.obj (.text)
                  00007dcc    00000004                                   : pre_init.obj (.text)

.const     0    00007dd0    000003d4     
                  00007dd0    00000101     rtsv7M4_T_le_v4SPD16_eabi.lib : ctype.obj (.const:.string:_ctypes_)
                  00007ed1    00000002                                   : typeinfo_.obj (.const:.typeinfo:_ZTSe)
                  00007ed3    00000001     --HOLE-- [fill = 0]
                  00007ed4    00000070     driverlib.lib : interrupt.obj (.const)
                  00007f44    00000046     TskMotor.obj (.const:.string:_ZZN5QueueIN8TskMotor8VelOmegaELb1EE2DeERS1_Es)
                  00007f8a    00000046     TskMotor.obj (.const:.string:_ZZN5QueueIN8TskMotor8VelOmegaELb1EE5ClearEvEs)
                  00007fd0    00000046     TskMotor.obj (.const:.string:_ZZN5QueueIN8TskMotor8VelOmegaELb1EEC1EiEs)
                  00008016    00000028     rtsv7M4_T_le_v4SPD16_eabi.lib : typeinfo_.obj (.const:.typeinfo:_ZTSN10__cxxabiv123__fundamental_type_infoE)
                  0000803e    00000025                                   : typeinfo_.obj (.const:.typeinfo:_ZTSN10__cxxabiv120__si_class_type_infoE)
                  00008063    00000024                                   : typeinfo_.obj (.const:.typeinfo:_ZTSN10__cxxabiv119__pointer_type_infoE)
                  00008087    00000022                                   : typeinfo_.obj (.const:.typeinfo:_ZTSN10__cxxabiv117__class_type_infoE)
                  000080a9    00000022                                   : typeinfo_.obj (.const:.typeinfo:_ZTSN10__cxxabiv117__pbase_type_infoE)
                  000080cb    00000001     --HOLE-- [fill = 0]
                  000080cc    00000010                                   : typeinfo_.obj (.const:.typeinfo:_ZTIPKe)
                  000080dc    00000010     Kalman2Var.obj (.const:_ZTV10Kalman2Var)
                  000080ec    00000010     rtsv7M4_T_le_v4SPD16_eabi.lib : typeinfo_.obj (.const:_ZTVN10__cxxabiv117__class_type_infoE)
                  000080fc    00000010                                   : typeinfo_.obj (.const:_ZTVN10__cxxabiv119__pointer_type_infoE)
                  0000810c    00000010                                   : typeinfo_.obj (.const:_ZTVN10__cxxabiv120__si_class_type_infoE)
                  0000811c    00000010                                   : typeinfo_.obj (.const:_ZTVN10__cxxabiv123__fundamental_type_infoE)
                  0000812c    0000000d     Kalman2Var.obj (.const:.typeinfo:_ZTS10Kalman2Var)
                  00008139    0000000d     rtsv7M4_T_le_v4SPD16_eabi.lib : typeinfo_.obj (.const:.typeinfo:_ZTSSt9type_info)
                  00008146    00000002     heap_2.obj (.const)
                  00008148    0000000c     rtsv7M4_T_le_v4SPD16_eabi.lib : typeinfo_.obj (.const:.typeinfo:_ZTIN10__cxxabiv117__class_type_infoE)
                  00008154    0000000c                                   : typeinfo_.obj (.const:.typeinfo:_ZTIN10__cxxabiv117__pbase_type_infoE)
                  00008160    0000000c                                   : typeinfo_.obj (.const:.typeinfo:_ZTIN10__cxxabiv119__pointer_type_infoE)
                  0000816c    0000000c                                   : typeinfo_.obj (.const:.typeinfo:_ZTIN10__cxxabiv120__si_class_type_infoE)
                  00008178    0000000c                                   : typeinfo_.obj (.const:.typeinfo:_ZTIN10__cxxabiv123__fundamental_type_infoE)
                  00008184    00000008     Kalman2Var.obj (.const:.typeinfo:_ZTI10Kalman2Var)
                  0000818c    00000008     rtsv7M4_T_le_v4SPD16_eabi.lib : typeinfo_.obj (.const:.typeinfo:_ZTISt9type_info)
                  00008194    00000008                                   : typeinfo_.obj (.const:.typeinfo:_ZTIe)
                  0000819c    00000004                                   : typeinfo_.obj (.const:.typeinfo:_ZTSPKe)
                  000081a0    00000004     port.obj (.const)

.init_array 
*          0    000081a4    0000000c     
                  000081a4    00000004     DbgUart.obj (.init_array)
                  000081a8    00000004     Kalman2Var.obj (.init_array)
                  000081ac    00000004     TskMotor.obj (.init_array)

.cinit     0    000081b0    00000060     
                  000081b0    00000026     (.cinit..data.load) [load image, compression = lzss]
                  000081d6    00000002     --HOLE-- [fill = 0]
                  000081d8    0000000c     (__TI_handler_table)
                  000081e4    00000004     --HOLE-- [fill = 0]
                  000081e8    00000008     (.cinit..bss.load) [load image, compression = zero_init]
                  000081f0    00000008     (.cinit..vtable.load) [load image, compression = zero_init]
                  000081f8    00000018     (__TI_cinit_table)

.vtable    0    20000000    0000026c     UNINITIALIZED
                  20000000    0000026c     driverlib.lib : interrupt.obj (.vtable)

.bss       0    2000026c    000106a4     UNINITIALIZED
                  2000026c    00010000     heap_2.obj (.bss:ucHeap)
                  2001026c    00000200     (.common:dbgStr)
                  2001046c    00000140     tasks.obj (.bss:pxReadyTasksLists)
                  200105ac    00000080     (.common:_ZN6TskTop6dbgStrE)
                  2001062c    00000080     (.common:_ZN8TskMotor6dbgStrE)
                  200106ac    00000080     (.common:_ZN8TskPrint3msgE)
                  2001072c    00000040     (.common:xQueueRegistry)
                  2001076c    00000028     TskMotor.obj (.bss:_ZN8TskMotor8pidparamE)
                  20010794    00000014     DbgUart.obj (.bss:_ZN8TskPrint7QUartRxE)
                  200107a8    00000014     timers.obj (.bss:xActiveTimerList1)
                  200107bc    00000014     timers.obj (.bss:xActiveTimerList2)
                  200107d0    00000014     tasks.obj (.bss:xDelayedTaskList1)
                  200107e4    00000014     tasks.obj (.bss:xDelayedTaskList2)
                  200107f8    00000014     tasks.obj (.bss:xPendingReadyList)
                  2001080c    00000014     tasks.obj (.bss:xSuspendedTaskList)
                  20010820    00000014     tasks.obj (.bss:xTasksWaitingTermination)
                  20010834    00000010     Kalman2Var.obj (.bss:I)
                  20010844    00000010     TskMotor.obj (.bss:_ZN8TskMotor1AE)
                  20010854    00000010     TskMotor.obj (.bss:_ZN8TskMotor1HE)
                  20010864    00000010     TskMotor.obj (.bss:_ZN8TskMotor1QE)
                  20010874    00000010     TskMotor.obj (.bss:_ZN8TskMotor1RE)
                  20010884    00000010     TskMotor.obj (.bss:_ZN8TskMotor2P0E)
                  20010894    00000008     TskMotor.obj (.bss:_ZN8TskMotor1BE)
                  2001089c    00000008     TskMotor.obj (.bss:_ZN8TskMotor2x0E)
                  200108a4    00000008     TskMotor.obj (.bss:_ZN8TskMotor6desireE)
                  200108ac    00000008     TskMotor.obj (.bss:_ZN8TskMotor6kalOutE)
                  200108b4    00000008     tasks.obj (.bss)
                  200108bc    00000008     timers.obj (.bss)
                  200108c4    00000008     heap_2.obj (.bss:xEnd)
                  200108cc    00000008     heap_2.obj (.bss:xStart)
                  200108d4    00000004     (.common:SemActTick)
                  200108d8    00000004     (.common:SemIrTick)
                  200108dc    00000004     (.common:SemMotTick)
                  200108e0    00000004     (.common:_ZN8TskMotor2AVE)
                  200108e4    00000004     (.common:_ZN8TskMotor2LVE)
                  200108e8    00000004     (.common:_ZN8TskMotor5AcclXE)
                  200108ec    00000004     (.common:_ZN8TskMotor5GyroZE)
                  200108f0    00000004     (.common:_ZN8TskMotor5MbCmdE)
                  200108f4    00000004     (.common:_ZN8TskMotor6EncVelE)
                  200108f8    00000004     (.common:_ZN8TskMotor6QMotorE)
                  200108fc    00000004     (.common:_ZN8TskPrint5MbCmdE)
                  20010900    00000004     (.common:_ZSt16__dummy_typeinfo)
                  20010904    00000004     (.common:__dso_handle)
                  20010908    00000004     (.common:lp)
                  2001090c    00000004     (.common:rp)

.sysmem    0    20010910    00004000     UNINITIALIZED
                  20010910    00000008     rtsv7M4_T_le_v4SPD16_eabi.lib : memory.obj (.sysmem)
                  20010918    00003ff8     --HOLE--

.stack     0    20014910    00000200     UNINITIALIZED
                  20014910    00000200     --HOLE--

.data      0    20014b10    000000bc     UNINITIALIZED
                  20014b10    00000034     TskMotor.obj (.data)
                  20014b44    00000034     tasks.obj (.data)
                  20014b78    0000000c     rtsv7M4_T_le_v4SPD16_eabi.lib : exit.obj (.data:$O1$$)
                  20014b84    0000000c                                   : memory.obj (.data:$O1$$)
                  20014b90    0000000c     WheelEnc.obj (.data)
                  20014b9c    0000000c     timers.obj (.data)
                  20014ba8    00000008     rtsv7M4_T_le_v4SPD16_eabi.lib : _lock.obj (.data:$O1$$)
                  20014bb0    00000008     heap_2.obj (.data)
                  20014bb8    00000004     port.obj (.data)
                  20014bbc    00000004     rtsv7M4_T_le_v4SPD16_eabi.lib : dtor_list.obj (.data)
                  20014bc0    00000004                                   : errno.obj (.data)
                  20014bc4    00000004                                   : stkdepth_vars.obj (.data)
                  20014bc8    00000004                                   : vars.obj (.data)

MODULE SUMMARY

       Module                          code    ro data   rw data
       ------                          ----    -------   -------
    .\
       assert.obj                      60      0         512    
       tm4c1294ncpdt_startup_ccs.obj   12      520       0      
       main.obj                        76      0         0      
    +--+-------------------------------+-------+---------+---------+
       Total:                          148     520       512    
                                                                
    .\FreeRTOS\
       tasks.obj                       6680    0         480    
       queue.obj                       3304    0         64     
       timers.obj                      1624    0         60     
       list.obj                        298     0         0      
    +--+-------------------------------+-------+---------+---------+
       Total:                          11906   0         604    
                                                                
    .\FreeRTOS\portable\CCS\ARM_CM4F\
       port.obj                        432     4         4      
       portasm.obj                     210     0         0      
    +--+-------------------------------+-------+---------+---------+
       Total:                          642     4         4      
                                                                
    .\FreeRTOS\portable\MemMang\
       heap_2.obj                      460     2         65560  
    +--+-------------------------------+-------+---------+---------+
       Total:                          460     2         65560  
                                                                
    .\Kalman\
       Kalman2Var.obj                  1840    41        16     
    +--+-------------------------------+-------+---------+---------+
       Total:                          1840    41        16     
                                                                
    .\Pid\
       Pid.obj                         368     0         0      
    +--+-------------------------------+-------+---------+---------+
       Total:                          368     0         0      
                                                                
    .\PinConfig\
       pinout.obj                      404     0         0      
    +--+-------------------------------+-------+---------+---------+
       Total:                          404     0         0      
                                                                
    .\TskMotor\
       TskMotor.obj                    2616    214       360    
       WheelEnc.obj                    1232    0         32     
       MotorPwm.obj                    368     0         0      
    +--+-------------------------------+-------+---------+---------+
       Total:                          4216    214       392    
                                                                
    .\TskTop\
       DbgUart.obj                     840     4         152    
       TskTop.obj                      296     0         128    
    +--+-------------------------------+-------+---------+---------+
       Total:                          1136    4         280    
                                                                
    C:/ti/tirtos_tivac_2_16_01_14/products/TivaWare_C_Series-2.1.1.71b/driverlib/ccs/Debug/driverlib.lib
       interrupt.obj                   276     112       620    
       cpu.obj                         12      0         0      
       uart.obj                        12      0         0      
    +--+-------------------------------+-------+---------+---------+
       Total:                          300     112       620    
                                                                
    C:\ti\ccsv7\tools\compiler\ti-cgt-arm_16.9.1.LTS\lib\rtsv7M4_T_le_v4SPD16_eabi.lib
       _printfi.obj                    4414    0         0      
       memory.obj                      976     0         12     
       vec_newdel.obj                  924     0         0      
       typeinfo_.obj                   188     356       4      
       ull_div_t2.obj                  500     0         0      
       fd_add_t2.obj                   438     0         0      
       fd_div_t2.obj                   310     0         0      
       fd_cmp_t2.obj                   268     0         0      
       ctype.obj                       0       257       0      
       dtor_list.obj                   244     0         8      
       fd_mul_t2.obj                   252     0         0      
       s_scalbn.obj                    252     0         0      
       memcpy_t2.obj                   156     0         0      
       memset_t2.obj                   122     0         0      
       autoinit.obj                    112     0         0      
       copy_decompress_lzss.obj        104     0         0      
       s_frexp.obj                     100     0         0      
       exit.obj                        84      0         12     
       sprintf.obj                     96      0         0      
       boot.obj                        84      0         0      
       ltoa.obj                        84      0         0      
       atoi.obj                        76      0         0      
       cpy_tbl.obj                     76      0         0      
       fd_toi_t2.obj                   72      0         0      
       fs_tod_t2.obj                   56      0         0      
       new_.obj                        48      0         0      
       i_tofd_t2.obj                   46      0         0      
       _lock.obj                       20      0         8      
       memccpy.obj                     28      0         0      
       args_main.obj                   24      0         0      
       strchr.obj                      22      0         0      
       s_copysign.obj                  20      0         0      
       strlen.obj                      20      0         0      
       copy_decompress_none.obj        14      0         0      
       copy_zero_init.obj              12      0         0      
       delete.obj                      8       0         0      
       errno.obj                       0       0         4      
       pre_init.obj                    4       0         0      
       stkdepth_vars.obj               0       0         4      
       vars.obj                        0       0         4      
       mpu_init.obj                    2       0         0      
       newhandler.obj                  2       0         0      
       startup.obj                     2       0         0      
    +--+-------------------------------+-------+---------+---------+
       Total:                          10260   613       56     
                                                                
       Heap:                           0       0         16384  
       Stack:                          0       0         512    
       Linker Generated:               0       90        0      
    +--+-------------------------------+-------+---------+---------+
       Grand Total:                    31680   1600      84940  


LINKER GENERATED COPY TABLES

__TI_cinit_table @ 000081f8 records: 3, size/record: 8, table size: 24
	.data: load addr=000081b0, load size=00000026 bytes, run addr=20014b10, run size=000000bc bytes, compression=lzss
	.bss: load addr=000081e8, load size=00000008 bytes, run addr=2000026c, run size=000106a4 bytes, compression=zero_init
	.vtable: load addr=000081f0, load size=00000008 bytes, run addr=20000000, run size=0000026c bytes, compression=zero_init


LINKER GENERATED HANDLER TABLE

__TI_handler_table @ 000081d8 records: 3, size/record: 4, table size: 12
	index: 0, handler: __TI_zero_init
	index: 1, handler: __TI_decompress_lzss
	index: 2, handler: __TI_decompress_none


GLOBAL SYMBOLS: SORTED ALPHABETICALLY BY Name 

address   name                                               
-------   ----                                               
000060c1  Board_General_Init                                 
00007761  C$$EXIT                                            
00007d95  CPUcpsie                                           
000061a1  GPIO_write                                         
20010834  I                                                  
00007351  IntDisable                                         
000073b9  IntEnable                                          
00007d77  IntMasterEnable                                    
00007b35  IntRegister                                        
00007db9  ResetISR                                           
000081a4  SHT$$INIT_ARRAY$$Base                              
000081b0  SHT$$INIT_ARRAY$$Limit                             
200108d4  SemActTick                                         
200108d8  SemIrTick                                          
200108dc  SemMotTick                                         
00007da1  UARTCharsAvail                                     
0000491d  _Z12BaseTimeInitv                                  
00004899  _Z12BaseTimerISRv                                  
000062f3  _Z12MotorPwmInitv                                  
00004b21  _Z12WheelEncInitv                                  
00006255  _Z13MotorPwmCoastv                                 
00004c59  _Z14WheelEncGetVelRVfS0_                           
00006275  _Z15MotorPwmSetDutyss                              
00005f0f  _Z21__default_new_handlerv                         
00004a09  _Z8portBISRv                                       
000049bf  _Z8portEISRv                                       
00004a53  _Z8portKISRv                                       
0000788b  _Z9__error__Pcj                                    
000056ff  _ZN10Kalman2Var5ResetEv                            
0000560b  _ZN10Kalman2Var7CorrectE7Vector2                   
000055a3  _ZN10Kalman2Var7PredictEf                          
000054d5  _ZN10Kalman2VarC1E9Matrix2x27Vector2S0_S0_S0_S1_S0_
000054d5  _ZN10Kalman2VarC2E9Matrix2x27Vector2S0_S0_S0_S1_S0_
000056e9  _ZN10Kalman2VarD0Ev                                
000056dd  _ZN10Kalman2VarD1Ev                                
000056dd  _ZN10Kalman2VarD2Ev                                
00006d29  _ZN10__cxxabiv116__enum_type_infoD0Ev              
00006d27  _ZN10__cxxabiv116__enum_type_infoD1Ev              
00006d27  _ZN10__cxxabiv116__enum_type_infoD2Ev              
00006d1f  _ZN10__cxxabiv117__array_type_infoD0Ev             
00006d1d  _ZN10__cxxabiv117__array_type_infoD1Ev             
00006d1d  _ZN10__cxxabiv117__array_type_infoD2Ev             
00006d15  _ZN10__cxxabiv117__class_type_infoD0Ev             
00006d13  _ZN10__cxxabiv117__class_type_infoD1Ev             
00006d13  _ZN10__cxxabiv117__class_type_infoD2Ev             
00006d0b  _ZN10__cxxabiv117__pbase_type_infoD0Ev             
00006d09  _ZN10__cxxabiv117__pbase_type_infoD1Ev             
00006d09  _ZN10__cxxabiv117__pbase_type_infoD2Ev             
00006d01  _ZN10__cxxabiv119__pointer_type_infoD0Ev           
00006cff  _ZN10__cxxabiv119__pointer_type_infoD1Ev           
00006cff  _ZN10__cxxabiv119__pointer_type_infoD2Ev           
00006cf7  _ZN10__cxxabiv120__function_type_infoD0Ev          
00006cf5  _ZN10__cxxabiv120__function_type_infoD1Ev          
00006cf5  _ZN10__cxxabiv120__function_type_infoD2Ev          
00006ced  _ZN10__cxxabiv120__si_class_type_infoD0Ev          
00006ceb  _ZN10__cxxabiv120__si_class_type_infoD1Ev          
00006ceb  _ZN10__cxxabiv120__si_class_type_infoD2Ev          
00006ce3  _ZN10__cxxabiv121__vmi_class_type_infoD0Ev         
00006ce1  _ZN10__cxxabiv121__vmi_class_type_infoD1Ev         
00006ce1  _ZN10__cxxabiv121__vmi_class_type_infoD2Ev         
00006cd9  _ZN10__cxxabiv123__fundamental_type_infoD0Ev       
00006cd7  _ZN10__cxxabiv123__fundamental_type_infoD1Ev       
00006cd7  _ZN10__cxxabiv123__fundamental_type_infoD2Ev       
00006ccf  _ZN10__cxxabiv129__pointer_to_member_type_infoD0Ev 
00006ccd  _ZN10__cxxabiv129__pointer_to_member_type_infoD1Ev 
00006ccd  _ZN10__cxxabiv129__pointer_to_member_type_infoD2Ev 
0000644f  _ZN3Pid4TickEf                                     
0000651b  _ZN3Pid5ResetEv                                    
000063c5  _ZN3PidC1Efffffff                                  
000063c5  _ZN3PidC2Efffffff                                  
00007a8d  _ZN5QueueIN8TskMotor8VelOmegaELb1EE1lEv            
00006e91  _ZN5QueueIN8TskMotor8VelOmegaELb1EE2DeERS1_        
00007665  _ZN5QueueIN8TskMotor8VelOmegaELb1EE5ClearEv        
00007809  _ZN5QueueIN8TskMotor8VelOmegaELb1EEC1Ei            
00007ac5  _ZN5QueueIcLb0EE1lEv                               
0000760b  _ZN5QueueIcLb0EE2DeERc                             
000075ad  _ZN5QueueIcLb0EE2EnERKc                            
00007c2f  _ZN5QueueIcLb0EEC1Ei                               
00007d65  _ZN5QueueIcLb0EED1Ev                               
00006865  _ZN6TskTop4InitEv                                  
000067d9  _ZN6TskTop4taskEPv                                 
200105ac  _ZN6TskTop6dbgStrE                                 
00006795  _ZN6TskTop7SetLedsEh                               
00007c81  _ZN7Vector2C1Eff                                   
00007cc1  _ZN7Vector2C1Ev                                    
000074ed  _ZN8PidParamC1Ev                                   
20014b42  _ZN8TskMotor11AcclEnabledE                         
20014b18  _ZN8TskMotor11DistanceAccE                         
20014b41  _ZN8TskMotor11GyroEnabledE                         
20014b3c  _ZN8TskMotor11TemperatureE                         
20014b40  _ZN8TskMotor12MotorEnabledE                        
20014b24  _ZN8TskMotor14DesireDistanceE                      
20014b20  _ZN8TskMotor14DistanceAcc_enE                      
20014b43  _ZN8TskMotor15AcqZerosEnabledE                     
20010844  _ZN8TskMotor1AE                                    
20010894  _ZN8TskMotor1BE                                    
20010854  _ZN8TskMotor1HE                                    
20010864  _ZN8TskMotor1QE                                    
20010874  _ZN8TskMotor1RE                                    
200108e0  _ZN8TskMotor2AVE                                   
200108e4  _ZN8TskMotor2LVE                                   
20010884  _ZN8TskMotor2P0E                                   
2001089c  _ZN8TskMotor2x0E                                   
0000406d  _ZN8TskMotor4InitEv                                
00003a61  _ZN8TskMotor4taskEPv                               
200108e8  _ZN8TskMotor5AcclXE                                
200108ec  _ZN8TskMotor5GyroZE                                
20014b30  _ZN8TskMotor5LvAdjE                                
200108f0  _ZN8TskMotor5MbCmdE                                
200108f4  _ZN8TskMotor6EncVelE                               
20014b2c  _ZN8TskMotor6OmgAdjE                               
200108f8  _ZN8TskMotor6QMotorE                               
2001062c  _ZN8TskMotor6dbgStrE                               
200108a4  _ZN8TskMotor6desireE                               
200108ac  _ZN8TskMotor6kalOutE                               
20014b14  _ZN8TskMotor7EncLVelE                              
20014b10  _ZN8TskMotor7EncRVelE                              
20014b1c  _ZN8TskMotor8AngleAccE                             
20014b28  _ZN8TskMotor8CurrentVE                             
00007ca1  _ZN8TskMotor8VelOmegaC1Eff                         
2001076c  _ZN8TskMotor8pidparamE                             
0000793d  _ZN8TskMotor8saturateEfff                          
20014b38  _ZN8TskMotor9AcclXZeroE                            
20014b34  _ZN8TskMotor9GyroZZeroE                            
0000581d  _ZN8TskPrint11UartGetLineEPc                       
200106ac  _ZN8TskPrint3msgE                                  
000058c5  _ZN8TskPrint4InitEv                                
00005899  _ZN8TskPrint4taskEPv                               
200108fc  _ZN8TskPrint5MbCmdE                                
20010794  _ZN8TskPrint7QUartRxE                              
000057a3  _ZN8TskPrint9UART2InitEv                           
0000585d  _ZN8TskPrint9UartWriteEPc                          
00005779  _ZN8TskPrint9uartRxISREv                           
00006ded  _ZN9Matrix2x23InvEv                                
00007b69  _ZN9Matrix2x24TranEv                               
00007b9d  _ZN9Matrix2x2C1Effff                               
00007c59  _ZN9Matrix2x2C1Ev                                  
000079cd  _ZNK7Vector2miERKS_                                
000076b9  _ZNK7Vector2mlEf                                   
00007a0f  _ZNK7Vector2plERKS_                                
00007161  _ZNK9Matrix2x2miERKS_                              
00006fc9  _ZNK9Matrix2x2mlERK7Vector2                        
00006d39  _ZNK9Matrix2x2mlERKS_                              
000071e3  _ZNK9Matrix2x2plERKS_                              
00006c8f  _ZNKSt9type_info4nameEv                            
00006cbf  _ZNKSt9type_info6beforeERKS_                       
00006ca9  _ZNKSt9type_infoeqERKS_                            
00006c93  _ZNKSt9type_infoneERKS_                            
00006c87  _ZNSt9type_infoD0Ev                                
00006c85  _ZNSt9type_infoD1Ev                                
00006c85  _ZNSt9type_infoD2Ev                                
20010900  _ZSt16__dummy_typeinfo                             
00006c7d  _ZSt21__gen_dummy_typeinfosv                       
00008184  _ZTI10Kalman2Var                                   
00008148  _ZTIN10__cxxabiv117__class_type_infoE              
00008154  _ZTIN10__cxxabiv117__pbase_type_infoE              
00008160  _ZTIN10__cxxabiv119__pointer_type_infoE            
0000816c  _ZTIN10__cxxabiv120__si_class_type_infoE           
00008178  _ZTIN10__cxxabiv123__fundamental_type_infoE        
000080cc  _ZTIPKe                                            
0000818c  _ZTISt9type_info                                   
00008194  _ZTIe                                              
0000812c  _ZTS10Kalman2Var                                   
00008087  _ZTSN10__cxxabiv117__class_type_infoE              
000080a9  _ZTSN10__cxxabiv117__pbase_type_infoE              
00008063  _ZTSN10__cxxabiv119__pointer_type_infoE            
0000803e  _ZTSN10__cxxabiv120__si_class_type_infoE           
00008016  _ZTSN10__cxxabiv123__fundamental_type_infoE        
0000819c  _ZTSPKe                                            
00008139  _ZTSSt9type_info                                   
00007ed1  _ZTSe                                              
000080dc  _ZTV10Kalman2Var                                   
000080ec  _ZTVN10__cxxabiv117__class_type_infoE              
000080fc  _ZTVN10__cxxabiv119__pointer_type_infoE            
0000810c  _ZTVN10__cxxabiv120__si_class_type_infoE           
0000811c  _ZTVN10__cxxabiv123__fundamental_type_infoE        
00007f44  _ZZN5QueueIN8TskMotor8VelOmegaELb1EE2DeERS1_Es     
00007f8a  _ZZN5QueueIN8TskMotor8VelOmegaELb1EE5ClearEvEs     
00007fd0  _ZZN5QueueIN8TskMotor8VelOmegaELb1EEC1EiEs         
00007dc5  _ZdaPv                                             
00007dc5  _ZdlPv                                             
00007bd1  _Znaj                                              
00007bd1  _Znwj                                              
20014b10  __STACK_END                                        
00000200  __STACK_SIZE                                       
20014b10  __STACK_TOP                                        
00004000  __SYSMEM_SIZE                                      
000081f8  __TI_CINIT_Base                                    
00008210  __TI_CINIT_Limit                                   
000081d8  __TI_Handler_Table_Base                            
000081e4  __TI_Handler_Table_Limit                           
000072e1  __TI_auto_init                                     
20014b78  __TI_cleanup_ptr                                   
00007421  __TI_decompress_lzss                               
00007d87  __TI_decompress_none                               
20014b7c  __TI_dtors_ptr                                     
20014b80  __TI_enable_exit_profile_output                    
ffffffff  __TI_pprof_out_hndl                                
00002465  __TI_printfi                                       
ffffffff  __TI_prof_data_size                                
ffffffff  __TI_prof_data_start                               
00000000  __TI_static_base__                                 
00007dad  __TI_zero_init                                     
00006b4f  __aeabi_atexit                                     
00007055  __aeabi_cdcmpeq                                    
00007055  __aeabi_cdcmple                                    
000070db  __aeabi_cdrcmple                                   
00007985  __aeabi_d2iz                                       
00005d63  __aeabi_dadd                                       
00006535  __aeabi_ddiv                                       
000068bd  __aeabi_dmul                                       
00005d59  __aeabi_dsub                                       
00007afd  __aeabi_f2d                                        
00007c01  __aeabi_i2d                                        
00007265  __aeabi_memclr                                     
00007265  __aeabi_memclr4                                    
00007265  __aeabi_memclr8                                    
00006f2d  __aeabi_memcpy                                     
00006f2d  __aeabi_memcpy4                                    
00006f2d  __aeabi_memcpy8                                    
00007267  __aeabi_memset                                     
00007267  __aeabi_memset4                                    
00007267  __aeabi_memset8                                    
00005999  __aeabi_uldivmod                                   
000054af  __aeabi_vec_cctor_nocookie_nodtor                  
0000548b  __aeabi_vec_ctor_cookie_nodtor                     
00005479  __aeabi_vec_ctor_nocookie_nodtor                   
0000546d  __aeabi_vec_delete                                 
00005451  __aeabi_vec_delete3                                
00005437  __aeabi_vec_delete3_nodtor                         
00005405  __aeabi_vec_dtor                                   
00005419  __aeabi_vec_dtor_cookie                            
000053f1  __aeabi_vec_new_cookie                             
000053d5  __aeabi_vec_new_cookie_noctor                      
000053af  __aeabi_vec_new_cookie_nodtor                      
0000539b  __aeabi_vec_new_nocookie                           
ffffffff  __binit__                                          
ffffffff  __c_args__                                         
00006afd  __cxa_atexit                                       
00006ab5  __cxa_finalize                                     
00006af7  __cxa_ia64_exit                                    
00005371  __cxa_vec_cctor                                    
00005351  __cxa_vec_cleanup                                  
0000532d  __cxa_vec_ctor                                     
00005307  __cxa_vec_delete                                   
000052e1  __cxa_vec_delete2                                  
000052bb  __cxa_vec_delete3                                  
0000529f  __cxa_vec_dtor                                     
00005203  __cxa_vec_new                                      
000051d7  __cxa_vec_new2                                     
000051ab  __cxa_vec_new3                                     
20010904  __dso_handle                                       
00002d5f  __mpu_init                                         
20014910  __stack                                            
0000590f  __sti___11_DbgUart_cpp_e363817f                    
000040e5  __sti___12_TskMotor_cpp_440a4bfa                   
0000574f  __sti___14_Kalman2Var_cpp_aa8a8511                 
00007cf9  _args_main                                         
0000770d  _c_int00                                           
00007dd0  _ctypes_                                           
20014ba8  _lock                                              
20014bc8  _new_handler                                       
00007d37  _nop                                               
00007d2f  _register_lock                                     
00007d29  _register_unlock                                   
20010910  _sys_memory                                        
00006c7b  _system_post_cinit                                 
00007dcd  _system_pre_init                                   
20014bac  _unlock                                            
00007765  abort                                              
00006b41  atexit                                             
000078a5  atoi                                               
ffffffff  binit                                              
00005109  calloc                                             
000078f1  copy_in                                            
00007d3d  copysign                                           
00007d3d  copysignl                                          
2001026c  dbgStr                                             
00000605  eTaskGetState                                      
20014bc0  errno                                              
0000776d  exit                                               
00004e53  free                                               
00007489  frexp                                              
00007489  frexpl                                             
20000000  g_pfnRAMVectors                                    
00000000  g_pfnVectors                                       
000069b9  ldexp                                              
000069b9  ldexpl                                             
20010908  lp                                                 
000077b5  ltoa                                               
00007859  main                                               
20014bc4  main_func_sp                                       
00004de9  malloc                                             
0000501d  memalign                                           
00007cdd  memccpy                                            
00006f2d  memcpy                                             
0000726d  memset                                             
00004d69  minit                                              
0000395d  pcQueueGetName                                     
00000c4b  pcTaskGetName                                      
000043cb  pcTimerGetName                                     
00005b8d  pvPortMalloc                                       
000016c3  pvTaskIncrementMutexHeldCount                      
00004829  pvTimerGetTimerID                                  
20014b44  pxCurrentTCB                                       
00005f11  pxPortInitialiseStack                              
00004f15  realloc                                            
20014b94  rotateL                                            
20014b90  rotateR                                            
2001090c  rp                                                 
000069b9  scalbn                                             
000069b9  scalbnl                                            
0000754d  sprintf                                            
00007d11  strchr                                             
00007d51  strlen                                             
000036cb  ucQueueGetQueueType                                
000081a0  ulMaxSyscallInterruptPriority                      
00006bb9  ulPortGetIPSR                                      
000016db  ulTaskNotifyTake                                   
0000674d  uxListRemove                                       
000036ab  uxQueueGetQueueNumber                              
00003615  uxQueueMessagesWaiting                             
0000366b  uxQueueMessagesWaitingFromISR                      
0000363d  uxQueueSpacesAvailable                             
00000c45  uxTaskGetNumberOfTasks                             
00000c81  uxTaskGetSystemState                               
000011e3  uxTaskGetTaskNumber                                
000006a1  uxTaskPriorityGet                                  
000006c5  uxTaskPriorityGetFromISR                           
000016a1  uxTaskResetEventItemValue                          
00007a51  vApplicationAssert                                 
0000666b  vListInitialise                                    
0000669b  vListInitialiseItem                                
000066e7  vListInsert                                        
000066ab  vListInsertEnd                                     
00006c6d  vPortEnableVFP                                     
00005fc5  vPortEndScheduler                                  
00005fdd  vPortEnterCritical                                 
00006015  vPortExitCritical                                  
00005c93  vPortFree                                          
00005cfb  vPortInitialiseBlocks                              
00006c31  vPortSVCHandler                                    
00006065  vPortSetupTimerInterrupt                           
00006c51  vPortStartFirstTask                                
0000391b  vQueueAddToRegistry                                
00003687  vQueueDelete                                       
000036b9  vQueueSetQueueNumber                               
0000399d  vQueueUnregisterQueue                              
000039e1  vQueueWaitForMessageRestricted                     
000005a5  vTaskDelay                                         
000004d3  vTaskDelayUntil                                    
00000415  vTaskDelete                                        
00000aed  vTaskEndScheduler                                  
000012f5  vTaskGetInfo                                       
000011db  vTaskMissedYield                                   
00001a4f  vTaskNotifyGiveFromISR                             
00000f1b  vTaskPlaceOnEventList                              
00000f9d  vTaskPlaceOnEventListRestricted                    
00000f49  vTaskPlaceOnUnorderedEventList                     
00001525  vTaskPriorityInherit                               
00000711  vTaskPrioritySet                                   
00000955  vTaskResume                                        
00001203  vTaskSetTaskNumber                                 
0000111d  vTaskSetTimeOutState                               
00000a81  vTaskStartScheduler                                
0000083d  vTaskSuspend                                       
00000b0b  vTaskSuspendAll                                    
00000e9d  vTaskSwitchContext                                 
00004851  vTimerSetTimerID                                   
20014b98  val                                                
00005cf5  xPortGetFreeHeapSize                               
00006bd1  xPortPendSVHandler                                 
00005f93  xPortStartScheduler                                
0000603d  xPortSysTickHandler                                
00002fa1  xQueueCreateCountingSemaphore                      
00002ed5  xQueueCreateMutex                                  
00002e0d  xQueueGenericCreate                                
00003319  xQueueGenericReceive                               
00002d61  xQueueGenericReset                                 
00002ff9  xQueueGenericSend                                  
0000316f  xQueueGenericSendFromISR                           
00003245  xQueueGiveFromISR                                  
00002f01  xQueueGiveMutexRecursive                           
000038a3  xQueueIsQueueEmptyFromISR                          
000038ef  xQueueIsQueueFullFromISR                           
00003587  xQueuePeekFromISR                                  
000034cb  xQueueReceiveFromISR                               
2001072c  xQueueRegistry                                     
00002f4b  xQueueTakeMutexRecursive                           
00001141  xTaskCheckForTimeOut                               
00000209  xTaskCreate                                        
00001811  xTaskGenericNotify                                 
00001925  xTaskGenericNotifyFromISR                          
000014c9  xTaskGetCurrentTaskHandle                          
000014d9  xTaskGetSchedulerState                             
00000c21  xTaskGetTickCount                                  
00000c31  xTaskGetTickCountFromISR                           
00000d75  xTaskIncrementTick                                 
00001b1d  xTaskNotifyStateClear                              
00001761  xTaskNotifyWait                                    
000015df  xTaskPriorityDisinherit                            
00000fd9  xTaskRemoveFromEventList                           
00001071  xTaskRemoveFromUnorderedEventList                  
00000b21  xTaskResumeAll                                     
000009e1  xTaskResumeFromISR                                 
0000427b  xTimerCreate                                       
00004241  xTimerCreateTimerTask                              
000042fd  xTimerGenericCommand                               
000043ab  xTimerGetExpiryTime                                
0000438f  xTimerGetPeriod                                    
00004377  xTimerGetTimerDaemonTaskHandle                     
000047ef  xTimerIsTimerActive                                


GLOBAL SYMBOLS: SORTED BY Symbol Address 

address   name                                               
-------   ----                                               
00000000  __TI_static_base__                                 
00000000  g_pfnVectors                                       
00000200  __STACK_SIZE                                       
00000209  xTaskCreate                                        
00000415  vTaskDelete                                        
000004d3  vTaskDelayUntil                                    
000005a5  vTaskDelay                                         
00000605  eTaskGetState                                      
000006a1  uxTaskPriorityGet                                  
000006c5  uxTaskPriorityGetFromISR                           
00000711  vTaskPrioritySet                                   
0000083d  vTaskSuspend                                       
00000955  vTaskResume                                        
000009e1  xTaskResumeFromISR                                 
00000a81  vTaskStartScheduler                                
00000aed  vTaskEndScheduler                                  
00000b0b  vTaskSuspendAll                                    
00000b21  xTaskResumeAll                                     
00000c21  xTaskGetTickCount                                  
00000c31  xTaskGetTickCountFromISR                           
00000c45  uxTaskGetNumberOfTasks                             
00000c4b  pcTaskGetName                                      
00000c81  uxTaskGetSystemState                               
00000d75  xTaskIncrementTick                                 
00000e9d  vTaskSwitchContext                                 
00000f1b  vTaskPlaceOnEventList                              
00000f49  vTaskPlaceOnUnorderedEventList                     
00000f9d  vTaskPlaceOnEventListRestricted                    
00000fd9  xTaskRemoveFromEventList                           
00001071  xTaskRemoveFromUnorderedEventList                  
0000111d  vTaskSetTimeOutState                               
00001141  xTaskCheckForTimeOut                               
000011db  vTaskMissedYield                                   
000011e3  uxTaskGetTaskNumber                                
00001203  vTaskSetTaskNumber                                 
000012f5  vTaskGetInfo                                       
000014c9  xTaskGetCurrentTaskHandle                          
000014d9  xTaskGetSchedulerState                             
00001525  vTaskPriorityInherit                               
000015df  xTaskPriorityDisinherit                            
000016a1  uxTaskResetEventItemValue                          
000016c3  pvTaskIncrementMutexHeldCount                      
000016db  ulTaskNotifyTake                                   
00001761  xTaskNotifyWait                                    
00001811  xTaskGenericNotify                                 
00001925  xTaskGenericNotifyFromISR                          
00001a4f  vTaskNotifyGiveFromISR                             
00001b1d  xTaskNotifyStateClear                              
00002465  __TI_printfi                                       
00002d5f  __mpu_init                                         
00002d61  xQueueGenericReset                                 
00002e0d  xQueueGenericCreate                                
00002ed5  xQueueCreateMutex                                  
00002f01  xQueueGiveMutexRecursive                           
00002f4b  xQueueTakeMutexRecursive                           
00002fa1  xQueueCreateCountingSemaphore                      
00002ff9  xQueueGenericSend                                  
0000316f  xQueueGenericSendFromISR                           
00003245  xQueueGiveFromISR                                  
00003319  xQueueGenericReceive                               
000034cb  xQueueReceiveFromISR                               
00003587  xQueuePeekFromISR                                  
00003615  uxQueueMessagesWaiting                             
0000363d  uxQueueSpacesAvailable                             
0000366b  uxQueueMessagesWaitingFromISR                      
00003687  vQueueDelete                                       
000036ab  uxQueueGetQueueNumber                              
000036b9  vQueueSetQueueNumber                               
000036cb  ucQueueGetQueueType                                
000038a3  xQueueIsQueueEmptyFromISR                          
000038ef  xQueueIsQueueFullFromISR                           
0000391b  vQueueAddToRegistry                                
0000395d  pcQueueGetName                                     
0000399d  vQueueUnregisterQueue                              
000039e1  vQueueWaitForMessageRestricted                     
00003a61  _ZN8TskMotor4taskEPv                               
00004000  __SYSMEM_SIZE                                      
0000406d  _ZN8TskMotor4InitEv                                
000040e5  __sti___12_TskMotor_cpp_440a4bfa                   
00004241  xTimerCreateTimerTask                              
0000427b  xTimerCreate                                       
000042fd  xTimerGenericCommand                               
00004377  xTimerGetTimerDaemonTaskHandle                     
0000438f  xTimerGetPeriod                                    
000043ab  xTimerGetExpiryTime                                
000043cb  pcTimerGetName                                     
000047ef  xTimerIsTimerActive                                
00004829  pvTimerGetTimerID                                  
00004851  vTimerSetTimerID                                   
00004899  _Z12BaseTimerISRv                                  
0000491d  _Z12BaseTimeInitv                                  
000049bf  _Z8portEISRv                                       
00004a09  _Z8portBISRv                                       
00004a53  _Z8portKISRv                                       
00004b21  _Z12WheelEncInitv                                  
00004c59  _Z14WheelEncGetVelRVfS0_                           
00004d69  minit                                              
00004de9  malloc                                             
00004e53  free                                               
00004f15  realloc                                            
0000501d  memalign                                           
00005109  calloc                                             
000051ab  __cxa_vec_new3                                     
000051d7  __cxa_vec_new2                                     
00005203  __cxa_vec_new                                      
0000529f  __cxa_vec_dtor                                     
000052bb  __cxa_vec_delete3                                  
000052e1  __cxa_vec_delete2                                  
00005307  __cxa_vec_delete                                   
0000532d  __cxa_vec_ctor                                     
00005351  __cxa_vec_cleanup                                  
00005371  __cxa_vec_cctor                                    
0000539b  __aeabi_vec_new_nocookie                           
000053af  __aeabi_vec_new_cookie_nodtor                      
000053d5  __aeabi_vec_new_cookie_noctor                      
000053f1  __aeabi_vec_new_cookie                             
00005405  __aeabi_vec_dtor                                   
00005419  __aeabi_vec_dtor_cookie                            
00005437  __aeabi_vec_delete3_nodtor                         
00005451  __aeabi_vec_delete3                                
0000546d  __aeabi_vec_delete                                 
00005479  __aeabi_vec_ctor_nocookie_nodtor                   
0000548b  __aeabi_vec_ctor_cookie_nodtor                     
000054af  __aeabi_vec_cctor_nocookie_nodtor                  
000054d5  _ZN10Kalman2VarC1E9Matrix2x27Vector2S0_S0_S0_S1_S0_
000054d5  _ZN10Kalman2VarC2E9Matrix2x27Vector2S0_S0_S0_S1_S0_
000055a3  _ZN10Kalman2Var7PredictEf                          
0000560b  _ZN10Kalman2Var7CorrectE7Vector2                   
000056dd  _ZN10Kalman2VarD1Ev                                
000056dd  _ZN10Kalman2VarD2Ev                                
000056e9  _ZN10Kalman2VarD0Ev                                
000056ff  _ZN10Kalman2Var5ResetEv                            
0000574f  __sti___14_Kalman2Var_cpp_aa8a8511                 
00005779  _ZN8TskPrint9uartRxISREv                           
000057a3  _ZN8TskPrint9UART2InitEv                           
0000581d  _ZN8TskPrint11UartGetLineEPc                       
0000585d  _ZN8TskPrint9UartWriteEPc                          
00005899  _ZN8TskPrint4taskEPv                               
000058c5  _ZN8TskPrint4InitEv                                
0000590f  __sti___11_DbgUart_cpp_e363817f                    
00005999  __aeabi_uldivmod                                   
00005b8d  pvPortMalloc                                       
00005c93  vPortFree                                          
00005cf5  xPortGetFreeHeapSize                               
00005cfb  vPortInitialiseBlocks                              
00005d59  __aeabi_dsub                                       
00005d63  __aeabi_dadd                                       
00005f0f  _Z21__default_new_handlerv                         
00005f11  pxPortInitialiseStack                              
00005f93  xPortStartScheduler                                
00005fc5  vPortEndScheduler                                  
00005fdd  vPortEnterCritical                                 
00006015  vPortExitCritical                                  
0000603d  xPortSysTickHandler                                
00006065  vPortSetupTimerInterrupt                           
000060c1  Board_General_Init                                 
000061a1  GPIO_write                                         
00006255  _Z13MotorPwmCoastv                                 
00006275  _Z15MotorPwmSetDutyss                              
000062f3  _Z12MotorPwmInitv                                  
000063c5  _ZN3PidC1Efffffff                                  
000063c5  _ZN3PidC2Efffffff                                  
0000644f  _ZN3Pid4TickEf                                     
0000651b  _ZN3Pid5ResetEv                                    
00006535  __aeabi_ddiv                                       
0000666b  vListInitialise                                    
0000669b  vListInitialiseItem                                
000066ab  vListInsertEnd                                     
000066e7  vListInsert                                        
0000674d  uxListRemove                                       
00006795  _ZN6TskTop7SetLedsEh                               
000067d9  _ZN6TskTop4taskEPv                                 
00006865  _ZN6TskTop4InitEv                                  
000068bd  __aeabi_dmul                                       
000069b9  ldexp                                              
000069b9  ldexpl                                             
000069b9  scalbn                                             
000069b9  scalbnl                                            
00006ab5  __cxa_finalize                                     
00006af7  __cxa_ia64_exit                                    
00006afd  __cxa_atexit                                       
00006b41  atexit                                             
00006b4f  __aeabi_atexit                                     
00006bb9  ulPortGetIPSR                                      
00006bd1  xPortPendSVHandler                                 
00006c31  vPortSVCHandler                                    
00006c51  vPortStartFirstTask                                
00006c6d  vPortEnableVFP                                     
00006c7b  _system_post_cinit                                 
00006c7d  _ZSt21__gen_dummy_typeinfosv                       
00006c85  _ZNSt9type_infoD1Ev                                
00006c85  _ZNSt9type_infoD2Ev                                
00006c87  _ZNSt9type_infoD0Ev                                
00006c8f  _ZNKSt9type_info4nameEv                            
00006c93  _ZNKSt9type_infoneERKS_                            
00006ca9  _ZNKSt9type_infoeqERKS_                            
00006cbf  _ZNKSt9type_info6beforeERKS_                       
00006ccd  _ZN10__cxxabiv129__pointer_to_member_type_infoD1Ev 
00006ccd  _ZN10__cxxabiv129__pointer_to_member_type_infoD2Ev 
00006ccf  _ZN10__cxxabiv129__pointer_to_member_type_infoD0Ev 
00006cd7  _ZN10__cxxabiv123__fundamental_type_infoD1Ev       
00006cd7  _ZN10__cxxabiv123__fundamental_type_infoD2Ev       
00006cd9  _ZN10__cxxabiv123__fundamental_type_infoD0Ev       
00006ce1  _ZN10__cxxabiv121__vmi_class_type_infoD1Ev         
00006ce1  _ZN10__cxxabiv121__vmi_class_type_infoD2Ev         
00006ce3  _ZN10__cxxabiv121__vmi_class_type_infoD0Ev         
00006ceb  _ZN10__cxxabiv120__si_class_type_infoD1Ev          
00006ceb  _ZN10__cxxabiv120__si_class_type_infoD2Ev          
00006ced  _ZN10__cxxabiv120__si_class_type_infoD0Ev          
00006cf5  _ZN10__cxxabiv120__function_type_infoD1Ev          
00006cf5  _ZN10__cxxabiv120__function_type_infoD2Ev          
00006cf7  _ZN10__cxxabiv120__function_type_infoD0Ev          
00006cff  _ZN10__cxxabiv119__pointer_type_infoD1Ev           
00006cff  _ZN10__cxxabiv119__pointer_type_infoD2Ev           
00006d01  _ZN10__cxxabiv119__pointer_type_infoD0Ev           
00006d09  _ZN10__cxxabiv117__pbase_type_infoD1Ev             
00006d09  _ZN10__cxxabiv117__pbase_type_infoD2Ev             
00006d0b  _ZN10__cxxabiv117__pbase_type_infoD0Ev             
00006d13  _ZN10__cxxabiv117__class_type_infoD1Ev             
00006d13  _ZN10__cxxabiv117__class_type_infoD2Ev             
00006d15  _ZN10__cxxabiv117__class_type_infoD0Ev             
00006d1d  _ZN10__cxxabiv117__array_type_infoD1Ev             
00006d1d  _ZN10__cxxabiv117__array_type_infoD2Ev             
00006d1f  _ZN10__cxxabiv117__array_type_infoD0Ev             
00006d27  _ZN10__cxxabiv116__enum_type_infoD1Ev              
00006d27  _ZN10__cxxabiv116__enum_type_infoD2Ev              
00006d29  _ZN10__cxxabiv116__enum_type_infoD0Ev              
00006d39  _ZNK9Matrix2x2mlERKS_                              
00006ded  _ZN9Matrix2x23InvEv                                
00006e91  _ZN5QueueIN8TskMotor8VelOmegaELb1EE2DeERS1_        
00006f2d  __aeabi_memcpy                                     
00006f2d  __aeabi_memcpy4                                    
00006f2d  __aeabi_memcpy8                                    
00006f2d  memcpy                                             
00006fc9  _ZNK9Matrix2x2mlERK7Vector2                        
00007055  __aeabi_cdcmpeq                                    
00007055  __aeabi_cdcmple                                    
000070db  __aeabi_cdrcmple                                   
00007161  _ZNK9Matrix2x2miERKS_                              
000071e3  _ZNK9Matrix2x2plERKS_                              
00007265  __aeabi_memclr                                     
00007265  __aeabi_memclr4                                    
00007265  __aeabi_memclr8                                    
00007267  __aeabi_memset                                     
00007267  __aeabi_memset4                                    
00007267  __aeabi_memset8                                    
0000726d  memset                                             
000072e1  __TI_auto_init                                     
00007351  IntDisable                                         
000073b9  IntEnable                                          
00007421  __TI_decompress_lzss                               
00007489  frexp                                              
00007489  frexpl                                             
000074ed  _ZN8PidParamC1Ev                                   
0000754d  sprintf                                            
000075ad  _ZN5QueueIcLb0EE2EnERKc                            
0000760b  _ZN5QueueIcLb0EE2DeERc                             
00007665  _ZN5QueueIN8TskMotor8VelOmegaELb1EE5ClearEv        
000076b9  _ZNK7Vector2mlEf                                   
0000770d  _c_int00                                           
00007761  C$$EXIT                                            
00007765  abort                                              
0000776d  exit                                               
000077b5  ltoa                                               
00007809  _ZN5QueueIN8TskMotor8VelOmegaELb1EEC1Ei            
00007859  main                                               
0000788b  _Z9__error__Pcj                                    
000078a5  atoi                                               
000078f1  copy_in                                            
0000793d  _ZN8TskMotor8saturateEfff                          
00007985  __aeabi_d2iz                                       
000079cd  _ZNK7Vector2miERKS_                                
00007a0f  _ZNK7Vector2plERKS_                                
00007a51  vApplicationAssert                                 
00007a8d  _ZN5QueueIN8TskMotor8VelOmegaELb1EE1lEv            
00007ac5  _ZN5QueueIcLb0EE1lEv                               
00007afd  __aeabi_f2d                                        
00007b35  IntRegister                                        
00007b69  _ZN9Matrix2x24TranEv                               
00007b9d  _ZN9Matrix2x2C1Effff                               
00007bd1  _Znaj                                              
00007bd1  _Znwj                                              
00007c01  __aeabi_i2d                                        
00007c2f  _ZN5QueueIcLb0EEC1Ei                               
00007c59  _ZN9Matrix2x2C1Ev                                  
00007c81  _ZN7Vector2C1Eff                                   
00007ca1  _ZN8TskMotor8VelOmegaC1Eff                         
00007cc1  _ZN7Vector2C1Ev                                    
00007cdd  memccpy                                            
00007cf9  _args_main                                         
00007d11  strchr                                             
00007d29  _register_unlock                                   
00007d2f  _register_lock                                     
00007d37  _nop                                               
00007d3d  copysign                                           
00007d3d  copysignl                                          
00007d51  strlen                                             
00007d65  _ZN5QueueIcLb0EED1Ev                               
00007d77  IntMasterEnable                                    
00007d87  __TI_decompress_none                               
00007d95  CPUcpsie                                           
00007da1  UARTCharsAvail                                     
00007dad  __TI_zero_init                                     
00007db9  ResetISR                                           
00007dc5  _ZdaPv                                             
00007dc5  _ZdlPv                                             
00007dcd  _system_pre_init                                   
00007dd0  _ctypes_                                           
00007ed1  _ZTSe                                              
00007f44  _ZZN5QueueIN8TskMotor8VelOmegaELb1EE2DeERS1_Es     
00007f8a  _ZZN5QueueIN8TskMotor8VelOmegaELb1EE5ClearEvEs     
00007fd0  _ZZN5QueueIN8TskMotor8VelOmegaELb1EEC1EiEs         
00008016  _ZTSN10__cxxabiv123__fundamental_type_infoE        
0000803e  _ZTSN10__cxxabiv120__si_class_type_infoE           
00008063  _ZTSN10__cxxabiv119__pointer_type_infoE            
00008087  _ZTSN10__cxxabiv117__class_type_infoE              
000080a9  _ZTSN10__cxxabiv117__pbase_type_infoE              
000080cc  _ZTIPKe                                            
000080dc  _ZTV10Kalman2Var                                   
000080ec  _ZTVN10__cxxabiv117__class_type_infoE              
000080fc  _ZTVN10__cxxabiv119__pointer_type_infoE            
0000810c  _ZTVN10__cxxabiv120__si_class_type_infoE           
0000811c  _ZTVN10__cxxabiv123__fundamental_type_infoE        
0000812c  _ZTS10Kalman2Var                                   
00008139  _ZTSSt9type_info                                   
00008148  _ZTIN10__cxxabiv117__class_type_infoE              
00008154  _ZTIN10__cxxabiv117__pbase_type_infoE              
00008160  _ZTIN10__cxxabiv119__pointer_type_infoE            
0000816c  _ZTIN10__cxxabiv120__si_class_type_infoE           
00008178  _ZTIN10__cxxabiv123__fundamental_type_infoE        
00008184  _ZTI10Kalman2Var                                   
0000818c  _ZTISt9type_info                                   
00008194  _ZTIe                                              
0000819c  _ZTSPKe                                            
000081a0  ulMaxSyscallInterruptPriority                      
000081a4  SHT$$INIT_ARRAY$$Base                              
000081b0  SHT$$INIT_ARRAY$$Limit                             
000081d8  __TI_Handler_Table_Base                            
000081e4  __TI_Handler_Table_Limit                           
000081f8  __TI_CINIT_Base                                    
00008210  __TI_CINIT_Limit                                   
20000000  g_pfnRAMVectors                                    
2001026c  dbgStr                                             
200105ac  _ZN6TskTop6dbgStrE                                 
2001062c  _ZN8TskMotor6dbgStrE                               
200106ac  _ZN8TskPrint3msgE                                  
2001072c  xQueueRegistry                                     
2001076c  _ZN8TskMotor8pidparamE                             
20010794  _ZN8TskPrint7QUartRxE                              
20010834  I                                                  
20010844  _ZN8TskMotor1AE                                    
20010854  _ZN8TskMotor1HE                                    
20010864  _ZN8TskMotor1QE                                    
20010874  _ZN8TskMotor1RE                                    
20010884  _ZN8TskMotor2P0E                                   
20010894  _ZN8TskMotor1BE                                    
2001089c  _ZN8TskMotor2x0E                                   
200108a4  _ZN8TskMotor6desireE                               
200108ac  _ZN8TskMotor6kalOutE                               
200108d4  SemActTick                                         
200108d8  SemIrTick                                          
200108dc  SemMotTick                                         
200108e0  _ZN8TskMotor2AVE                                   
200108e4  _ZN8TskMotor2LVE                                   
200108e8  _ZN8TskMotor5AcclXE                                
200108ec  _ZN8TskMotor5GyroZE                                
200108f0  _ZN8TskMotor5MbCmdE                                
200108f4  _ZN8TskMotor6EncVelE                               
200108f8  _ZN8TskMotor6QMotorE                               
200108fc  _ZN8TskPrint5MbCmdE                                
20010900  _ZSt16__dummy_typeinfo                             
20010904  __dso_handle                                       
20010908  lp                                                 
2001090c  rp                                                 
20010910  _sys_memory                                        
20014910  __stack                                            
20014b10  _ZN8TskMotor7EncRVelE                              
20014b10  __STACK_END                                        
20014b10  __STACK_TOP                                        
20014b14  _ZN8TskMotor7EncLVelE                              
20014b18  _ZN8TskMotor11DistanceAccE                         
20014b1c  _ZN8TskMotor8AngleAccE                             
20014b20  _ZN8TskMotor14DistanceAcc_enE                      
20014b24  _ZN8TskMotor14DesireDistanceE                      
20014b28  _ZN8TskMotor8CurrentVE                             
20014b2c  _ZN8TskMotor6OmgAdjE                               
20014b30  _ZN8TskMotor5LvAdjE                                
20014b34  _ZN8TskMotor9GyroZZeroE                            
20014b38  _ZN8TskMotor9AcclXZeroE                            
20014b3c  _ZN8TskMotor11TemperatureE                         
20014b40  _ZN8TskMotor12MotorEnabledE                        
20014b41  _ZN8TskMotor11GyroEnabledE                         
20014b42  _ZN8TskMotor11AcclEnabledE                         
20014b43  _ZN8TskMotor15AcqZerosEnabledE                     
20014b44  pxCurrentTCB                                       
20014b78  __TI_cleanup_ptr                                   
20014b7c  __TI_dtors_ptr                                     
20014b80  __TI_enable_exit_profile_output                    
20014b90  rotateR                                            
20014b94  rotateL                                            
20014b98  val                                                
20014ba8  _lock                                              
20014bac  _unlock                                            
20014bc0  errno                                              
20014bc4  main_func_sp                                       
20014bc8  _new_handler                                       
ffffffff  __TI_pprof_out_hndl                                
ffffffff  __TI_prof_data_size                                
ffffffff  __TI_prof_data_start                               
ffffffff  __binit__                                          
ffffffff  __c_args__                                         
ffffffff  binit                                              

[412 symbols]
