******************************************************************************
                  TI ARM Linker PC v16.6.0                     
******************************************************************************
>> Linked Mon Sep 18 17:54:57 2017

OUTPUT FILE NAME:   <dbHu_m.out>
ENTRY POINT SYMBOL: "_c_int00"  address: 0000ef41


MEMORY CONFIGURATION

         name            origin    length      used     unused   attr    fill
----------------------  --------  ---------  --------  --------  ----  --------
  FLASH                 00000000   00100000  00014180  000ebe80  R  X
  SRAM                  20000000   00040000  0000830c  00037cf4  RW X


SEGMENT ALLOCATION MAP

run origin  load origin   length   init length attrs members
----------  ----------- ---------- ----------- ----- -------
00000000    00000000    00014188   00014188    r-x
  00000000    00000000    0000003c   0000003c    r-- .resetVecs
  00000040    00000040    00011992   00011992    r-x .text
  000119d4    000119d4    0000253a   0000253a    r-- .const
  00013f10    00013f10    00000278   00000278    r-- .cinit
20000000    20000000    0000830c   00000000    rw-
  20000000    20000000    00000360   00000000    rw- .vecs
  20000360    20000360    00007454   00000000    rw- .bss
  200077b4    200077b4    00000758   00000000    rw- .data
  20007f0c    20007f0c    00000400   00000000    rw- .stack


SECTION ALLOCATION MAP

 output                                  attributes/
section   page    origin      length       input sections
--------  ----  ----------  ----------   ----------------
.text      0    00000040    00011992     
                  00000040    0000113e     rtsv7M4_T_le_v4SPD16_eabi.lib : _printfi.obj (.text)
                  0000117e    00000002                                   : i_div0.obj (.text)
                  00001180    00000ed4     action.obj (.text:_ZN9TskAction4taskEjj)
                  00002054    00000700     TskMotor.obj (.text:_ZN8TskMotor4taskEjj)
                  00002754    00000580     action.obj (.text:_ZN9TskAction7actL180Ev)
                  00002cd4    00000580     rtsv7M4_T_le_v4SPD16_eabi.lib : e_powf.obj (.text)
                  00003254    0000057c     action.obj (.text:_ZN9TskAction7actR180Ev)
                  000037d0    00000484     action.obj (.text:_ZN9TskAction14MotionCalcTurnEfffPfS0_)
                  00003c54    0000043c     action.obj (.text:_ZN9TskAction7actR45iEv)
                  00004090    00000430     action.obj (.text:_ZN9TskAction7actL45iEv)
                  000044c0    00000430     sysbios.aem4f : BIOS.obj (.text:ti_sysbios_family_arm_m3_Hwi_excDumpRegs__I)
                  000048f0    00000420     action.obj (.text:_ZN9TskAction7actL90rEv)
                  00004d10    00000420     action.obj (.text:_ZN9TskAction7actL90tEv)
                  00005130    00000420     action.obj (.text:_ZN9TskAction7actR45oEv)
                  00005550    00000420     action.obj (.text:_ZN9TskAction7actR90rEv)
                  00005970    00000420     action.obj (.text:_ZN9TskAction7actR90tEv)
                  00005d90    00000420     action.obj (.text:_ZN9TskAction8actR135oEv)
                  000061b0    0000041c     action.obj (.text:_ZN9TskAction8actR135iEv)
                  000065cc    00000410     action.obj (.text:_ZN9TskAction8actL135oEv)
                  000069dc    0000040c     TskIr.obj (.text:_ZN5TskIr4taskEjj)
                  00006de8    0000040c     action.obj (.text:_ZN9TskAction7actL45oEv)
                  000071f4    00000408     action.obj (.text:_ZN9TskAction8actL135iEv)
                  000075fc    000003d0     TskTop.obj (.text:_ZN6TskTop4taskEjj)
                  000079cc    000003bc     action.obj (.text:_ZN9TskAction11actCorrLR90ENS_3Act7ActTypeE)
                  00007d88    000003a8     action.obj (.text:_ZN9TskAction11actCorrStopEv)
                  00008130    0000034c     ti.targets.arm.rtsarm.aem4f : System.oem4f (.text:xdc_runtime_System_doPrint__I)
                  0000847c    000002ac     mouse.obj (.text:_ZN10Micromouse5Mouse4StepENS_8WallType4TypeES2_S2_Pb)
                  00008728    000002a4     action.obj (.text:_ZN9TskAction11actCorrBackEPNS_10WallStatusE)
                  000089cc    00000298     solve.obj (.text:_ZN5solve12SearchAndRunEb)
                  00008c64    00000280     action.obj (.text:_ZN9TskAction7actLR90ENS_3Act7ActTypeE)
                  00008ee4    00000272     mouse.obj (.text:_ZN10Micromouse5MouseC1EssRKNS_8GridCoorE)
                  00009156    00000002     hello_pem4f.oem4f (.text:ti_sysbios_BIOS_nullFunc__I)
                  00009158    0000021c     sysbios.aem4f : BIOS.obj (.text:ti_sysbios_family_arm_lm4_Timer_Instance_init__E)
                  00009374    0000020c     drivers_tivaware.aem4f : UARTTiva.oem4f (.text:UARTTiva_open)
                  00009580    00000204     action.obj (.text:_ZN9TskAction14actCorrRestartEv)
                  00009784    00000204     Boot.aem4f : Boot_sysctl.oem4f (.text:ti_catalog_arm_cortexm4_tiva_ce_Boot_sysCtlClockFreqSetI__I)
                  00009988    000001fc     sysbios.aem4f : BIOS.obj (.text:ti_sysbios_family_arm_m3_Hwi_excHandlerMax__I)
                  00009b84    000001f4     rtsv7M4_T_le_v4SPD16_eabi.lib : ull_div_t2.obj (.text)
                  00009d78    000001ec                                   : e_logf.obj (.text)
                  00009f64    000001dc                                   : e_expf.obj (.text)
                  0000a140    000001cc     mmaze.obj (.text:_ZN10Micromouse5MMaze5FluidEPtRKNS_8GridCoorES4_NS_8WallType4TypeEb)
                  0000a30c    000001c0     dbmouse.obj (.text:main)
                  0000a4cc    000001b6     rtsv7M4_T_le_v4SPD16_eabi.lib : fd_add_t2.obj (.text)
                  0000a682    00000002     hello_pem4f.oem4f (.text:xdc_runtime_Startup_reset__I)
                  0000a684    000001ac     action.obj (.text:_ZN9TskAction7actStopEv)
                  0000a830    0000017c     action.obj (.text:_ZN9TskAction7actBackEv)
                  0000a9ac    00000004     driverlib.lib : i2c.obj (.text:I2CMasterControl)
                  0000a9b0    00000174     sysbios.aem4f : BIOS.obj (.text:ti_sysbios_family_arm_m3_Hwi_excBusFault__I)
                  0000ab24    00000170     rtsv7M4_T_le_v4SPD16_eabi.lib : e_sqrt.obj (.text)
                  0000ac94    00000004     driverlib.lib : i2c.obj (.text:I2CMasterDataGet)
                  0000ac98    00000164     sysbios.aem4f : BIOS.obj (.text:ti_sysbios_family_arm_m3_Hwi_excUsageFault__I)
                  0000adfc    00000158     TskIr.obj (.text:_ZN5TskIr9irDetInitEv)
                  0000af54    00000150     drivers_tivaware.aem4f : GPIOTiva.oem4f (.text:GPIO_setConfig)
                  0000b0a4    00000004     driverlib.lib : i2c.obj (.text:I2CMasterDataPut)
                  0000b0a8    00000148     sysbios.aem4f : BIOS.obj (.text:ti_sysbios_family_arm_m3_Hwi_excMemFault__I)
                  0000b1f0    00000138                   : BIOS.obj (.text:ti_sysbios_knl_Semaphore_pend__E)
                  0000b328    00000136     rtsv7M4_T_le_v4SPD16_eabi.lib : fd_div_t2.obj (.text)
                  0000b45e    00000130     driverlib.lib : gpio.obj (.text:GPIOPadConfigSet)
                  0000b58e    00000002     --HOLE-- [fill = 0]
                  0000b590    00000118     ti.targets.arm.rtsarm.aem4f : Error.oem4f (.text:xdc_runtime_Error_policyDefault__E)
                  0000b6a8    00000108     sysbios.aem4f : BIOS.obj (.text:ti_sysbios_family_arm_lm4_Timer_start__E)
                  0000b7b0    00000100     ti.targets.arm.rtsarm.aem4f : Core-mem.oem4f (.text:xdc_runtime_Core_createObject__I)
                  0000b8b0    000000fc     rtsv7M4_T_le_v4SPD16_eabi.lib : fd_mul_t2.obj (.text)
                  0000b9ac    000000fc                                   : s_scalbn.obj (.text)
                  0000baa8    000000f8     ti.targets.arm.rtsarm.aem4f : Startup.oem4f (.text:xdc_runtime_Startup_startMods__I)
                  0000bba0    000000f8     hello_pem4f.oem4f (.text:xdc_runtime_System_printfExtend__I)
                  0000bc98    000000f4     sysbios.aem4f : m3_Hwi_asm.obj (.text:ti_sysbios_family_arm_m3_Hwi_dispatch__I)
                  0000bd8c    000000e0     drivers_tivaware.aem4f : I2CTiva.oem4f (.text:I2CTiva_open)
                  0000be6c    000000d6                            : I2CTiva.oem4f (.text:I2CTiva_hwiFxn)
                  0000bf42    00000002     --HOLE-- [fill = 0]
                  0000bf44    000000d4     WheelEnc.obj (.text:_Z12WheelEncInitv)
                  0000c018    000000d4     sysbios.aem4f : BIOS.obj (.text:ti_sysbios_knl_Mailbox_Instance_init__E)
                  0000c0ec    000000d0     TskIr.obj (.text:_ZN5TskIr13irTimerHookerEj)
                  0000c1bc    00000004     driverlib.lib : uart.obj (.text:UARTIntClear)
                  0000c1c0    000000cc     sysbios.aem4f : BIOS.obj (.text:ti_sysbios_heaps_HeapMem_alloc__E)
                  0000c28c    00000004     hello_pem4f.oem4f (.text:ti_sysbios_BIOS_RtsGateProxy_enter__E)
                  0000c290    000000cc     sysbios.aem4f : BIOS.obj (.text:ti_sysbios_knl_Task_Instance_init__E)
                  0000c35c    000000cc     ti.targets.arm.rtsarm.aem4f : Core-smem.oem4f (.text:xdc_runtime_Core_constructObject__I)
                  0000c428    000000c8     action.obj (.text:_ZN9TskAction10actRestartEv)
                  0000c4f0    000000c8     rtsv7M4_T_le_v4SPD16_eabi.lib : s_scalbnf.obj (.text)
                  0000c5b8    000000c8     sysbios.aem4f : BIOS.obj (.text:ti_sysbios_knl_Task_sleep__E)
                  0000c680    000000be     mmaze.obj (.text:_ZN10Micromouse5MMaze7GetWallERKNS_8GridCoorENS_9Direction4TypeE)
                  0000c73e    00000002     --HOLE-- [fill = 0]
                  0000c740    000000bc     sysbios.aem4f : BIOS.obj (.text:ti_sysbios_family_arm_m3_Hwi_excDebugMon__I)
                  0000c7fc    00000004     hello_pem4f.oem4f (.text:ti_sysbios_BIOS_RtsGateProxy_leave__E)
                  0000c800    000000bc     sysbios.aem4f : BIOS.obj (.text:ti_sysbios_family_arm_m3_Hwi_excHardFault__I)
                  0000c8bc    00000004                   : BIOS.obj (.text:ti_sysbios_family_arm_lm4_Timer_masterEnable__I)
                  0000c8c0    000000bc                   : BIOS.obj (.text:ti_sysbios_knl_Task_Instance_finalize__E)
                  0000c97c    000000b4     DbgUart.obj (.text:_Z11InitDbgUartv)
                  0000ca30    000000b4     action.obj (.text:_ZN9TskAction16MotionCalcRotateEffPf)
                  0000cae4    000000b4     rtsv7M4_T_le_v4SPD16_eabi.lib : dtor_list.obj (.text)
                  0000cb98    000000b4                                   : s_cosf.obj (.text)
                  0000cc4c    00000004     hello_pem4f.oem4f (.text:ti_sysbios_family_arm_m3_Hwi_delete)
                  0000cc50    000000b4     sysbios.aem4f : BIOS.obj (.text:ti_sysbios_knl_Task_checkStacks__E)
                  0000cd04    000000b0     Pid.obj (.text:_ZN3Pid4TickEf)
                  0000cdb4    000000b0     TskMotor.obj (.text:_ZN8TskMotor4InitEv)
                  0000ce64    000000ac     drivers_tivaware.aem4f : UARTTiva.oem4f (.text:readTaskBlocking)
                  0000cf10    000000ac     sysbios.aem4f : BIOS.obj (.text:ti_sysbios_family_arm_lm4_Timer_enableTiva__I)
                  0000cfbc    000000a4     rtsv7M4_T_le_v4SPD16_eabi.lib : s_sinf.obj (.text)
                  0000d060    000000a0     mmaze.obj (.text:_ZN10Micromouse5MMaze7SetWallERKNS_8GridCoorENS_9Direction4TypeENS_8WallType4TypeE)
                  0000d100    000000a0     auto_init.aem4f : auto_init.oem4f (.text)
                  0000d1a0    000000a0     ti.targets.arm.rtsarm.aem4f : Text.oem4f (.text:xdc_runtime_Text_putMod__E)
                  0000d240    0000009c     rtsv7M4_T_le_v4SPD16_eabi.lib : memcpy_t2.obj (.text)
                  0000d2dc    00000004     hello_pem4f.oem4f (.text:ti_sysbios_family_arm_m3_Hwi_destruct)
                  0000d2e0    0000009c     sysbios.aem4f : BIOS.obj (.text:ti_sysbios_knl_Task_postInit__I)
                  0000d37c    0000009a     ti.targets.arm.rtsarm.aem4f : Text.oem4f (.text:xdc_runtime_Text_putSite__E)
                  0000d416    00000098     drivers_tivaware.aem4f : UARTTiva.oem4f (.text:UARTTiva_readPolling)
                  0000d4ae    00000002     --HOLE-- [fill = 0]
                  0000d4b0    00000098     mmaze.obj (.text:_ZN10Micromouse5MMazeC1EssRKNS_8GridCoorE)
                  0000d548    00000098     Boot.aem4f : Boot.oem4f (.text:ti_catalog_arm_cortexm4_tiva_ce_Boot_sysCtlClockFreqSet__E)
                  0000d5e0    00000094     drivers_tivaware.aem4f : UARTTiva.oem4f (.text:UARTTiva_write)
                  0000d674    00000004     hello_pem4f.oem4f (.text:ti_sysbios_family_arm_m3_TaskSupport_Module__startupDone__S)
                  0000d678    00000094     sysbios.aem4f : BIOS.obj (.text:ti_sysbios_family_arm_m3_Hwi_Instance_init__E)
                  0000d70c    00000004     hello_pem4f.oem4f (.text:ti_sysbios_hal_Timer_TimerProxy_delete)
                  0000d710    00000094     sysbios.aem4f : BIOS.obj (.text:ti_sysbios_family_arm_m3_Hwi_initNVIC__E)
                  0000d7a4    0000008c     drivers_tivaware.aem4f : GPIOTiva.oem4f (.text:GPIO_init)
                  0000d830    0000008c                            : UARTTiva.oem4f (.text:UARTTiva_control)
                  0000d8bc    0000008c     action.obj (.text:_ZN9TskAction13MotionCalcFwdEfffPf)
                  0000d948    0000008c     action.obj (.text:_ZN9TskAction4InitEv)
                  0000d9d4    0000008c     sysbios.aem4f : m3_TaskSupport_asm.obj (.text:ti_sysbios_family_arm_m3_TaskSupport_buildTaskStack)
                  0000da60    0000008a     drivers_tivaware.aem4f : UARTTiva.oem4f (.text:readIsrTextBlocking)
                  0000daea    00000002     --HOLE-- [fill = 0]
                  0000daec    00000088     TskIr.obj (.text:_ZN5TskIr11TestIrTouchEhii)
                  0000db74    00000004     hello_pem4f.oem4f (.text:ti_sysbios_hal_Timer_TimerProxy_start__E)
                  0000db78    00000088     sysbios.aem4f : BIOS.obj (.text:ti_sysbios_knl_Mailbox_post__E)
                  0000dc00    00000086     rtsv7M4_T_le_v4SPD16_eabi.lib : fd_cmp_t2.obj (.text:__aeabi_cdcmple)
                  0000dc86    00000086                                   : fd_cmp_t2.obj (.text:__aeabi_cdrcmple)
                  0000dd0c    00000004     hello_pem4f.oem4f (.text:ti_sysbios_heaps_HeapMem_Module_GateProxy_enter__E)
                  0000dd10    00000084     sysbios.aem4f : BIOS.obj (.text:ti_sysbios_family_arm_lm4_Timer_getExpiredCounts__E)
                  0000dd94    00000004     hello_pem4f.oem4f (.text:ti_sysbios_heaps_HeapMem_Module_GateProxy_leave__E)
                  0000dd98    00000084     sysbios.aem4f : BIOS.obj (.text:ti_sysbios_family_arm_m3_Hwi_postInit__I)
                  0000de1c    00000082     drivers_tivaware.aem4f : UARTTiva.oem4f (.text:readIsrTextCallback)
                  0000de9e    00000002     --HOLE-- [fill = 0]
                  0000dea0    00000080     sysbios.aem4f : BIOS.obj (.text:ti_sysbios_family_arm_lm4_Timer_disableTiva__I)
                  0000df20    0000007e     drivers_tivaware.aem4f : I2CTiva.oem4f (.text:I2CTiva_transfer)
                  0000df9e    00000002     --HOLE-- [fill = 0]
                  0000dfa0    0000007c     sysbios.aem4f : BIOS.obj (.text:ti_sysbios_heaps_HeapMem_free__E)
                  0000e01c    0000007a     drivers_tivaware.aem4f : UARTTiva.oem4f (.text:readTaskCallback)
                  0000e096    0000007a     rtsv7M4_T_le_v4SPD16_eabi.lib : memset_t2.obj (.text)
                  0000e110    00000074     sysbios.aem4f : BIOS.obj (.text:ti_sysbios_knl_Mailbox_pend__E)
                  0000e184    00000070     action.obj (.text:_ZN9TskAction20actFwdDisCorrByFwdIrEPNS_10WallStatusE)
                  0000e1f4    00000004     hello_pem4f.oem4f (.text:ti_sysbios_knl_Clock_TimerProxy_getMaxTicks__E)
                  0000e1f8    00000070     sysbios.aem4f : BIOS.obj (.text:ti_sysbios_knl_Mailbox_Instance_finalize__E)
                  0000e268    00000070                   : BIOS.obj (.text:ti_sysbios_knl_Semaphore_post__E)
                  0000e2d8    00000070                   : BIOS.obj (.text:ti_sysbios_knl_Task_exit__E)
                  0000e348    0000006e     rtsv7M4_T_le_v4SPD16_eabi.lib : fd_tos_t2.obj (.text)
                  0000e3b6    00000002     --HOLE-- [fill = 0]
                  0000e3b8    0000006d     ti.targets.arm.rtsarm.aem4f : System.oem4f (.text:xdc_runtime_System_formatNum__I)
                  0000e425    00000003     --HOLE-- [fill = 0]
                  0000e428    0000006c     IrCorr.obj (.text:_ZN5TskIr12programFlashEjPji)
                  0000e494    0000006c     TskIr.obj (.text:_ZN5TskIr4InitEv)
                  0000e500    0000006c     hello_pem4f.oem4f (.text:ti_sysbios_family_arm_lm4_Timer_Object__create__S)
                  0000e56c    00000004     hello_pem4f.oem4f (.text:ti_sysbios_knl_Clock_TimerProxy_getPeriod__E)
                  0000e570    0000006c     sysbios.aem4f : BIOS.obj (.text:ti_sysbios_knl_Clock_workFunc__E)
                  0000e5dc    00000004     hello_pem4f.oem4f (.text:ti_sysbios_knl_Clock_destruct)
                  0000e5e0    0000006c     sysbios.aem4f : BIOS.obj (.text:ti_sysbios_knl_Swi_restoreHwi__E)
                  0000e64c    0000006c     drivers_tivaware.aem4f : UARTTiva.oem4f (.text:writeData)
                  0000e6b8    0000006c     ti.targets.arm.rtsarm.aem4f : Error.oem4f (.text:xdc_runtime_Error_print__E)
                  0000e724    0000006c                                 : Memory.oem4f (.text:xdc_runtime_Memory_alloc__E)
                  0000e790    00000068     rtsv7M4_T_le_v4SPD16_eabi.lib : trgmsg.obj (.text)
                  0000e7f8    00000066                                   : copy_decompress_lzss.obj (.text:decompress:lzss)
                  0000e85e    00000066                                   : vec_newdel.obj (.text)
                  0000e8c4    00000066     ti.targets.arm.rtsarm.aem4f : Core-mem.oem4f (.text:xdc_runtime_Core_deleteObject__I)
                  0000e92a    00000002     --HOLE-- [fill = 0]
                  0000e92c    00000064     drivers_tivaware.aem4f : GPIOTiva.oem4f (.text:GPIO_hwiIntFxn)
                  0000e990    00000064     action.obj (.text:_ZN9TskAction8WaitQEndEv)
                  0000e9f4    00000064     rtsv7M4_T_le_v4SPD16_eabi.lib : s_frexp.obj (.text)
                  0000ea58    00000064     sysbios.aem4f : BIOS.obj (.text:ti_sysbios_family_arm_lm4_Timer_Module_startup__E)
                  0000eabc    00000064     hello_pem4f.oem4f (.text:ti_sysbios_family_arm_m3_Hwi_create)
                  0000eb20    00000064     hello_pem4f.oem4f (.text:ti_sysbios_hal_Timer_create)
                  0000eb84    00000064     hello_pem4f.oem4f (.text:ti_sysbios_knl_Mailbox_create)
                  0000ebe8    00000062     drivers_tivaware.aem4f : I2CTiva.oem4f (.text:I2CTiva_primeTransfer)
                  0000ec4a    00000006     driverlib.lib : gpio.obj (.text:GPIOIntClear)
                  0000ec50    00000060     sysbios.aem4f : BIOS.obj (.text:ti_sysbios_knl_Task_schedule__I)
                  0000ecb0    0000005e     drivers_tivaware.aem4f : UARTTiva.oem4f (.text:readIsrBinaryBlocking)
                  0000ed0e    00000002     --HOLE-- [fill = 0]
                  0000ed10    0000005c     sysbios.aem4f : BIOS.obj (.text:ti_sysbios_knl_Swi_run__I)
                  0000ed6c    00000004     hello_pem4f.oem4f (.text:ti_sysbios_knl_Queue_destruct)
                  0000ed70    0000005c     sysbios.aem4f : BIOS.obj (.text:ti_sysbios_knl_Swi_schedule__I)
                  0000edcc    00000004     hello_pem4f.oem4f (.text:ti_sysbios_knl_Semaphore_destruct)
                  0000edd0    0000005c     sysbios.aem4f : BIOS.obj (.text:ti_sysbios_knl_Task_Module_startup__E)
                  0000ee2c    0000005c     hello_pem4f.oem4f (.text:ti_sysbios_knl_Task_create)
                  0000ee88    0000005c     sysbios.aem4f : BIOS.obj (.text:ti_sysbios_knl_Task_startCore__E)
                  0000eee4    0000005b     ti.targets.arm.rtsarm.aem4f : Text.oem4f (.text:xdc_runtime_Text_putLab__E)
                  0000ef3f    00000001     --HOLE-- [fill = 0]
                  0000ef40    00000058     boot.aem4f : boot.oem4f (.text)
                  0000ef98    00000058     sysbios.aem4f : BIOS.obj (.text:ti_sysbios_family_arm_lm4_Timer_Instance_finalize__E)
                  0000eff0    00000058     hello_pem4f.oem4f (.text:ti_sysbios_family_arm_m3_Hwi_construct)
                  0000f048    00000058     sysbios.aem4f : m3_Hwi_asm_switch.obj (.text:ti_sysbios_family_arm_m3_Hwi_initStacks__E)
                  0000f0a0    00000056     driverlib.lib : gpio.obj (.text:GPIOIntTypeSet)
                  0000f0f6    00000056     mmaze.obj (.text:_ZN10MicromouseplERKNS_8GridCoorERKNS_9Direction4TypeE)
                  0000f14c    00000056     IrCorr.obj (.text:_ZN5TskIr9ReadFlashEjPhi)
                  0000f1a2    00000056     rtsv7M4_T_le_v4SPD16_eabi.lib : ltoa.obj (.text)
                  0000f1f8    00000054     drivers_tivaware.aem4f : UARTTiva.oem4f (.text:readIsrBinaryCallback)
                  0000f24c    00000054     rtsv7M4_T_le_v4SPD16_eabi.lib : exit.obj (.text)
                  0000f2a0    00000054                                   : trgdrv.obj (.text)
                  0000f2f4    00000004     ti.targets.arm.rtsarm.aem4f : Error.oem4f (.text:xdc_runtime_Error_getSite__E)
                  0000f2f8    00000054     sysbios.aem4f : BIOS.obj (.text:ti_sysbios_family_arm_lm4_Timer_initDevice__I)
                  0000f34c    00000004     hello_pem4f.oem4f (.text:xdc_runtime_System_Module_GateProxy_enter__E)
                  0000f350    00000054     sysbios.aem4f : BIOS.obj (.text:ti_sysbios_family_arm_lm4_TimestampProvider_get32__E)
                  0000f3a4    00000004     hello_pem4f.oem4f (.text:xdc_runtime_System_Module_GateProxy_leave__E)
                  0000f3a8    00000054     sysbios.aem4f : BIOS.obj (.text:ti_sysbios_family_arm_m3_Hwi_dispatchC__I)
                  0000f3fc    00000054     ti.targets.arm.rtsarm.aem4f : Assert.oem4f (.text:xdc_runtime_Assert_raise__I)
                  0000f450    00000052     rtsv7M4_T_le_v4SPD16_eabi.lib : sprintf.obj (.text)
                  0000f4a2    00000002     --HOLE-- [fill = 0]
                  0000f4a4    00000050     drivers_tivaware.aem4f : GPIOTiva.oem4f (.text:GPIO_setCallback)
                  0000f4f4    00000050                            : GPIOTiva.oem4f (.text:GPIO_write)
                  0000f544    00000050                            : UARTTiva.oem4f (.text:UARTTiva_writeCancel)
                  0000f594    00000050     Boot.aem4f : Boot_sysctl.oem4f (.text:_SysCtlFrequencyGet)
                  0000f5e4    00000050     DbgUart.obj (.text:_Z14DbgUartPutLinePcb)
                  0000f634    00000004     ti.targets.arm.rtsarm.aem4f : System.oem4f (.text:xdc_runtime_System_aprintf_va__F)
                  0000f638    00000050     sysbios.aem4f : BIOS.obj (.text:ti_sysbios_family_arm_m3_Hwi_Module_startup__E)
                  0000f688    00000050                   : BIOS.obj (.text:ti_sysbios_knl_Clock_Instance_init__E)
                  0000f6d8    00000050     ti.targets.arm.rtsarm.aem4f : Startup.oem4f (.text:xdc_runtime_Startup_exec__E)
                  0000f728    00000050                                 : Text.oem4f (.text:xdc_runtime_Text_visitRope2__I)
                  0000f778    0000004c     drivers_tivaware.aem4f : UARTTiva.oem4f (.text:UARTTiva_close)
                  0000f7c4    0000004c     MotorPwm.obj (.text:_Z15MotorPwmSetDutyss)
                  0000f810    0000004c     mmaze.obj (.text:_ZN10MicromousepLERNS_8GridCoorERKNS_9Direction4TypeE)
                  0000f85c    0000004c     rtsv7M4_T_le_v4SPD16_eabi.lib : atoi.obj (.text)
                  0000f8a8    0000004c                                   : cpy_tbl.obj (.text)
                  0000f8f4    00000004     ti.targets.arm.rtsarm.aem4f : System.oem4f (.text:xdc_runtime_System_printf_va__F)
                  0000f8f8    0000004c     sysbios.aem4f : BIOS.obj (.text:ti_sysbios_heaps_HeapMem_getStats__E)
                  0000f944    00000004     --HOLE-- [fill = 0]
                  0000f948    0000004c                   : BIOS.obj (.text:ti_sysbios_knl_Swi_runLoop__I)
                  0000f994    00000004     --HOLE-- [fill = 0]
                  0000f998    0000004c                   : BIOS.obj (.text:ti_sysbios_knl_Task_allBlockedFunction__I)
                  0000f9e4    00000048     driverlib.lib : gpio.obj (.text:GPIOPinConfigure)
                  0000fa2c    00000048                   : i2c.obj (.text:I2CMasterInitExpClk)
                  0000fa74    00000048     Pid.obj (.text:_ZN3PidC1Efffffff)
                  0000fabc    00000048     rtsv7M4_T_le_v4SPD16_eabi.lib : fd_toi_t2.obj (.text)
                  0000fb04    00000004     --HOLE-- [fill = 0]
                  0000fb08    00000048     sysbios.aem4f : BIOS.obj (.text:ti_sysbios_family_arm_lm4_Timer_enableTimers__I)
                  0000fb50    00000048                   : BIOS.obj (.text:ti_sysbios_family_arm_m3_Hwi_disableInterrupt__E)
                  0000fb98    00000048                   : BIOS.obj (.text:ti_sysbios_family_arm_m3_Hwi_enableInterrupt__E)
                  0000fbe0    00000048                   : BIOS.obj (.text:ti_sysbios_family_arm_m3_Hwi_excReserved__I)
                  0000fc28    00000048                   : BIOS.obj (.text:ti_sysbios_knl_Mailbox_Module_startup__E)
                  0000fc70    00000046     drivers_tivaware.aem4f : RingBuf.oem4f (.text:RingBuf_put)
                  0000fcb6    00000046     ti.targets.arm.rtsarm.aem4f : Core-params.oem4f (.text:xdc_runtime_Core_assignParams__I)
                  0000fcfc    00000004     --HOLE-- [fill = 0]
                  0000fd00    00000044     sysbios.aem4f : BIOS.obj (.text:ti_sysbios_family_arm_lm4_Timer_isrStub__E)
                  0000fd44    00000004     --HOLE-- [fill = 0]
                  0000fd48    00000044                   : BIOS.obj (.text:ti_sysbios_family_arm_m3_Hwi_getStackInfo__E)
                  0000fd8c    00000004     --HOLE-- [fill = 0]
                  0000fd90    00000044                   : BIOS.obj (.text:ti_sysbios_knl_Mailbox_postInit__I)
                  0000fdd4    00000004     --HOLE-- [fill = 0]
                  0000fdd8    00000044                   : BIOS.obj (.text:ti_sysbios_knl_Swi_post__E)
                  0000fe1c    00000044     ti.targets.arm.rtsarm.aem4f : Error.oem4f (.text:xdc_runtime_Error_setX__E)
                  0000fe60    00000044                                 : SysMin.oem4f (.text:xdc_runtime_SysMin_flush__E)
                  0000fea4    00000044                                 : Text.oem4f (.text:xdc_runtime_Text_xprintf__I)
                  0000fee8    00000042     driverlib.lib : uart.obj (.text:UARTConfigSetExpClk)
                  0000ff2a    00000042     drivers_tivaware.aem4f : UARTTiva.oem4f (.text:UARTTiva_hwiIntFxn)
                  0000ff6c    00000042                            : UARTTiva.oem4f (.text:UARTTiva_writePolling)
                  0000ffae    00000040                            : RingBuf.oem4f (.text:RingBuf_get)
                  0000ffee    00000040                            : UARTTiva.oem4f (.text:UARTTiva_read)
                  0001002e    00000002     --HOLE-- [fill = 0]
                  00010030    00000040     IrCorr.obj (.text:_ZN5TskIr15eraseFlashBlockEi)
                  00010070    00000040     rtsv7M4_T_le_v4SPD16_eabi.lib : u_divt2.obj (.text)
                  000100b0    00000040     sysbios.aem4f : BIOS.obj (.text:ti_sysbios_family_arm_lm4_Timer_startup__E)
                  000100f0    00000040                   : BIOS.obj (.text:ti_sysbios_heaps_HeapMem_Instance_init__E)
                  00010130    0000003c                   : BIOS.obj (.text:ti_sysbios_family_arm_m3_Hwi_excSvCall__I)
                  0001016c    00000004     --HOLE-- [fill = 0]
                  00010170    0000003c                   : BIOS.obj (.text:ti_sysbios_heaps_HeapMem_init__I)
                  000101ac    00000004     --HOLE-- [fill = 0]
                  000101b0    0000003c                   : BIOS.obj (.text:ti_sysbios_knl_Swi_restore__E)
                  000101ec    0000003a     drivers_tivaware.aem4f : I2CTiva.oem4f (.text:I2CTiva_completeTransfer)
                  00010226    00000002     --HOLE-- [fill = 0]
                  00010228    00000038                            : I2C.oem4f (.text:I2C_init)
                  00010260    00000038                            : UART.oem4f (.text:UART_init)
                  00010298    00000038     rtsv7M4_T_le_v4SPD16_eabi.lib : fs_tod_t2.obj (.text)
                  000102d0    00000038     sysbios.aem4f : BIOS.obj (.text:ti_sysbios_family_arm_m3_Hwi_excNoIsr__I)
                  00010308    00000038                   : BIOS.obj (.text:ti_sysbios_knl_Task_processVitalTaskFlag__I)
                  00010340    00000038     ti.targets.arm.rtsarm.aem4f : SysMin.oem4f (.text:xdc_runtime_SysMin_putch__E)
                  00010378    00000038                                 : System.oem4f (.text:xdc_runtime_System_atexit__E)
                  000103b0    00000036     drivers_tivaware.aem4f : I2CTiva.oem4f (.text:I2CTiva_close)
                  000103e6    00000036                            : UARTTiva.oem4f (.text:UARTTiva_readCancel)
                  0001041c    00000034     driverlib.lib : sysctl.obj (.text:SysCtlPeripheralEnable)
                  00010450    00000034     TskTop.obj (.text:_ZN6TskTop7SetLedsEh)
                  00010484    00000004     --HOLE-- [fill = 0]
                  00010488    00000034     sysbios.aem4f : BIOS.obj (.text:ti_sysbios_family_arm_lm4_Timer_setPeriodMicroSecs__E)
                  000104bc    00000004     --HOLE-- [fill = 0]
                  000104c0    00000034                   : BIOS.obj (.text:ti_sysbios_family_arm_m3_Hwi_Instance_finalize__E)
                  000104f4    00000004     --HOLE-- [fill = 0]
                  000104f8    00000034                   : BIOS.obj (.text:ti_sysbios_family_arm_m3_Hwi_excNmi__I)
                  0001052c    00000004     --HOLE-- [fill = 0]
                  00010530    00000034                   : BIOS.obj (.text:ti_sysbios_hal_Hwi_checkStack)
                  00010564    00000034     hello_pem4f.oem4f (.text:ti_sysbios_knl_Clock_construct)
                  00010598    00000034     hello_pem4f.oem4f (.text:ti_sysbios_knl_Semaphore_create)
                  000105cc    00000034     ti.targets.arm.rtsarm.aem4f : Core-label.oem4f (.text:xdc_runtime_Core_assignLabel__I)
                  00010600    00000033                                 : Text.oem4f (.text:xdc_runtime_Text_printVisFxn__I)
                  00010633    00000005     --HOLE-- [fill = 0]
                  00010638    00000032     sysbios.aem4f : BIOS.obj (.text:ti_sysbios_hal_Hwi_initStack)
                  0001066a    00000002     --HOLE-- [fill = 0]
                  0001066c    00000030     drivers_tivaware.aem4f : I2C.oem4f (.text:I2C_open)
                  0001069c    00000030                            : UART.oem4f (.text:UART_open)
                  000106cc    00000030     hello_pem4f.oem4f (.text:ti_sysbios_BIOS_atExitFunc__I)
                  000106fc    00000004     --HOLE-- [fill = 0]
                  00010700    00000030     sysbios.aem4f : BIOS.obj (.text:ti_sysbios_family_arm_lm4_Timer_stop__E)
                  00010730    00000030                   : BIOS.obj (.text:ti_sysbios_family_arm_m3_TaskSupport_start__E)
                  00010760    00000030     hello_pem4f.oem4f (.text:ti_sysbios_gates_GateHwi_Object__create__S)
                  00010790    00000030     hello_pem4f.oem4f (.text:ti_sysbios_gates_GateMutex_Object__create__S)
                  000107c0    00000030     sysbios.aem4f : BIOS.obj (.text:ti_sysbios_gates_GateMutex_enter__E)
                  000107f0    00000030     hello_pem4f.oem4f (.text:ti_sysbios_heaps_HeapMem_Object__create__S)
                  00010820    00000030     hello_pem4f.oem4f (.text:ti_sysbios_knl_Semaphore_construct)
                  00010850    00000030     sysbios.aem4f : BIOS.obj (.text:ti_sysbios_knl_Semaphore_pendTimeout__I)
                  00010880    00000030                   : BIOS.obj (.text:ti_sysbios_knl_Task_unblockI__E)
                  000108b0    00000030     ti.targets.arm.rtsarm.aem4f : SysMin.oem4f (.text:xdc_runtime_SysMin_abort__E)
                  000108e0    00000030                                 : System.oem4f (.text:xdc_runtime_System_processAtExit__E)
                  00010910    0000002e     hello_pem4f.oem4f (.text:malloc)
                  0001093e    0000002e     rtsv7M4_T_le_v4SPD16_eabi.lib : i_tofd_t2.obj (.text)
                  0001096c    0000002c     solve.obj (.text:_ZN5solve4taskEjj)
                  00010998    0000002c     hello_pem4f.oem4f (.text:ti_sysbios_knl_Clock_doTick__I)
                  000109c4    0000002c     hello_pem4f.oem4f (.text:ti_sysbios_knl_Queue_construct)
                  000109f0    0000002c     sysbios.aem4f : BIOS.obj (.text:ti_sysbios_knl_Task_restore__E)
                  00010a1c    0000002c     ti.targets.arm.rtsarm.aem4f : Text.oem4f (.text:xdc_runtime_Text_cordText__E)
                  00010a48    0000002a     driverlib.lib : gpio.obj (.text:GPIODirModeSet)
                  00010a72    0000002a     ti.targets.arm.rtsarm.aem4f : System.oem4f (.text:xdc_runtime_System_putchar__I)
                  00010a9c    00000028     action.obj (.text:_ZN9TskAction24actHeadingDirCorrByFwdIrEPNS_10WallStatusE)
                  00010ac4    00000028     rtsv7M4_T_le_v4SPD16_eabi.lib : e_sqrtf.obj (.text)
                  00010aec    00000004     --HOLE-- [fill = 0]
                  00010af0    00000028     sysbios.aem4f : BIOS.obj (.text:ti_sysbios_hal_Timer_Instance_init__E)
                  00010b18    00000028                   : BIOS.obj (.text:ti_sysbios_knl_Clock_addI__E)
                  00010b40    00000028                   : BIOS.obj (.text:ti_sysbios_knl_Swi_Module_startup__E)
                  00010b68    00000026                   : m3_Hwi_asm.obj (.text:ti_sysbios_family_arm_m3_Hwi_pendSV__I)
                  00010b8e    00000026     ti.targets.arm.rtsarm.aem4f : System.oem4f (.text:xdc_runtime_System_avprintf__E)
                  00010bb4    00000024     action.obj (.text:_ZN9TskAction11GetWallInfoEPNS_10WallStatusE)
                  00010bd8    00000024     hello_pem4f.oem4f (.text:ti_sysbios_BIOS_errorRaiseHook__I)
                  00010bfc    00000024     hello_pem4f.oem4f (.text:ti_sysbios_BIOS_registerRTSLock__I)
                  00010c20    00000024     hello_pem4f.oem4f (.text:ti_sysbios_BIOS_removeRTSLock__I)
                  00010c44    00000024     hello_pem4f.oem4f (.text:ti_sysbios_BIOS_startFunc__I)
                  00010c68    00000024     hello_pem4f.oem4f (.text:ti_sysbios_gates_GateMutex_Object__delete__S)
                  00010c8c    00000004     --HOLE-- [fill = 0]
                  00010c90    00000024     sysbios.aem4f : BIOS.obj (.text:ti_sysbios_knl_Clock_Module_startup__E)
                  00010cb4    00000004     --HOLE-- [fill = 0]
                  00010cb8    00000024                   : BIOS.obj (.text:ti_sysbios_knl_Clock_start__E)
                  00010cdc    00000004     --HOLE-- [fill = 0]
                  00010ce0    00000024                   : BIOS.obj (.text:ti_sysbios_knl_Semaphore_Instance_init__E)
                  00010d04    00000004     --HOLE-- [fill = 0]
                  00010d08    00000024                   : BIOS.obj (.text:ti_sysbios_knl_Task_restoreHwi__E)
                  00010d2c    00000024     ti.targets.arm.rtsarm.aem4f : System.oem4f (.text:xdc_runtime_System_vprintf__E)
                  00010d50    00000022     sysbios.aem4f : BIOS.obj (.text:ti_sysbios_family_arm_lm4_Timer_write__I)
                  00010d72    00000022     hello_pem4f.oem4f (.text:xdc_runtime_SysMin_output__I)
                  00010d94    00000020     Boot.aem4f : Boot_sysctl.oem4f (.text:_SysCtlMemTimingGet)
                  00010db4    00000020     mmaze.obj (.text:_ZN10MicromousepLERNS_9Direction4TypeERKNS_7Turning4TypeE)
                  00010dd4    00000020     mmaze.obj (.text:_ZN10MicromouseplERKNS_9Direction4TypeERKNS_7Turning4TypeE)
                  00010df4    00000020     hello_pem4f.oem4f (.text:ti_sysbios_BIOS_rtsLock__I)
                  00010e14    00000020     hello_pem4f.oem4f (.text:ti_sysbios_family_arm_lm4_Timer_Object__delete__S)
                  00010e34    00000020     hello_pem4f.oem4f (.text:ti_sysbios_family_arm_m3_Hwi_Object__delete__S)
                  00010e54    00000020     sysbios.aem4f : m3_Hwi_asm.obj (.text:ti_sysbios_family_arm_m3_Hwi_excHandlerAsm__I)
                  00010e74    00000004     --HOLE-- [fill = 0]
                  00010e78    00000020                   : BIOS.obj (.text:ti_sysbios_family_arm_m3_Hwi_excHandler__I)
                  00010e98    00000020     hello_pem4f.oem4f (.text:ti_sysbios_gates_GateHwi_Object__delete__S)
                  00010eb8    00000020     hello_pem4f.oem4f (.text:ti_sysbios_heaps_HeapMem_Object__delete__S)
                  00010ed8    00000020     hello_pem4f.oem4f (.text:ti_sysbios_knl_Clock_Object__destruct__S)
                  00010ef8    00000020     sysbios.aem4f : BIOS.obj (.text:ti_sysbios_knl_Idle_run__E)
                  00010f18    00000020     hello_pem4f.oem4f (.text:ti_sysbios_knl_Semaphore_Object__destruct__S)
                  00010f38    00000020     ti.targets.arm.rtsarm.aem4f : Registry.oem4f (.text:xdc_runtime_Registry_findById__E)
                  00010f58    00000020                                 : SysMin.oem4f (.text:xdc_runtime_SysMin_Module_startup__E)
                  00010f78    0000001e     sysbios.aem4f : m3_Hwi_asm_switch.obj (.text:ti_sysbios_family_xxx_Hwi_switchAndRunFunc)
                  00010f96    00000002     --HOLE-- [fill = 0]
                  00010f98    0000001c     driverlib.lib : uart.obj (.text:UARTDisable)
                  00010fb4    0000001c     MotorPwm.obj (.text:_Z13MotorPwmCoastv)
                  00010fd0    0000001c     mouse.obj (.text:_ZN10Micromouse5Mouse12ReadMazeInfoEv)
                  00010fec    0000001c     mouse.obj (.text:_ZN10Micromouse5Mouse13StoreMazeInfoEv)
                  00011008    0000001c     drivers_tivaware.aem4f : GPIOTiva.oem4f (.text:getGpioIntIndex)
                  00011024    0000001c     hello_pem4f.oem4f (.text:ti_sysbios_family_arm_m3_Hwi_Object__destruct__S)
                  00011040    0000001c     sysbios.aem4f : BIOS.obj (.text:ti_sysbios_gates_GateMutex_Instance_init__E)
                  0001105c    0000001c     hello_pem4f.oem4f (.text:ti_sysbios_hal_Timer_TimerProxy_create)
                  00011078    0000001c     sysbios.aem4f : BIOS.obj (.text:ti_sysbios_knl_Clock_Instance_finalize__E)
                  00011094    0000001c     hello_pem4f.oem4f (.text:ti_sysbios_knl_Queue_Object__destruct__S)
                  000110b0    0000001c     sysbios.aem4f : BIOS.obj (.text:ti_sysbios_knl_Queue_get__E)
                  000110cc    00000004     --HOLE-- [fill = 0]
                  000110d0    0000001c                   : BIOS.obj (.text:ti_sysbios_knl_Queue_put__E)
                  000110ec    00000004     --HOLE-- [fill = 0]
                  000110f0    0000001c                   : BIOS.obj (.text:ti_sysbios_knl_Task_enter__I)
                  0001110c    0000001c     ti.targets.arm.rtsarm.aem4f : Error.oem4f (.text:xdc_runtime_Error_raiseX__E)
                  00011128    0000001c                                 : Memory.oem4f (.text:xdc_runtime_Memory_valloc__E)
                  00011144    0000001c                                 : SysMin.oem4f (.text:xdc_runtime_SysMin_exit__E)
                  00011160    0000001c                                 : System.oem4f (.text:xdc_runtime_System_abort__E)
                  0001117c    0000001a     hello_pem4f.oem4f (.text:ti_sysbios_family_arm_m3_Hwi_Handle__label__S)
                  00011196    0000001a     hello_pem4f.oem4f (.text:ti_sysbios_gates_GateHwi_Handle__label__S)
                  000111b0    0000001a     hello_pem4f.oem4f (.text:ti_sysbios_gates_GateMutex_Handle__label__S)
                  000111ca    0000001a     hello_pem4f.oem4f (.text:ti_sysbios_heaps_HeapMem_Handle__label__S)
                  000111e4    0000001a     hello_pem4f.oem4f (.text:ti_sysbios_knl_Swi_Handle__label__S)
                  000111fe    0000001a     hello_pem4f.oem4f (.text:ti_sysbios_knl_Task_Handle__label__S)
                  00011218    0000001a     hello_pem4f.oem4f (.text:xdc_runtime_System_aprintf__E)
                  00011232    0000001a     hello_pem4f.oem4f (.text:xdc_runtime_System_printf__E)
                  0001124c    00000018     drivers_tivaware.aem4f : UART.oem4f (.text:UART_Params_init)
                  00011264    00000018     mmaze.obj (.text:_ZN10Micromouse5MMaze13ReadMazeGridsEv)
                  0001127c    00000018     mmaze.obj (.text:_ZN10Micromouse5MMaze14StoreMazeGridsEv)
                  00011294    00000018     solve.obj (.text:_ZN5solve11GetNextWallEv)
                  000112ac    00000018     hello_pem4f.oem4f (.text:free)
                  000112c4    00000018     rtsv7M4_T_le_v4SPD16_eabi.lib : args_main.obj (.text)
                  000112dc    00000018     hello_pem4f.oem4f (.text:ti_sysbios_BIOS_rtsUnlock__I)
                  000112f4    00000018     hello_pem4f.oem4f (.text:ti_sysbios_family_arm_lm4_Timer_Module__startupDone__F)
                  0001130c    00000018     hello_pem4f.oem4f (.text:ti_sysbios_family_arm_m3_Hwi_Module__startupDone__F)
                  00011324    00000018     sysbios.aem4f : m3_TaskSupport_asm.obj (.text:ti_sysbios_family_arm_m3_TaskSupport_swap__E)
                  0001133c    00000004     --HOLE-- [fill = 0]
                  00011340    00000018                   : BIOS.obj (.text:ti_sysbios_gates_GateMutex_leave__E)
                  00011358    00000018                   : BIOS.obj (.text:ti_sysbios_knl_Task_sleepTimeout__I)
                  00011370    00000018     ti.targets.arm.rtsarm.aem4f : Error.oem4f (.text:xdc_runtime_Error_check__E)
                  00011388    00000018                                 : System.oem4f (.text:xdc_runtime_System_exit__E)
                  000113a0    00000018                                 : Text.oem4f (.text:xdc_runtime_Text_ropeText__E)
                  000113b8    00000016     driverlib.lib : i2c.obj (.text:I2CMasterErr)
                  000113ce    00000016     mmaze.obj (.text:_ZN10Micromouse8GridCoorC1Ev)
                  000113e4    00000016     mmaze.obj (.text:_ZN10Micromouse8GridInfoC1Ev)
                  000113fa    00000016     hello_pem4f.oem4f (.text:ti_sysbios_BIOS_exitFunc__I)
                  00011410    00000014     driverlib.lib : uart.obj (.text:UARTEnable)
                  00011424    00000014     Pid.obj (.text:_ZN3Pid5ResetEv)
                  00011438    00000014     rtsv7M4_T_le_v4SPD16_eabi.lib : _lock.obj (.text)
                  0001144c    00000014                                   : s_copysign.obj (.text)
                  00011460    00000014                                   : strlen.obj (.text)
                  00011474    00000014     hello_pem4f.oem4f (.text:ti_sysbios_family_arm_m3_Hwi_Object__get__S)
                  00011488    00000014     sysbios.aem4f : BIOS.obj (.text:ti_sysbios_family_arm_m3_Hwi_switchFromBootStack__E)
                  0001149c    00000014     hello_pem4f.oem4f (.text:ti_sysbios_heaps_HeapMem_Object__get__S)
                  000114b0    00000014     hello_pem4f.oem4f (.text:ti_sysbios_knl_Swi_Object__get__S)
                  000114c4    00000012     driverlib.lib : gpio.obj (.text:GPIOPinTypeGPIOInput)
                  000114d6    00000012                   : gpio.obj (.text:GPIOPinTypeI2C)
                  000114e8    00000012                   : gpio.obj (.text:GPIOPinTypeI2CSCL)
                  000114fa    00000012                   : gpio.obj (.text:GPIOPinTypeUART)
                  0001150c    00000012     drivers_tivaware.aem4f : RingBuf.oem4f (.text:RingBuf_construct)
                  0001151e    00000012     rtsv7M4_T_le_v4SPD16_eabi.lib : s_copysignf.obj (.text)
                  00011530    00000012     sysbios.aem4f : BIOS.obj (.text:ti_sysbios_hal_Hwi_Module_startup__E)
                  00011542    00000006     driverlib.lib : gpio.obj (.text:GPIOPinWrite)
                  00011548    00000012     sysbios.aem4f : BIOS.obj (.text:ti_sysbios_hal_Timer_Module_startup__E)
                  0001155a    00000012     hello_pem4f.oem4f (.text:xdc_runtime_Startup_exec__I)
                  0001156c    00000010     hello_pem4f.oem4f (.text:.bootCodeSection:ti_catalog_arm_cortexm4_tiva_ce_Boot_init__I)
                  0001157c    00000010     drivers_tivaware.aem4f : I2C.oem4f (.text:I2C_Params_init)
                  0001158c    00000010     Imu.obj (.text:_Z12ImuStartReadv)
                  0001159c    00000010     DbgUart.obj (.text:_Z14dbgUartWriteCbP11UART_ConfigPvj)
                  000115ac    00000010     action.obj (.text:_ZN9TskAction11actTurnBackEv)
                  000115bc    00000010     drivers_tivaware.aem4f : UARTTiva.oem4f (.text:readBlockingTimeout)
                  000115cc    00000010     rtsv7M4_T_le_v4SPD16_eabi.lib : new_.obj (.text)
                  000115dc    00000004     --HOLE-- [fill = 0]
                  000115e0    00000010     sysbios.aem4f : BIOS.obj (.text:ti_sysbios_BIOS_getCpuFreq__E)
                  000115f0    00000010                   : BIOS.obj (.text:ti_sysbios_BIOS_setThreadType__E)
                  00011600    00000010                   : BIOS.obj (.text:ti_sysbios_BIOS_start__E)
                  00011610    00000010                   : BIOS.obj (.text:ti_sysbios_family_arm_lm4_TimestampProvider_rolloverFunc__E)
                  00011620    00000010                   : m3_TaskSupport_asm.obj (.text:ti_sysbios_family_arm_m3_TaskSupport_glue)
                  00011630    00000010                   : BIOS.obj (.text:ti_sysbios_gates_GateMutex_Instance_finalize__E)
                  00011640    00000010     hello_pem4f.oem4f (.text:ti_sysbios_hal_Timer_TimerProxy_Object__create__S)
                  00011650    00000010     hello_pem4f.oem4f (.text:ti_sysbios_knl_Mailbox_Object__get__S)
                  00011660    00000010     sysbios.aem4f : BIOS.obj (.text:ti_sysbios_knl_Semaphore_Instance_finalize__E)
                  00011670    00000010                   : BIOS.obj (.text:ti_sysbios_knl_Swi_disable__E)
                  00011680    00000010     hello_pem4f.oem4f (.text:ti_sysbios_knl_Task_Object__get__S)
                  00011690    00000010     sysbios.aem4f : BIOS.obj (.text:ti_sysbios_knl_Task_disable__E)
                  000116a0    00000010     ti.targets.arm.rtsarm.aem4f : Gate.oem4f (.text:xdc_runtime_Gate_leaveSystem__E)
                  000116b0    00000010                                 : Memory.oem4f (.text:xdc_runtime_Memory_free__E)
                  000116c0    00000010                                 : SysMin.oem4f (.text:xdc_runtime_SysMin_ready__E)
                  000116d0    00000010                                 : System.oem4f (.text:xdc_runtime_System_vsnprintf__E)
                  000116e0    00000010     hello_pem4f.oem4f (.text:xdc_runtime_Text_visitRope__I)
                  000116f0    0000000e     driverlib.lib : gpio.obj (.text:GPIOIntStatus)
                  000116fe    0000000e                   : uart.obj (.text:UARTCharGetNonBlocking)
                  0001170c    0000000e                   : uart.obj (.text:UARTCharPutNonBlocking)
                  0001171a    0000000e     mmaze.obj (.text:_ZN10Micromouse5QueueINS_8GridCoorEED1Ev)
                  00011728    0000000e     rtsv7M4_T_le_v4SPD16_eabi.lib : copy_decompress_none.obj (.text:decompress:none)
                  00011736    00000002     --HOLE-- [fill = 0]
                  00011738    0000000e     sysbios.aem4f : BIOS.obj (.text:ti_sysbios_knl_Idle_loop__E)
                  00011746    00000002     --HOLE-- [fill = 0]
                  00011748    0000000e                   : BIOS.obj (.text:ti_sysbios_knl_Queue_empty__E)
                  00011756    0000000c     drivers_tivaware.aem4f : RingBuf.oem4f (.text:RingBuf_peek)
                  00011762    0000000c     driverlib.lib : uart.obj (.text:UARTFlowControlSet)
                  0001176e    0000000c     drivers_tivaware.aem4f : UARTTiva.oem4f (.text:UARTTiva_init)
                  0001177a    00000002     --HOLE-- [fill = 0]
                  0001177c    0000000c     Imu.obj (.text:_Z14iicImuCallbackP10I2C_ConfigP15I2C_Transactionb)
                  00011788    0000000c     rtsv7M4_T_le_v4SPD16_eabi.lib : copy_zero_init.obj (.text:decompress:ZI)
                  00011794    00000004     --HOLE-- [fill = 0]
                  00011798    0000000c     sysbios.aem4f : BIOS.obj (.text:ti_sysbios_family_arm_lm4_Timer_getMaxTicks__E)
                  000117a4    00000004     --HOLE-- [fill = 0]
                  000117a8    0000000c                   : BIOS.obj (.text:ti_sysbios_family_arm_lm4_TimestampProvider_startTimer__E)
                  000117b4    0000000c     hello_pem4f.oem4f (.text:ti_sysbios_family_arm_m3_Hwi_Params__init__S)
                  000117c0    0000000c     sysbios.aem4f : BIOS.obj (.text:ti_sysbios_family_arm_m3_Hwi_disableFxn__E)
                  000117cc    00000004     --HOLE-- [fill = 0]
                  000117d0    0000000c                   : BIOS.obj (.text:ti_sysbios_family_arm_m3_TaskSupport_checkStack__E)
                  000117dc    00000004     --HOLE-- [fill = 0]
                  000117e0    0000000c                   : BIOS.obj (.text:ti_sysbios_family_arm_m3_TaskSupport_getStackAlignment__E)
                  000117ec    00000004     --HOLE-- [fill = 0]
                  000117f0    0000000c                   : BIOS.obj (.text:ti_sysbios_gates_GateHwi_enter__E)
                  000117fc    0000000c     hello_pem4f.oem4f (.text:ti_sysbios_hal_Timer_Params__init__S)
                  00011808    0000000c     hello_pem4f.oem4f (.text:ti_sysbios_knl_Clock_Params__init__S)
                  00011814    0000000c     hello_pem4f.oem4f (.text:ti_sysbios_knl_Queue_Object__get__S)
                  00011820    0000000c     hello_pem4f.oem4f (.text:ti_sysbios_knl_Semaphore_Params__init__S)
                  0001182c    0000000c     hello_pem4f.oem4f (.text:ti_sysbios_knl_Task_Params__init__S)
                  00011838    0000000c     ti.targets.arm.rtsarm.aem4f : Error.oem4f (.text:xdc_runtime_Error_init__E)
                  00011844    0000000c                                 : Gate.oem4f (.text:xdc_runtime_Gate_enterSystem__E)
                  00011850    0000000c                                 : Memory.oem4f (.text:xdc_runtime_Memory_calloc__E)
                  0001185c    0000000c                                 : Memory.oem4f (.text:xdc_runtime_Memory_getMaxDefaultTypeAlign__E)
                  00011868    0000000a     driverlib.lib : i2c.obj (.text:I2CMasterDisable)
                  00011872    0000000a                   : i2c.obj (.text:I2CMasterEnable)
                  0001187c    0000000a     drivers_tivaware.aem4f : I2CTiva.oem4f (.text:I2CTiva_init)
                  00011886    0000000a                            : I2C.oem4f (.text:I2C_transfer)
                  00011890    0000000a     driverlib.lib : uart.obj (.text:UARTCharGet)
                  0001189a    0000000a                   : uart.obj (.text:UARTCharPut)
                  000118a4    0000000a                   : uart.obj (.text:UARTIntDisable)
                  000118ae    0000000a                   : uart.obj (.text:UARTIntStatus)
                  000118b8    0000000a     drivers_tivaware.aem4f : UART.oem4f (.text:UART_write)
                  000118c2    00000006     driverlib.lib : i2c.obj (.text:I2CMasterIntDisable)
                  000118c8    0000000a     sysbios.aem4f : BIOS.obj (.text:ti_sysbios_hal_Timer_Instance_finalize__E)
                  000118d2    0000000a     hello_pem4f.oem4f (.text:xdc_runtime_IHeap_alloc)
                  000118dc    0000000a     hello_pem4f.oem4f (.text:xdc_runtime_IHeap_free)
                  000118e6    00000008     driverlib.lib : i2c.obj (.text:I2CMasterIntClear)
                  000118ee    00000008                   : i2c.obj (.text:I2CMasterSlaveAddrSet)
                  000118f6    00000008     drivers_tivaware.aem4f : I2CTiva.oem4f (.text:I2CTiva_blockingCallback)
                  000118fe    00000008     driverlib.lib : uart.obj (.text:UARTIntEnable)
                  00011906    00000008                   : uart.obj (.text:UARTRxErrorGet)
                  0001190e    00000008     drivers_tivaware.aem4f : UARTTiva.oem4f (.text:readSemCallback)
                  00011916    00000008     rtsv7M4_T_le_v4SPD16_eabi.lib : delete.obj (.text)
                  0001191e    00000008     sysbios.aem4f : BIOS.obj (.text:ti_sysbios_family_arm_lm4_Timer_masterDisable__I)
                  00011926    00000002     --HOLE-- [fill = 0]
                  00011928    00000008                   : BIOS.obj (.text:ti_sysbios_family_arm_m3_Hwi_doSwiRestore__I)
                  00011930    00000008                   : BIOS.obj (.text:ti_sysbios_family_arm_m3_Hwi_startup__E)
                  00011938    00000008     drivers_tivaware.aem4f : UARTTiva.oem4f (.text:writeSemCallback)
                  00011940    00000006     driverlib.lib : i2c.obj (.text:I2CMasterIntEnable)
                  00011946    00000006     drivers_tivaware.aem4f : I2CTiva.oem4f (.text:I2CTiva_control)
                  0001194c    00000006     driverlib.lib : uart.obj (.text:UARTFIFOLevelSet)
                  00011952    00000006                   : uart.obj (.text:UARTRxErrorClear)
                  00011958    00000006     sysbios.aem4f : BIOS.obj (.text:ti_sysbios_family_arm_lm4_TimestampProvider_Module_startup__E)
                  0001195e    00000002     --HOLE-- [fill = 0]
                  00011960    00000006                   : BIOS.obj (.text:ti_sysbios_family_arm_m3_Hwi_doTaskRestore__I)
                  00011966    00000002     --HOLE-- [fill = 0]
                  00011968    00000006                   : BIOS.obj (.text:ti_sysbios_family_arm_m3_Hwi_restoreFxn__E)
                  0001196e    00000002     --HOLE-- [fill = 0]
                  00011970    00000006                   : BIOS.obj (.text:ti_sysbios_gates_GateHwi_leave__E)
                  00011976    00000002     --HOLE-- [fill = 0]
                  00011978    00000006                   : BIOS.obj (.text:ti_sysbios_hal_Timer_start__E)
                  0001197e    00000002     --HOLE-- [fill = 0]
                  00011980    00000006                   : BIOS.obj (.text:ti_sysbios_heaps_HeapMem_isBlocking__E)
                  00011986    00000002     --HOLE-- [fill = 0]
                  00011988    00000006                   : BIOS.obj (.text:ti_sysbios_knl_Clock_stop__E)
                  0001198e    00000002     --HOLE-- [fill = 0]
                  00011990    00000006                   : BIOS.obj (.text:ti_sysbios_knl_Queue_Instance_init__E)
                  00011996    00000002     --HOLE-- [fill = 0]
                  00011998    00000006                   : BIOS.obj (.text:ti_sysbios_knl_Swi_startup__E)
                  0001199e    00000006     ti.targets.arm.rtsarm.aem4f : System.oem4f (.text:xdc_runtime_System_Module_startup__E)
                  000119a4    00000004     --HOLE-- [fill = 0]
                  000119a8    00000004     sysbios.aem4f : BIOS.obj (.text:ti_sysbios_family_arm_lm4_Timer_getPeriod__E)
                  000119ac    00000004     --HOLE-- [fill = 0]
                  000119b0    00000004                   : BIOS.obj (.text:ti_sysbios_gates_GateHwi_query__E)
                  000119b4    00000004     --HOLE-- [fill = 0]
                  000119b8    00000004                   : BIOS.obj (.text:ti_sysbios_gates_GateMutex_query__E)
                  000119bc    00000004     --HOLE-- [fill = 0]
                  000119c0    00000004                   : BIOS.obj (.text:ti_sysbios_knl_Task_startup__E)
                  000119c4    00000004     --HOLE-- [fill = 0]
                  000119c8    00000002                   : BIOS.obj (.text:ti_sysbios_gates_GateHwi_Instance_init__E)
                  000119ca    00000006     --HOLE-- [fill = 0]
                  000119d0    00000002                   : BIOS.obj (.text:ti_sysbios_knl_Clock_logTick__E)

.const     0    000119d4    0000253a     
                  000119d4    00001912     hello_pem4f.oem4f (.const:xdc_runtime_Text_charTab__A)
                  000132e6    00000002     hello_pem4f.oem4f (.const:ti_catalog_arm_cortexm4_tiva_ce_Boot_Module__id__C)
                  000132e8    00000120     Boot.aem4f : Boot_sysctl.oem4f (.const:g_pppui32XTALtoVCO)
                  00013408    00000101     rtsv7M4_T_le_v4SPD16_eabi.lib : ctype.obj (.const:.string:_ctypes_)
                  00013509    00000001     hello_pem4f.oem4f (.const:xdc_runtime_Error_policy__C)
                  0001350a    000000d0     hello_pem4f.oem4f (.const:xdc_runtime_Text_nodeTab__A)
                  000135da    00000002     hello_pem4f.oem4f (.const:ti_sysbios_family_arm_lm4_Timer_Module__id__C)
                  000135dc    00000090     driverlib.lib : gpio.obj (.const:g_pui32GPIOBaseAddrs)
                  0001366c    0000006c     Boot.aem4f : Boot_sysctl.oem4f (.const:g_pui32Xtals)
                  000136d8    00000054     drivers_tivaware.aem4f : GPIOTiva.oem4f (.const:.string)
                  0001372c    0000004c                            : UARTTiva.oem4f (.const)
                  00013778    00000048     hello_pem4f.oem4f (.const:.string)
                  000137c0    00000048     drivers_tivaware.aem4f : GPIOTiva.oem4f (.const:gpioBaseAddresses)
                  00013808    0000003c     hello_pem4f.oem4f (.const:ti_sysbios_family_arm_lm4_Timer_Object__PARAMS__C)
                  00013844    0000003c     hello_pem4f.oem4f (.const:ti_sysbios_knl_Task_Object__PARAMS__C)
                  00013880    00000034     hello_pem4f.oem4f (.const:ti_sysbios_knl_Mailbox_Object__PARAMS__C)
                  000138b4    00000030     Boot.aem4f : Boot_sysctl.oem4f (.const:g_sXTALtoMEMTIM)
                  000138e4    00000030     hello_pem4f.oem4f (.const:ti_sysbios_family_arm_m3_Hwi_Object__PARAMS__C)
                  00013914    00000030     hello_pem4f.oem4f (.const:ti_sysbios_hal_Timer_Object__PARAMS__C)
                  00013944    0000002c     hello_pem4f.oem4f (.const:xdc_runtime_Startup_sfxnTab__A)
                  00013970    00000028     drivers_tivaware.aem4f : UARTTiva.oem4f (.const:UARTTiva_fxnTable)
                  00013998    00000028     hello_pem4f.oem4f (.const:ti_sysbios_heaps_HeapMem_Module__FXNS__C)
                  000139c0    00000024     drivers_tivaware.aem4f : UART.oem4f (.const:UART_defaultParams)
                  000139e4    00000024     hello_pem4f.oem4f (.const:ti_sysbios_gates_GateHwi_Module__FXNS__C)
                  00013a08    00000024     hello_pem4f.oem4f (.const:ti_sysbios_gates_GateMutex_Module__FXNS__C)
                  00013a2c    00000024     hello_pem4f.oem4f (.const:ti_sysbios_heaps_HeapMem_Object__PARAMS__C)
                  00013a50    00000024     hello_pem4f.oem4f (.const:ti_sysbios_knl_Clock_Object__PARAMS__C)
                  00013a74    00000024     hello_pem4f.oem4f (.const:ti_sysbios_knl_Semaphore_Object__PARAMS__C)
                  00013a98    00000020     hello_pem4f.oem4f (.const:ti_sysbios_family_arm_lm4_Timer_Object__DESC__C)
                  00013ab8    00000020     hello_pem4f.oem4f (.const:ti_sysbios_family_arm_m3_Hwi_Object__DESC__C)
                  00013ad8    00000020     hello_pem4f.oem4f (.const:ti_sysbios_gates_GateHwi_Object__DESC__C)
                  00013af8    00000020     hello_pem4f.oem4f (.const:ti_sysbios_gates_GateMutex_Object__DESC__C)
                  00013b18    00000020     hello_pem4f.oem4f (.const:ti_sysbios_hal_Timer_Object__DESC__C)
                  00013b38    00000020     hello_pem4f.oem4f (.const:ti_sysbios_heaps_HeapMem_Object__DESC__C)
                  00013b58    00000020     hello_pem4f.oem4f (.const:ti_sysbios_knl_Clock_Object__DESC__C)
                  00013b78    00000020     hello_pem4f.oem4f (.const:ti_sysbios_knl_Mailbox_Object__DESC__C)
                  00013b98    00000020     hello_pem4f.oem4f (.const:ti_sysbios_knl_Queue_Object__DESC__C)
                  00013bb8    00000020     hello_pem4f.oem4f (.const:ti_sysbios_knl_Semaphore_Object__DESC__C)
                  00013bd8    00000020     hello_pem4f.oem4f (.const:ti_sysbios_knl_Task_Object__DESC__C)
                  00013bf8    0000001e     <whole-program> (.const:.string)
                  00013c16    00000002     hello_pem4f.oem4f (.const:ti_sysbios_family_arm_lm4_Timer_supportsAltclk__C)
                  00013c18    0000001c     drivers_tivaware.aem4f : I2CTiva.oem4f (.const)
                  00013c34    00000018     rtsv7M4_T_le_v4SPD16_eabi.lib : e_expf.obj (.const:$O13$$)
                  00013c4c    00000018                                   : e_powf.obj (.const:$O14$$)
                  00013c64    00000018     dbmouse_chassis.obj (.const:I2C_config)
                  00013c7c    00000018     dbmouse_chassis.obj (.const:UART_config)
                  00013c94    00000018     hello_pem4f.oem4f (.const:ti_sysbios_gates_GateHwi_Object__PARAMS__C)
                  00013cac    00000018     hello_pem4f.oem4f (.const:ti_sysbios_gates_GateMutex_Object__PARAMS__C)
                  00013cc4    00000018     hello_pem4f.oem4f (.const:ti_sysbios_knl_Queue_Object__PARAMS__C)
                  00013cdc    00000018     dbmouse_chassis.obj (.const:uartTivaHWAttrs)
                  00013cf4    00000016     hello_pem4f.oem4f (.const:xdc_runtime_Startup_sfxnRts__A)
                  00013d0a    00000002     hello_pem4f.oem4f (.const:ti_sysbios_family_arm_lm4_TimestampProvider_useClockTimer__C)
                  00013d0c    00000014     dbmouse_chassis.obj (.const:GPIOTiva_config)
                  00013d20    00000014     hello_pem4f.oem4f (.const:xdc_runtime_Startup_firstFxns__A)
                  00013d34    00000010     TskIr.obj (.const:_ZN5TskIr5adcChE$13)
                  00013d44    00000010     drivers_tivaware.aem4f : I2C.oem4f (.const)
                  00013d54    0000000c     dbmouse_chassis.obj (.const:i2cTivaHWAttrs)
                  00013d60    00000008     Boot.aem4f : Boot_sysctl.oem4f (.const)
                  00013d68    00000008     hello_pem4f.oem4f (.const:ti_sysbios_family_arm_m3_Hwi_excHookFuncs__A)
                  00013d70    00000008     hello_pem4f.oem4f (.const:ti_sysbios_knl_Idle_funcList__C)
                  00013d78    00000008     hello_pem4f.oem4f (.const:xdc_runtime_Startup_firstFxns__C)
                  00013d80    00000008     hello_pem4f.oem4f (.const:xdc_runtime_Startup_lastFxns__C)
                  00013d88    00000004     hello_pem4f.oem4f (.const:ti_catalog_arm_cortexm4_tiva_ce_Boot_A_mustNotUseEnhancedClockMode__C)
                  00013d8c    00000004     hello_pem4f.oem4f (.const:ti_catalog_arm_cortexm4_tiva_ce_Boot_Module__diagsEnabled__C)
                  00013d90    00000004     hello_pem4f.oem4f (.const:ti_catalog_arm_cortexm4_tiva_ce_Boot_Module__diagsIncluded__C)
                  00013d94    00000004     hello_pem4f.oem4f (.const:ti_catalog_arm_cortexm4_tiva_ce_Boot_Module__diagsMask__C)
                  00013d98    00000004     hello_pem4f.oem4f (.const:ti_sysbios_family_arm_lm4_Timer_E_cannotSupport__C)
                  00013d9c    00000004     hello_pem4f.oem4f (.const:ti_sysbios_family_arm_lm4_Timer_E_invalidTimer__C)
                  00013da0    00000004     hello_pem4f.oem4f (.const:ti_sysbios_family_arm_lm4_Timer_E_noaltclk__C)
                  00013da4    00000004     hello_pem4f.oem4f (.const:ti_sysbios_family_arm_lm4_Timer_E_notAvailable__C)
                  00013da8    00000004     hello_pem4f.oem4f (.const:ti_sysbios_family_arm_lm4_Timer_anyMask__C)
                  00013dac    00000004     hello_pem4f.oem4f (.const:ti_sysbios_family_arm_lm4_Timer_disableFunc__C)
                  00013db0    00000004     hello_pem4f.oem4f (.const:ti_sysbios_family_arm_lm4_Timer_enableFunc__C)
                  00013db4    00000004     hello_pem4f.oem4f (.const:ti_sysbios_family_arm_lm4_Timer_numTimerDevices__C)
                  00013db8    00000004     hello_pem4f.oem4f (.const:ti_sysbios_family_arm_lm4_Timer_startupNeeded__C)
                  00013dbc    00000004     hello_pem4f.oem4f (.const:ti_sysbios_family_arm_m3_Hwi_E_NMI__C)
                  00013dc0    00000004     hello_pem4f.oem4f (.const:ti_sysbios_family_arm_m3_Hwi_E_alreadyDefined__C)
                  00013dc4    00000004     hello_pem4f.oem4f (.const:ti_sysbios_family_arm_m3_Hwi_E_busFault__C)
                  00013dc8    00000004     hello_pem4f.oem4f (.const:ti_sysbios_family_arm_m3_Hwi_E_debugMon__C)
                  00013dcc    00000004     hello_pem4f.oem4f (.const:ti_sysbios_family_arm_m3_Hwi_E_hardFault__C)
                  00013dd0    00000004     hello_pem4f.oem4f (.const:ti_sysbios_family_arm_m3_Hwi_E_memFault__C)
                  00013dd4    00000004     hello_pem4f.oem4f (.const:ti_sysbios_family_arm_m3_Hwi_E_noIsr__C)
                  00013dd8    00000004     hello_pem4f.oem4f (.const:ti_sysbios_family_arm_m3_Hwi_E_reserved__C)
                  00013ddc    00000004     hello_pem4f.oem4f (.const:ti_sysbios_family_arm_m3_Hwi_E_svCall__C)
                  00013de0    00000004     hello_pem4f.oem4f (.const:ti_sysbios_family_arm_m3_Hwi_E_usageFault__C)
                  00013de4    00000004     hello_pem4f.oem4f (.const:ti_sysbios_family_arm_m3_Hwi_NUM_INTERRUPTS__C)
                  00013de8    00000004     hello_pem4f.oem4f (.const:ti_sysbios_family_arm_m3_Hwi_Object__count__C)
                  00013dec    00000004     hello_pem4f.oem4f (.const:ti_sysbios_family_arm_m3_Hwi_ccr__C)
                  00013df0    00000004     hello_pem4f.oem4f (.const:ti_sysbios_family_arm_m3_Hwi_excHandlerFunc__C)
                  00013df4    00000004     hello_pem4f.oem4f (.const:ti_sysbios_family_arm_m3_Hwi_excHookFuncs__C)
                  00013df8    00000004     hello_pem4f.oem4f (.const:ti_sysbios_family_arm_m3_Hwi_nullIsrFunc__C)
                  00013dfc    00000004     hello_pem4f.oem4f (.const:ti_sysbios_family_arm_m3_Hwi_priGroup__C)
                  00013e00    00000004     hello_pem4f.oem4f (.const:ti_sysbios_family_arm_m3_TaskSupport_stackAlignment__C)
                  00013e04    00000004     hello_pem4f.oem4f (.const:ti_sysbios_gates_GateMutex_Instance_State_sem__O)
                  00013e08    00000004     hello_pem4f.oem4f (.const:ti_sysbios_hal_Hwi_E_stackOverflow__C)
                  00013e0c    00000004     hello_pem4f.oem4f (.const:ti_sysbios_heaps_HeapMem_E_memory__C)
                  00013e10    00000004     hello_pem4f.oem4f (.const:ti_sysbios_heaps_HeapMem_Module__gateObj__C)
                  00013e14    00000004     hello_pem4f.oem4f (.const:ti_sysbios_heaps_HeapMem_Object__count__C)
                  00013e18    00000004     hello_pem4f.oem4f (.const:ti_sysbios_heaps_HeapMem_reqAlign__C)
                  00013e1c    00000004     hello_pem4f.oem4f (.const:ti_sysbios_knl_Clock_Module_State_clockQ__O)
                  00013e20    00000004     hello_pem4f.oem4f (.const:ti_sysbios_knl_Idle_funcList__A)
                  00013e24    00000004     hello_pem4f.oem4f (.const:ti_sysbios_knl_Mailbox_Instance_State_dataQue__O)
                  00013e28    00000004     hello_pem4f.oem4f (.const:ti_sysbios_knl_Mailbox_Instance_State_dataSem__O)
                  00013e2c    00000004     hello_pem4f.oem4f (.const:ti_sysbios_knl_Mailbox_Instance_State_freeQue__O)
                  00013e30    00000004     hello_pem4f.oem4f (.const:ti_sysbios_knl_Mailbox_Instance_State_freeSem__O)
                  00013e34    00000004     hello_pem4f.oem4f (.const:ti_sysbios_knl_Mailbox_Object__count__C)
                  00013e38    00000004     hello_pem4f.oem4f (.const:ti_sysbios_knl_Mailbox_maxTypeAlign__C)
                  00013e3c    00000004     hello_pem4f.oem4f (.const:ti_sysbios_knl_Semaphore_Instance_State_pendQ__O)
                  00013e40    00000004     hello_pem4f.oem4f (.const:ti_sysbios_knl_Swi_Object__count__C)
                  00013e44    00000004     hello_pem4f.oem4f (.const:ti_sysbios_knl_Task_E_spOutOfBounds__C)
                  00013e48    00000004     hello_pem4f.oem4f (.const:ti_sysbios_knl_Task_E_stackOverflow__C)
                  00013e4c    00000004     hello_pem4f.oem4f (.const:ti_sysbios_knl_Task_Module_State_inactiveQ__O)
                  00013e50    00000004     hello_pem4f.oem4f (.const:ti_sysbios_knl_Task_Object__count__C)
                  00013e54    00000004     hello_pem4f.oem4f (.const:ti_sysbios_knl_Task_allBlockedFunc__C)
                  00013e58    00000004     hello_pem4f.oem4f (.const:ti_sysbios_knl_Task_defaultStackHeap__C)
                  00013e5c    00000004     hello_pem4f.oem4f (.const:ti_sysbios_knl_Task_defaultStackSize__C)
                  00013e60    00000004     hello_pem4f.oem4f (.const:ti_sysbios_knl_Task_numConstructedTasks__C)
                  00013e64    00000004     hello_pem4f.oem4f (.const:xdc_runtime_Assert_E_assertFailed__C)
                  00013e68    00000004     hello_pem4f.oem4f (.const:xdc_runtime_Core_A_initializedParams__C)
                  00013e6c    00000004     hello_pem4f.oem4f (.const:xdc_runtime_Core_Module__diagsEnabled__C)
                  00013e70    00000004     hello_pem4f.oem4f (.const:xdc_runtime_Core_Module__diagsIncluded__C)
                  00013e74    00000004     hello_pem4f.oem4f (.const:xdc_runtime_Core_Module__diagsMask__C)
                  00013e78    00000004     hello_pem4f.oem4f (.const:xdc_runtime_Error_E_memory__C)
                  00013e7c    00000004     hello_pem4f.oem4f (.const:xdc_runtime_Error_Module__diagsEnabled__C)
                  00013e80    00000004     hello_pem4f.oem4f (.const:xdc_runtime_Error_Module__diagsIncluded__C)
                  00013e84    00000004     hello_pem4f.oem4f (.const:xdc_runtime_Error_Module__diagsMask__C)
                  00013e88    00000004     hello_pem4f.oem4f (.const:xdc_runtime_Error_Module__loggerFxn8__C)
                  00013e8c    00000004     hello_pem4f.oem4f (.const:xdc_runtime_Error_Module__loggerObj__C)
                  00013e90    00000004     hello_pem4f.oem4f (.const:xdc_runtime_Error_policyFxn__C)
                  00013e94    00000004     hello_pem4f.oem4f (.const:xdc_runtime_Error_raiseHook__C)
                  00013e98    00000004     hello_pem4f.oem4f (.const:xdc_runtime_IGateProvider_Interface__BASE__C)
                  00013e9c    00000004     hello_pem4f.oem4f (.const:xdc_runtime_IHeap_Interface__BASE__C)
                  00013ea0    00000004     hello_pem4f.oem4f (.const:xdc_runtime_IModule_Interface__BASE__C)
                  00013ea4    00000004     hello_pem4f.oem4f (.const:xdc_runtime_Log_L_error__C)
                  00013ea8    00000004     hello_pem4f.oem4f (.const:xdc_runtime_Memory_defaultHeapInstance__C)
                  00013eac    00000004     hello_pem4f.oem4f (.const:xdc_runtime_Startup_execImpl__C)
                  00013eb0    00000004     hello_pem4f.oem4f (.const:xdc_runtime_Startup_lastFxns__A)
                  00013eb4    00000004     hello_pem4f.oem4f (.const:xdc_runtime_Startup_maxPasses__C)
                  00013eb8    00000004     hello_pem4f.oem4f (.const:xdc_runtime_Startup_sfxnRts__C)
                  00013ebc    00000004     hello_pem4f.oem4f (.const:xdc_runtime_Startup_sfxnTab__C)
                  00013ec0    00000004     hello_pem4f.oem4f (.const:xdc_runtime_SysMin_bufSize__C)
                  00013ec4    00000004     hello_pem4f.oem4f (.const:xdc_runtime_SysMin_outputFunc__C)
                  00013ec8    00000004     hello_pem4f.oem4f (.const:xdc_runtime_System_Module__gateObj__C)
                  00013ecc    00000004     hello_pem4f.oem4f (.const:xdc_runtime_System_abortFxn__C)
                  00013ed0    00000004     hello_pem4f.oem4f (.const:xdc_runtime_System_exitFxn__C)
                  00013ed4    00000004     hello_pem4f.oem4f (.const:xdc_runtime_System_extendFxn__C)
                  00013ed8    00000004     hello_pem4f.oem4f (.const:xdc_runtime_System_maxAtexitHandlers__C)
                  00013edc    00000004     hello_pem4f.oem4f (.const:xdc_runtime_Text_charTab__C)
                  00013ee0    00000004     hello_pem4f.oem4f (.const:xdc_runtime_Text_nameEmpty__C)
                  00013ee4    00000004     hello_pem4f.oem4f (.const:xdc_runtime_Text_nameStatic__C)
                  00013ee8    00000004     hello_pem4f.oem4f (.const:xdc_runtime_Text_nameUnknown__C)
                  00013eec    00000004     hello_pem4f.oem4f (.const:xdc_runtime_Text_nodeTab__C)
                  00013ef0    00000004     hello_pem4f.oem4f (.const:xdc_runtime_Text_visitRopeFxn__C)
                  00013ef4    00000002     hello_pem4f.oem4f (.const:ti_sysbios_family_arm_m3_Hwi_Module__id__C)
                  00013ef6    00000002     hello_pem4f.oem4f (.const:ti_sysbios_hal_Hwi_Module__id__C)
                  00013ef8    00000002     hello_pem4f.oem4f (.const:ti_sysbios_heaps_HeapMem_Module__id__C)
                  00013efa    00000002     hello_pem4f.oem4f (.const:ti_sysbios_knl_Task_Module__id__C)
                  00013efc    00000002     hello_pem4f.oem4f (.const:xdc_runtime_Core_Module__id__C)
                  00013efe    00000002     hello_pem4f.oem4f (.const:xdc_runtime_Error_Module__loggerDefined__C)
                  00013f00    00000002     hello_pem4f.oem4f (.const:xdc_runtime_Error_maxDepth__C)
                  00013f02    00000002     hello_pem4f.oem4f (.const:xdc_runtime_Memory_Module__id__C)
                  00013f04    00000002     hello_pem4f.oem4f (.const:xdc_runtime_SysMin_flushAtExit__C)
                  00013f06    00000002     hello_pem4f.oem4f (.const:xdc_runtime_Text_charCnt__C)
                  00013f08    00000002     hello_pem4f.oem4f (.const:xdc_runtime_Text_isLoaded__C)
                  00013f0a    00000002     hello_pem4f.oem4f (.const:xdc_runtime_Text_registryModsLastId__C)
                  00013f0c    00000002     hello_pem4f.oem4f (.const:xdc_runtime_Text_unnamedModsLastId__C)

.cinit     0    00013f10    00000278     
                  00013f10    00000243     (.cinit..data.load) [load image, compression = lzss]
                  00014153    00000001     --HOLE-- [fill = 0]
                  00014154    0000000c     (__TI_handler_table)
                  00014160    00000008     (.cinit..bss.load) [load image, compression = zero_init]
                  00014168    00000008     (.cinit..vecs.load) [load image, compression = zero_init]
                  00014170    00000018     (__TI_cinit_table)

.init_array 
*          0    00000000    00000000     UNINITIALIZED

.resetVecs 
*          0    00000000    0000003c     
                  00000000    0000003c     hello_pem4f.oem4f (.resetVecs)

.vecs      0    20000000    00000360     UNINITIALIZED
                  20000000    00000360     hello_pem4f.oem4f (.vecs)

.bss       0    20000360    00007454     UNINITIALIZED
                  20000360    00005000     (.common:ti_sysbios_heaps_HeapMem_Instance_State_0_buf__A)
                  20005360    00001028     action.obj (.bss:$O4$$)
                  20006388    00000800     (.common:_ZN9TskAction7Info_LVE)
                  20006b88    00000360     (.common:ti_sysbios_family_arm_m3_Hwi_dispatchTable)
                  20006ee8    00000200     hello_pem4f.oem4f (.bss:taskStackSection)
                  200070e8    00000200     (.common:xdc_runtime_SysMin_Module_State_0_outbuf__A)
                  200072e8    00000120     rtsv7M4_T_le_v4SPD16_eabi.lib : trgmsg.obj (.bss:_CIOBUF_)
                  20007408    000000cc     (.common:uartTivaObjects)
                  200074d4    00000094     TskTop.obj (.bss:$O6$$)
                  20007568    00000090     drivers_tivaware.aem4f : GPIOTiva.oem4f (.bss:gpioCallbackInfo)
                  200075f8    00000080     (.common:i2cTivaObjects)
                  20007678    00000080     (.common:uartTivaRingBuffer)
                  200076f8    0000004c     solve.obj (.bss:$O2$$)
                  20007744    00000014     mmaze.obj (.bss:$O3$$)
                  20007758    00000014     (.common:_ZN5TskIr8IrBinThsE)
                  2000776c    0000000c     WheelEnc.obj (.bss:$O9$$)
                  20007778    0000000c     (.common:_ZN5TskIr5IrYawE)
                  20007784    00000008     DbgUart.obj (.bss:$O5$$)
                  2000778c    00000008     rtsv7M4_T_le_v4SPD16_eabi.lib : trgdrv.obj (.bss:parmbuf$44)
                  20007794    00000005     (.common:_ZN5TskIr6IrBinsE)
                  20007799    00000001     (.common:_ZN6TskTop4ModeE)
                  2000779a    00000002     --HOLE--
                  2000779c    00000004     (.common:_ZN8TskMotor2AVE)
                  200077a0    00000004     (.common:_ZN8TskMotor2LVE)
                  200077a4    00000004     (.common:_ZN8TskMotor5AcclYE)
                  200077a8    00000004     (.common:_ZN8TskMotor5GyroZE)
                  200077ac    00000004     (.common:_ZN8TskMotor6EncVelE)
                  200077b0    00000004     (.common:gpioInterruptVectors)

.data      0    200077b4    00000758     UNINITIALIZED
                  200077b4    000001c0     TskIr.obj (.data:$O10$$)
                  20007974    00000080     hello_pem4f.oem4f (.data:ti_sysbios_family_arm_lm4_Timer_Object__table__V)
                  200079f4    00000080     hello_pem4f.oem4f (.data:ti_sysbios_knl_Swi_Module_State_0_readyQ__A)
                  20007a74    00000080     hello_pem4f.oem4f (.data:ti_sysbios_knl_Task_Module_State_0_readyQ__A)
                  20007af4    00000070     Imu.obj (.data:$O7$$)
                  20007b64    0000004c     hello_pem4f.oem4f (.data:ti_sysbios_knl_Task_Object__table__V)
                  20007bb0    00000044     hello_pem4f.oem4f (.data:ti_sysbios_knl_Task_Module__state__V)
                  20007bf4    00000040     hello_pem4f.oem4f (.data:ti_sysbios_family_arm_lm4_Timer_Module_State_0_device__A)
                  20007c34    00000038     hello_pem4f.oem4f (.data:ti_sysbios_gates_GateMutex_Object__table__V)
                  20007c6c    00000034     hello_pem4f.oem4f (.data:ti_sysbios_family_arm_m3_Hwi_Module__state__V)
                  20007ca0    00000030     hello_pem4f.oem4f (.data:ti_sysbios_family_arm_m3_Hwi_Object__table__V)
                  20007cd0    00000030     hello_pem4f.oem4f (.data:ti_sysbios_knl_Swi_Object__table__V)
                  20007d00    0000002c     TskMotor.obj (.data)
                  20007d2c    0000002c     hello_pem4f.oem4f (.data:ti_sysbios_knl_Clock_Module__state__V)
                  20007d58    00000024     hello_pem4f.oem4f (.data:ti_sysbios_BIOS_Module__state__V)
                  20007d7c    00000020     hello_pem4f.oem4f (.data:ti_sysbios_family_arm_lm4_Timer_Module_State_0_handles__A)
                  20007d9c    0000001c     dbmouse_chassis.obj (.data:gpioPinConfigs)
[...]
00013e2c  ti_sysbios_knl_Mailbox_Instance_State_freeQue__O                                  
00013e30  ti_sysbios_knl_Mailbox_Instance_State_freeSem__O                                  
00013e34  ti_sysbios_knl_Mailbox_Object__count__C                                           
00013e38  ti_sysbios_knl_Mailbox_maxTypeAlign__C                                            
00013e3c  ti_sysbios_knl_Semaphore_Instance_State_pendQ__O                                  
00013e40  ti_sysbios_knl_Swi_Object__count__C                                               
00013e44  ti_sysbios_knl_Task_E_spOutOfBounds__C                                            
00013e48  ti_sysbios_knl_Task_E_stackOverflow__C                                            
00013e4c  ti_sysbios_knl_Task_Module_State_inactiveQ__O                                     
00013e50  ti_sysbios_knl_Task_Object__count__C                                              
00013e54  ti_sysbios_knl_Task_allBlockedFunc__C                                             
00013e58  ti_sysbios_knl_Task_defaultStackHeap__C                                           
00013e5c  ti_sysbios_knl_Task_defaultStackSize__C                                           
00013e60  ti_sysbios_knl_Task_numConstructedTasks__C                                        
00013e64  xdc_runtime_Assert_E_assertFailed__C                                              
00013e68  xdc_runtime_Core_A_initializedParams__C                                           
00013e6c  xdc_runtime_Core_Module__diagsEnabled__C                                          
00013e70  xdc_runtime_Core_Module__diagsIncluded__C                                         
00013e74  xdc_runtime_Core_Module__diagsMask__C                                             
00013e78  xdc_runtime_Error_E_memory__C                                                     
00013e7c  xdc_runtime_Error_Module__diagsEnabled__C                                         
00013e80  xdc_runtime_Error_Module__diagsIncluded__C                                        
00013e84  xdc_runtime_Error_Module__diagsMask__C                                            
00013e88  xdc_runtime_Error_Module__loggerFxn8__C                                           
00013e8c  xdc_runtime_Error_Module__loggerObj__C                                            
00013e90  xdc_runtime_Error_policyFxn__C                                                    
00013e94  xdc_runtime_Error_raiseHook__C                                                    
00013e98  xdc_runtime_IGateProvider_Interface__BASE__C                                      
00013e9c  xdc_runtime_IHeap_Interface__BASE__C                                              
00013ea0  xdc_runtime_IModule_Interface__BASE__C                                            
00013ea4  xdc_runtime_Log_L_error__C                                                        
00013ea8  xdc_runtime_Memory_defaultHeapInstance__C                                         
00013eac  xdc_runtime_Startup_execImpl__C                                                   
00013eb0  xdc_runtime_Startup_lastFxns__A                                                   
00013eb4  xdc_runtime_Startup_maxPasses__C                                                  
00013eb8  xdc_runtime_Startup_sfxnRts__C                                                    
00013ebc  xdc_runtime_Startup_sfxnTab__C                                                    
00013ec0  xdc_runtime_SysMin_bufSize__C                                                     
00013ec4  xdc_runtime_SysMin_outputFunc__C                                                  
00013ec8  xdc_runtime_System_Module__gateObj__C                                             
00013ecc  xdc_runtime_System_abortFxn__C                                                    
00013ed0  xdc_runtime_System_exitFxn__C                                                     
00013ed4  xdc_runtime_System_extendFxn__C                                                   
00013ed8  xdc_runtime_System_maxAtexitHandlers__C                                           
00013edc  xdc_runtime_Text_charTab__C                                                       
00013ee0  xdc_runtime_Text_nameEmpty__C                                                     
00013ee4  xdc_runtime_Text_nameStatic__C                                                    
00013ee8  xdc_runtime_Text_nameUnknown__C                                                   
00013eec  xdc_runtime_Text_nodeTab__C                                                       
00013ef0  xdc_runtime_Text_visitRopeFxn__C                                                  
00013ef4  ti_sysbios_family_arm_m3_Hwi_Module__id__C                                        
00013ef6  ti_sysbios_hal_Hwi_Module__id__C                                                  
00013ef8  ti_sysbios_heaps_HeapMem_Module__id__C                                            
00013efa  ti_sysbios_knl_Task_Module__id__C                                                 
00013efc  xdc_runtime_Core_Module__id__C                                                    
00013efe  xdc_runtime_Error_Module__loggerDefined__C                                        
00013f00  xdc_runtime_Error_maxDepth__C                                                     
00013f02  xdc_runtime_Memory_Module__id__C                                                  
00013f04  xdc_runtime_SysMin_flushAtExit__C                                                 
00013f06  xdc_runtime_Text_charCnt__C                                                       
00013f08  xdc_runtime_Text_isLoaded__C                                                      
00013f0a  xdc_runtime_Text_registryModsLastId__C                                            
00013f0c  xdc_runtime_Text_unnamedModsLastId__C                                             
00013f10  __TI_static_base__                                                                
00014154  __TI_Handler_Table_Base                                                           
00014160  __TI_Handler_Table_Limit                                                          
00014170  __TI_CINIT_Base                                                                   
00014188  __TI_CINIT_Limit                                                                  
20000000  ti_sysbios_family_arm_m3_Hwi_ramVectors                                           
20000360  ti_sysbios_heaps_HeapMem_Instance_State_0_buf__A                                  
20005360  _ZN9TskAction5MbCmdE                                                              
20005364  _ZN9TskAction3tskE                                                                
20005368  _ZN9TskAction7end_msgE                                                            
2000536c  _ZN9TskAction5IRintE                                                              
20005370  _ZN9TskAction4IMinE                                                               
20005374  _ZN9TskAction10actHDirPidE                                                        
20005378  _ZN9TskAction8cur_wallE                                                           
2000537c  _ZN9TskAction8nextWallE                                                           
20005380  _ZN9TskAction8distZeroE                                                           
20005384  _ZN9TskAction10actCurrActE                                                        
20005388  _ZN9TskAction3v_sE                                                                
20005b88  _ZN9TskAction3o_sE                                                                
20006388  _ZN9TskAction7Info_LVE                                                            
20006b88  ti_sysbios_family_arm_m3_Hwi_dispatchTable                                        
20006ee8  ti_sysbios_knl_Task_Instance_State_0_stack__A                                     
200070e8  xdc_runtime_SysMin_Module_State_0_outbuf__A                                       
200072e8  __CIOBUF_                                                                         
20007408  uartTivaObjects                                                                   
200074d4  _ZN6TskTop5MbCmdE                                                                 
200074d8  _ZN6TskTop3tskE                                                                   
200074dc  _ZN6TskTop9tskParamsE                                                             
20007518  _ZN6TskTop6dbgStrE                                                                
200075f8  i2cTivaObjects                                                                    
20007678  uartTivaRingBuffer                                                                
200076f8  _ZN5solve3tskE                                                                    
200076fc  _ZN5solve5MbActE                                                                  
20007700  _ZN5solve5MbTopE                                                                  
20007704  _ZN5solve4QActE                                                                   
20007708  _ZN5solve9tskParamsE                                                              
20007758  _ZN5TskIr8IrBinThsE                                                               
2000776c  SemActTick                                                                        
20007770  SemMotTick                                                                        
20007774  SemIrTick                                                                         
20007778  _ZN5TskIr5IrYawE                                                                  
20007784  dbgUart                                                                           
20007788  semDbgUart                                                                        
20007794  _ZN5TskIr6IrBinsE                                                                 
20007799  _ZN6TskTop4ModeE                                                                  
2000779c  _ZN8TskMotor2AVE                                                                  
200077a0  _ZN8TskMotor2LVE                                                                  
200077a4  _ZN8TskMotor5AcclYE                                                               
200077a8  _ZN8TskMotor5GyroZE                                                               
200077ac  _ZN8TskMotor6EncVelE                                                              
200077b4  _ZN5TskIr5MbCmdE                                                                  
200077b8  _ZN5TskIr3tskE                                                                    
200077bc  _ZN5TskIr14SemIrAdcFinishE                                                        
200077c0  _ZN5TskIr7irTimerE                                                                
200077c4  _ZN5TskIr9IrChNamesE                                                              
200077d4  _ZN5TskIr5IrACsE                                                                  
20007804  _ZN5TskIr13irTimerParamsE                                                         
20007834  _ZN5TskIr5IrLTsE                                                                  
20007974  ti_sysbios_family_arm_lm4_Timer_Object__table__V                                  
200079f4  ti_sysbios_knl_Swi_Module_State_0_readyQ__A                                       
20007a74  ti_sysbios_knl_Task_Module_State_0_readyQ__A                                      
20007af4  imuReadSeq                                                                        
20007af5  imuInitSeq1                                                                       
20007af8  iicImu                                                                            
20007afc  semIicFinish                                                                      
20007b00  imuInitSeq0                                                                       
20007b05  imuData                                                                           
20007b14  iicImuParams                                                                      
20007b24  iicTrans                                                                          
20007b40  semParams                                                                         
20007b64  ti_sysbios_knl_Task_Object__table__V                                              
20007bb0  ti_sysbios_knl_Task_Module__state__V                                              
20007bf4  ti_sysbios_family_arm_lm4_Timer_Module_State_0_device__A                          
20007c34  ti_sysbios_gates_GateMutex_Object__table__V                                       
20007c6c  ti_sysbios_family_arm_m3_Hwi_Module__state__V                                     
20007ca0  ti_sysbios_family_arm_m3_Hwi_Object__table__V                                     
20007cd0  ti_sysbios_knl_Swi_Object__table__V                                               
20007d00  _ZN8TskMotor11DistanceAccE                                                        
20007d04  _ZN8TskMotor8AngleAccE                                                            
20007d08  _ZN8TskMotor14DistanceAcc_enE                                                     
20007d0c  _ZN8TskMotor6OmgAdjE                                                              
20007d10  _ZN8TskMotor5LvAdjE                                                               
20007d14  _ZN8TskMotor8CurrentVE                                                            
20007d18  _ZN8TskMotor9GyroZZeroE                                                           
20007d1c  _ZN8TskMotor9AcclYZeroE                                                           
20007d20  _ZN8TskMotor7EncRVelE                                                             
20007d24  _ZN8TskMotor7EncLVelE                                                             
20007d28  _ZN8TskMotor11TemperatureE                                                        
20007d2c  ti_sysbios_knl_Clock_Module__state__V                                             
20007d58  ti_sysbios_BIOS_Module__state__V                                                  
20007d7c  ti_sysbios_family_arm_lm4_Timer_Module_State_0_handles__A                         
20007d9c  gpioPinConfigs                                                                    
20007db8  ti_sysbios_knl_Swi_Module__state__V                                               
20007dd4  ti_sysbios_heaps_HeapMem_Object__table__V                                         
20007dec  _ZN5TskIr7IrDistsE                                                                
20007e00  _ZN8TskMotor12MotorEnabledE                                                       
20007e01  _ZN8TskMotor11GyroEnabledE                                                        
20007e02  _ZN8TskMotor11AcclEnabledE                                                        
20007e03  _ZN8TskMotor15AcqZerosEnabledE                                                    
20007e04  _ZN8TskMotor5MbCmdE                                                               
20007e08  _ZN8TskMotor6QMotorE                                                              
20007e0c  _ZN8TskMotor3tskE                                                                 
20007e10  __TI_cleanup_ptr                                                                  
20007e14  __TI_dtors_ptr                                                                    
20007e18  __TI_enable_exit_profile_output                                                   
20007e1c  ti_sysbios_family_arm_lm4_Timer_Module__state__V                                  
20007e28  xdc_runtime_SysMin_Module__state__V                                               
20007e34  _lock                                                                             
20007e38  _unlock                                                                           
20007e3c  __dso_handle                                                                      
20007e44  _ZN5TskIr6IrIntsE                                                                 
20007e4c  _ZN5TskIr7irZerosE                                                                
20007e54  gpioCallbackFunctions                                                             
20007e5c  ti_sysbios_family_arm_lm4_Timer_Module__root__V                                   
20007e64  ti_sysbios_family_arm_lm4_TimestampProvider_Module__state__V                      
20007e6c  ti_sysbios_family_arm_m3_Hwi_Module__root__V                                      
20007e74  ti_sysbios_gates_GateHwi_Module__root__V                                          
20007e7c  ti_sysbios_gates_GateMutex_Module__root__V                                        
20007e84  ti_sysbios_hal_Timer_Module__root__V                                              
20007e8c  ti_sysbios_heaps_HeapMem_Module__root__V                                          
20007e94  ti_sysbios_knl_Clock_Module__root__V                                              
20007e9c  ti_sysbios_knl_Mailbox_Module__root__V                                            
20007ea4  ti_sysbios_knl_Queue_Module__root__V                                              
20007eac  ti_sysbios_knl_Semaphore_Module__root__V                                          
20007eb4  ti_sysbios_knl_Task_Module__root__V                                               
20007ebc  xdc_runtime_Registry_Module__state__V                                             
20007ec4  xdc_runtime_Startup_Module__state__V                                              
20007ecc  xdc_runtime_System_Module_State_0_atexitHandlers__A                               
20007ed4  xdc_runtime_System_Module__state__V                                               
20007ee1  _ZN5TskIr12irEmitEnableE                                                          
20007ee2  _ZN5TskIr11irEmitterNoE                                                           
20007eec  errno                                                                             
20007ef0  main_func_sp                                                                      
20007ef4  ti_sysbios_family_arm_m3_Hwi_Module_State_0_excContext__A                         
20007ef8  ti_sysbios_family_arm_m3_Hwi_Module_State_0_excStack__A                           
20007efc  ti_sysbios_gates_GateHwi_Object__table__V                                         
20007f00  ti_sysbios_knl_Task_Module_State_0_idleTask__A                                    
20007f04  xdc_runtime_Memory_Module__state__V                                               
20007f08  ti_sysbios_family_arm_m3_Hwi_Module_State_0_excActive__A                          
20007f0a  xdc_runtime_Error_Module__state__V                                                
20007f0c  __stack                                                                           
2000830c  __STACK_END                                                                       
e000e000  ti_sysbios_family_arm_m3_Hwi_nvic                                                 
ffffffff  __TI_pprof_out_hndl                                                               
ffffffff  __TI_prof_data_size                                                               
ffffffff  __TI_prof_data_start                                                              
ffffffff  __binit__                                                                         
ffffffff  __c_args__                                                                        
ffffffff  binit                                                                             
UNDEFED   SHT$$INIT_ARRAY$$Base                                                             
UNDEFED   SHT$$INIT_ARRAY$$Limit                                                            

[853 symbols]
