******************************************************************************
                  TI ARM Linker PC v16.6.0                     
******************************************************************************
>> Linked Tue Sep 12 19:12:23 2017

OUTPUT FILE NAME:   <dbHu_m.out>
ENTRY POINT SYMBOL: "_c_int00"  address: 00011159


MEMORY CONFIGURATION

         name            origin    length      used     unused   attr    fill
----------------------  --------  ---------  --------  --------  ----  --------
  FLASH                 00000000   00040000  000164aa  00029b56  R  X
  SRAM                  20000000   00008000  00007e70  00000190  RW X


SEGMENT ALLOCATION MAP

run origin  load origin   length   init length attrs members
----------  ----------- ---------- ----------- ----- -------
00000000    00000000    000164b0   000164b0    r-x
  00000000    00000000    0000003c   0000003c    r-- .resetVecs
  00000040    00000040    00013d32   00013d32    r-x .text
  00013d74    00013d74    0000249c   0000249c    r-- .const
  00016210    00016210    000002a0   000002a0    r-- .cinit
20000000    20000000    00007e70   00000000    rw-
  20000000    20000000    00000360   00000000    rw- .vecs
  20000360    20000360    00006f08   00000000    rw- .bss
  20007268    20007268    00000808   00000000    rw- .data
  20007a70    20007a70    00000400   00000000    rw- .stack


SECTION ALLOCATION MAP

 output                                  attributes/
section   page    origin      length       input sections
--------  ----  ----------  ----------   ----------------
.text      0    00000040    00013d32     
                  00000040    00001132     rtsv7M4_T_le_v4SPD16_eabi.lib : _printfi.obj (.text)
                  00001172    00000002                                   : i_div0.obj (.text)
                  00001174    00000f18     action.obj (.text:_ZN9TskAction4taskEjj)
                  0000208c    00000d00     IrCorr.obj (.text:_ZN5TskIr14doIrCorrectionEv)
                  00002d8c    00000780     TskMotor.obj (.text:_ZN8TskMotor4taskEjj)
                  0000350c    00000654     TskTop.obj (.text:_ZN6TskTop4taskEjj)
                  00003b60    00000594     rtsv7M4_T_le_v4SPD16_eabi.lib : e_powf.obj (.text)
                  000040f4    00000580     action.obj (.text:_ZN9TskAction7actL180Ev)
                  00004674    0000057c     action.obj (.text:_ZN9TskAction7actR180Ev)
                  00004bf0    000004b4     action.obj (.text:_ZN9TskAction14MotionCalcTurnEfffPfS0_)
                  000050a4    0000043c     action.obj (.text:_ZN9TskAction7actR45iEv)
                  000054e0    00000430     action.obj (.text:_ZN9TskAction7actL45iEv)
                  00005910    00000430     sysbios.aem4f : BIOS.obj (.text:ti_sysbios_family_arm_m3_Hwi_excDumpRegs__I)
                  00005d40    00000420     action.obj (.text:_ZN9TskAction7actL90rEv)
                  00006160    00000420     action.obj (.text:_ZN9TskAction7actL90tEv)
                  00006580    00000420     action.obj (.text:_ZN9TskAction7actR45oEv)
                  000069a0    00000420     action.obj (.text:_ZN9TskAction7actR90rEv)
                  00006dc0    00000420     action.obj (.text:_ZN9TskAction7actR90tEv)
                  000071e0    00000420     action.obj (.text:_ZN9TskAction8actR135oEv)
                  00007600    0000041c     action.obj (.text:_ZN9TskAction8actR135iEv)
                  00007a1c    00000410     action.obj (.text:_ZN9TskAction8actL135oEv)
                  00007e2c    0000040c     TskIr.obj (.text:_ZN5TskIr4taskEjj)
                  00008238    0000040c     action.obj (.text:_ZN9TskAction7actL45oEv)
                  00008644    00000408     action.obj (.text:_ZN9TskAction8actL135iEv)
                  00008a4c    000003bc     action.obj (.text:_ZN9TskAction11actCorrLR90ENS_3Act7ActTypeE)
                  00008e08    000003ac     action.obj (.text:_ZN9TskAction11actCorrStopEv)
                  000091b4    0000034c     ti.targets.arm.rtsarm.aem4f : System.oem4f (.text:xdc_runtime_System_doPrint__I)
                  00009500    000002ac     mouse.obj (.text:_ZN10Micromouse5Mouse4StepENS_8WallType4TypeES2_S2_Pb)
                  000097ac    000002a8     TskTop.obj (.text:_ZN6TskTop9irMonitorEv)
                  00009a54    000002a8     action.obj (.text:_ZN9TskAction11actCorrBackEPNS_10WallStatusE)
                  00009cfc    00000298     solve.obj (.text:_ZN5solve12SearchAndRunEb)
                  00009f94    00000280     action.obj (.text:_ZN9TskAction7actLR90ENS_3Act7ActTypeE)
                  0000a214    00000272     mouse.obj (.text:_ZN10Micromouse5MouseC1EssRKNS_8GridCoorE)
                  0000a486    00000002     empty_pem4f.oem4f (.text:ti_sysbios_BIOS_nullFunc__I)
                  0000a488    00000250     TskTop.obj (.text:_ZN6TskTop13encImuMonitorEv)
                  0000a6d8    00000210     sysbios.aem4f : BIOS.obj (.text:ti_sysbios_family_arm_lm4_Timer_Instance_init__E)
                  0000a8e8    0000020c     drivers_tivaware.aem4f : UARTTiva.oem4f (.text:UARTTiva_open)
                  0000aaf4    00000200     action.obj (.text:_ZN9TskAction14actCorrRestartEv)
                  0000acf4    00000004     driverlib.lib : i2c.obj (.text:I2CMasterControl)
                  0000acf8    000001fc     sysbios.aem4f : BIOS.obj (.text:ti_sysbios_family_arm_m3_Hwi_excHandlerMax__I)
                  0000aef4    000001f4     rtsv7M4_T_le_v4SPD16_eabi.lib : ull_div_t2.obj (.text)
                  0000b0e8    000001ec                                   : e_logf.obj (.text)
                  0000b2d4    000001dc                                   : e_expf.obj (.text)
                  0000b4b0    000001cc     mmaze.obj (.text:_ZN10Micromouse5MMaze5FluidEPtRKNS_8GridCoorES4_NS_8WallType4TypeEb)
                  0000b67c    000001b6     rtsv7M4_T_le_v4SPD16_eabi.lib : fd_add_t2.obj (.text)
                  0000b832    00000002     empty_pem4f.oem4f (.text:xdc_runtime_Startup_reset__I)
                  0000b834    000001b4     WheelEnc.obj (.text:_Z12WheelEncInitv)
                  0000b9e8    000001ac     action.obj (.text:_ZN9TskAction7actStopEv)
                  0000bb94    000001a8     TskTop.obj (.text:_ZN6TskTop9solveTestEv)
                  0000bd3c    00000192     IrCorr.obj (.text:_ZN5TskIr11linEquSolveEPfi)
                  0000bece    00000002     --HOLE-- [fill = 0]
                  0000bed0    00000180     TskTop.obj (.text:_ZN6TskTop10actionTestEv)
                  0000c050    0000017c     action.obj (.text:_ZN9TskAction7actBackEv)
                  0000c1cc    00000004     driverlib.lib : i2c.obj (.text:I2CMasterDataGet)
                  0000c1d0    00000174     sysbios.aem4f : BIOS.obj (.text:ti_sysbios_family_arm_m3_Hwi_excBusFault__I)
                  0000c344    00000170     rtsv7M4_T_le_v4SPD16_eabi.lib : e_sqrt.obj (.text)
                  0000c4b4    00000004     driverlib.lib : i2c.obj (.text:I2CMasterDataPut)
                  0000c4b8    00000164     sysbios.aem4f : BIOS.obj (.text:ti_sysbios_family_arm_m3_Hwi_excUsageFault__I)
                  0000c61c    00000160     dbmouse.obj (.text:main)
                  0000c77c    00000158     TskIr.obj (.text:_ZN5TskIr9irDetInitEv)
                  0000c8d4    00000150     drivers_tivaware.aem4f : GPIOTiva.oem4f (.text:GPIO_setConfig)
                  0000ca24    00000004     driverlib.lib : uart.obj (.text:UARTIntClear)
                  0000ca28    00000148     sysbios.aem4f : BIOS.obj (.text:ti_sysbios_family_arm_m3_Hwi_excMemFault__I)
                  0000cb70    00000136     rtsv7M4_T_le_v4SPD16_eabi.lib : fd_div_t2.obj (.text)
                  0000cca6    00000130     driverlib.lib : gpio.obj (.text:GPIOPadConfigSet)
                  0000cdd6    00000002     --HOLE-- [fill = 0]
                  0000cdd8    00000128     sysbios.aem4f : BIOS.obj (.text:ti_sysbios_knl_Semaphore_pend__E)
                  0000cf00    00000118     ti.targets.arm.rtsarm.aem4f : Error.oem4f (.text:xdc_runtime_Error_policyDefault__E)
                  0000d018    0000010c     IrCorr.obj (.text:_ZN5TskIr11irApprox2ndEPfS0_iS0_)
                  0000d124    00000004     empty_pem4f.oem4f (.text:ti_sysbios_BIOS_RtsGateProxy_enter__E)
                  0000d128    00000108     sysbios.aem4f : BIOS.obj (.text:ti_sysbios_family_arm_lm4_Timer_start__E)
                  0000d230    00000100     Boot.aem4f : Boot_sysctl.oem4f (.text:ti_catalog_arm_cortexm4_tiva_ce_Boot_sysCtlClockSetI__I)
                  0000d330    00000100     ti.targets.arm.rtsarm.aem4f : Core-mem.oem4f (.text:xdc_runtime_Core_createObject__I)
                  0000d430    000000fc     rtsv7M4_T_le_v4SPD16_eabi.lib : fd_mul_t2.obj (.text)
                  0000d52c    000000fc                                   : s_scalbn.obj (.text)
                  0000d628    000000fc     sysbios.aem4f : BIOS.obj (.text:ti_sysbios_knl_Task_Instance_finalize__E)
                  0000d724    000000f8     ti.targets.arm.rtsarm.aem4f : Startup.oem4f (.text:xdc_runtime_Startup_startMods__I)
                  0000d81c    000000f8     empty_pem4f.oem4f (.text:xdc_runtime_System_printfExtend__I)
                  0000d914    000000f4     sysbios.aem4f : m3_Hwi_asm.obj (.text:ti_sysbios_family_arm_m3_Hwi_dispatch__I)
                  0000da08    000000f4                   : BIOS.obj (.text:ti_sysbios_knl_Task_Instance_init__E)
                  0000dafc    00000004     empty_pem4f.oem4f (.text:ti_sysbios_BIOS_RtsGateProxy_leave__E)
                  0000db00    000000e4     sysbios.aem4f : BIOS.obj (.text:ti_sysbios_knl_Task_postInit__I)
                  0000dbe4    000000e0     drivers_tivaware.aem4f : I2CTiva.oem4f (.text:I2CTiva_open)
                  0000dcc4    000000d6                            : I2CTiva.oem4f (.text:I2CTiva_hwiFxn)
                  0000dd9a    00000006     driverlib.lib : gpio.obj (.text:GPIOIntClear)
                  0000dda0    000000d4     sysbios.aem4f : BIOS.obj (.text:ti_sysbios_knl_Mailbox_Instance_init__E)
                  0000de74    000000d0     TskIr.obj (.text:_ZN5TskIr11WaitIrTouchEhii)
                  0000df44    000000d0     TskIr.obj (.text:_ZN5TskIr13irTimerHookerEj)
                  0000e014    00000004     sysbios.aem4f : BIOS.obj (.text:ti_sysbios_family_arm_lm4_Timer_masterEnable__I)
                  0000e018    000000cc                   : BIOS.obj (.text:ti_sysbios_heaps_HeapMem_alloc__E)
                  0000e0e4    000000cc     ti.targets.arm.rtsarm.aem4f : Core-smem.oem4f (.text:xdc_runtime_Core_constructObject__I)
                  0000e1b0    000000c8     action.obj (.text:_ZN9TskAction10actRestartEv)
                  0000e278    000000c8     rtsv7M4_T_le_v4SPD16_eabi.lib : s_scalbnf.obj (.text)
                  0000e340    000000c0     sysbios.aem4f : BIOS.obj (.text:ti_sysbios_knl_Task_sleep__E)
                  0000e400    000000be     mmaze.obj (.text:_ZN10Micromouse5MMaze7GetWallERKNS_8GridCoorENS_9Direction4TypeE)
                  0000e4be    00000002     --HOLE-- [fill = 0]
                  0000e4c0    000000bc     TskTop.obj (.text:_ZN6TskTop8RushTestEv)
                  0000e57c    00000004     empty_pem4f.oem4f (.text:ti_sysbios_family_arm_m3_Hwi_delete)
                  0000e580    000000bc     sysbios.aem4f : BIOS.obj (.text:ti_sysbios_family_arm_m3_Hwi_excDebugMon__I)
                  0000e63c    00000004     empty_pem4f.oem4f (.text:ti_sysbios_family_arm_m3_Hwi_destruct)
                  0000e640    000000bc     sysbios.aem4f : BIOS.obj (.text:ti_sysbios_family_arm_m3_Hwi_excHardFault__I)
                  0000e6fc    000000b4     DbgUart.obj (.text:_Z11InitDbgUartv)
                  0000e7b0    000000b4     action.obj (.text:_ZN9TskAction16MotionCalcRotateEffPf)
                  0000e864    000000b4     rtsv7M4_T_le_v4SPD16_eabi.lib : dtor_list.obj (.text)
                  0000e918    000000b4                                   : s_cosf.obj (.text)
                  0000e9cc    00000004     empty_pem4f.oem4f (.text:ti_sysbios_family_arm_m3_TaskSupport_Module__startupDone__S)
                  0000e9d0    000000b4     sysbios.aem4f : BIOS.obj (.text:ti_sysbios_knl_Task_checkStacks__E)
                  0000ea84    000000b0     Pid.obj (.text:_ZN3Pid4TickEf)
                  0000eb34    000000b0     TskMotor.obj (.text:_ZN8TskMotor4InitEv)
                  0000ebe4    000000ac     drivers_tivaware.aem4f : UARTTiva.oem4f (.text:readTaskBlocking)
                  0000ec90    000000ac     sysbios.aem4f : BIOS.obj (.text:ti_sysbios_family_arm_lm4_Timer_enableTiva__I)
                  0000ed3c    00000004     empty_pem4f.oem4f (.text:ti_sysbios_hal_Hwi_HwiProxy_delete)
                  0000ed40    000000ac     sysbios.aem4f : BIOS.obj (.text:ti_sysbios_utils_Load_updateThreadContexts__E)
                  0000edec    000000a4     rtsv7M4_T_le_v4SPD16_eabi.lib : s_sinf.obj (.text)
                  0000ee90    000000a0     mmaze.obj (.text:_ZN10Micromouse5MMaze7SetWallERKNS_8GridCoorENS_9Direction4TypeENS_8WallType4TypeE)
                  0000ef30    000000a0     auto_init.aem4f : auto_init.oem4f (.text)
                  0000efd0    000000a0     ti.targets.arm.rtsarm.aem4f : Text.oem4f (.text:xdc_runtime_Text_putMod__E)
                  0000f070    0000009c     rtsv7M4_T_le_v4SPD16_eabi.lib : memcpy_t2.obj (.text)
                  0000f10c    00000004     empty_pem4f.oem4f (.text:ti_sysbios_hal_Timer_TimerProxy_delete)
                  0000f110    0000009c     sysbios.aem4f : BIOS.obj (.text:ti_sysbios_knl_Task_schedule__I)
                  0000f1ac    0000009a     ti.targets.arm.rtsarm.aem4f : Text.oem4f (.text:xdc_runtime_Text_putSite__E)
                  0000f246    00000098     drivers_tivaware.aem4f : UARTTiva.oem4f (.text:UARTTiva_readPolling)
                  0000f2de    00000002     --HOLE-- [fill = 0]
                  0000f2e0    00000098     mmaze.obj (.text:_ZN10Micromouse5MMazeC1EssRKNS_8GridCoorE)
                  0000f378    00000098     Boot.aem4f : Boot.oem4f (.text:ti_catalog_arm_cortexm4_tiva_ce_Boot_sysCtlClockSet__E)
                  0000f410    00000094     drivers_tivaware.aem4f : UARTTiva.oem4f (.text:UARTTiva_write)
                  0000f4a4    00000004     empty_pem4f.oem4f (.text:ti_sysbios_hal_Timer_TimerProxy_start__E)
                  0000f4a8    00000094     sysbios.aem4f : BIOS.obj (.text:ti_sysbios_family_arm_m3_Hwi_Instance_init__E)
                  0000f53c    00000004     empty_pem4f.oem4f (.text:ti_sysbios_heaps_HeapMem_Module_GateProxy_enter__E)
                  0000f540    00000094     sysbios.aem4f : BIOS.obj (.text:ti_sysbios_family_arm_m3_Hwi_initNVIC__E)
                  0000f5d4    00000004     empty_pem4f.oem4f (.text:ti_sysbios_heaps_HeapMem_Module_GateProxy_leave__E)
                  0000f5d8    00000094     sysbios.aem4f : BIOS.obj (.text:ti_sysbios_knl_Task_exit__E)
                  0000f66c    00000004     empty_pem4f.oem4f (.text:ti_sysbios_knl_Clock_TimerProxy_getMaxTicks__E)
                  0000f670    00000090     sysbios.aem4f : BIOS.obj (.text:ti_sysbios_knl_Task_Module_startup__E)
                  0000f700    00000090                   : BIOS.obj (.text:ti_sysbios_knl_Task_startCore__E)
                  0000f790    0000008c     drivers_tivaware.aem4f : GPIOTiva.oem4f (.text:GPIO_init)
                  0000f81c    0000008c                            : UARTTiva.oem4f (.text:UARTTiva_control)
                  0000f8a8    0000008c     action.obj (.text:_ZN9TskAction13MotionCalcFwdEfffPf)
                  0000f934    0000008c     action.obj (.text:_ZN9TskAction4InitEv)
                  0000f9c0    0000008c     sysbios.aem4f : m3_TaskSupport_asm.obj (.text:ti_sysbios_family_arm_m3_TaskSupport_buildTaskStack)
                  0000fa4c    0000008a     drivers_tivaware.aem4f : UARTTiva.oem4f (.text:readIsrTextBlocking)
                  0000fad6    00000002     --HOLE-- [fill = 0]
                  0000fad8    00000088     TskIr.obj (.text:_ZN5TskIr11TestIrTouchEhii)
                  0000fb60    00000088     sysbios.aem4f : BIOS.obj (.text:ti_sysbios_knl_Mailbox_post__E)
                  0000fbe8    00000086     rtsv7M4_T_le_v4SPD16_eabi.lib : fd_cmp_t2.obj (.text:__aeabi_cdcmple)
                  0000fc6e    00000086                                   : fd_cmp_t2.obj (.text:__aeabi_cdrcmple)
                  0000fcf4    00000004     empty_pem4f.oem4f (.text:ti_sysbios_knl_Clock_TimerProxy_getPeriod__E)
                  0000fcf8    00000084     sysbios.aem4f : BIOS.obj (.text:ti_sysbios_family_arm_lm4_Timer_getExpiredCounts__E)
                  0000fd7c    00000004     empty_pem4f.oem4f (.text:ti_sysbios_knl_Clock_destruct)
                  0000fd80    00000084     sysbios.aem4f : BIOS.obj (.text:ti_sysbios_family_arm_m3_Hwi_postInit__I)
                  0000fe04    00000004     empty_pem4f.oem4f (.text:ti_sysbios_knl_Queue_destruct)
                  0000fe08    00000084     sysbios.aem4f : BIOS.obj (.text:ti_sysbios_utils_Load_updateLoads__E)
                  0000fe8c    00000082     drivers_tivaware.aem4f : UARTTiva.oem4f (.text:readIsrTextCallback)
                  0000ff0e    00000002     --HOLE-- [fill = 0]
                  0000ff10    00000080     rtsv7M4_T_le_v4SPD16_eabi.lib : s_floorf.obj (.text)
                  0000ff90    00000080     sysbios.aem4f : BIOS.obj (.text:ti_sysbios_family_arm_lm4_Timer_disableTiva__I)
                  00010010    0000007e     drivers_tivaware.aem4f : I2CTiva.oem4f (.text:I2CTiva_transfer)
                  0001008e    00000002     --HOLE-- [fill = 0]
                  00010090    0000007c     sysbios.aem4f : BIOS.obj (.text:ti_sysbios_heaps_HeapMem_free__E)
                  0001010c    0000007a     drivers_tivaware.aem4f : UARTTiva.oem4f (.text:readTaskCallback)
                  00010186    0000007a     rtsv7M4_T_le_v4SPD16_eabi.lib : memset_t2.obj (.text)
                  00010200    00000074     sysbios.aem4f : BIOS.obj (.text:ti_sysbios_knl_Mailbox_pend__E)
                  00010274    00000070     action.obj (.text:_ZN9TskAction20actFwdDisCorrByFwdIrEPNS_10WallStatusE)
                  000102e4    00000004     empty_pem4f.oem4f (.text:ti_sysbios_knl_Semaphore_destruct)
                  000102e8    00000070     sysbios.aem4f : BIOS.obj (.text:ti_sysbios_knl_Mailbox_Instance_finalize__E)
                  00010358    0000006e     rtsv7M4_T_le_v4SPD16_eabi.lib : fd_tos_t2.obj (.text)
                  000103c6    00000002     --HOLE-- [fill = 0]
                  000103c8    0000006d     ti.targets.arm.rtsarm.aem4f : System.oem4f (.text:xdc_runtime_System_formatNum__I)
                  00010435    00000003     --HOLE-- [fill = 0]
                  00010438    0000006c     IrCorr.obj (.text:_ZN5TskIr12programFlashEjPji)
                  000104a4    0000006c     TskIr.obj (.text:_ZN5TskIr4InitEv)
                  00010510    0000006c     empty_pem4f.oem4f (.text:ti_sysbios_family_arm_lm4_Timer_Object__create__S)
                  0001057c    0000006c     empty_pem4f.oem4f (.text:ti_sysbios_family_arm_m3_Hwi_Object__create__S)
                  000105e8    0000006c     sysbios.aem4f : BIOS.obj (.text:ti_sysbios_knl_Clock_workFunc__E)
                  00010654    00000004     ti.targets.arm.rtsarm.aem4f : Error.oem4f (.text:xdc_runtime_Error_getSite__E)
                  00010658    0000006c     sysbios.aem4f : BIOS.obj (.text:ti_sysbios_knl_Swi_restoreHwi__E)
                  000106c4    00000004     empty_pem4f.oem4f (.text:xdc_runtime_System_Module_GateProxy_enter__E)
                  000106c8    0000006c     sysbios.aem4f : BIOS.obj (.text:ti_sysbios_utils_Load_taskCreateHook__E)
                  00010734    0000006c     drivers_tivaware.aem4f : UARTTiva.oem4f (.text:writeData)
                  000107a0    0000006c     ti.targets.arm.rtsarm.aem4f : Error.oem4f (.text:xdc_runtime_Error_print__E)
                  0001080c    0000006c                                 : Memory.oem4f (.text:xdc_runtime_Memory_alloc__E)
                  00010878    00000068     rtsv7M4_T_le_v4SPD16_eabi.lib : trgmsg.obj (.text)
                  000108e0    00000068     sysbios.aem4f : BIOS.obj (.text:ti_sysbios_utils_Load_addTask__E)
                  00010948    00000066     rtsv7M4_T_le_v4SPD16_eabi.lib : copy_decompress_lzss.obj (.text:decompress:lzss)
                  000109ae    00000066                                   : vec_newdel.obj (.text)
                  00010a14    00000066     ti.targets.arm.rtsarm.aem4f : Core-mem.oem4f (.text:xdc_runtime_Core_deleteObject__I)
                  00010a7a    00000002     --HOLE-- [fill = 0]
                  00010a7c    00000064     drivers_tivaware.aem4f : GPIOTiva.oem4f (.text:GPIO_hwiIntFxn)
                  00010ae0    00000064     action.obj (.text:_ZN9TskAction8WaitQEndEv)
                  00010b44    00000064     rtsv7M4_T_le_v4SPD16_eabi.lib : s_frexp.obj (.text)
                  00010ba8    00000064     empty_pem4f.oem4f (.text:ti_sysbios_family_arm_m3_Hwi_create)
                  00010c0c    00000064     empty_pem4f.oem4f (.text:ti_sysbios_hal_Hwi_create)
                  00010c70    00000064     empty_pem4f.oem4f (.text:ti_sysbios_hal_Timer_create)
                  00010cd4    00000064     empty_pem4f.oem4f (.text:ti_sysbios_knl_Mailbox_create)
                  00010d38    00000064     sysbios.aem4f : BIOS.obj (.text:ti_sysbios_knl_Semaphore_post__E)
                  00010d9c    00000004     empty_pem4f.oem4f (.text:xdc_runtime_System_Module_GateProxy_leave__E)
                  00010da0    00000064     sysbios.aem4f : BIOS.obj (.text:ti_sysbios_utils_Load_idleFxn__E)
                  00010e04    00000062     drivers_tivaware.aem4f : I2CTiva.oem4f (.text:I2CTiva_primeTransfer)
                  00010e66    00000002     --HOLE-- [fill = 0]
                  00010e68    00000060     DbgUart.obj (.text:_Z14DbgUartPutLinePcb)
                  00010ec8    00000060     sysbios.aem4f : BIOS.obj (.text:ti_sysbios_utils_Load_updateCurrentThreadTime__E)
                  00010f28    0000005e     drivers_tivaware.aem4f : UARTTiva.oem4f (.text:readIsrBinaryBlocking)
                  00010f86    00000002     --HOLE-- [fill = 0]
                  00010f88    0000005c     sysbios.aem4f : BIOS.obj (.text:ti_sysbios_knl_Swi_run__I)
                  00010fe4    00000004     ti.targets.arm.rtsarm.aem4f : System.oem4f (.text:xdc_runtime_System_aprintf_va__F)
                  00010fe8    0000005c     sysbios.aem4f : BIOS.obj (.text:ti_sysbios_knl_Swi_schedule__I)
                  00011044    0000005c     empty_pem4f.oem4f (.text:ti_sysbios_knl_Task_create)
                  000110a0    0000005c     sysbios.aem4f : BIOS.obj (.text:ti_sysbios_knl_Task_unblockI__E)
                  000110fc    0000005b     ti.targets.arm.rtsarm.aem4f : Text.oem4f (.text:xdc_runtime_Text_putLab__E)
                  00011157    00000001     --HOLE-- [fill = 0]
                  00011158    00000058     boot.aem4f : boot.oem4f (.text)
                  000111b0    00000058     sysbios.aem4f : BIOS.obj (.text:ti_sysbios_family_arm_lm4_Timer_Instance_finalize__E)
                  00011208    00000058                   : BIOS.obj (.text:ti_sysbios_family_arm_lm4_TimestampProvider_get32__E)
                  00011260    00000058     empty_pem4f.oem4f (.text:ti_sysbios_family_arm_m3_Hwi_construct)
                  000112b8    00000058     sysbios.aem4f : m3_Hwi_asm_switch.obj (.text:ti_sysbios_family_arm_m3_Hwi_initStacks__E)
                  00011310    00000056     driverlib.lib : gpio.obj (.text:GPIOIntTypeSet)
                  00011366    00000056     mmaze.obj (.text:_ZN10MicromouseplERKNS_8GridCoorERKNS_9Direction4TypeE)
                  000113bc    00000056     IrCorr.obj (.text:_ZN5TskIr9ReadFlashEjPhi)
                  00011412    00000056     rtsv7M4_T_le_v4SPD16_eabi.lib : ltoa.obj (.text)
                  00011468    00000054     drivers_tivaware.aem4f : UARTTiva.oem4f (.text:readIsrBinaryCallback)
                  000114bc    00000054     rtsv7M4_T_le_v4SPD16_eabi.lib : exit.obj (.text)
                  00011510    00000054                                   : trgdrv.obj (.text)
                  00011564    00000004     ti.targets.arm.rtsarm.aem4f : System.oem4f (.text:xdc_runtime_System_printf_va__F)
                  00011568    00000054     sysbios.aem4f : BIOS.obj (.text:ti_sysbios_family_arm_lm4_Timer_initDevice__I)
                  000115bc    00000004     --HOLE-- [fill = 0]
                  000115c0    00000054                   : BIOS.obj (.text:ti_sysbios_family_arm_m3_Hwi_dispatchC__I)
                  00011614    00000004     --HOLE-- [fill = 0]
                  00011618    00000054                   : BIOS.obj (.text:ti_sysbios_utils_Load_taskSwitchHook__E)
                  0001166c    00000054     ti.targets.arm.rtsarm.aem4f : Assert.oem4f (.text:xdc_runtime_Assert_raise__I)
                  000116c0    00000052     rtsv7M4_T_le_v4SPD16_eabi.lib : sprintf.obj (.text)
                  00011712    00000002     --HOLE-- [fill = 0]
                  00011714    00000050     drivers_tivaware.aem4f : GPIOTiva.oem4f (.text:GPIO_setCallback)
                  00011764    00000050                            : GPIOTiva.oem4f (.text:GPIO_write)
                  000117b4    00000050                            : UARTTiva.oem4f (.text:UARTTiva_writeCancel)
                  00011804    00000004     --HOLE-- [fill = 0]
                  00011808    00000050     sysbios.aem4f : BIOS.obj (.text:ti_sysbios_family_arm_m3_Hwi_Module_startup__E)
                  00011858    00000050     ti.targets.arm.rtsarm.aem4f : Startup.oem4f (.text:xdc_runtime_Startup_exec__E)
                  000118a8    00000050                                 : Text.oem4f (.text:xdc_runtime_Text_visitRope2__I)
                  000118f8    0000004c     drivers_tivaware.aem4f : UARTTiva.oem4f (.text:UARTTiva_close)
                  00011944    0000004c     mmaze.obj (.text:_ZN10MicromousepLERNS_8GridCoorERKNS_9Direction4TypeE)
                  00011990    0000004c     rtsv7M4_T_le_v4SPD16_eabi.lib : atoi.obj (.text)
                  000119dc    0000004c                                   : cpy_tbl.obj (.text)
                  00011a28    0000004c     sysbios.aem4f : BIOS.obj (.text:ti_sysbios_heaps_HeapMem_getStats__E)
                  00011a74    00000004     --HOLE-- [fill = 0]
                  00011a78    0000004c                   : BIOS.obj (.text:ti_sysbios_knl_Swi_runLoop__I)
                  00011ac4    00000004     --HOLE-- [fill = 0]
                  00011ac8    0000004c                   : BIOS.obj (.text:ti_sysbios_knl_Task_allBlockedFunction__I)
                  00011b14    00000048     driverlib.lib : gpio.obj (.text:GPIOPinConfigure)
                  00011b5c    00000048                   : i2c.obj (.text:I2CMasterInitExpClk)
                  00011ba4    00000048     rtsv7M4_T_le_v4SPD16_eabi.lib : fd_toi_t2.obj (.text)
                  00011bec    00000004     --HOLE-- [fill = 0]
                  00011bf0    00000048     sysbios.aem4f : BIOS.obj (.text:ti_sysbios_family_arm_lm4_Timer_enableTimers__I)
                  00011c38    00000048                   : BIOS.obj (.text:ti_sysbios_family_arm_m3_Hwi_disableInterrupt__E)
                  00011c80    00000048                   : BIOS.obj (.text:ti_sysbios_family_arm_m3_Hwi_enableInterrupt__E)
                  00011cc8    00000048                   : BIOS.obj (.text:ti_sysbios_family_arm_m3_Hwi_excReserved__I)
                  00011d10    00000048                   : BIOS.obj (.text:ti_sysbios_knl_Mailbox_Module_startup__E)
                  00011d58    00000048                   : BIOS.obj (.text:ti_sysbios_utils_Load_taskDeleteHook__E)
                  00011da0    00000046     drivers_tivaware.aem4f : RingBuf.oem4f (.text:RingBuf_put)
                  00011de6    00000046     ti.targets.arm.rtsarm.aem4f : Core-params.oem4f (.text:xdc_runtime_Core_assignParams__I)
                  00011e2c    00000004     --HOLE-- [fill = 0]
                  00011e30    00000044     sysbios.aem4f : BIOS.obj (.text:ti_sysbios_family_arm_lm4_Timer_isrStub__E)
                  00011e74    00000004     --HOLE-- [fill = 0]
                  00011e78    00000044                   : BIOS.obj (.text:ti_sysbios_family_arm_m3_Hwi_getStackInfo__E)
                  00011ebc    00000004     --HOLE-- [fill = 0]
                  00011ec0    00000044                   : BIOS.obj (.text:ti_sysbios_knl_Swi_post__E)
                  00011f04    00000004     --HOLE-- [fill = 0]
                  00011f08    00000044                   : BIOS.obj (.text:ti_sysbios_utils_Load_removeTask__E)
                  00011f4c    00000044     ti.targets.arm.rtsarm.aem4f : Error.oem4f (.text:xdc_runtime_Error_setX__E)
                  00011f90    00000044                                 : SysMin.oem4f (.text:xdc_runtime_SysMin_flush__E)
                  00011fd4    00000044                                 : Text.oem4f (.text:xdc_runtime_Text_xprintf__I)
                  00012018    00000042     driverlib.lib : uart.obj (.text:UARTConfigSetExpClk)
                  0001205a    00000042     drivers_tivaware.aem4f : UARTTiva.oem4f (.text:UARTTiva_hwiIntFxn)
                  0001209c    00000042                            : UARTTiva.oem4f (.text:UARTTiva_writePolling)
                  000120de    00000040                            : RingBuf.oem4f (.text:RingBuf_get)
                  0001211e    00000040                            : UARTTiva.oem4f (.text:UARTTiva_read)
                  0001215e    00000002     --HOLE-- [fill = 0]
                  00012160    00000040     MotorPwm.obj (.text:_Z15MotorPwmSetDutyss)
                  000121a0    00000040     IrCorr.obj (.text:_ZN5TskIr15eraseFlashBlockEi)
                  000121e0    00000040     rtsv7M4_T_le_v4SPD16_eabi.lib : u_divt2.obj (.text)
                  00012220    00000040     sysbios.aem4f : BIOS.obj (.text:ti_sysbios_family_arm_lm4_Timer_Module_startup__E)
                  00012260    00000040                   : BIOS.obj (.text:ti_sysbios_family_arm_lm4_Timer_startup__E)
                  000122a0    00000040                   : BIOS.obj (.text:ti_sysbios_heaps_HeapMem_Instance_init__E)
                  000122e0    0000003c     TskTop.obj (.text:_ZN6TskTop7SetLedsEh)
                  0001231c    00000004     --HOLE-- [fill = 0]
                  00012320    0000003c     sysbios.aem4f : BIOS.obj (.text:ti_sysbios_family_arm_m3_Hwi_excSvCall__I)
                  0001235c    00000004     --HOLE-- [fill = 0]
                  00012360    0000003c                   : BIOS.obj (.text:ti_sysbios_heaps_HeapMem_init__I)
                  0001239c    00000004     --HOLE-- [fill = 0]
                  000123a0    0000003c                   : BIOS.obj (.text:ti_sysbios_knl_Clock_Instance_init__E)
                  000123dc    00000004     --HOLE-- [fill = 0]
                  000123e0    0000003c                   : BIOS.obj (.text:ti_sysbios_knl_Swi_restore__E)
                  0001241c    00000004     --HOLE-- [fill = 0]
                  00012420    0000003c                   : BIOS.obj (.text:ti_sysbios_utils_Load_logLoads__I)
                  0001245c    0000003a     drivers_tivaware.aem4f : I2CTiva.oem4f (.text:I2CTiva_completeTransfer)
                  00012496    00000002     --HOLE-- [fill = 0]
                  00012498    00000038                            : I2C.oem4f (.text:I2C_init)
                  000124d0    00000038                            : UART.oem4f (.text:UART_init)
                  00012508    00000038     rtsv7M4_T_le_v4SPD16_eabi.lib : fs_tod_t2.obj (.text)
                  00012540    00000038     sysbios.aem4f : BIOS.obj (.text:ti_sysbios_family_arm_m3_Hwi_excNoIsr__I)
                  00012578    00000038     ti.targets.arm.rtsarm.aem4f : SysMin.oem4f (.text:xdc_runtime_SysMin_putch__E)
                  000125b0    00000038                                 : System.oem4f (.text:xdc_runtime_System_atexit__E)
                  000125e8    00000036     drivers_tivaware.aem4f : I2CTiva.oem4f (.text:I2CTiva_close)
                  0001261e    00000036                            : UARTTiva.oem4f (.text:UARTTiva_readCancel)
                  00012654    00000034     driverlib.lib : sysctl.obj (.text:SysCtlPeripheralEnable)
                  00012688    00000034     sysbios.aem4f : BIOS.obj (.text:ti_sysbios_family_arm_lm4_Timer_setPeriodMicroSecs__E)
                  000126bc    00000004     --HOLE-- [fill = 0]
                  000126c0    00000034                   : BIOS.obj (.text:ti_sysbios_family_arm_m3_Hwi_Instance_finalize__E)
                  000126f4    00000004     --HOLE-- [fill = 0]
                  000126f8    00000034                   : BIOS.obj (.text:ti_sysbios_family_arm_m3_Hwi_excNmi__I)
                  0001272c    00000004     --HOLE-- [fill = 0]
                  00012730    00000034                   : BIOS.obj (.text:ti_sysbios_hal_Hwi_checkStack)
                  00012764    00000034     empty_pem4f.oem4f (.text:ti_sysbios_knl_Clock_construct)
                  00012798    00000034     empty_pem4f.oem4f (.text:ti_sysbios_knl_Semaphore_create)
                  000127cc    00000004     --HOLE-- [fill = 0]
                  000127d0    00000034     sysbios.aem4f : BIOS.obj (.text:ti_sysbios_utils_Load_startup__E)
                  00012804    00000034     ti.targets.arm.rtsarm.aem4f : Core-label.oem4f (.text:xdc_runtime_Core_assignLabel__I)
                  00012838    00000033                                 : Text.oem4f (.text:xdc_runtime_Text_printVisFxn__I)
                  0001286b    00000005     --HOLE-- [fill = 0]
                  00012870    00000032     sysbios.aem4f : BIOS.obj (.text:ti_sysbios_hal_Hwi_initStack)
                  000128a2    00000006     driverlib.lib : gpio.obj (.text:GPIOPinWrite)
                  000128a8    00000032     sysbios.aem4f : BIOS.obj (.text:ti_sysbios_knl_Semaphore_pendTimeout__I)
                  000128da    00000002     --HOLE-- [fill = 0]
                  000128dc    00000030     drivers_tivaware.aem4f : I2C.oem4f (.text:I2C_open)
                  0001290c    00000030                            : UART.oem4f (.text:UART_open)
                  0001293c    00000030     empty_pem4f.oem4f (.text:ti_sysbios_BIOS_atExitFunc__I)
                  0001296c    00000004     --HOLE-- [fill = 0]
                  00012970    00000030     sysbios.aem4f : BIOS.obj (.text:ti_sysbios_family_arm_lm4_Timer_stop__E)
                  000129a0    00000030                   : BIOS.obj (.text:ti_sysbios_family_arm_m3_TaskSupport_start__E)
                  000129d0    00000030     empty_pem4f.oem4f (.text:ti_sysbios_gates_GateHwi_Object__create__S)
                  00012a00    00000030     empty_pem4f.oem4f (.text:ti_sysbios_gates_GateMutex_Object__create__S)
                  00012a30    00000030     sysbios.aem4f : BIOS.obj (.text:ti_sysbios_gates_GateMutex_enter__E)
                  00012a60    00000030     empty_pem4f.oem4f (.text:ti_sysbios_heaps_HeapMem_Object__create__S)
                  00012a90    00000030     sysbios.aem4f : BIOS.obj (.text:ti_sysbios_knl_Mailbox_postInit__I)
                  00012ac0    00000030     empty_pem4f.oem4f (.text:ti_sysbios_knl_Semaphore_construct)
                  00012af0    00000030     sysbios.aem4f : BIOS.obj (.text:ti_sysbios_knl_Task_processVitalTaskFlag__I)
                  00012b20    00000030                   : BIOS.obj (.text:ti_sysbios_utils_Load_getTaskLoad__E)
                  00012b50    00000030     ti.targets.arm.rtsarm.aem4f : SysMin.oem4f (.text:xdc_runtime_SysMin_abort__E)
                  00012b80    00000030                                 : System.oem4f (.text:xdc_runtime_System_processAtExit__E)
                  00012bb0    0000002e     empty_pem4f.oem4f (.text:malloc)
                  00012bde    0000002e     rtsv7M4_T_le_v4SPD16_eabi.lib : i_tofd_t2.obj (.text)
                  00012c0c    0000002c     WheelEnc.obj (.text:_Z6qeiISRj)
                  00012c38    0000002c     solve.obj (.text:_ZN5solve4taskEjj)
                  00012c64    0000002c     empty_pem4f.oem4f (.text:ti_sysbios_knl_Clock_doTick__I)
                  00012c90    0000002c     empty_pem4f.oem4f (.text:ti_sysbios_knl_Queue_construct)
                  00012cbc    00000004     --HOLE-- [fill = 0]
                  00012cc0    0000002c     sysbios.aem4f : BIOS.obj (.text:ti_sysbios_knl_Task_restore__E)
                  00012cec    0000002c     ti.targets.arm.rtsarm.aem4f : Text.oem4f (.text:xdc_runtime_Text_cordText__E)
                  00012d18    0000002a     driverlib.lib : gpio.obj (.text:GPIODirModeSet)
                  00012d42    0000002a     ti.targets.arm.rtsarm.aem4f : System.oem4f (.text:xdc_runtime_System_putchar__I)
                  00012d6c    00000028     action.obj (.text:_ZN9TskAction24actHeadingDirCorrByFwdIrEPNS_10WallStatusE)
                  00012d94    00000028     empty_pem4f.oem4f (.text:ti_sysbios_BIOS_startFunc__I)
                  00012dbc    00000004     --HOLE-- [fill = 0]
                  00012dc0    00000028     sysbios.aem4f : BIOS.obj (.text:ti_sysbios_hal_Hwi_Instance_init__E)
                  00012de8    00000028                   : BIOS.obj (.text:ti_sysbios_hal_Timer_Instance_init__E)
                  00012e10    00000028                   : BIOS.obj (.text:ti_sysbios_knl_Clock_addI__E)
                  00012e38    00000028                   : BIOS.obj (.text:ti_sysbios_knl_Swi_Module_startup__E)
                  00012e60    00000026                   : m3_Hwi_asm.obj (.text:ti_sysbios_family_arm_m3_Hwi_pendSV__I)
                  00012e86    00000026     ti.targets.arm.rtsarm.aem4f : System.oem4f (.text:xdc_runtime_System_avprintf__E)
                  00012eac    00000024     action.obj (.text:_ZN9TskAction11GetWallInfoEPNS_10WallStatusE)
                  00012ed0    00000024     empty_pem4f.oem4f (.text:ti_sysbios_BIOS_errorRaiseHook__I)
                  00012ef4    00000024     empty_pem4f.oem4f (.text:ti_sysbios_BIOS_registerRTSLock__I)
                  00012f18    00000024     empty_pem4f.oem4f (.text:ti_sysbios_BIOS_removeRTSLock__I)
                  00012f3c    00000024     empty_pem4f.oem4f (.text:ti_sysbios_gates_GateMutex_Object__delete__S)
                  00012f60    00000024     sysbios.aem4f : BIOS.obj (.text:ti_sysbios_knl_Clock_Module_startup__E)
                  00012f84    00000004     --HOLE-- [fill = 0]
                  00012f88    00000024                   : BIOS.obj (.text:ti_sysbios_knl_Clock_start__E)
                  00012fac    00000004     --HOLE-- [fill = 0]
                  00012fb0    00000024                   : BIOS.obj (.text:ti_sysbios_knl_Semaphore_Instance_init__E)
                  00012fd4    00000004     --HOLE-- [fill = 0]
                  00012fd8    00000024                   : BIOS.obj (.text:ti_sysbios_knl_Task_restoreHwi__E)
                  00012ffc    00000024     ti.targets.arm.rtsarm.aem4f : System.oem4f (.text:xdc_runtime_System_vprintf__E)
                  00013020    00000022     sysbios.aem4f : BIOS.obj (.text:ti_sysbios_family_arm_lm4_Timer_write__I)
                  00013042    00000022     empty_pem4f.oem4f (.text:xdc_runtime_SysMin_output__I)
                  00013064    00000020     MotorPwm.obj (.text:_Z13MotorPwmCoastv)
                  00013084    00000020     mmaze.obj (.text:_ZN10MicromousepLERNS_9Direction4TypeERKNS_7Turning4TypeE)
                  000130a4    00000020     mmaze.obj (.text:_ZN10MicromouseplERKNS_9Direction4TypeERKNS_7Turning4TypeE)
                  000130c4    00000020     empty_pem4f.oem4f (.text:ti_sysbios_BIOS_rtsLock__I)
                  000130e4    00000020     empty_pem4f.oem4f (.text:ti_sysbios_family_arm_lm4_Timer_Object__delete__S)
                  00013104    00000004     --HOLE-- [fill = 0]
                  00013108    00000020     sysbios.aem4f : BIOS.obj (.text:ti_sysbios_family_arm_lm4_Timer_postInit__I)
                  00013128    00000020     empty_pem4f.oem4f (.text:ti_sysbios_family_arm_m3_Hwi_Object__delete__S)
                  00013148    00000020     sysbios.aem4f : BIOS.obj (.text:ti_sysbios_family_arm_m3_Hwi_clearInterrupt__E)
                  00013168    00000020                   : m3_Hwi_asm.obj (.text:ti_sysbios_family_arm_m3_Hwi_excHandlerAsm__I)
                  00013188    00000020                   : BIOS.obj (.text:ti_sysbios_family_arm_m3_Hwi_excHandler__I)
                  000131a8    00000020     empty_pem4f.oem4f (.text:ti_sysbios_gates_GateHwi_Object__delete__S)
                  000131c8    00000020     empty_pem4f.oem4f (.text:ti_sysbios_heaps_HeapMem_Object__delete__S)
                  000131e8    00000020     empty_pem4f.oem4f (.text:ti_sysbios_knl_Clock_Object__destruct__S)
                  00013208    00000020     sysbios.aem4f : BIOS.obj (.text:ti_sysbios_knl_Idle_run__E)
                  00013228    00000020     empty_pem4f.oem4f (.text:ti_sysbios_knl_Semaphore_Object__destruct__S)
                  00013248    00000020     ti.targets.arm.rtsarm.aem4f : Registry.oem4f (.text:xdc_runtime_Registry_findById__E)
                  00013268    00000020                                 : SysMin.oem4f (.text:xdc_runtime_SysMin_Module_startup__E)
                  00013288    0000001e     sysbios.aem4f : m3_Hwi_asm_switch.obj (.text:ti_sysbios_family_xxx_Hwi_switchAndRunFunc)
                  000132a6    00000002     --HOLE-- [fill = 0]
                  000132a8    0000001c     driverlib.lib : uart.obj (.text:UARTDisable)
                  000132c4    0000001c     mouse.obj (.text:_ZN10Micromouse5Mouse12ReadMazeInfoEv)
                  000132e0    0000001c     mouse.obj (.text:_ZN10Micromouse5Mouse13StoreMazeInfoEv)
                  000132fc    0000001c     drivers_tivaware.aem4f : GPIOTiva.oem4f (.text:getGpioIntIndex)
                  00013318    0000001c     empty_pem4f.oem4f (.text:ti_sysbios_family_arm_m3_Hwi_Object__destruct__S)
                  00013334    00000004     --HOLE-- [fill = 0]
                  00013338    0000001c     sysbios.aem4f : BIOS.obj (.text:ti_sysbios_gates_GateMutex_Instance_init__E)
                  00013354    0000001c     empty_pem4f.oem4f (.text:ti_sysbios_hal_Hwi_HwiProxy_create)
                  00013370    0000001c     empty_pem4f.oem4f (.text:ti_sysbios_hal_Timer_TimerProxy_create)
                  0001338c    00000004     --HOLE-- [fill = 0]
                  00013390    0000001c     sysbios.aem4f : BIOS.obj (.text:ti_sysbios_knl_Clock_Instance_finalize__E)
                  000133ac    0000001c     empty_pem4f.oem4f (.text:ti_sysbios_knl_Queue_Object__destruct__S)
                  000133c8    0000001c     sysbios.aem4f : BIOS.obj (.text:ti_sysbios_knl_Queue_get__E)
                  000133e4    00000004     --HOLE-- [fill = 0]
                  000133e8    0000001c                   : BIOS.obj (.text:ti_sysbios_knl_Queue_put__E)
                  00013404    00000004     --HOLE-- [fill = 0]
                  00013408    0000001c                   : BIOS.obj (.text:ti_sysbios_knl_Task_enter__I)
                  00013424    0000001c     ti.targets.arm.rtsarm.aem4f : Error.oem4f (.text:xdc_runtime_Error_raiseX__E)
                  00013440    0000001c                                 : Memory.oem4f (.text:xdc_runtime_Memory_valloc__E)
                  0001345c    0000001c                                 : SysMin.oem4f (.text:xdc_runtime_SysMin_exit__E)
                  00013478    0000001c                                 : System.oem4f (.text:xdc_runtime_System_abort__E)
                  00013494    0000001a     empty_pem4f.oem4f (.text:ti_sysbios_family_arm_m3_Hwi_Handle__label__S)
                  000134ae    0000001a     empty_pem4f.oem4f (.text:ti_sysbios_gates_GateHwi_Handle__label__S)
                  000134c8    0000001a     empty_pem4f.oem4f (.text:ti_sysbios_gates_GateMutex_Handle__label__S)
                  000134e2    0000001a     empty_pem4f.oem4f (.text:ti_sysbios_heaps_HeapMem_Handle__label__S)
                  000134fc    0000001a     empty_pem4f.oem4f (.text:ti_sysbios_knl_Swi_Handle__label__S)
                  00013516    0000001a     empty_pem4f.oem4f (.text:ti_sysbios_knl_Task_Handle__label__S)
                  00013530    0000001a     sysbios.aem4f : BIOS.obj (.text:ti_sysbios_knl_Task_sleepTimeout__I)
                  0001354a    0000001a     empty_pem4f.oem4f (.text:xdc_runtime_System_aprintf__E)
                  00013564    0000001a     empty_pem4f.oem4f (.text:xdc_runtime_System_printf__E)
                  0001357e    00000002     --HOLE-- [fill = 0]
                  00013580    00000018     drivers_tivaware.aem4f : UART.oem4f (.text:UART_Params_init)
                  00013598    00000018     mmaze.obj (.text:_ZN10Micromouse5MMaze13ReadMazeGridsEv)
                  000135b0    00000018     mmaze.obj (.text:_ZN10Micromouse5MMaze14StoreMazeGridsEv)
                  000135c8    00000018     solve.obj (.text:_ZN5solve11GetNextWallEv)
                  000135e0    00000018     empty_pem4f.oem4f (.text:free)
                  000135f8    00000018     rtsv7M4_T_le_v4SPD16_eabi.lib : args_main.obj (.text)
                  00013610    00000018     empty_pem4f.oem4f (.text:ti_sysbios_BIOS_rtsUnlock__I)
                  00013628    00000018     empty_pem4f.oem4f (.text:ti_sysbios_family_arm_lm4_Timer_Module__startupDone__F)
                  00013640    00000018     empty_pem4f.oem4f (.text:ti_sysbios_family_arm_m3_Hwi_Module__startupDone__F)
                  00013658    00000018     sysbios.aem4f : m3_TaskSupport_asm.obj (.text:ti_sysbios_family_arm_m3_TaskSupport_swap__E)
                  00013670    00000018                   : BIOS.obj (.text:ti_sysbios_gates_GateMutex_leave__E)
                  00013688    00000018                   : BIOS.obj (.text:ti_sysbios_knl_Task_unblock__E)
                  000136a0    00000018     ti.targets.arm.rtsarm.aem4f : Error.oem4f (.text:xdc_runtime_Error_check__E)
                  000136b8    00000018                                 : System.oem4f (.text:xdc_runtime_System_exit__E)
                  000136d0    00000018                                 : Text.oem4f (.text:xdc_runtime_Text_ropeText__E)
                  000136e8    00000016     driverlib.lib : i2c.obj (.text:I2CMasterErr)
                  000136fe    00000016     mmaze.obj (.text:_ZN10Micromouse8GridCoorC1Ev)
                  00013714    00000016     mmaze.obj (.text:_ZN10Micromouse8GridInfoC1Ev)
                  0001372a    00000016     rtsv7M4_T_le_v4SPD16_eabi.lib : strchr.obj (.text)
                  00013740    00000016     empty_pem4f.oem4f (.text:ti_sysbios_BIOS_exitFunc__I)
                  00013756    00000014     driverlib.lib : uart.obj (.text:UARTEnable)
                  0001376a    00000002     --HOLE-- [fill = 0]
                  0001376c    00000014     Pid.obj (.text:_ZN3Pid5ResetEv)
                  00013780    00000014     rtsv7M4_T_le_v4SPD16_eabi.lib : _lock.obj (.text)
                  00013794    00000014                                   : s_copysign.obj (.text)
                  000137a8    00000014                                   : strlen.obj (.text)
                  000137bc    00000014     empty_pem4f.oem4f (.text:ti_sysbios_family_arm_m3_Hwi_Object__get__S)
                  000137d0    00000014     sysbios.aem4f : BIOS.obj (.text:ti_sysbios_family_arm_m3_Hwi_switchFromBootStack__E)
                  000137e4    00000014     empty_pem4f.oem4f (.text:ti_sysbios_heaps_HeapMem_Object__get__S)
                  000137f8    00000014     empty_pem4f.oem4f (.text:ti_sysbios_knl_Swi_Object__get__S)
                  0001380c    00000012     driverlib.lib : gpio.obj (.text:GPIOPinTypeGPIOInput)
                  0001381e    00000012                   : gpio.obj (.text:GPIOPinTypeI2C)
                  00013830    00000012                   : gpio.obj (.text:GPIOPinTypeI2CSCL)
                  00013842    00000012                   : gpio.obj (.text:GPIOPinTypeUART)
                  00013854    00000012     drivers_tivaware.aem4f : RingBuf.oem4f (.text:RingBuf_construct)
                  00013866    00000012     rtsv7M4_T_le_v4SPD16_eabi.lib : s_copysignf.obj (.text)
                  00013878    00000012     sysbios.aem4f : BIOS.obj (.text:ti_sysbios_hal_Hwi_Module_startup__E)
                  0001388a    00000006     driverlib.lib : i2c.obj (.text:I2CMasterIntDisable)
                  00013890    00000012     sysbios.aem4f : BIOS.obj (.text:ti_sysbios_hal_Timer_Module_startup__E)
                  000138a2    00000012     empty_pem4f.oem4f (.text:xdc_runtime_Startup_exec__I)
                  000138b4    00000010     drivers_tivaware.aem4f : I2C.oem4f (.text:I2C_Params_init)
                  000138c4    00000010     Imu.obj (.text:_Z12ImuStartReadv)
                  000138d4    00000010     DbgUart.obj (.text:_Z14dbgUartWriteCbP11UART_ConfigPvj)
                  000138e4    00000010     action.obj (.text:_ZN9TskAction11actTurnBackEv)
                  000138f4    00000010     drivers_tivaware.aem4f : UARTTiva.oem4f (.text:readBlockingTimeout)
                  00013904    00000010     rtsv7M4_T_le_v4SPD16_eabi.lib : new_.obj (.text)
                  00013914    00000004     --HOLE-- [fill = 0]
                  00013918    00000010     sysbios.aem4f : BIOS.obj (.text:ti_sysbios_BIOS_exit__E)
                  00013928    00000010                   : BIOS.obj (.text:ti_sysbios_BIOS_getCpuFreq__E)
                  00013938    00000010                   : BIOS.obj (.text:ti_sysbios_BIOS_setThreadType__E)
                  00013948    00000010                   : BIOS.obj (.text:ti_sysbios_BIOS_start__E)
                  00013958    00000010                   : BIOS.obj (.text:ti_sysbios_family_arm_lm4_TimestampProvider_rolloverFunc__E)
                  00013968    00000010                   : m3_TaskSupport_asm.obj (.text:ti_sysbios_family_arm_m3_TaskSupport_glue)
                  00013978    00000010                   : BIOS.obj (.text:ti_sysbios_gates_GateMutex_Instance_finalize__E)
                  00013988    00000010     empty_pem4f.oem4f (.text:ti_sysbios_hal_Hwi_HwiProxy_Object__create__S)
                  00013998    00000010     empty_pem4f.oem4f (.text:ti_sysbios_hal_Timer_TimerProxy_Object__create__S)
                  000139a8    00000010     empty_pem4f.oem4f (.text:ti_sysbios_knl_Mailbox_Object__get__S)
                  000139b8    00000010     sysbios.aem4f : BIOS.obj (.text:ti_sysbios_knl_Semaphore_Instance_finalize__E)
                  000139c8    00000010                   : BIOS.obj (.text:ti_sysbios_knl_Swi_disable__E)
                  000139d8    00000010     empty_pem4f.oem4f (.text:ti_sysbios_knl_Task_Object__get__S)
                  000139e8    00000010     sysbios.aem4f : BIOS.obj (.text:ti_sysbios_knl_Task_disable__E)
                  000139f8    00000010     ti.targets.arm.rtsarm.aem4f : Gate.oem4f (.text:xdc_runtime_Gate_leaveSystem__E)
                  00013a08    00000010                                 : Memory.oem4f (.text:xdc_runtime_Memory_free__E)
                  00013a18    00000010                                 : SysMin.oem4f (.text:xdc_runtime_SysMin_ready__E)
                  00013a28    00000010                                 : System.oem4f (.text:xdc_runtime_System_vsnprintf__E)
                  00013a38    00000010     empty_pem4f.oem4f (.text:xdc_runtime_Text_visitRope__I)
                  00013a48    0000000e     driverlib.lib : gpio.obj (.text:GPIOIntStatus)
                  00013a56    0000000e                   : uart.obj (.text:UARTCharGetNonBlocking)
                  00013a64    0000000e                   : uart.obj (.text:UARTCharPutNonBlocking)
                  00013a72    0000000e     mmaze.obj (.text:_ZN10Micromouse5QueueINS_8GridCoorEED1Ev)
                  00013a80    0000000e     rtsv7M4_T_le_v4SPD16_eabi.lib : copy_decompress_none.obj (.text:decompress:none)
                  00013a8e    00000002     --HOLE-- [fill = 0]
                  00013a90    0000000e     sysbios.aem4f : BIOS.obj (.text:ti_sysbios_knl_Clock_removeI__E)
                  00013a9e    00000002     --HOLE-- [fill = 0]
                  00013aa0    0000000e                   : BIOS.obj (.text:ti_sysbios_knl_Idle_loop__E)
                  00013aae    00000002     --HOLE-- [fill = 0]
                  00013ab0    0000000e                   : BIOS.obj (.text:ti_sysbios_knl_Queue_empty__E)
                  00013abe    00000002     --HOLE-- [fill = 0]
                  00013ac0    0000000c     empty_pem4f.oem4f (.text:.bootCodeSection:ti_catalog_arm_cortexm4_tiva_ce_Boot_init__I)
                  00013acc    0000000c     drivers_tivaware.aem4f : RingBuf.oem4f (.text:RingBuf_peek)
                  00013ad8    0000000c     driverlib.lib : uart.obj (.text:UARTFlowControlSet)
                  00013ae4    0000000c     drivers_tivaware.aem4f : UARTTiva.oem4f (.text:UARTTiva_init)
                  00013af0    0000000c     Imu.obj (.text:_Z14iicImuCallbackP10I2C_ConfigP15I2C_Transactionb)
                  00013afc    0000000c     rtsv7M4_T_le_v4SPD16_eabi.lib : copy_zero_init.obj (.text:decompress:ZI)
                  00013b08    0000000c     sysbios.aem4f : BIOS.obj (.text:ti_sysbios_family_arm_lm4_Timer_getMaxTicks__E)
                  00013b14    00000004     --HOLE-- [fill = 0]
                  00013b18    0000000c                   : BIOS.obj (.text:ti_sysbios_family_arm_lm4_TimestampProvider_startTimer__E)
                  00013b24    0000000c     empty_pem4f.oem4f (.text:ti_sysbios_family_arm_m3_Hwi_Params__init__S)
                  00013b30    0000000c     sysbios.aem4f : BIOS.obj (.text:ti_sysbios_family_arm_m3_Hwi_disableFxn__E)
                  00013b3c    00000004     --HOLE-- [fill = 0]
                  00013b40    0000000c                   : BIOS.obj (.text:ti_sysbios_family_arm_m3_TaskSupport_checkStack__E)
                  00013b4c    00000004     --HOLE-- [fill = 0]
                  00013b50    0000000c                   : BIOS.obj (.text:ti_sysbios_family_arm_m3_TaskSupport_getStackAlignment__E)
                  00013b5c    00000004     --HOLE-- [fill = 0]
                  00013b60    0000000c                   : BIOS.obj (.text:ti_sysbios_gates_GateHwi_enter__E)
                  00013b6c    0000000c     empty_pem4f.oem4f (.text:ti_sysbios_hal_Hwi_Params__init__S)
                  00013b78    0000000c     empty_pem4f.oem4f (.text:ti_sysbios_hal_Timer_Params__init__S)
                  00013b84    0000000c     empty_pem4f.oem4f (.text:ti_sysbios_knl_Clock_Params__init__S)
                  00013b90    0000000c     sysbios.aem4f : BIOS.obj (.text:ti_sysbios_knl_Clock_getTickPeriod__E)
                  00013b9c    0000000c     empty_pem4f.oem4f (.text:ti_sysbios_knl_Queue_Object__get__S)
                  00013ba8    0000000c     empty_pem4f.oem4f (.text:ti_sysbios_knl_Semaphore_Params__init__S)
                  00013bb4    0000000c     empty_pem4f.oem4f (.text:ti_sysbios_knl_Task_Params__init__S)
                  00013bc0    0000000c     sysbios.aem4f : BIOS.obj (.text:ti_sysbios_utils_Load_taskRegHook__E)
                  00013bcc    0000000c     ti.targets.arm.rtsarm.aem4f : Error.oem4f (.text:xdc_runtime_Error_init__E)
                  00013bd8    0000000c                                 : Gate.oem4f (.text:xdc_runtime_Gate_enterSystem__E)
                  00013be4    0000000c                                 : Memory.oem4f (.text:xdc_runtime_Memory_calloc__E)
                  00013bf0    0000000c                                 : Memory.oem4f (.text:xdc_runtime_Memory_getMaxDefaultTypeAlign__E)
                  00013bfc    0000000a     driverlib.lib : i2c.obj (.text:I2CMasterDisable)
                  00013c06    0000000a                   : i2c.obj (.text:I2CMasterEnable)
                  00013c10    0000000a     drivers_tivaware.aem4f : I2CTiva.oem4f (.text:I2CTiva_init)
                  00013c1a    0000000a                            : I2C.oem4f (.text:I2C_transfer)
                  00013c24    0000000a     driverlib.lib : uart.obj (.text:UARTCharGet)
                  00013c2e    0000000a                   : uart.obj (.text:UARTCharPut)
                  00013c38    0000000a                   : uart.obj (.text:UARTIntDisable)
                  00013c42    0000000a                   : uart.obj (.text:UARTIntStatus)
                  00013c4c    0000000a     drivers_tivaware.aem4f : UART.oem4f (.text:UART_write)
                  00013c56    00000002     --HOLE-- [fill = 0]
                  00013c58    0000000a     sysbios.aem4f : BIOS.obj (.text:ti_sysbios_hal_Hwi_Instance_finalize__E)
                  00013c62    00000006     driverlib.lib : i2c.obj (.text:I2CMasterIntEnable)
                  00013c68    0000000a     sysbios.aem4f : BIOS.obj (.text:ti_sysbios_hal_Timer_Instance_finalize__E)
                  00013c72    0000000a     empty_pem4f.oem4f (.text:xdc_runtime_IHeap_alloc)
                  00013c7c    0000000a     empty_pem4f.oem4f (.text:xdc_runtime_IHeap_free)
                  00013c86    00000008     driverlib.lib : i2c.obj (.text:I2CMasterIntClear)
                  00013c8e    00000008                   : i2c.obj (.text:I2CMasterSlaveAddrSet)
                  00013c96    00000008     drivers_tivaware.aem4f : I2CTiva.oem4f (.text:I2CTiva_blockingCallback)
                  00013c9e    00000008     driverlib.lib : uart.obj (.text:UARTIntEnable)
                  00013ca6    00000008                   : uart.obj (.text:UARTRxErrorGet)
                  00013cae    00000008     drivers_tivaware.aem4f : UARTTiva.oem4f (.text:readSemCallback)
                  00013cb6    00000008     rtsv7M4_T_le_v4SPD16_eabi.lib : delete.obj (.text)
                  00013cbe    00000008     sysbios.aem4f : BIOS.obj (.text:ti_sysbios_family_arm_lm4_Timer_masterDisable__I)
                  00013cc6    00000002     --HOLE-- [fill = 0]
                  00013cc8    00000008                   : BIOS.obj (.text:ti_sysbios_family_arm_m3_Hwi_doSwiRestore__I)
                  00013cd0    00000008                   : BIOS.obj (.text:ti_sysbios_family_arm_m3_Hwi_startup__E)
                  00013cd8    00000008     drivers_tivaware.aem4f : UARTTiva.oem4f (.text:writeSemCallback)
                  00013ce0    00000006                            : I2CTiva.oem4f (.text:I2CTiva_control)
                  00013ce6    00000006     driverlib.lib : uart.obj (.text:UARTFIFOLevelSet)
                  00013cec    00000006                   : uart.obj (.text:UARTRxErrorClear)
                  00013cf2    00000006     Boot.aem4f : Boot_sysctl.oem4f (.text:ti_catalog_arm_cortexm4_tiva_ce_Boot_sysCtlDelayI__I)
                  00013cf8    00000006     sysbios.aem4f : BIOS.obj (.text:ti_sysbios_family_arm_lm4_TimestampProvider_Module_startup__E)
                  00013cfe    00000002     --HOLE-- [fill = 0]
                  00013d00    00000006                   : BIOS.obj (.text:ti_sysbios_family_arm_m3_Hwi_doTaskRestore__I)
                  00013d06    00000002     --HOLE-- [fill = 0]
                  00013d08    00000006                   : BIOS.obj (.text:ti_sysbios_family_arm_m3_Hwi_restoreFxn__E)
                  00013d0e    00000002     --HOLE-- [fill = 0]
                  00013d10    00000006                   : BIOS.obj (.text:ti_sysbios_gates_GateHwi_leave__E)
                  00013d16    00000002     --HOLE-- [fill = 0]
                  00013d18    00000006                   : BIOS.obj (.text:ti_sysbios_hal_Timer_start__E)
                  00013d1e    00000002     --HOLE-- [fill = 0]
                  00013d20    00000006                   : BIOS.obj (.text:ti_sysbios_heaps_HeapMem_isBlocking__E)
                  00013d26    00000002     --HOLE-- [fill = 0]
                  00013d28    00000006                   : BIOS.obj (.text:ti_sysbios_knl_Clock_stop__E)
                  00013d2e    00000002     --HOLE-- [fill = 0]
                  00013d30    00000006                   : BIOS.obj (.text:ti_sysbios_knl_Queue_Instance_init__E)
                  00013d36    00000002     --HOLE-- [fill = 0]
                  00013d38    00000006                   : BIOS.obj (.text:ti_sysbios_knl_Swi_startup__E)
                  00013d3e    00000006     ti.targets.arm.rtsarm.aem4f : System.oem4f (.text:xdc_runtime_System_Module_startup__E)
                  00013d44    00000004     --HOLE-- [fill = 0]
                  00013d48    00000004     sysbios.aem4f : BIOS.obj (.text:ti_sysbios_family_arm_lm4_Timer_getPeriod__E)
                  00013d4c    00000004     --HOLE-- [fill = 0]
                  00013d50    00000004                   : BIOS.obj (.text:ti_sysbios_gates_GateHwi_query__E)
                  00013d54    00000004     --HOLE-- [fill = 0]
                  00013d58    00000004                   : BIOS.obj (.text:ti_sysbios_gates_GateMutex_query__E)
                  00013d5c    00000004     --HOLE-- [fill = 0]
                  00013d60    00000004                   : BIOS.obj (.text:ti_sysbios_knl_Task_startup__E)
                  00013d64    00000004     --HOLE-- [fill = 0]
                  00013d68    00000002                   : BIOS.obj (.text:ti_sysbios_gates_GateHwi_Instance_init__E)
                  00013d6a    00000006     --HOLE-- [fill = 0]
                  00013d70    00000002                   : BIOS.obj (.text:ti_sysbios_knl_Clock_logTick__E)

.const     0    00013d74    0000249c     
                  00013d74    00001970     empty_pem4f.oem4f (.const:xdc_runtime_Text_charTab__A)
                  000156e4    00000101     rtsv7M4_T_le_v4SPD16_eabi.lib : ctype.obj (.const:.string:_ctypes_)
                  000157e5    00000001     empty_pem4f.oem4f (.const:xdc_runtime_Error_policy__C)
                  000157e6    000000d8     empty_pem4f.oem4f (.const:xdc_runtime_Text_nodeTab__A)
                  000158be    00000002     empty_pem4f.oem4f (.const:ti_catalog_arm_cortexm4_tiva_ce_Boot_Module__id__C)
                  000158c0    00000090     driverlib.lib : gpio.obj (.const:g_pui32GPIOBaseAddrs)
                  00015950    00000054     drivers_tivaware.aem4f : GPIOTiva.oem4f (.const:.string)
                  000159a4    0000004c                            : UARTTiva.oem4f (.const)
                  000159f0    00000048     empty_pem4f.oem4f (.const:.string)
                  00015a38    00000048     drivers_tivaware.aem4f : GPIOTiva.oem4f (.const:gpioBaseAddresses)
                  00015a80    0000003c     empty_pem4f.oem4f (.const:ti_sysbios_family_arm_lm4_Timer_Object__PARAMS__C)
                  00015abc    0000003c     empty_pem4f.oem4f (.const:ti_sysbios_knl_Task_Object__PARAMS__C)
                  00015af8    00000034     empty_pem4f.oem4f (.const:ti_sysbios_knl_Mailbox_Object__PARAMS__C)
                  00015b2c    00000030     IrCorr.obj (.const:$P$T11$1$12)
                  00015b5c    00000030     empty_pem4f.oem4f (.const:ti_sysbios_family_arm_m3_Hwi_Object__PARAMS__C)
                  00015b8c    00000030     empty_pem4f.oem4f (.const:ti_sysbios_hal_Timer_Object__PARAMS__C)
                  00015bbc    0000002c     empty_pem4f.oem4f (.const:ti_sysbios_hal_Hwi_Object__PARAMS__C)
                  00015be8    0000002c     empty_pem4f.oem4f (.const:xdc_runtime_Startup_sfxnTab__A)
                  00015c14    00000028     drivers_tivaware.aem4f : UARTTiva.oem4f (.const:UARTTiva_fxnTable)
                  00015c3c    00000028     empty_pem4f.oem4f (.const:ti_sysbios_heaps_HeapMem_Module__FXNS__C)
                  00015c64    00000024     drivers_tivaware.aem4f : UART.oem4f (.const:UART_defaultParams)
                  00015c88    00000024     empty_pem4f.oem4f (.const:ti_sysbios_gates_GateHwi_Module__FXNS__C)
                  00015cac    00000024     empty_pem4f.oem4f (.const:ti_sysbios_gates_GateMutex_Module__FXNS__C)
                  00015cd0    00000024     empty_pem4f.oem4f (.const:ti_sysbios_heaps_HeapMem_Object__PARAMS__C)
                  00015cf4    00000024     empty_pem4f.oem4f (.const:ti_sysbios_knl_Clock_Object__PARAMS__C)
                  00015d18    00000024     empty_pem4f.oem4f (.const:ti_sysbios_knl_Semaphore_Object__PARAMS__C)
                  00015d3c    00000020     empty_pem4f.oem4f (.const:ti_sysbios_family_arm_lm4_Timer_Object__DESC__C)
                  00015d5c    00000020     empty_pem4f.oem4f (.const:ti_sysbios_family_arm_m3_Hwi_Object__DESC__C)
                  00015d7c    00000020     empty_pem4f.oem4f (.const:ti_sysbios_gates_GateHwi_Object__DESC__C)
                  00015d9c    00000020     empty_pem4f.oem4f (.const:ti_sysbios_gates_GateMutex_Object__DESC__C)
                  00015dbc    00000020     empty_pem4f.oem4f (.const:ti_sysbios_hal_Hwi_Object__DESC__C)
                  00015ddc    00000020     empty_pem4f.oem4f (.const:ti_sysbios_hal_Timer_Object__DESC__C)
                  00015dfc    00000020     empty_pem4f.oem4f (.const:ti_sysbios_heaps_HeapMem_Object__DESC__C)
                  00015e1c    00000020     empty_pem4f.oem4f (.const:ti_sysbios_knl_Clock_Object__DESC__C)
                  00015e3c    00000020     empty_pem4f.oem4f (.const:ti_sysbios_knl_Mailbox_Object__DESC__C)
                  00015e5c    00000020     empty_pem4f.oem4f (.const:ti_sysbios_knl_Queue_Object__DESC__C)
                  00015e7c    00000020     empty_pem4f.oem4f (.const:ti_sysbios_knl_Semaphore_Object__DESC__C)
                  00015e9c    00000020     empty_pem4f.oem4f (.const:ti_sysbios_knl_Task_Object__DESC__C)
                  00015ebc    0000001e     <whole-program> (.const:.string)
                  00015eda    00000002     empty_pem4f.oem4f (.const:ti_sysbios_family_arm_lm4_Timer_Module__id__C)
                  00015edc    0000001c     drivers_tivaware.aem4f : I2CTiva.oem4f (.const)
                  00015ef8    00000018     rtsv7M4_T_le_v4SPD16_eabi.lib : e_expf.obj (.const:$O13$$)
                  00015f10    00000018                                   : e_powf.obj (.const:$O14$$)
                  00015f28    00000018     dbmouse_chassis.obj (.const:I2C_config)
                  00015f40    00000018     dbmouse_chassis.obj (.const:UART_config)
                  00015f58    00000018     empty_pem4f.oem4f (.const:ti_sysbios_gates_GateHwi_Object__PARAMS__C)
                  00015f70    00000018     empty_pem4f.oem4f (.const:ti_sysbios_gates_GateMutex_Object__PARAMS__C)
                  00015f88    00000018     empty_pem4f.oem4f (.const:ti_sysbios_knl_Queue_Object__PARAMS__C)
                  00015fa0    00000018     empty_pem4f.oem4f (.const:ti_sysbios_knl_Task_hooks__A)
                  00015fb8    00000018     dbmouse_chassis.obj (.const:uartTivaHWAttrs)
                  00015fd0    00000016     empty_pem4f.oem4f (.const:xdc_runtime_Startup_sfxnRts__A)
                  00015fe6    00000002     empty_pem4f.oem4f (.const:ti_sysbios_family_arm_lm4_Timer_supportsAltclk__C)
                  00015fe8    00000014     dbmouse_chassis.obj (.const:GPIOTiva_config)
                  00015ffc    00000014     empty_pem4f.oem4f (.const:xdc_runtime_Startup_firstFxns__A)
                  00016010    00000010     TskIr.obj (.const:_ZN5TskIr5adcChE$13)
                  00016020    00000010     drivers_tivaware.aem4f : I2C.oem4f (.const)
                  00016030    0000000c     dbmouse_chassis.obj (.const:i2cTivaHWAttrs)
                  0001603c    00000008     empty_pem4f.oem4f (.const:ti_sysbios_family_arm_m3_Hwi_excHookFuncs__A)
                  00016044    00000008     empty_pem4f.oem4f (.const:ti_sysbios_knl_Idle_funcList__A)
                  0001604c    00000008     empty_pem4f.oem4f (.const:ti_sysbios_knl_Idle_funcList__C)
                  00016054    00000008     empty_pem4f.oem4f (.const:ti_sysbios_knl_Task_hooks__C)
                  0001605c    00000008     empty_pem4f.oem4f (.const:xdc_runtime_Startup_firstFxns__C)
                  00016064    00000008     empty_pem4f.oem4f (.const:xdc_runtime_Startup_lastFxns__C)
                  0001606c    00000004     empty_pem4f.oem4f (.const:ti_catalog_arm_cortexm4_tiva_ce_Boot_A_mustUseEnhancedClockMode__C)
                  00016070    00000004     empty_pem4f.oem4f (.const:ti_catalog_arm_cortexm4_tiva_ce_Boot_Module__diagsEnabled__C)
                  00016074    00000004     empty_pem4f.oem4f (.const:ti_catalog_arm_cortexm4_tiva_ce_Boot_Module__diagsIncluded__C)
                  00016078    00000004     empty_pem4f.oem4f (.const:ti_catalog_arm_cortexm4_tiva_ce_Boot_Module__diagsMask__C)
                  0001607c    00000004     empty_pem4f.oem4f (.const:ti_sysbios_family_arm_lm4_Timer_E_cannotSupport__C)
                  00016080    00000004     empty_pem4f.oem4f (.const:ti_sysbios_family_arm_lm4_Timer_E_invalidTimer__C)
                  00016084    00000004     empty_pem4f.oem4f (.const:ti_sysbios_family_arm_lm4_Timer_E_noaltclk__C)
                  00016088    00000004     empty_pem4f.oem4f (.const:ti_sysbios_family_arm_lm4_Timer_E_notAvailable__C)
                  0001608c    00000004     empty_pem4f.oem4f (.const:ti_sysbios_family_arm_lm4_Timer_anyMask__C)
                  00016090    00000004     empty_pem4f.oem4f (.const:ti_sysbios_family_arm_lm4_Timer_disableFunc__C)
                  00016094    00000004     empty_pem4f.oem4f (.const:ti_sysbios_family_arm_lm4_Timer_enableFunc__C)
                  00016098    00000004     empty_pem4f.oem4f (.const:ti_sysbios_family_arm_lm4_Timer_numTimerDevices__C)
                  0001609c    00000004     empty_pem4f.oem4f (.const:ti_sysbios_family_arm_lm4_Timer_startupNeeded__C)
                  000160a0    00000004     empty_pem4f.oem4f (.const:ti_sysbios_family_arm_m3_Hwi_E_NMI__C)
                  000160a4    00000004     empty_pem4f.oem4f (.const:ti_sysbios_family_arm_m3_Hwi_E_alreadyDefined__C)
                  000160a8    00000004     empty_pem4f.oem4f (.const:ti_sysbios_family_arm_m3_Hwi_E_busFault__C)
                  000160ac    00000004     empty_pem4f.oem4f (.const:ti_sysbios_family_arm_m3_Hwi_E_debugMon__C)
                  000160b0    00000004     empty_pem4f.oem4f (.const:ti_sysbios_family_arm_m3_Hwi_E_hardFault__C)
                  000160b4    00000004     empty_pem4f.oem4f (.const:ti_sysbios_family_arm_m3_Hwi_E_memFault__C)
                  000160b8    00000004     empty_pem4f.oem4f (.const:ti_sysbios_family_arm_m3_Hwi_E_noIsr__C)
                  000160bc    00000004     empty_pem4f.oem4f (.const:ti_sysbios_family_arm_m3_Hwi_E_reserved__C)
                  000160c0    00000004     empty_pem4f.oem4f (.const:ti_sysbios_family_arm_m3_Hwi_E_svCall__C)
                  000160c4    00000004     empty_pem4f.oem4f (.const:ti_sysbios_family_arm_m3_Hwi_E_usageFault__C)
                  000160c8    00000004     empty_pem4f.oem4f (.const:ti_sysbios_family_arm_m3_Hwi_NUM_INTERRUPTS__C)
                  000160cc    00000004     empty_pem4f.oem4f (.const:ti_sysbios_family_arm_m3_Hwi_Object__count__C)
                  000160d0    00000004     empty_pem4f.oem4f (.const:ti_sysbios_family_arm_m3_Hwi_ccr__C)
                  000160d4    00000004     empty_pem4f.oem4f (.const:ti_sysbios_family_arm_m3_Hwi_excHandlerFunc__C)
                  000160d8    00000004     empty_pem4f.oem4f (.const:ti_sysbios_family_arm_m3_Hwi_excHookFuncs__C)
                  000160dc    00000004     empty_pem4f.oem4f (.const:ti_sysbios_family_arm_m3_Hwi_nullIsrFunc__C)
                  000160e0    00000004     empty_pem4f.oem4f (.const:ti_sysbios_family_arm_m3_Hwi_priGroup__C)
                  000160e4    00000004     empty_pem4f.oem4f (.const:ti_sysbios_family_arm_m3_TaskSupport_stackAlignment__C)
                  000160e8    00000004     empty_pem4f.oem4f (.const:ti_sysbios_gates_GateMutex_Instance_State_sem__O)
                  000160ec    00000004     empty_pem4f.oem4f (.const:ti_sysbios_hal_Hwi_E_stackOverflow__C)
                  000160f0    00000004     empty_pem4f.oem4f (.const:ti_sysbios_heaps_HeapMem_E_memory__C)
                  000160f4    00000004     empty_pem4f.oem4f (.const:ti_sysbios_heaps_HeapMem_Module__gateObj__C)
                  000160f8    00000004     empty_pem4f.oem4f (.const:ti_sysbios_heaps_HeapMem_Object__count__C)
                  000160fc    00000004     empty_pem4f.oem4f (.const:ti_sysbios_heaps_HeapMem_reqAlign__C)
                  00016100    00000004     empty_pem4f.oem4f (.const:ti_sysbios_knl_Clock_Module_State_clockQ__O)
                  00016104    00000004     empty_pem4f.oem4f (.const:ti_sysbios_knl_Mailbox_Instance_State_dataQue__O)
                  00016108    00000004     empty_pem4f.oem4f (.const:ti_sysbios_knl_Mailbox_Instance_State_dataSem__O)
                  0001610c    00000004     empty_pem4f.oem4f (.const:ti_sysbios_knl_Mailbox_Instance_State_freeQue__O)
                  00016110    00000004     empty_pem4f.oem4f (.const:ti_sysbios_knl_Mailbox_Instance_State_freeSem__O)
                  00016114    00000004     empty_pem4f.oem4f (.const:ti_sysbios_knl_Mailbox_Object__count__C)
                  00016118    00000004     empty_pem4f.oem4f (.const:ti_sysbios_knl_Mailbox_maxTypeAlign__C)
                  0001611c    00000004     empty_pem4f.oem4f (.const:ti_sysbios_knl_Semaphore_Instance_State_pendQ__O)
                  00016120    00000004     empty_pem4f.oem4f (.const:ti_sysbios_knl_Swi_Object__count__C)
                  00016124    00000004     empty_pem4f.oem4f (.const:ti_sysbios_knl_Task_E_spOutOfBounds__C)
                  00016128    00000004     empty_pem4f.oem4f (.const:ti_sysbios_knl_Task_E_stackOverflow__C)
                  0001612c    00000004     empty_pem4f.oem4f (.const:ti_sysbios_knl_Task_Module_State_inactiveQ__O)
                  00016130    00000004     empty_pem4f.oem4f (.const:ti_sysbios_knl_Task_Object__count__C)
                  00016134    00000004     empty_pem4f.oem4f (.const:ti_sysbios_knl_Task_Object__heap__C)
                  00016138    00000004     empty_pem4f.oem4f (.const:ti_sysbios_knl_Task_allBlockedFunc__C)
                  0001613c    00000004     empty_pem4f.oem4f (.const:ti_sysbios_knl_Task_defaultStackHeap__C)
                  00016140    00000004     empty_pem4f.oem4f (.const:ti_sysbios_knl_Task_defaultStackSize__C)
                  00016144    00000004     empty_pem4f.oem4f (.const:ti_sysbios_knl_Task_numConstructedTasks__C)
                  00016148    00000004     empty_pem4f.oem4f (.const:ti_sysbios_utils_Load_Module_State_taskList__O)
                  0001614c    00000004     empty_pem4f.oem4f (.const:ti_sysbios_utils_Load_Module__diagsEnabled__C)
                  00016150    00000004     empty_pem4f.oem4f (.const:ti_sysbios_utils_Load_Module__diagsIncluded__C)
                  00016154    00000004     empty_pem4f.oem4f (.const:ti_sysbios_utils_Load_Module__diagsMask__C)
                  00016158    00000004     empty_pem4f.oem4f (.const:ti_sysbios_utils_Load_postUpdate__C)
                  0001615c    00000004     empty_pem4f.oem4f (.const:ti_sysbios_utils_Load_windowInMs__C)
                  00016160    00000004     empty_pem4f.oem4f (.const:xdc_runtime_Assert_E_assertFailed__C)
                  00016164    00000004     empty_pem4f.oem4f (.const:xdc_runtime_Core_A_initializedParams__C)
                  00016168    00000004     empty_pem4f.oem4f (.const:xdc_runtime_Core_Module__diagsEnabled__C)
                  0001616c    00000004     empty_pem4f.oem4f (.const:xdc_runtime_Core_Module__diagsIncluded__C)
                  00016170    00000004     empty_pem4f.oem4f (.const:xdc_runtime_Core_Module__diagsMask__C)
                  00016174    00000004     empty_pem4f.oem4f (.const:xdc_runtime_Error_E_memory__C)
                  00016178    00000004     empty_pem4f.oem4f (.const:xdc_runtime_Error_Module__diagsEnabled__C)
                  0001617c    00000004     empty_pem4f.oem4f (.const:xdc_runtime_Error_Module__diagsIncluded__C)
                  00016180    00000004     empty_pem4f.oem4f (.const:xdc_runtime_Error_Module__diagsMask__C)
                  00016184    00000004     empty_pem4f.oem4f (.const:xdc_runtime_Error_Module__loggerFxn8__C)
                  00016188    00000004     empty_pem4f.oem4f (.const:xdc_runtime_Error_Module__loggerObj__C)
                  0001618c    00000004     empty_pem4f.oem4f (.const:xdc_runtime_Error_policyFxn__C)
                  00016190    00000004     empty_pem4f.oem4f (.const:xdc_runtime_Error_raiseHook__C)
                  00016194    00000004     empty_pem4f.oem4f (.const:xdc_runtime_IGateProvider_Interface__BASE__C)
                  00016198    00000004     empty_pem4f.oem4f (.const:xdc_runtime_IHeap_Interface__BASE__C)
                  0001619c    00000004     empty_pem4f.oem4f (.const:xdc_runtime_IModule_Interface__BASE__C)
                  000161a0    00000004     empty_pem4f.oem4f (.const:xdc_runtime_Log_L_error__C)
                  000161a4    00000004     empty_pem4f.oem4f (.const:xdc_runtime_Memory_defaultHeapInstance__C)
                  000161a8    00000004     empty_pem4f.oem4f (.const:xdc_runtime_Startup_execImpl__C)
                  000161ac    00000004     empty_pem4f.oem4f (.const:xdc_runtime_Startup_lastFxns__A)
                  000161b0    00000004     empty_pem4f.oem4f (.const:xdc_runtime_Startup_maxPasses__C)
                  000161b4    00000004     empty_pem4f.oem4f (.const:xdc_runtime_Startup_sfxnRts__C)
                  000161b8    00000004     empty_pem4f.oem4f (.const:xdc_runtime_Startup_sfxnTab__C)
                  000161bc    00000004     empty_pem4f.oem4f (.const:xdc_runtime_SysMin_bufSize__C)
                  000161c0    00000004     empty_pem4f.oem4f (.const:xdc_runtime_SysMin_outputFunc__C)
                  000161c4    00000004     empty_pem4f.oem4f (.const:xdc_runtime_System_Module__gateObj__C)
                  000161c8    00000004     empty_pem4f.oem4f (.const:xdc_runtime_System_abortFxn__C)
                  000161cc    00000004     empty_pem4f.oem4f (.const:xdc_runtime_System_exitFxn__C)
                  000161d0    00000004     empty_pem4f.oem4f (.const:xdc_runtime_System_extendFxn__C)
                  000161d4    00000004     empty_pem4f.oem4f (.const:xdc_runtime_System_maxAtexitHandlers__C)
                  000161d8    00000004     empty_pem4f.oem4f (.const:xdc_runtime_Text_charTab__C)
                  000161dc    00000004     empty_pem4f.oem4f (.const:xdc_runtime_Text_nameEmpty__C)
                  000161e0    00000004     empty_pem4f.oem4f (.const:xdc_runtime_Text_nameStatic__C)
                  000161e4    00000004     empty_pem4f.oem4f (.const:xdc_runtime_Text_nameUnknown__C)
                  000161e8    00000004     empty_pem4f.oem4f (.const:xdc_runtime_Text_nodeTab__C)
                  000161ec    00000004     empty_pem4f.oem4f (.const:xdc_runtime_Text_visitRopeFxn__C)
                  000161f0    00000002     empty_pem4f.oem4f (.const:ti_sysbios_family_arm_lm4_TimestampProvider_useClockTimer__C)
                  000161f2    00000002     empty_pem4f.oem4f (.const:ti_sysbios_family_arm_m3_Hwi_Module__id__C)
                  000161f4    00000002     empty_pem4f.oem4f (.const:ti_sysbios_hal_Hwi_Module__id__C)
                  000161f6    00000002     empty_pem4f.oem4f (.const:ti_sysbios_heaps_HeapMem_Module__id__C)
                  000161f8    00000002     empty_pem4f.oem4f (.const:ti_sysbios_knl_Task_Module__id__C)
                  000161fa    00000002     empty_pem4f.oem4f (.const:ti_sysbios_utils_Load_autoAddTasks__C)
                  000161fc    00000002     empty_pem4f.oem4f (.const:ti_sysbios_utils_Load_updateInIdle__C)
                  000161fe    00000002     empty_pem4f.oem4f (.const:xdc_runtime_Core_Module__id__C)
[...]
00016154  ti_sysbios_utils_Load_Module__diagsMask__C                                        
00016158  ti_sysbios_utils_Load_postUpdate__C                                               
0001615c  ti_sysbios_utils_Load_windowInMs__C                                               
00016160  xdc_runtime_Assert_E_assertFailed__C                                              
00016164  xdc_runtime_Core_A_initializedParams__C                                           
00016168  xdc_runtime_Core_Module__diagsEnabled__C                                          
0001616c  xdc_runtime_Core_Module__diagsIncluded__C                                         
00016170  xdc_runtime_Core_Module__diagsMask__C                                             
00016174  xdc_runtime_Error_E_memory__C                                                     
00016178  xdc_runtime_Error_Module__diagsEnabled__C                                         
0001617c  xdc_runtime_Error_Module__diagsIncluded__C                                        
00016180  xdc_runtime_Error_Module__diagsMask__C                                            
00016184  xdc_runtime_Error_Module__loggerFxn8__C                                           
00016188  xdc_runtime_Error_Module__loggerObj__C                                            
0001618c  xdc_runtime_Error_policyFxn__C                                                    
00016190  xdc_runtime_Error_raiseHook__C                                                    
00016194  xdc_runtime_IGateProvider_Interface__BASE__C                                      
00016198  xdc_runtime_IHeap_Interface__BASE__C                                              
0001619c  xdc_runtime_IModule_Interface__BASE__C                                            
000161a0  xdc_runtime_Log_L_error__C                                                        
000161a4  xdc_runtime_Memory_defaultHeapInstance__C                                         
000161a8  xdc_runtime_Startup_execImpl__C                                                   
000161ac  xdc_runtime_Startup_lastFxns__A                                                   
000161b0  xdc_runtime_Startup_maxPasses__C                                                  
000161b4  xdc_runtime_Startup_sfxnRts__C                                                    
000161b8  xdc_runtime_Startup_sfxnTab__C                                                    
000161bc  xdc_runtime_SysMin_bufSize__C                                                     
000161c0  xdc_runtime_SysMin_outputFunc__C                                                  
000161c4  xdc_runtime_System_Module__gateObj__C                                             
000161c8  xdc_runtime_System_abortFxn__C                                                    
000161cc  xdc_runtime_System_exitFxn__C                                                     
000161d0  xdc_runtime_System_extendFxn__C                                                   
000161d4  xdc_runtime_System_maxAtexitHandlers__C                                           
000161d8  xdc_runtime_Text_charTab__C                                                       
000161dc  xdc_runtime_Text_nameEmpty__C                                                     
000161e0  xdc_runtime_Text_nameStatic__C                                                    
000161e4  xdc_runtime_Text_nameUnknown__C                                                   
000161e8  xdc_runtime_Text_nodeTab__C                                                       
000161ec  xdc_runtime_Text_visitRopeFxn__C                                                  
000161f0  ti_sysbios_family_arm_lm4_TimestampProvider_useClockTimer__C                      
000161f2  ti_sysbios_family_arm_m3_Hwi_Module__id__C                                        
000161f4  ti_sysbios_hal_Hwi_Module__id__C                                                  
000161f6  ti_sysbios_heaps_HeapMem_Module__id__C                                            
000161f8  ti_sysbios_knl_Task_Module__id__C                                                 
000161fa  ti_sysbios_utils_Load_autoAddTasks__C                                             
000161fc  ti_sysbios_utils_Load_updateInIdle__C                                             
000161fe  xdc_runtime_Core_Module__id__C                                                    
00016200  xdc_runtime_Error_Module__loggerDefined__C                                        
00016202  xdc_runtime_Error_maxDepth__C                                                     
00016204  xdc_runtime_Memory_Module__id__C                                                  
00016206  xdc_runtime_SysMin_flushAtExit__C                                                 
00016208  xdc_runtime_Text_charCnt__C                                                       
0001620a  xdc_runtime_Text_isLoaded__C                                                      
0001620c  xdc_runtime_Text_registryModsLastId__C                                            
0001620e  xdc_runtime_Text_unnamedModsLastId__C                                             
00016210  __TI_static_base__                                                                
0001647c  __TI_Handler_Table_Base                                                           
00016488  __TI_Handler_Table_Limit                                                          
00016498  __TI_CINIT_Base                                                                   
000164b0  __TI_CINIT_Limit                                                                  
20000000  ti_sysbios_family_arm_m3_Hwi_ramVectors                                           
20000360  ti_sysbios_heaps_HeapMem_Instance_State_0_buf__A                                  
20004f60  _ZN9TskAction5MbCmdE                                                              
20004f64  _ZN9TskAction3tskE                                                                
20004f68  _ZN9TskAction7end_msgE                                                            
20004f6c  _ZN9TskAction5IRintE                                                              
20004f70  _ZN9TskAction4IMinE                                                               
20004f74  _ZN9TskAction10actHDirPidE                                                        
20004f78  _ZN9TskAction8cur_wallE                                                           
20004f7c  _ZN9TskAction8nextWallE                                                           
20004f80  _ZN9TskAction8distZeroE                                                           
20004f84  _ZN9TskAction10actCurrActE                                                        
20004f88  _ZN9TskAction3v_sE                                                                
20005788  _ZN9TskAction3o_sE                                                                
20005f88  _ZN9TskAction7Info_LVE                                                            
20006788  ti_sysbios_family_arm_m3_Hwi_dispatchTable                                        
20006ae8  ti_sysbios_knl_Task_Instance_State_0_stack__A                                     
20006ce8  __CIOBUF_                                                                         
20006e08  uartTivaObjects                                                                   
20006ed4  _ZN6TskTop5MbCmdE                                                                 
20006ed8  _ZN6TskTop3tskE                                                                   
20006edc  _ZN6TskTop9tskParamsE                                                             
20006f18  _ZN6TskTop6dbgStrE                                                                
20006ff8  i2cTivaObjects                                                                    
20007078  uartTivaRingBuffer                                                                
200070f8  xdc_runtime_SysMin_Module_State_0_outbuf__A                                       
20007178  _ZN5solve3tskE                                                                    
2000717c  _ZN5solve5MbActE                                                                  
20007180  _ZN5solve5MbTopE                                                                  
20007184  _ZN5solve4QActE                                                                   
20007188  _ZN5solve9tskParamsE                                                              
200071c4  SemActTick                                                                        
200071c8  SemMotTick                                                                        
200071cc  SemIrTick                                                                         
200071d0  hwiQeiHandle                                                                      
200071d4  hwiQeiParams                                                                      
20007214  _ZN5TskIr8IrBinThsE                                                               
20007228  _ZN5TskIr5IrYawE                                                                  
20007234  dbgUart                                                                           
20007238  semDbgUart                                                                        
20007244  _ZN5TskIr6IrBinsE                                                                 
20007249  _ZN6TskTop4ModeE                                                                  
2000724c  _ZN8TskMotor2AVE                                                                  
20007250  _ZN8TskMotor2LVE                                                                  
20007254  _ZN8TskMotor5AcclYE                                                               
20007258  _ZN8TskMotor5GyroZE                                                               
2000725c  _ZN8TskMotor6EncVelE                                                              
20007264  ti_sysbios_knl_Task_Instance_State_0_hookEnv__A                                   
20007268  _ZN5TskIr5MbCmdE                                                                  
2000726c  _ZN5TskIr3tskE                                                                    
20007270  _ZN5TskIr14SemIrAdcFinishE                                                        
20007274  _ZN5TskIr7irTimerE                                                                
20007278  _ZN5TskIr9IrChNamesE                                                              
20007288  _ZN5TskIr5IrACsE                                                                  
200072b8  _ZN5TskIr13irTimerParamsE                                                         
200072e8  _ZN5TskIr5IrLTsE                                                                  
20007428  ti_sysbios_utils_Load_Module__state__V                                            
200074c0  ti_sysbios_family_arm_lm4_Timer_Object__table__V                                  
20007540  ti_sysbios_knl_Swi_Module_State_0_readyQ__A                                       
200075c0  ti_sysbios_knl_Task_Module_State_0_readyQ__A                                      
20007640  imuReadSeq                                                                        
20007641  imuInitSeq1                                                                       
20007644  iicImu                                                                            
20007648  semIicFinish                                                                      
2000764c  imuInitSeq0                                                                       
20007651  imuData                                                                           
20007660  iicImuParams                                                                      
20007670  iicTrans                                                                          
2000768c  semParams                                                                         
200076b0  ti_sysbios_knl_Task_Object__table__V                                              
200076fc  ti_sysbios_knl_Task_Module__state__V                                              
20007740  ti_sysbios_gates_GateMutex_Object__table__V                                       
20007778  ti_sysbios_family_arm_m3_Hwi_Module__state__V                                     
200077ac  ti_sysbios_family_arm_lm4_Timer_Module_State_0_device__A                          
200077dc  ti_sysbios_family_arm_m3_Hwi_Object__table__V                                     
2000780c  ti_sysbios_knl_Swi_Object__table__V                                               
2000783c  _ZN8TskMotor11DistanceAccE                                                        
20007840  _ZN8TskMotor8AngleAccE                                                            
20007844  _ZN8TskMotor14DistanceAcc_enE                                                     
20007848  _ZN8TskMotor6OmgAdjE                                                              
2000784c  _ZN8TskMotor5LvAdjE                                                               
20007850  _ZN8TskMotor8CurrentVE                                                            
20007854  _ZN8TskMotor9GyroZZeroE                                                           
20007858  _ZN8TskMotor9AcclYZeroE                                                           
2000785c  _ZN8TskMotor7EncRVelE                                                             
20007860  _ZN8TskMotor7EncLVelE                                                             
20007864  _ZN8TskMotor11TemperatureE                                                        
20007868  ti_sysbios_knl_Clock_Module__state__V                                             
20007894  ti_sysbios_BIOS_Module__state__V                                                  
200078b8  gpioPinConfigs                                                                    
200078d8  ti_sysbios_knl_Swi_Module__state__V                                               
200078f4  ti_sysbios_utils_Load_Module_State_0_taskEnv__A                                   
20007910  ti_sysbios_family_arm_lm4_Timer_Module_State_0_handles__A                         
20007928  ti_sysbios_heaps_HeapMem_Object__table__V                                         
20007940  _ZN5TskIr7IrDistsE                                                                
20007954  _ZN8TskMotor12MotorEnabledE                                                       
20007955  _ZN8TskMotor11GyroEnabledE                                                        
20007956  _ZN8TskMotor11AcclEnabledE                                                        
20007957  _ZN8TskMotor15AcqZerosEnabledE                                                    
20007958  _ZN8TskMotor5MbCmdE                                                               
2000795c  _ZN8TskMotor6QMotorE                                                              
20007960  _ZN8TskMotor3tskE                                                                 
20007964  __TI_cleanup_ptr                                                                  
20007968  __TI_dtors_ptr                                                                    
2000796c  __TI_enable_exit_profile_output                                                   
20007970  ti_sysbios_family_arm_lm4_Timer_Module__state__V                                  
2000797c  xdc_runtime_SysMin_Module__state__V                                               
20007988  _lock                                                                             
2000798c  _unlock                                                                           
20007990  __dso_handle                                                                      
20007998  _ZN5TskIr6IrIntsE                                                                 
200079a0  _ZN5TskIr7irZerosE                                                                
200079a8  gpioCallbackFunctions                                                             
200079b0  ti_sysbios_family_arm_lm4_Timer_Module__root__V                                   
200079b8  ti_sysbios_family_arm_lm4_TimestampProvider_Module__state__V                      
200079c0  ti_sysbios_family_arm_m3_Hwi_Module__root__V                                      
200079c8  ti_sysbios_gates_GateHwi_Module__root__V                                          
200079d0  ti_sysbios_gates_GateMutex_Module__root__V                                        
200079d8  ti_sysbios_hal_Hwi_Module__root__V                                                
200079e0  ti_sysbios_hal_Timer_Module__root__V                                              
200079e8  ti_sysbios_heaps_HeapMem_Module__root__V                                          
200079f0  ti_sysbios_knl_Clock_Module__root__V                                              
200079f8  ti_sysbios_knl_Mailbox_Module__root__V                                            
20007a00  ti_sysbios_knl_Queue_Module__root__V                                              
20007a08  ti_sysbios_knl_Semaphore_Module__root__V                                          
20007a10  ti_sysbios_knl_Task_Module__root__V                                               
20007a18  xdc_runtime_Registry_Module__state__V                                             
20007a20  xdc_runtime_Startup_Module__state__V                                              
20007a28  xdc_runtime_System_Module_State_0_atexitHandlers__A                               
20007a30  xdc_runtime_System_Module__state__V                                               
20007a3d  _ZN5TskIr12irEmitEnableE                                                          
20007a3e  _ZN5TskIr11irEmitterNoE                                                           
20007a48  errno                                                                             
20007a4c  main_func_sp                                                                      
20007a50  ti_sysbios_family_arm_m3_Hwi_Module_State_0_excContext__A                         
20007a54  ti_sysbios_family_arm_m3_Hwi_Module_State_0_excStack__A                           
20007a58  ti_sysbios_gates_GateHwi_Object__table__V                                         
20007a5c  ti_sysbios_knl_Task_Module_State_0_idleTask__A                                    
20007a60  ti_sysbios_utils_Load_Module_State_0_runningTask__A                               
20007a64  ti_sysbios_utils_Load_Module_State_0_taskStartTime__A                             
20007a68  xdc_runtime_Memory_Module__state__V                                               
20007a6c  ti_sysbios_family_arm_m3_Hwi_Module_State_0_excActive__A                          
20007a6e  xdc_runtime_Error_Module__state__V                                                
20007a70  __stack                                                                           
20007e70  __STACK_END                                                                       
e000e000  ti_sysbios_family_arm_m3_Hwi_nvic                                                 
ffffffff  __TI_pprof_out_hndl                                                               
ffffffff  __TI_prof_data_size                                                               
ffffffff  __TI_prof_data_start                                                              
ffffffff  __binit__                                                                         
ffffffff  __c_args__                                                                        
ffffffff  binit                                                                             
UNDEFED   SHT$$INIT_ARRAY$$Base                                                             
UNDEFED   SHT$$INIT_ARRAY$$Limit                                                            

[914 symbols]
